AVC apparmor="DENIED" operation="ptrace" profile="cri-containerd.apparmor.d" pid=36365 comm="pidof" requested_mask="read" denied_mask="read" peer="unconfined"
AVC apparmor="DENIED" operation="ptrace" profile="cri-containerd.apparmor.d" pid=36365 comm="pidof" requested_mask="read" denied_mask="read" peer="unconfined"
time="2024-05-07T11:59:35.780801331Z" level=info msg="RemoveContainer for \"e3360016e710853e0218cca9ca86c8beda5f9ec6ff20d03df41db53900b992b5\" returns successfully"
I0507 11:59:35.776278    4729 kubelet_getters.go:187] "Pod status updated" pod="kube-system/kube-proxy-gke-dev-us-central-0-main-n2s16-3-1dd-9b502d96-nrth" status="Running"
E0507 11:59:35.772687    4602 pod_workers.go:1300] "Error syncing pod, skipping" err="failed to \"StartContainer\" for \"grafana\" with CrashLoopBackOff: \"back-off 5m0s restarting failed container=grafana pod=k6teststeady4-grafana-5c4f6cd55-hvn6k_hosted-grafana(a95be6bc-a7bc-48cb-8935-f7040f91f7f9)\"" pod="hosted-grafana/k6teststeady4-grafana-5c4f6cd55-hvn6k" podUID="a95be6bc-a7bc-48cb-8935-f7040f91f7f9"
time="2024-05-07T11:59:35.772296342Z" level=info msg="RemoveContainer for \"e3360016e710853e0218cca9ca86c8beda5f9ec6ff20d03df41db53900b992b5\""
I0507 11:59:35.771829    4602 scope.go:117] "RemoveContainer" containerID="c6da2382101cc3ca3a9a6de7b86f62dfd7b344559c7e17cecfb83f1284783adb"
I0507 11:59:35.771222    4602 scope.go:117] "RemoveContainer" containerID="e3360016e710853e0218cca9ca86c8beda5f9ec6ff20d03df41db53900b992b5"
I0507 11:59:35.771184    4602 kubelet.go:2426] "SyncLoop (PLEG): event for pod" pod="hosted-grafana/k6teststeady4-grafana-5c4f6cd55-hvn6k" event={"ID":"a95be6bc-a7bc-48cb-8935-f7040f91f7f9","Type":"ContainerDied","Data":"c6da2382101cc3ca3a9a6de7b86f62dfd7b344559c7e17cecfb83f1284783adb"}
I0507 11:59:35.771136    4602 generic.go:334] "Generic (PLEG): container finished" podID="a95be6bc-a7bc-48cb-8935-f7040f91f7f9" containerID="c6da2382101cc3ca3a9a6de7b86f62dfd7b344559c7e17cecfb83f1284783adb" exitCode=1
E0507 11:59:35.706327    4602 pod_workers.go:1300] "Error syncing pod, skipping" err="failed to \"StartContainer\" for \"grafana\" with ImagePullBackOff: \"Back-off pulling image \\\"us.gcr.io/hosted-grafana/hosted-grafana-pro:11.1.0-ephemeral-85282-20418-1\\\"\"" pod="hosted-grafana/ephemeral1511182185282svenner-grafana-59d5c4d944-k5bkz" podUID="dab84f6b-fe11-4ee5-931a-332f264b2e9c"
E0507 11:59:35.705273    4602 pod_workers.go:1300] "Error syncing pod, skipping" err="failed to \"StartContainer\" for \"grafana\" with CrashLoopBackOff: \"back-off 5m0s restarting failed container=grafana pod=k6testslow3-grafana-6b64c68f9-mtbkr_hosted-grafana(024c0105-5d91-4a11-80bf-c8d380cb5fb6)\"" pod="hosted-grafana/k6testslow3-grafana-6b64c68f9-mtbkr" podUID="024c0105-5d91-4a11-80bf-c8d380cb5fb6"
I0507 11:59:35.704599    4602 scope.go:117] "RemoveContainer" containerID="d9b2a552b0a50add51394b346ec1f55e55cdec603101ab963aecd48029badf68"
AVC apparmor="DENIED" operation="ptrace" profile="cri-containerd.apparmor.d" pid=36363 comm="pidof" requested_mask="read" denied_mask="read" peer="unconfined"
AVC apparmor="DENIED" operation="ptrace" profile="cri-containerd.apparmor.d" pid=36363 comm="pidof" requested_mask="read" denied_mask="read" peer="unconfined"
AVC apparmor="DENIED" operation="ptrace" profile="cri-containerd.apparmor.d" pid=36363 comm="pidof" requested_mask="read" denied_mask="read" peer="unconfined"
I0507 11:59:35.674912    4773 kubelet_getters.go:187] "Pod status updated" pod="kube-system/kube-proxy-gke-dev-us-central-0-main-n2s16-3-1dd-9b502d96-dqf8" status="Running"
E0507 11:59:35.613614    4602 pod_workers.go:1300] "Error syncing pod, skipping" err="failed to \"StartContainer\" for \"grafana\" with CrashLoopBackOff: \"back-off 5m0s restarting failed container=grafana pod=ephemeral1511182177667ryantxu-grafana-5d7fbd766b-ddcnh_hosted-grafana(1ecbad00-a542-411b-b8af-323a1f1fba79)\"" pod="hosted-grafana/ephemeral1511182177667ryantxu-grafana-5d7fbd766b-ddcnh" podUID="1ecbad00-a542-411b-b8af-323a1f1fba79"
I0507 11:59:35.612867    4602 scope.go:117] "RemoveContainer" containerID="5a800f214c789ee2b7060e17c9fe29e1fe5ed3f7067dd08bba14a005ec2e9bfd"
I0507 11:59:35.612332    4602 kubelet.go:2498] "SyncLoop (probe)" probe="liveness" status="unhealthy" pod="hosted-grafana/ephemeral1511182177667ryantxu-grafana-5d7fbd766b-ddcnh"
I0507 11:59:35.572523    4770 kubelet_getters.go:187] "Pod status updated" pod="kube-system/kube-proxy-gke-dev-us-central-0-main-n2s16-3-1dd-9b502d96-rvzj" status="Running"
XMT: Solicit on eth0, interval 117800ms.
E0507 11:59:35.487872    4724 pod_workers.go:1300] "Error syncing pod, skipping" err="failed to \"StartContainer\" for \"grafana\" with CrashLoopBackOff: \"back-off 5m0s restarting failed container=grafana pod=aws-dev-app-0_integration(f9fb0aca-946a-4fdc-ba53-f48bfbc47103)\"" pod="integration/aws-dev-app-0" podUID="f9fb0aca-946a-4fdc-ba53-f48bfbc47103"
I0507 11:59:35.487049    4724 scope.go:117] "RemoveContainer" containerID="2a2e04c10ced384f8ccd26986b172c42fcee911abda737fd8129030cc6a556b3"
I0507 11:59:35.461697    4631 kubelet_getters.go:187] "Pod status updated" pod="kube-system/kube-proxy-gke-dev-us-central-0-hg-n2s8-6-1dd39c-3bfd06e9-jfjs" status="Running"
AVC apparmor="DENIED" operation="ptrace" profile="cri-containerd.apparmor.d" pid=36361 comm="pidof" requested_mask="read" denied_mask="read" peer="unconfined"
AVC apparmor="DENIED" operation="ptrace" profile="cri-containerd.apparmor.d" pid=36361 comm="pidof" requested_mask="read" denied_mask="read" peer="unconfined"
AVC apparmor="DENIED" operation="ptrace" profile="cri-containerd.apparmor.d" pid=36361 comm="pidof" requested_mask="read" denied_mask="read" peer="unconfined"
E0507 11:59:35.349860    4598 pod_workers.go:1300] "Error syncing pod, skipping" err="failed to \"StartContainer\" for \"grafana\" with CrashLoopBackOff: \"back-off 5m0s restarting failed container=grafana pod=benchloadtestingxxl2-grafana-645fd656b4-q2qth_hosted-grafana(24c22429-43c3-4ad6-8b79-d42030a9204d)\"" pod="hosted-grafana/benchloadtestingxxl2-grafana-645fd656b4-q2qth" podUID="24c22429-43c3-4ad6-8b79-d42030a9204d"
I0507 11:59:35.349342    4598 scope.go:117] "RemoveContainer" containerID="5cf3d07ffea04d45c8d68600b11896b2559d462b331d1a5c628c0163e21537c3"
I0507 11:59:35.294796    4772 kubelet_getters.go:187] "Pod status updated" pod="kube-system/kube-proxy-gke-dev-us-central-0-main-n2s16-3-1dd-9b502d96-sskn" status="Running"
I0507 11:59:35.248171    4735 kubelet_getters.go:187] "Pod status updated" pod="kube-system/kube-proxy-gke-dev-us-central-0-main-n2s16-3-1dd-9b502d96-xstn" status="Running"
XMT: Solicit on eth0, interval 123690ms.
AVC apparmor="DENIED" operation="ptrace" profile="cri-containerd.apparmor.d" pid=36359 comm="pidof" requested_mask="read" denied_mask="read" peer="unconfined"
AVC apparmor="DENIED" operation="ptrace" profile="cri-containerd.apparmor.d" pid=36359 comm="pidof" requested_mask="read" denied_mask="read" peer="unconfined"
AVC apparmor="DENIED" operation="ptrace" profile="cri-containerd.apparmor.d" pid=36359 comm="pidof" requested_mask="read" denied_mask="read" peer="unconfined"
E0507 11:59:35.152016    4572 pod_workers.go:1300] "Error syncing pod, skipping" err="failed to \"StartContainer\" for \"grafana\" with CrashLoopBackOff: \"back-off 2m40s restarting failed container=grafana pod=ephemeral1511182179279sarahzi-grafana-7f464d7c8d-sqbkq_hosted-grafana(8d5619e6-389c-46a0-996f-8b20cdac2937)\"" pod="hosted-grafana/ephemeral1511182179279sarahzi-grafana-7f464d7c8d-sqbkq" podUID="8d5619e6-389c-46a0-996f-8b20cdac2937"
I0507 11:59:35.151138    4572 scope.go:117] "RemoveContainer" containerID="34efa66e260e563bd703e808d5efbda0e6f8d6882a5eb3982bcb1e4fd3826a13"
I0507 11:59:35.029584    3224 kubelet.go:2408] "SyncLoop REMOVE" source="api" pods=["hosted-grafana/hosted-grafana-api-7b6bd9b949-9csb4"]
E0507 11:59:35.024914    4585 pod_workers.go:1300] "Error syncing pod, skipping" err="failed to \"StartContainer\" for \"grafana\" with ImagePullBackOff: \"Back-off pulling image \\\"us.gcr.io/hosted-grafana/hosted-grafana-pro:10.1.0-ephemeral-oss-77487-8287-1\\\"\"" pod="hosted-grafana/ephemeral1511182177487torkelo-grafana-8589fc9df9-7795x" podUID="57dbe932-52d4-4144-9577-ecad74ad8d52"
I0507 11:59:35.017930    3224 kubelet.go:2414] "SyncLoop DELETE" source="api" pods=["hosted-grafana/hosted-grafana-api-7b6bd9b949-9csb4"]
time="2024-05-07T11:59:35.010488825Z" level=info msg="cleaning up dead shim" namespace=k8s.io
time="2024-05-07T11:59:35.010474358Z" level=warning msg="cleaning up after shim disconnected" id=c6da2382101cc3ca3a9a6de7b86f62dfd7b344559c7e17cecfb83f1284783adb namespace=k8s.io
time="2024-05-07T11:59:35.010405059Z" level=info msg="shim disconnected" id=c6da2382101cc3ca3a9a6de7b86f62dfd7b344559c7e17cecfb83f1284783adb namespace=k8s.io
I0507 11:59:34.965425    3224 pod_container_deletor.go:53] "DeleteContainer returned error" containerID={"Type":"containerd","ID":"c91436db00920ec961b9d5d6b4859d80a912e862e34fb5c45d8a85684fe6a97e"} err="failed to get container status \"c91436db00920ec961b9d5d6b4859d80a912e862e34fb5c45d8a85684fe6a97e\": rpc error: code = NotFound desc = an error occurred when try to find container \"c91436db00920ec961b9d5d6b4859d80a912e862e34fb5c45d8a85684fe6a97e\": not found"
E0507 11:59:34.965384    3224 remote_runtime.go:432] "ContainerStatus from runtime service failed" err="rpc error: code = NotFound desc = an error occurred when try to find container \"c91436db00920ec961b9d5d6b4859d80a912e862e34fb5c45d8a85684fe6a97e\": not found" containerID="c91436db00920ec961b9d5d6b4859d80a912e862e34fb5c45d8a85684fe6a97e"
time="2024-05-07T11:59:34.965205507Z" level=error msg="ContainerStatus for \"c91436db00920ec961b9d5d6b4859d80a912e862e34fb5c45d8a85684fe6a97e\" failed" error="rpc error: code = NotFound desc = an error occurred when try to find container \"c91436db00920ec961b9d5d6b4859d80a912e862e34fb5c45d8a85684fe6a97e\": not found"
I0507 11:59:34.964947    3224 scope.go:117] "RemoveContainer" containerID="c91436db00920ec961b9d5d6b4859d80a912e862e34fb5c45d8a85684fe6a97e"
time="2024-05-07T11:59:34.964793584Z" level=info msg="RemoveContainer for \"c91436db00920ec961b9d5d6b4859d80a912e862e34fb5c45d8a85684fe6a97e\" returns successfully"
Removed slice libcontainer container kubepods-burstable-pod25cb986c_3d6c_4ed0_abf3_ee59ed6175f9.slice.
time="2024-05-07T11:59:34.959179289Z" level=info msg="RemoveContainer for \"c91436db00920ec961b9d5d6b4859d80a912e862e34fb5c45d8a85684fe6a97e\""
I0507 11:59:34.956840    3224 scope.go:117] "RemoveContainer" containerID="c91436db00920ec961b9d5d6b4859d80a912e862e34fb5c45d8a85684fe6a97e"
I0507 11:59:34.956820    3224 kubelet.go:2430] "SyncLoop (PLEG): event for pod" pod="hosted-grafana/hosted-grafana-api-7b6bd9b949-9csb4" event={"ID":"25cb986c-3d6c-4ed0-abf3-ee59ed6175f9","Type":"ContainerDied","Data":"c605ad2cdc74c6b5288f2532ad71cce81a28ef6965f97a89ff6609deb825553a"}
I0507 11:59:34.956796    3224 kubelet.go:2430] "SyncLoop (PLEG): event for pod" pod="hosted-grafana/hosted-grafana-api-7b6bd9b949-9csb4" event={"ID":"25cb986c-3d6c-4ed0-abf3-ee59ed6175f9","Type":"ContainerDied","Data":"c91436db00920ec961b9d5d6b4859d80a912e862e34fb5c45d8a85684fe6a97e"}
I0507 11:59:34.956755    3224 generic.go:334] "Generic (PLEG): container finished" podID="25cb986c-3d6c-4ed0-abf3-ee59ed6175f9" containerID="c91436db00920ec961b9d5d6b4859d80a912e862e34fb5c45d8a85684fe6a97e" exitCode=1
I0507 11:59:34.936025    3224 reconciler_common.go:300] "Volume detached for volume \"pdc-certs\" (UniqueName: \"kubernetes.io/secret/25cb986c-3d6c-4ed0-abf3-ee59ed6175f9-pdc-certs\") on node \"ip-10-60-2-58.us-east-2.compute.internal\" DevicePath \"\""
I0507 11:59:34.935988    3224 reconciler_common.go:300] "Volume detached for volume \"kube-api-access-95j2t\" (UniqueName: \"kubernetes.io/projected/25cb986c-3d6c-4ed0-abf3-ee59ed6175f9-kube-api-access-95j2t\") on node \"ip-10-60-2-58.us-east-2.compute.internal\" DevicePath \"\""
I0507 11:59:34.935951    3224 reconciler_common.go:300] "Volume detached for volume \"gcs-serviceaccount\" (UniqueName: \"kubernetes.io/secret/25cb986c-3d6c-4ed0-abf3-ee59ed6175f9-gcs-serviceaccount\") on node \"ip-10-60-2-58.us-east-2.compute.internal\" DevicePath \"\""
E0507 11:59:34.923984    3027 pod_workers.go:1300] "Error syncing pod, skipping" err="failed to \"StartContainer\" for \"mysqld-exporter\" with CreateContainerConfigError: \"secret \\\"testcrossplane-user-exporter\\\" not found\"" pod="crossplane-playground/testcrossplane-exporter-c67cfc58f-vbzl4" podUID="3d49134d-3378-4ec3-824c-5ff4ea2590a5"
E0507 11:59:34.923938    3027 kuberuntime_manager.go:1261] container &Container{Name:mysqld-exporter,Image:prom/mysqld-exporter:v0.13.0,Command:[],Args:[--collect.info_schema.innodb_metrics],WorkingDir:,Ports:[]ContainerPort{ContainerPort{Name:http-metrics,HostPort:0,ContainerPort:9104,Protocol:TCP,HostIP:,},},Env:[]EnvVar{EnvVar{Name:MYSQL_USER,Value:,ValueFrom:&EnvVarSource{FieldRef:nil,ResourceFieldRef:nil,ConfigMapKeyRef:nil,SecretKeyRef:&SecretKeySelector{LocalObjectReference:LocalObjectReference{Name:testcrossplane-user-exporter,},Key:username,Optional:nil,},},},EnvVar{Name:MYSQL_PASSWORD,Value:,ValueFrom:&EnvVarSource{FieldRef:nil,ResourceFieldRef:nil,ConfigMapKeyRef:nil,SecretKeyRef:&SecretKeySelector{LocalObjectReference:LocalObjectReference{Name:testcrossplane-user-exporter,},Key:password,Optional:nil,},},},EnvVar{Name:MYSQL_HOST,Value:,ValueFrom:&EnvVarSource{FieldRef:nil,ResourceFieldRef:nil,ConfigMapKeyRef:nil,SecretKeyRef:&SecretKeySelector{LocalObjectReference:LocalObjectReference{Name:testcrossplane-user-exporter,},Key:endpoint,Optional:nil,},},},EnvVar{Name:MYSQL_PORT,Value:,ValueFrom:&EnvVarSource{FieldRef:nil,ResourceFieldRef:nil,ConfigMapKeyRef:nil,SecretKeyRef:&SecretKeySelector{LocalObjectReference:LocalObjectReference{Name:testcrossplane-user-exporter,},Key:port,Optional:nil,},},},EnvVar{Name:MYSQL_TLS_MODE,Value:preferred,ValueFrom:nil,},EnvVar{Name:DATA_SOURCE_NAME,Value:$(MYSQL_USER):$(MYSQL_PASSWORD)@tcp($(MYSQL_HOST):$(MYSQL_PORT))/?tls=$(MYSQL_TLS_MODE),ValueFrom:nil,},},Resources:ResourceRequirements{Limits:ResourceList{},Requests:ResourceList{},Claims:[]ResourceClaim{},},VolumeMounts:[]VolumeMount{VolumeMount{Name:kube-api-access-dzx7d,ReadOnly:true,MountPath:/var/run/secrets/kubernetes.io/serviceaccount,SubPath:,MountPropagation:nil,SubPathExpr:,},},LivenessProbe:nil,ReadinessProbe:nil,Lifecycle:nil,TerminationMessagePath:/dev/termination-log,ImagePullPolicy:IfNotPresent,SecurityContext:nil,Stdin:false,StdinOnce:false,TTY:false,EnvFrom:[]EnvFromSource{},TerminationMessagePolicy:File,VolumeDevices:[]VolumeDevice{},StartupProbe:nil,ResizePolicy:[]ContainerResizePolicy{},RestartPolicy:nil,} start failed in pod testcrossplane-exporter-c67cfc58f-vbzl4_crossplane-playground(3d49134d-3378-4ec3-824c-5ff4ea2590a5): CreateContainerConfigError: secret "testcrossplane-user-exporter" not found
I0507 11:59:34.921271    4731 kubelet_getters.go:187] "Pod status updated" pod="kube-system/kube-proxy-gke-dev-us-central-0-main-n2s16-3-1dd-9b502d96-7jmw" status="Running"
AVC apparmor="DENIED" operation="ptrace" profile="cri-containerd.apparmor.d" pid=36348 comm="pidof" requested_mask="read" denied_mask="read" peer="unconfined"
AVC apparmor="DENIED" operation="ptrace" profile="cri-containerd.apparmor.d" pid=36348 comm="pidof" requested_mask="read" denied_mask="read" peer="unconfined"
AVC apparmor="DENIED" operation="ptrace" profile="cri-containerd.apparmor.d" pid=36348 comm="pidof" requested_mask="read" denied_mask="read" peer="unconfined"
E0507 11:59:34.856101    4727 pod_workers.go:1300] "Error syncing pod, skipping" err="failed to \"StartContainer\" for \"grafana-render-security\" with ImagePullBackOff: \"Back-off pulling image \\\"us.gcr.io/hosted-grafana/hosted-grafana-security:0.1.181\\\"\"" pod="integration/grafana-render-service-cbff479fc-cj9tp" podUID="0e3114d1-2f3a-49d6-a71d-dbc75050d8e0"
I0507 11:59:34.855593    4771 kubelet_getters.go:187] "Pod status updated" pod="kube-system/kube-proxy-gke-dev-us-central-0-main-n2s16-3-1dd-9b502d96-s6kw" status="Running"
I0507 11:59:34.854084    4727 kubelet_pods.go:906] "Unable to retrieve pull secret, the image pull may not succeed." pod="integration/grafana-render-service-cbff479fc-cj9tp" secret="" err="secret \"us-gcr-io-hosted-grafana\" not found"
I0507 11:59:34.841447    3224 operation_generator.go:888] UnmountVolume.TearDown succeeded for volume "kubernetes.io/secret/25cb986c-3d6c-4ed0-abf3-ee59ed6175f9-gcs-serviceaccount" (OuterVolumeSpecName: "gcs-serviceaccount") pod "25cb986c-3d6c-4ed0-abf3-ee59ed6175f9" (UID: "25cb986c-3d6c-4ed0-abf3-ee59ed6175f9"). InnerVolumeSpecName "gcs-serviceaccount". PluginName "kubernetes.io/secret", VolumeGidValue ""
I0507 11:59:34.841404    3224 operation_generator.go:888] UnmountVolume.TearDown succeeded for volume "kubernetes.io/projected/25cb986c-3d6c-4ed0-abf3-ee59ed6175f9-kube-api-access-95j2t" (OuterVolumeSpecName: "kube-api-access-95j2t") pod "25cb986c-3d6c-4ed0-abf3-ee59ed6175f9" (UID: "25cb986c-3d6c-4ed0-abf3-ee59ed6175f9"). InnerVolumeSpecName "kube-api-access-95j2t". PluginName "kubernetes.io/projected", VolumeGidValue ""
I0507 11:59:34.836955    3224 operation_generator.go:888] UnmountVolume.TearDown succeeded for volume "kubernetes.io/secret/25cb986c-3d6c-4ed0-abf3-ee59ed6175f9-pdc-certs" (OuterVolumeSpecName: "pdc-certs") pod "25cb986c-3d6c-4ed0-abf3-ee59ed6175f9" (UID: "25cb986c-3d6c-4ed0-abf3-ee59ed6175f9"). InnerVolumeSpecName "pdc-certs". PluginName "kubernetes.io/secret", VolumeGidValue ""
I0507 11:59:34.834835    3224 reconciler_common.go:172] "operationExecutor.UnmountVolume started for volume \"gcs-serviceaccount\" (UniqueName: \"kubernetes.io/secret/25cb986c-3d6c-4ed0-abf3-ee59ed6175f9-gcs-serviceaccount\") pod \"25cb986c-3d6c-4ed0-abf3-ee59ed6175f9\" (UID: \"25cb986c-3d6c-4ed0-abf3-ee59ed6175f9\") "
I0507 11:59:34.834794    3224 reconciler_common.go:172] "operationExecutor.UnmountVolume started for volume \"pdc-certs\" (UniqueName: \"kubernetes.io/secret/25cb986c-3d6c-4ed0-abf3-ee59ed6175f9-pdc-certs\") pod \"25cb986c-3d6c-4ed0-abf3-ee59ed6175f9\" (UID: \"25cb986c-3d6c-4ed0-abf3-ee59ed6175f9\") "
I0507 11:59:34.834734    3224 reconciler_common.go:172] "operationExecutor.UnmountVolume started for volume \"kube-api-access-95j2t\" (UniqueName: \"kubernetes.io/projected/25cb986c-3d6c-4ed0-abf3-ee59ed6175f9-kube-api-access-95j2t\") pod \"25cb986c-3d6c-4ed0-abf3-ee59ed6175f9\" (UID: \"25cb986c-3d6c-4ed0-abf3-ee59ed6175f9\") "
run-containerd-io.containerd.runtime.v2.task-k8s.io-c6da2382101cc3ca3a9a6de7b86f62dfd7b344559c7e17cecfb83f1284783adb-rootfs.mount: Deactivated successfully.
E0507 11:59:34.739637    4738 pod_workers.go:1300] "Error syncing pod, skipping" err="failed to \"StartContainer\" for \"ruler\" with CreateContainerConfigError: \"secret \\\"ruler-alertmanager-token\\\" not found\"" pod="ge-metrics-federation/gem-mimir-ruler-bd7cbc8cb-fpvxg" podUID="f39fa140-2a71-4cba-bcb7-b37b2fafa343"
E0507 11:59:34.739556    4738 kuberuntime_manager.go:1256] container &Container{Name:ruler,Image:grafana/enterprise-metrics:v2.11.1,Command:[],Args:[-target=ruler -config.expand-env=true -config.file=/etc/mimir/mimir.yaml],WorkingDir:,Ports:[]ContainerPort{ContainerPort{Name:http-metrics,HostPort:0,ContainerPort:8080,Protocol:TCP,HostIP:,},ContainerPort{Name:grpc,HostPort:0,ContainerPort:9095,Protocol:TCP,HostIP:,},ContainerPort{Name:memberlist,HostPort:0,ContainerPort:7946,Protocol:TCP,HostIP:,},},Env:[]EnvVar{EnvVar{Name:JAEGER_AGENT_HOST,Value:jaeger-agent.jaeger.svc.cluster.local.,ValueFrom:nil,},EnvVar{Name:JAEGER_TAGS,Value:namespace=ge-metrics-federation,cluster=dev-us-central-0,ValueFrom:nil,},EnvVar{Name:JAEGER_SAMPLER_MANAGER_HOST_PORT,Value:http://jaeger-agent.jaeger.svc.cluster.local.:5778/sampling,ValueFrom:nil,},EnvVar{Name:GOOGLE_APPLICATION_CREDENTIALS,Value:/var/secrets/google/credentials.json,ValueFrom:nil,},EnvVar{Name:AM_TOKEN,Value:,ValueFrom:&EnvVarSource{FieldRef:nil,ResourceFieldRef:nil,ConfigMapKeyRef:nil,SecretKeyRef:&SecretKeySelector{LocalObjectReference:LocalObjectReference{Name:ruler-alertmanager-token,},Key:token,Optional:nil,},},},},Resources:ResourceRequirements{Limits:ResourceList{},Requests:ResourceList{cpu: {{100 -3} {<nil>} 100m DecimalSI},memory: {{134217728 0} {<nil>}  BinarySI},},Claims:[]ResourceClaim{},},VolumeMounts:[]VolumeMount{VolumeMount{Name:gcs-credentials,ReadOnly:false,MountPath:/var/secrets/google/,SubPath:,MountPropagation:nil,SubPathExpr:,},VolumeMount{Name:config,ReadOnly:false,MountPath:/etc/mimir,SubPath:,MountPropagation:nil,SubPathExpr:,},VolumeMount{Name:license,ReadOnly:false,MountPath:/license,SubPath:,MountPropagation:nil,SubPathExpr:,},VolumeMount{Name:runtime-config,ReadOnly:false,MountPath:/var/mimir,SubPath:,MountPropagation:nil,SubPathExpr:,},VolumeMount{Name:storage,ReadOnly:false,MountPath:/data,SubPath:,MountPropagation:nil,SubPathExpr:,},VolumeMount{Name:active-queries,ReadOnly:false,MountPath:/active-query-tracker,SubPath:,MountPropagation:nil,SubPathExpr:,},VolumeMount{Name:kube-api-access-xf5ns,ReadOnly:true,MountPath:/var/run/secrets/kubernetes.io/serviceaccount,SubPath:,MountPropagation:nil,SubPathExpr:,},},LivenessProbe:nil,ReadinessProbe:&Probe{ProbeHandler:ProbeHandler{Exec:nil,HTTPGet:&HTTPGetAction{Path:/ready,Port:{1 0 http-metrics},Host:,Scheme:HTTP,HTTPHeaders:[]HTTPHeader{},},TCPSocket:nil,GRPC:nil,},InitialDelaySeconds:45,TimeoutSeconds:1,PeriodSeconds:10,SuccessThreshold:1,FailureThreshold:3,TerminationGracePeriodSeconds:nil,},Lifecycle:nil,TerminationMessagePath:/dev/termination-log,ImagePullPolicy:IfNotPresent,SecurityContext:&SecurityContext{Capabilities:&Capabilities{Add:[],Drop:[ALL],},Privileged:nil,SELinuxOptions:nil,RunAsUser:nil,RunAsNonRoot:nil,ReadOnlyRootFilesystem:*true,AllowPrivilegeEscalation:*false,RunAsGroup:nil,ProcMount:nil,WindowsOptions:nil,SeccompProfile:nil,},Stdin:false,StdinOnce:false,TTY:false,EnvFrom:[]EnvFromSource{},TerminationMessagePolicy:File,VolumeDevices:[]VolumeDevice{},StartupProbe:nil,ResizePolicy:[]ContainerResizePolicy{},RestartPolicy:nil,} start failed in pod gem-mimir-ruler-bd7cbc8cb-fpvxg_ge-metrics-federation(f39fa140-2a71-4cba-bcb7-b37b2fafa343): CreateContainerConfigError: secret "ruler-alertmanager-token" not found
cri-containerd-c6da2382101cc3ca3a9a6de7b86f62dfd7b344559c7e17cecfb83f1284783adb.scope: Consumed 15.899s CPU time.
cri-containerd-c6da2382101cc3ca3a9a6de7b86f62dfd7b344559c7e17cecfb83f1284783adb.scope: Deactivated successfully.
time="2024-05-07T11:59:34.707025668Z" level=info msg="StopPodSandbox for \"c605ad2cdc74c6b5288f2532ad71cce81a28ef6965f97a89ff6609deb825553a\" returns successfully"
time="2024-05-07T11:59:34.706960850Z" level=info msg="TearDown network for sandbox \"c605ad2cdc74c6b5288f2532ad71cce81a28ef6965f97a89ff6609deb825553a\" successfully"
I0507 11:59:34.703072    3224 kubelet.go:2414] "SyncLoop DELETE" source="api" pods=["hosted-grafana/hosted-grafana-api-7b6bd9b949-9csb4"]
AVC apparmor="DENIED" operation="ptrace" profile="cri-containerd.apparmor.d" pid=36346 comm="pidof" requested_mask="read" denied_mask="read" peer="unconfined"
AVC apparmor="DENIED" operation="ptrace" profile="cri-containerd.apparmor.d" pid=36346 comm="pidof" requested_mask="read" denied_mask="read" peer="unconfined"
AVC apparmor="DENIED" operation="ptrace" profile="cri-containerd.apparmor.d" pid=36346 comm="pidof" requested_mask="read" denied_mask="read" peer="unconfined"
time="2024-05-07T11:59:34.624594305Z" level=info msg="cleaning up dead shim" namespace=k8s.io
time="2024-05-07T11:59:34.624582051Z" level=warning msg="cleaning up after shim disconnected" id=c605ad2cdc74c6b5288f2532ad71cce81a28ef6965f97a89ff6609deb825553a namespace=k8s.io
time="2024-05-07T11:59:34.624527314Z" level=info msg="shim disconnected" id=c605ad2cdc74c6b5288f2532ad71cce81a28ef6965f97a89ff6609deb825553a namespace=k8s.io
E0507 11:59:34.604339    4586 pod_workers.go:1300] "Error syncing pod, skipping" err="failed to \"StartContainer\" for \"grafana\" with ImagePullBackOff: \"Back-off pulling image \\\"us.gcr.io/hosted-grafana/hosted-grafana-pro:10.1.0-ephemeral-oss-84322-18859-1\\\"\"" pod="hosted-grafana/ephemeral1511182184322yuritce-grafana-84496d949-4gc7m" podUID="8b778f8a-7749-4b2f-ac6d-aafa8cd32119"
E0507 11:59:34.603913    4586 pod_workers.go:1300] "Error syncing pod, skipping" err="failed to \"StartContainer\" for \"grafana\" with CrashLoopBackOff: \"back-off 5m0s restarting failed container=grafana pod=ephemeral1511182179279sarahzi-grafana-c5dc5d5-krs7z_hosted-grafana(baa23492-a636-4134-8908-391631902931)\"" pod="hosted-grafana/ephemeral1511182179279sarahzi-grafana-c5dc5d5-krs7z" podUID="baa23492-a636-4134-8908-391631902931"
I0507 11:59:34.603362    4586 scope.go:117] "RemoveContainer" containerID="8f3e15e7b4631f5c3b33aa44572fdcc313ba99fcd9e4e1998b464ab93624b2e7"
time="2024-05-07T11:59:34.592084495Z" level=info msg="Container to stop \"c91436db00920ec961b9d5d6b4859d80a912e862e34fb5c45d8a85684fe6a97e\" must be in running or unknown state, current state \"CONTAINER_EXITED\""
time="2024-05-07T11:59:34.592005066Z" level=info msg="StopPodSandbox for \"c605ad2cdc74c6b5288f2532ad71cce81a28ef6965f97a89ff6609deb825553a\""
time="2024-05-07T11:59:34.591282703Z" level=info msg="StopContainer for \"c91436db00920ec961b9d5d6b4859d80a912e862e34fb5c45d8a85684fe6a97e\" returns successfully"
time="2024-05-07T11:59:34.574306831Z" level=info msg="cleaning up dead shim" namespace=k8s.io
time="2024-05-07T11:59:34.574295800Z" level=warning msg="cleaning up after shim disconnected" id=c91436db00920ec961b9d5d6b4859d80a912e862e34fb5c45d8a85684fe6a97e namespace=k8s.io
time="2024-05-07T11:59:34.574248328Z" level=info msg="shim disconnected" id=c91436db00920ec961b9d5d6b4859d80a912e862e34fb5c45d8a85684fe6a97e namespace=k8s.io
E0507 11:59:34.573378    4595 pod_workers.go:1300] "Error syncing pod, skipping" err="failed to \"StartContainer\" for \"grafana\" with CrashLoopBackOff: \"back-off 5m0s restarting failed container=grafana pod=k6teststeady2-grafana-bd47b47d4-28b6n_hosted-grafana(91385f28-bb54-4fd7-a913-0dea0a3361d4)\"" pod="hosted-grafana/k6teststeady2-grafana-bd47b47d4-28b6n" podUID="91385f28-bb54-4fd7-a913-0dea0a3361d4"
I0507 11:59:34.571158    4595 scope.go:117] "RemoveContainer" containerID="f3b57fb64bedb2f63a9a73a2c7083c0808d8c9e24dc89b6690b1477ae9bb6cab"
I0507 11:59:34.538435    4590 kubelet_pods.go:906] "Unable to retrieve pull secret, the image pull may not succeed." pod="grafana-apps/loki-datasource-grafana-app-fast-5f845744dd-tpmtm" secret="" err="secret \"dockerhub\" not found"
time="2024-05-07T11:59:34.520032214Z" level=info msg="Stop container \"c91436db00920ec961b9d5d6b4859d80a912e862e34fb5c45d8a85684fe6a97e\" with signal terminated"
time="2024-05-07T11:59:34.519591759Z" level=info msg="StopContainer for \"c91436db00920ec961b9d5d6b4859d80a912e862e34fb5c45d8a85684fe6a97e\" with timeout 30 (s)"
I0507 11:59:34.518822    3224 kuberuntime_container.go:745] "Killing container with a grace period" pod="hosted-grafana/hosted-grafana-api-7b6bd9b949-9csb4" podUID="25cb986c-3d6c-4ed0-abf3-ee59ed6175f9" containerName="hgapi" containerID="containerd://c91436db00920ec961b9d5d6b4859d80a912e862e34fb5c45d8a85684fe6a97e" gracePeriod=30
I0507 11:59:34.518597    3224 kubelet.go:2414] "SyncLoop DELETE" source="api" pods=["hosted-grafana/hosted-grafana-api-7b6bd9b949-9csb4"]
I0507 11:59:34.501779    4602 kubelet.go:2498] "SyncLoop (probe)" probe="readiness" status="ready" pod="hosted-grafana/k6teststeady4-grafana-5c4f6cd55-hvn6k"
I0507 11:59:34.453214    4736 kubelet_getters.go:187] "Pod status updated" pod="kube-system/kube-proxy-gke-dev-us-central-0-main-n2s16-3-1dd-9b502d96-nbp9" status="Running"
AVC apparmor="DENIED" operation="ptrace" profile="cri-containerd.apparmor.d" pid=36336 comm="pidof" requested_mask="read" denied_mask="read" peer="unconfined"
AVC apparmor="DENIED" operation="ptrace" profile="cri-containerd.apparmor.d" pid=36336 comm="pidof" requested_mask="read" denied_mask="read" peer="unconfined"
AVC apparmor="DENIED" operation="ptrace" profile="cri-containerd.apparmor.d" pid=36336 comm="pidof" requested_mask="read" denied_mask="read" peer="unconfined"
E0507 11:59:34.353776    4585 pod_workers.go:1300] "Error syncing pod, skipping" err="failed to \"StartContainer\" for \"grafana\" with ErrImagePull: \"[rpc error: code = NotFound desc = failed to pull and unpack image \\\"us.gcr.io/hosted-grafana/hosted-grafana-pro:11.1.0-ephemeral-6436-938-1\\\": failed to resolve reference \\\"us.gcr.io/hosted-grafana/hosted-grafana-pro:11.1.0-ephemeral-6436-938-1\\\": us.gcr.io/hosted-grafana/hosted-grafana-pro:11.1.0-ephemeral-6436-938-1: not found, failed to pull and unpack image \\\"us.gcr.io/hosted-grafana/hosted-grafana-pro:11.1.0-ephemeral-6436-938-1\\\": failed to resolve reference \\\"us.gcr.io/hosted-grafana/hosted-grafana-pro:11.1.0-ephemeral-6436-938-1\\\": unexpected status from HEAD request to https://us.gcr.io/v2/hosted-grafana/hosted-grafana-pro/manifests/11.1.0-ephemeral-6436-938-1: 403 Forbidden]\"" pod="hosted-grafana/ephemeral1180076306436hairyhe-grafana-86cb5688bb-mtgwf" podUID="640ad907-3089-47b9-89c7-4b59e6b685a5"
						while [ "$(pidof plugins-pause)" = "" ]; do sleep 0.5; done;
						ln --force -s /proc/$(pidof hgrun-pause)/root/bin/hgrun /bin/hgrun;
E0507 11:59:34.353716    4585 kuberuntime_manager.go:1256] container &Container{Name:grafana,Image:us.gcr.io/hosted-grafana/hosted-grafana-pro:11.1.0-ephemeral-6436-938-1,Command:[/bin/sh],Args:[-c set -e; while [ "$(pidof hgrun-pause)" = "" ]; do sleep 0.5; done;
						exec /bin/hgrun -log.level=debug launch -bundledPluginsManifest /proc/$(pidof plugins-pause)/root/manifest.json -bundledPluginsDir /proc/$(pidof plugins-pause)/root/plugins],WorkingDir:,Ports:[]ContainerPort{ContainerPort{Name:http-metrics,HostPort:0,ContainerPort:80,Protocol:TCP,HostIP:,},ContainerPort{Name:grpc,HostPort:0,ContainerPort:10000,Protocol:TCP,HostIP:,},ContainerPort{Name:profiling,HostPort:0,ContainerPort:6060,Protocol:TCP,HostIP:,},},Env:[]EnvVar{EnvVar{Name:HG_API,Value:http://hosted-grafana-api,ValueFrom:nil,},EnvVar{Name:HG_INSTANCE_SLUG,Value:ephemeral1180076306436hairyhe,ValueFrom:nil,},EnvVar{Name:HG_INSTANCE_SECRET,Value:67f2b6eeb2d75a30d764feee937887e7f735a612,ValueFrom:nil,},EnvVar{Name:EXTRA_OPTIONS,Value:-profile -profile-port=6060 -profile-addr=0.0.0.0,ValueFrom:nil,},EnvVar{Name:HG_CREATE_TIME_MS,Value:1715081910810,ValueFrom:nil,},EnvVar{Name:HG_PULL_POLICY,Value:Always,ValueFrom:nil,},EnvVar{Name:HG_START_REASON,Value:active,ValueFrom:nil,},EnvVar{Name:HGRUN_SECURE_PLUGINS,Value:false,ValueFrom:nil,},EnvVar{Name:HGRUN_PLUGIN_RUNNER_ROOT_CA,Value:false,ValueFrom:nil,},EnvVar{Name:OTEL_EXPORTER_OTLP_TRACES_ENDPOINT,Value:http://jaeger-agent.jaeger.svc.cluster.local:4317,ValueFrom:nil,},EnvVar{Name:JAEGER_SAMPLER_PARAM,Value:1,ValueFrom:nil,},EnvVar{Name:OTEL_RESOURCE_ATTRIBUTES,Value:cluster=dev-us-central-0,namespace=hosted-grafana,ValueFrom:nil,},EnvVar{Name:HG_PROBE_PATH,Value:/api/health,ValueFrom:nil,},EnvVar{Name:HGRUN_EXIT_ON_PLUGIN_FAIL,Value:true,ValueFrom:nil,},EnvVar{Name:HGRUN_PLUGIN_INSTALL_RETRIES,Value:2,ValueFrom:nil,},EnvVar{Name:HGRUN_PLUGIN_INSTALL_CONCURRENCY,Value:1,ValueFrom:nil,},EnvVar{Name:HGRUN_LAUNCH_TIMEOUT,Value:3m0s,ValueFrom:nil,},EnvVar{Name:GOMEMLIMIT,Value:429496730,ValueFrom:nil,},},Resources:ResourceRequirements{Limits:ResourceList{memory: {{536870912 0} {<nil>}  BinarySI},},Requests:ResourceList{cpu: {{26 -3} {<nil>} 26m DecimalSI},memory: {{293601280 0} {<nil>}  BinarySI},},Claims:[]ResourceClaim{},},VolumeMounts:[]VolumeMount{},LivenessProbe:&Probe{ProbeHandler:ProbeHandler{Exec:nil,HTTPGet:&HTTPGetAction{Path:/api/health,Port:{0 80 },Host:,Scheme:HTTP,HTTPHeaders:[]HTTPHeader{},},TCPSocket:nil,GRPC:nil,},InitialDelaySeconds:300,TimeoutSeconds:10,PeriodSeconds:30,SuccessThreshold:1,FailureThreshold:3,TerminationGracePeriodSeconds:nil,},ReadinessProbe:&Probe{ProbeHandler:ProbeHandler{Exec:&ExecAction{Command:[/bin/hgrun check],},HTTPGet:nil,TCPSocket:nil,GRPC:nil,},InitialDelaySeconds:0,TimeoutSeconds:30,PeriodSeconds:30,SuccessThreshold:1,FailureThreshold:3,TerminationGracePeriodSeconds:nil,},Lifecycle:&Lifecycle{PostStart:nil,PreStop:&LifecycleHandler{Exec:&ExecAction{Command:[/bin/hgrun drain -timeout 1m0s -waitTime 55s],},HTTPGet:nil,TCPSocket:nil,},},TerminationMessagePath:/dev/termination-log,ImagePullPolicy:Always,SecurityContext:&SecurityContext{Capabilities:&Capabilities{Add:[SYS_PTRACE],Drop:[],},Privileged:nil,SELinuxOptions:nil,RunAsUser:nil,RunAsNonRoot:nil,ReadOnlyRootFilesystem:nil,AllowPrivilegeEscalation:nil,RunAsGroup:nil,ProcMount:nil,WindowsOptions:nil,SeccompProfile:nil,},Stdin:false,StdinOnce:false,TTY:false,EnvFrom:[]EnvFromSource{},TerminationMessagePolicy:File,VolumeDevices:[]VolumeDevice{},StartupProbe:nil,ResizePolicy:[]ContainerResizePolicy{},RestartPolicy:nil,} start failed in pod ephemeral1180076306436hairyhe-grafana-86cb5688bb-mtgwf_hosted-grafana(640ad907-3089-47b9-89c7-4b59e6b685a5): ErrImagePull: [rpc error: code = NotFound desc = failed to pull and unpack image "us.gcr.io/hosted-grafana/hosted-grafana-pro:11.1.0-ephemeral-6436-938-1": failed to resolve reference "us.gcr.io/hosted-grafana/hosted-grafana-pro:11.1.0-ephemeral-6436-938-1": us.gcr.io/hosted-grafana/hosted-grafana-pro:11.1.0-ephemeral-6436-938-1: not found, failed to pull and unpack image "us.gcr.io/hosted-grafana/hosted-grafana-pro:11.1.0-ephemeral-6436-938-1": failed to resolve reference "us.gcr.io/hosted-grafana/hosted-grafana-pro:11.1.0-ephemeral-6436-938-1": unexpected status from HEAD request to https://us.gcr.io/v2/hosted-grafana/hosted-grafana-pro/manifests/11.1.0-ephemeral-6436-938-1: 403 Forbidden]
E0507 11:59:34.353426    4585 remote_image.go:180] "PullImage from image service failed" err="rpc error: code = Unknown desc = failed to pull and unpack image \"us.gcr.io/hosted-grafana/hosted-grafana-pro:11.1.0-ephemeral-6436-938-1\": failed to resolve reference \"us.gcr.io/hosted-grafana/hosted-grafana-pro:11.1.0-ephemeral-6436-938-1\": unexpected status from HEAD request to https://us.gcr.io/v2/hosted-grafana/hosted-grafana-pro/manifests/11.1.0-ephemeral-6436-938-1: 403 Forbidden" image="us.gcr.io/hosted-grafana/hosted-grafana-pro:11.1.0-ephemeral-6436-938-1"
time="2024-05-07T11:59:34.353141479Z" level=info msg="stop pulling image us.gcr.io/hosted-grafana/hosted-grafana-pro:11.1.0-ephemeral-6436-938-1: active requests=0, bytes read=4402"
time="2024-05-07T11:59:34.353117156Z" level=error msg="PullImage \"us.gcr.io/hosted-grafana/hosted-grafana-pro:11.1.0-ephemeral-6436-938-1\" failed" error="failed to pull and unpack image \"us.gcr.io/hosted-grafana/hosted-grafana-pro:11.1.0-ephemeral-6436-938-1\": failed to resolve reference \"us.gcr.io/hosted-grafana/hosted-grafana-pro:11.1.0-ephemeral-6436-938-1\": unexpected status from HEAD request to https://us.gcr.io/v2/hosted-grafana/hosted-grafana-pro/manifests/11.1.0-ephemeral-6436-938-1: 403 Forbidden"
E0507 11:59:34.183531    4578 pod_workers.go:1300] "Error syncing pod, skipping" err="failed to \"StartContainer\" for \"grafana\" with ImagePullBackOff: \"Back-off pulling image \\\"us.gcr.io/hosted-grafana/hosted-grafana-pro:10.1.0-ephemeral-oss-80141-12952-1\\\"\"" pod="hosted-grafana/ephemeral1511182180141joshhun-grafana-945f746cd-t2dbn" podUID="5a9ab168-41a1-4427-a3c8-7f8eb23f7491"
time="2024-05-07T11:59:34.182459543Z" level=info msg="PullImage \"us.gcr.io/hosted-grafana/hosted-grafana-pro:11.1.0-ephemeral-6436-938-1\""
E0507 11:59:34.182064    4585 remote_image.go:180] "PullImage from image service failed" err="rpc error: code = NotFound desc = failed to pull and unpack image \"us.gcr.io/hosted-grafana/hosted-grafana-pro:11.1.0-ephemeral-6436-938-1\": failed to resolve reference \"us.gcr.io/hosted-grafana/hosted-grafana-pro:11.1.0-ephemeral-6436-938-1\": us.gcr.io/hosted-grafana/hosted-grafana-pro:11.1.0-ephemeral-6436-938-1: not found" image="us.gcr.io/hosted-grafana/hosted-grafana-pro:11.1.0-ephemeral-6436-938-1"
time="2024-05-07T11:59:34.181810210Z" level=info msg="stop pulling image us.gcr.io/hosted-grafana/hosted-grafana-pro:11.1.0-ephemeral-6436-938-1: active requests=0, bytes read=6802"
time="2024-05-07T11:59:34.181742330Z" level=error msg="PullImage \"us.gcr.io/hosted-grafana/hosted-grafana-pro:11.1.0-ephemeral-6436-938-1\" failed" error="rpc error: code = NotFound desc = failed to pull and unpack image \"us.gcr.io/hosted-grafana/hosted-grafana-pro:11.1.0-ephemeral-6436-938-1\": failed to resolve reference \"us.gcr.io/hosted-grafana/hosted-grafana-pro:11.1.0-ephemeral-6436-938-1\": us.gcr.io/hosted-grafana/hosted-grafana-pro:11.1.0-ephemeral-6436-938-1: not found"
I0507 11:59:34.181632    2791 kubelet.go:2421] "SyncLoop (PLEG): event for pod" pod="hosted-grafana/victor-grafana-7b7bb568cc-grflq" event={"ID":"1803645b-5526-41b4-bf88-271be4827277","Type":"ContainerStarted","Data":"8a23f9c88be86595adf482aed0c24902ce397f7b5cf55c300e9aa851a5717a0d"}
time="2024-05-07T11:59:34.180182414Z" level=info msg="trying next host - response was http.StatusNotFound" host=us.gcr.io
AVC apparmor="DENIED" operation="ptrace" profile="cri-containerd.apparmor.d" pid=36334 comm="pidof" requested_mask="read" denied_mask="read" peer="unconfined"
AVC apparmor="DENIED" operation="ptrace" profile="cri-containerd.apparmor.d" pid=36334 comm="pidof" requested_mask="read" denied_mask="read" peer="unconfined"
AVC apparmor="DENIED" operation="ptrace" profile="cri-containerd.apparmor.d" pid=36334 comm="pidof" requested_mask="read" denied_mask="read" peer="unconfined"
I0507 11:59:34.107464    4767 kubelet_getters.go:187] "Pod status updated" pod="kube-system/kube-proxy-gke-dev-us-central-0-main-n2s16-3-1dd-9b502d96-m294" status="Running"
E0507 11:59:34.041990    4589 pod_workers.go:1300] "Error syncing pod, skipping" err="failed to \"StartContainer\" for \"grafana\" with CrashLoopBackOff: \"back-off 5m0s restarting failed container=grafana pod=securityops-grafana-54d8cdd94c-lcvh2_hosted-grafana(ae03848f-326b-447b-965c-2e247587fef2)\"" pod="hosted-grafana/securityops-grafana-54d8cdd94c-lcvh2" podUID="ae03848f-326b-447b-965c-2e247587fef2"
I0507 11:59:34.041393    4589 scope.go:117] "RemoveContainer" containerID="c92811a8440f91cd6b065d841e3d3c8ef00c139b1754d41629933446094f0e5b"
E0507 11:59:34.035350    2952 pod_workers.go:1300] "Error syncing pod, skipping" err="failed to \"StartContainer\" for \"grafana\" with CrashLoopBackOff: \"back-off 5m0s restarting failed container=grafana pod=edwardtest-grafana-7c84958c48-7qx52_hosted-grafana(b2e4a53a-8d70-4a70-8d03-87fd797e5cab)\"" pod="hosted-grafana/edwardtest-grafana-7c84958c48-7qx52" podUID="b2e4a53a-8d70-4a70-8d03-87fd797e5cab"
time="2024-05-07T11:59:34.034812075Z" level=info msg="PullImage \"us.gcr.io/hosted-grafana/hosted-grafana-pro:11.1.0-ephemeral-6436-938-1\""
I0507 11:59:34.034307    2952 scope.go:117] "RemoveContainer" containerID="731add8ea0b2e9fdf09aebec6431636580ef50b216e74393d429b5ab92e597b4"
I0507 11:59:34.033652    6250 kubelet_pods.go:906] "Unable to retrieve pull secret, the image pull may not succeed." pod="kafka/kafka-broker-1" secret="" err="secret \"gcr\" not found"
I0507 11:59:33.939013    4589 kubelet_getters.go:187] "Pod status updated" pod="kube-system/kube-proxy-gke-dev-us-central-0-hg-n2s8-6-1dd39c-3bfd06e9-r8v7" status="Running"
AVC apparmor="DENIED" operation="ptrace" profile="cri-containerd.apparmor.d" pid=36332 comm="pidof" requested_mask="read" denied_mask="read" peer="unconfined"
AVC apparmor="DENIED" operation="ptrace" profile="cri-containerd.apparmor.d" pid=36332 comm="pidof" requested_mask="read" denied_mask="read" peer="unconfined"
AVC apparmor="DENIED" operation="ptrace" profile="cri-containerd.apparmor.d" pid=36332 comm="pidof" requested_mask="read" denied_mask="read" peer="unconfined"
I0507 11:59:33.849663    4730 kubelet_getters.go:187] "Pod status updated" pod="kube-system/kube-proxy-gke-dev-us-central-0-main-n2s16-3-1dd-9b502d96-9zxx" status="Running"
E0507 11:59:33.830567    4591 pod_workers.go:1300] "Error syncing pod, skipping" err="failed to \"StartContainer\" for \"grafana\" with ImagePullBackOff: \"Back-off pulling image \\\"us.gcr.io/hosted-grafana/hosted-grafana-pro:11.1.0-ephemeral-6432-916-1\\\"\"" pod="hosted-grafana/ephemeral1180076306432stephan-grafana-6795bb9d45-sxvzw" podUID="9ed9522d-b242-40b1-907b-8c8e4122c711"
E0507 11:59:33.830166    4591 pod_workers.go:1300] "Error syncing pod, skipping" err="failed to \"StartContainer\" for \"grafana\" with CrashLoopBackOff: \"back-off 5m0s restarting failed container=grafana pod=oncalldev-grafana-88bf96b75-tfwt2_hosted-grafana(457849b1-2806-4b8c-af1b-ba17047f5234)\"" pod="hosted-grafana/oncalldev-grafana-88bf96b75-tfwt2" podUID="457849b1-2806-4b8c-af1b-ba17047f5234"
I0507 11:59:33.829279    4591 scope.go:117] "RemoveContainer" containerID="9f599128c19622f3ecba55323008ef75bfddf1f84fef95a77368a4e46d0ff1f1"
I0507 11:59:33.812487    4733 kubelet_getters.go:187] "Pod status updated" pod="kube-system/kube-proxy-gke-dev-us-central-0-main-n2s16-3-1dd-9b502d96-lgmg" status="Running"
I0507 11:59:33.738098    4624 kubelet.go:2498] "SyncLoop (probe)" probe="readiness" status="ready" pod="hosted-grafana/ephemeral1511182177076papagia-grafana-6b9bb47584-xp7pp"
E0507 11:59:33.737125    4624 prober.go:239] "Unable to write all bytes from execInContainer" err="short write" expectedBytes=11846 actualBytes=10240
I0507 11:59:33.699298    4772 kubelet_getters.go:187] "Pod status updated" pod="kube-system/kube-proxy-gke-dev-us-central-0-main-n2s16-3-1dd-9b502d96-8nfg" status="Running"
time="2024-05-07T11:59:33.674127305Z" level=info msg="StartContainer for \"8a23f9c88be86595adf482aed0c24902ce397f7b5cf55c300e9aa851a5717a0d\" returns successfully"
AVC apparmor="DENIED" operation="ptrace" profile="cri-containerd.apparmor.d" pid=36330 comm="pidof" requested_mask="read" denied_mask="read" peer="unconfined"
AVC apparmor="DENIED" operation="ptrace" profile="cri-containerd.apparmor.d" pid=36330 comm="pidof" requested_mask="read" denied_mask="read" peer="unconfined"
AVC apparmor="DENIED" operation="ptrace" profile="cri-containerd.apparmor.d" pid=36330 comm="pidof" requested_mask="read" denied_mask="read" peer="unconfined"
Started libcontainer container 8a23f9c88be86595adf482aed0c24902ce397f7b5cf55c300e9aa851a5717a0d.
I0507 11:59:33.596434    4737 kubelet_getters.go:187] "Pod status updated" pod="kube-system/kube-proxy-gke-dev-us-central-0-main-n2s16-3-1dd-9b502d96-cndv" status="Running"
time="2024-05-07T11:59:33.590854700Z" level=info msg="StartContainer for \"8a23f9c88be86595adf482aed0c24902ce397f7b5cf55c300e9aa851a5717a0d\""
time="2024-05-07T11:59:33.590318994Z" level=info msg="CreateContainer within sandbox \"346dc5e0c503a6ca1f0281e3b6f8e32563ebf8a61ed467b4d0dc5b4030a115b9\" for &ContainerMetadata{Name:grafana,Attempt:0,} returns container id \"8a23f9c88be86595adf482aed0c24902ce397f7b5cf55c300e9aa851a5717a0d\""
time="2024-05-07T11:59:33.582971705Z" level=info msg="CreateContainer within sandbox \"346dc5e0c503a6ca1f0281e3b6f8e32563ebf8a61ed467b4d0dc5b4030a115b9\" for container &ContainerMetadata{Name:grafana,Attempt:0,}"
time="2024-05-07T11:59:33.581670690Z" level=info msg="PullImage \"us.gcr.io/hosted-grafana/hgrun:0.1.452\""
I0507 11:59:33.580418    2791 azure_credentials.go:220] image(us.gcr.io/hosted-grafana/hgrun) is not from ACR, return empty authentication
time="2024-05-07T11:59:33.579768267Z" level=info msg="PullImage \"us.gcr.io/hosted-grafana/hosted-grafana-pro:11.1.0-70397\" returns image reference \"sha256:0036b00b52fc547c944c1c820817d91fba6e20775cbf4e6c3e09ad2e682dbd73\""
time="2024-05-07T11:59:33.579726466Z" level=info msg="Pulled image \"us.gcr.io/hosted-grafana/hosted-grafana-pro:11.1.0-70397\" with image id \"sha256:0036b00b52fc547c944c1c820817d91fba6e20775cbf4e6c3e09ad2e682dbd73\", repo tag \"us.gcr.io/hosted-grafana/hosted-grafana-pro:11.1.0-70397\", repo digest \"us.gcr.io/hosted-grafana/hosted-grafana-pro@sha256:0853965a142fb95648de3281a7c71de0d05fb51616bc32b523dc2f1da6ca06dc\", size \"173405048\" in 1.763700178s"
time="2024-05-07T11:59:33.579013658Z" level=info msg="ImageUpdate event name:\"us.gcr.io/hosted-grafana/hosted-grafana-pro@sha256:0853965a142fb95648de3281a7c71de0d05fb51616bc32b523dc2f1da6ca06dc\" labels:{key:\"io.cri-containerd.image\" value:\"managed\"}"
time="2024-05-07T11:59:33.577566840Z" level=info msg="ImageUpdate event name:\"us.gcr.io/hosted-grafana/hosted-grafana-pro:11.1.0-70397\" labels:{key:\"io.cri-containerd.image\" value:\"managed\"}"
time="2024-05-07T11:59:33.576106723Z" level=info msg="ImageUpdate event name:\"sha256:0036b00b52fc547c944c1c820817d91fba6e20775cbf4e6c3e09ad2e682dbd73\" labels:{key:\"io.cri-containerd.image\" value:\"managed\"}"
time="2024-05-07T11:59:33.575284113Z" level=info msg="stop pulling image us.gcr.io/hosted-grafana/hosted-grafana-pro:11.1.0-70397: active requests=0, bytes read=6802"
time="2024-05-07T11:59:33.575105610Z" level=info msg="ImageUpdate event name:\"us.gcr.io/hosted-grafana/hosted-grafana-pro:11.1.0-70397\" labels:{key:\"io.cri-containerd.image\" value:\"managed\"}"
E0507 11:59:33.570763    4595 pod_workers.go:1300] "Error syncing pod, skipping" err="failed to \"StartContainer\" for \"grafana\" with ImagePullBackOff: \"Back-off pulling image \\\"us.gcr.io/hosted-grafana/hosted-grafana-pro:10.1.0-ephemeral-oss-77506-8314-2\\\"\"" pod="hosted-grafana/ephemeral1511182177506ashharr-grafana-6898b9c678-h5xpg" podUID="4a9da7ba-6a16-487f-9604-4e89cbd0c918"
E0507 11:59:33.538814    4590 pod_workers.go:1300] "Error syncing pod, skipping" err="failed to \"StartContainer\" for \"grafana\" with ImagePullBackOff: \"Back-off pulling image \\\"us.gcr.io/hosted-grafana/hosted-grafana-pro:10.1.0-ephemeral-enterprise-6372-855-1\\\"\"" pod="hosted-grafana/ephemeral1180076306372jacobso-grafana-586dcfb48b-8v6t8" podUID="656b3334-568b-408d-9642-268560046977"
I0507 11:59:33.457749    4601 kubelet_getters.go:187] "Pod status updated" pod="kube-system/kube-proxy-gke-dev-us-central-0-hg-n2s8-6-1dd39c-3bfd06e9-n9zk" status="Running"
I0507 11:59:33.431432    4645 kubelet_getters.go:187] "Pod status updated" pod="kube-system/kube-proxy-gke-dev-us-central-0-spot-n2s8-0-1dd3-f81338c4-cz4q" status="Running"
I0507 11:59:33.422254 1537502 kubelet_getters.go:187] "Pod status updated" pod="kube-system/kube-proxy-gke-dev-us-central-0-main-n2s16-3-1dd-9b502d96-x28r" status="Running"
audit: type=1400 audit(1715083173.383:28): apparmor="DENIED" operation="ptrace" profile="cri-containerd.apparmor.d" pid=36297 comm="pidof" requested_mask="read" denied_mask="read" peer="unconfined"
AVC apparmor="DENIED" operation="ptrace" profile="cri-containerd.apparmor.d" pid=36297 comm="pidof" requested_mask="read" denied_mask="read" peer="unconfined"
AVC apparmor="DENIED" operation="ptrace" profile="cri-containerd.apparmor.d" pid=36297 comm="pidof" requested_mask="read" denied_mask="read" peer="unconfined"
AVC apparmor="DENIED" operation="ptrace" profile="cri-containerd.apparmor.d" pid=36297 comm="pidof" requested_mask="read" denied_mask="read" peer="unconfined"
I0507 11:59:33.376763    4608 kubelet_getters.go:187] "Pod status updated" pod="kube-system/kube-proxy-gke-dev-us-central-0-hg-n2s8-6-1dd39c-3bfd06e9-h7jr" status="Running"
E0507 11:59:33.361757    4600 pod_workers.go:1300] "Error syncing pod, skipping" err="failed to \"StartContainer\" for \"grafana\" with CrashLoopBackOff: \"back-off 5m0s restarting failed container=grafana pod=benchloadtestingxxl2-grafana-56b7c6b6df-h67p4_hosted-grafana(a3a055b2-b554-4a41-ab79-6f070495296f)\"" pod="hosted-grafana/benchloadtestingxxl2-grafana-56b7c6b6df-h67p4" podUID="a3a055b2-b554-4a41-ab79-6f070495296f"
I0507 11:59:33.360932    4600 scope.go:117] "RemoveContainer" containerID="d4402a99374d43ba1e3df7dffe05b2fee099671c2e0f07bb729186a41bb549b6"
I0507 11:59:33.356171    4645 kubelet_getters.go:187] "Pod status updated" pod="kube-system/kube-proxy-gke-dev-us-central-0-spot-n2s8-0-1dd3-f81338c4-z2rp" status="Running"
I0507 11:59:33.219742    4739 kubelet_getters.go:187] "Pod status updated" pod="kube-system/kube-proxy-gke-dev-us-central-0-main-n2s16-3-1dd-9b502d96-vlg7" status="Running"
E0507 11:59:33.183476    4578 pod_workers.go:1300] "Error syncing pod, skipping" err="failed to \"StartContainer\" for \"grafana\" with CrashLoopBackOff: \"back-off 5m0s restarting failed container=grafana pod=ephemeral1511182177667ryantxu-grafana-548f6c9689-4gxks_hosted-grafana(27ef7bb4-75ed-4cd9-9b96-b76cb07bee6d)\"" pod="hosted-grafana/ephemeral1511182177667ryantxu-grafana-548f6c9689-4gxks" podUID="27ef7bb4-75ed-4cd9-9b96-b76cb07bee6d"
I0507 11:59:33.182939    4578 scope.go:117] "RemoveContainer" containerID="5ba7a32d2cc7cc82e8a982949ae158d1beb142061bddf3e9f69c2637ea65b1b0"
time="2024-05-07T11:59:33.095406969Z" level=info msg="RemoveContainer for \"15651d1ecdf9bd928944f9cfb0523042b518137a440bb97f7d75923beaede053\" returns successfully"
E0507 11:59:33.090176    4592 pod_workers.go:1300] "Error syncing pod, skipping" err="failed to \"StartContainer\" for \"grafana\" with CrashLoopBackOff: \"back-off 5m0s restarting failed container=grafana pod=benchloadtestingxxl2-grafana-56b7c6b6df-vqkzm_hosted-grafana(d3742b42-2b35-4c32-8267-7cf79bbcb441)\"" pod="hosted-grafana/benchloadtestingxxl2-grafana-56b7c6b6df-vqkzm" podUID="d3742b42-2b35-4c32-8267-7cf79bbcb441"
time="2024-05-07T11:59:33.090002575Z" level=info msg="RemoveContainer for \"15651d1ecdf9bd928944f9cfb0523042b518137a440bb97f7d75923beaede053\""
I0507 11:59:33.089270    4592 scope.go:117] "RemoveContainer" containerID="d53fbb23caf1e92d73b7ccf3a991c2ccd1d1b1ef072bfb1f6798a781d3809679"
I0507 11:59:33.088811    4592 scope.go:117] "RemoveContainer" containerID="15651d1ecdf9bd928944f9cfb0523042b518137a440bb97f7d75923beaede053"
