time="2024-05-07T11:59:38.116099322Z" level=info msg="PullImage \"us.gcr.io/hosted-grafana/hgrun:0.1.452\" returns image reference \"sha256:9fb1bce3e4a228f50768d21842cd7d7fafc1d586eaa0326c9d3c86d79a36868a\""
time="2024-05-07T11:59:38.116062821Z" level=info msg="Pulled image \"us.gcr.io/hosted-grafana/hgrun:0.1.452\" with image id \"sha256:9fb1bce3e4a228f50768d21842cd7d7fafc1d586eaa0326c9d3c86d79a36868a\", repo tag \"us.gcr.io/hosted-grafana/hgrun:0.1.452\", repo digest \"us.gcr.io/hosted-grafana/hgrun@sha256:b492dbbbee9faf9dba63c9fd89e6f9e148239765454c6a54c4284a2828dec153\", size \"19109699\" in 781.210092ms"
time="2024-05-07T11:59:38.115073809Z" level=info msg="ImageUpdate event name:\"us.gcr.io/hosted-grafana/hgrun@sha256:b492dbbbee9faf9dba63c9fd89e6f9e148239765454c6a54c4284a2828dec153\" labels:{key:\"io.cri-containerd.image\" value:\"managed\"}"
time="2024-05-07T11:59:38.113482790Z" level=info msg="ImageUpdate event name:\"us.gcr.io/hosted-grafana/hgrun:0.1.452\" labels:{key:\"io.cri-containerd.image\" value:\"managed\"}"
time="2024-05-07T11:59:38.111878670Z" level=info msg="ImageUpdate event name:\"sha256:9fb1bce3e4a228f50768d21842cd7d7fafc1d586eaa0326c9d3c86d79a36868a\" labels:{key:\"io.cri-containerd.image\" value:\"managed\"}"
time="2024-05-07T11:59:38.111105661Z" level=info msg="stop pulling image us.gcr.io/hosted-grafana/hgrun:0.1.452: active requests=0, bytes read=6766"
time="2024-05-07T11:59:38.110778357Z" level=info msg="ImageUpdate event name:\"us.gcr.io/hosted-grafana/hgrun:0.1.452\" labels:{key:\"io.cri-containerd.image\" value:\"managed\"}"
I0507 11:59:38.092172    4527 kubelet.go:2426] "SyncLoop (PLEG): event for pod" pod="otel-demo/otel-demo-dev-checkoutservice-6ddf9b978b-zqrsr" event={"ID":"f263b787-926e-459a-95a0-f9ef8e4e9bc2","Type":"ContainerStarted","Data":"95bf586cd79d43120ff44582d4dbd2476de61744411f8515b9b2c527a41fd5d9"}
E0507 11:59:38.083847    4589 prober.go:104] "Probe errored" err="rpc error: code = NotFound desc = failed to exec in container: failed to load task: no running task found: task fc7a558bca122d6b5fb9aa81e62a87053c8a6a84945fd7a5fd4508d7cbc0878a not found: not found" probeType="Readiness" pod="hosted-grafana/k6teststeady3-grafana-659d5ff58d-h4lmj" podUID="85274c17-190e-4275-a8f3-6e111cd833bf" containerName="grafana"
E0507 11:59:38.083788    4589 remote_runtime.go:496] "ExecSync cmd from runtime service failed" err="rpc error: code = NotFound desc = failed to exec in container: failed to load task: no running task found: task fc7a558bca122d6b5fb9aa81e62a87053c8a6a84945fd7a5fd4508d7cbc0878a not found: not found" containerID="fc7a558bca122d6b5fb9aa81e62a87053c8a6a84945fd7a5fd4508d7cbc0878a" cmd=["/bin/hgrun","check"]
time="2024-05-07T11:59:38.083577708Z" level=error msg="ExecSync for \"fc7a558bca122d6b5fb9aa81e62a87053c8a6a84945fd7a5fd4508d7cbc0878a\" failed" error="rpc error: code = NotFound desc = failed to exec in container: failed to load task: no running task found: task fc7a558bca122d6b5fb9aa81e62a87053c8a6a84945fd7a5fd4508d7cbc0878a not found: not found"
E0507 11:59:38.083085    4589 remote_runtime.go:496] "ExecSync cmd from runtime service failed" err="rpc error: code = NotFound desc = failed to exec in container: failed to load task: no running task found: task fc7a558bca122d6b5fb9aa81e62a87053c8a6a84945fd7a5fd4508d7cbc0878a not found: not found" containerID="fc7a558bca122d6b5fb9aa81e62a87053c8a6a84945fd7a5fd4508d7cbc0878a" cmd=["/bin/hgrun","check"]
time="2024-05-07T11:59:38.082843516Z" level=error msg="ExecSync for \"fc7a558bca122d6b5fb9aa81e62a87053c8a6a84945fd7a5fd4508d7cbc0878a\" failed" error="rpc error: code = NotFound desc = failed to exec in container: failed to load task: no running task found: task fc7a558bca122d6b5fb9aa81e62a87053c8a6a84945fd7a5fd4508d7cbc0878a not found: not found"
time="2024-05-07T11:59:38.081886661Z" level=error msg="ExecSync for \"fc7a558bca122d6b5fb9aa81e62a87053c8a6a84945fd7a5fd4508d7cbc0878a\" failed" error="rpc error: code = NotFound desc = failed to exec in container: failed to load task: no running task found: task fc7a558bca122d6b5fb9aa81e62a87053c8a6a84945fd7a5fd4508d7cbc0878a not found: not found"
 >
E0507 11:59:38.082179    4589 remote_runtime.go:496] "ExecSync cmd from runtime service failed" err="rpc error: code = NotFound desc = failed to exec in container: failed to load task: no running task found: task fc7a558bca122d6b5fb9aa81e62a87053c8a6a84945fd7a5fd4508d7cbc0878a not found: not found" containerID="fc7a558bca122d6b5fb9aa81e62a87053c8a6a84945fd7a5fd4508d7cbc0878a" cmd=["/bin/hgrun","check"]
	ts=2024-05-07T11:59:37.257054006Z level=error caller=http_client.go:56 app=hgrun hgrun_version=0.1.453-62-g2605e8595 msg="request failed" error="Get \"http://127.0.0.1:3000/api/health\": dial tcp 127.0.0.1:3000: connect: connection refused" method=GET url=http://127.0.0.1:3000/api/health
	ts=2024-05-07T11:59:36.616408464Z level=error caller=http_client.go:56 app=hgrun hgrun_version=0.1.453-62-g2605e8595 msg="request failed" error="Get \"http://127.0.0.1:3000/api/health\": dial tcp 127.0.0.1:3000: connect: connection refused" method=GET url=http://127.0.0.1:3000/api/health
	ts=2024-05-07T11:59:35.943353082Z level=error caller=http_client.go:56 app=hgrun hgrun_version=0.1.453-62-g2605e8595 msg="request failed" error="Get \"http://127.0.0.1:3000/api/health\": dial tcp 127.0.0.1:3000: connect: connection refused" method=GET url=http://127.0.0.1:3000/api/health
	ts=2024-05-07T11:59:35.651524459Z level=error caller=http_client.go:56 app=hgrun hgrun_version=0.1.453-62-g2605e8595 msg="request failed" error="Get \"http://127.0.0.1:3000/api/health\": dial tcp 127.0.0.1:3000: connect: connection refused" method=GET url=http://127.0.0.1:3000/api/health
	ts=2024-05-07T11:59:34.604654159Z level=error caller=http_client.go:56 app=hgrun hgrun_version=0.1.453-62-g2605e8595 msg="request failed" error="Get \"http://127.0.0.1:3000/api/health\": dial tcp 127.0.0.1:3000: connect: connection refused" method=GET url=http://127.0.0.1:3000/api/health
	ts=2024-05-07T11:59:33.75455853Z level=error caller=http_client.go:56 app=hgrun hgrun_version=0.1.453-62-g2605e8595 msg="request failed" error="Get \"http://127.0.0.1:3000/api/health\": dial tcp 127.0.0.1:3000: connect: connection refused" method=GET url=http://127.0.0.1:3000/api/health
I0507 11:59:38.081101    4589 prober.go:107] "Probe failed" probeType="Readiness" pod="hosted-grafana/k6teststeady3-grafana-659d5ff58d-h4lmj" podUID="85274c17-190e-4275-a8f3-6e111cd833bf" containerName="grafana" probeResult="failure" output=<
	ts=2024-05-07T11:59:32.904157283Z level=error caller=http_client.go:56 app=hgrun hgrun_version=0.1.453-62-g2605e8595 msg="request failed" error="Get \"http://127.0.0.1:3000/api/health\": dial tcp 127.0.0.1:3000: connect: connection refused" method=GET url=http://127.0.0.1:3000/api/health
	ts=2024-05-07T11:59:32.40247514Z level=error caller=http_client.go:56 app=hgrun hgrun_version=0.1.453-62-g2605e8595 msg="request failed" error="Get \"http://127.0.0.1:3000/api/health\": dial tcp 127.0.0.1:3000: connect: connection refused" method=GET url=http://127.0.0.1:3000/api/health
	ts=2024-05-07T11:59:32.084670264Z level=error caller=http_client.go:56 app=hgrun hgrun_version=0.1.453-62-g2605e8595 msg="request failed" error="Get \"http://127.0.0.1:3000/api/health\": dial tcp 127.0.0.1:3000: connect: connection refused" method=GET url=http://127.0.0.1:3000/api/health
	ts=2024-05-07T11:59:31.541769769Z level=error caller=http_client.go:56 app=hgrun hgrun_version=0.1.453-62-g2605e8595 msg="request failed" error="Get \"http://127.0.0.1:3000/api/health\": dial tcp 127.0.0.1:3000: connect: connection refused" method=GET url=http://127.0.0.1:3000/api/health
	ts=2024-05-07T11:59:31.195900943Z level=error caller=http_client.go:56 app=hgrun hgrun_version=0.1.453-62-g2605e8595 msg="request failed" error="Get \"http://127.0.0.1:3000/api/health\": dial tcp 127.0.0.1:3000: connect: connection refused" method=GET url=http://127.0.0.1:3000/api/health
	ts=2024-05-07T11:59:30.90418468Z level=error caller=http_client.go:56 app=hgrun hgrun_version=0.1.453-62-g2605e8595 msg="request failed" error="Get \"http://127.0.0.1:3000/api/health\": dial tcp 127.0.0.1:3000: connect: connection refused" method=GET url=http://127.0.0.1:3000/api/health
	ts=2024-05-07T11:59:30.441210172Z level=error caller=http_client.go:56 app=hgrun hgrun_version=0.1.453-62-g2605e8595 msg="request failed" error="Get \"http://127.0.0.1:3000/api/health\": dial tcp 127.0.0.1:3000: connect: connection refused" method=GET url=http://127.0.0.1:3000/api/health
	ts=2024-05-07T11:59:30.279567335Z level=error caller=http_client.go:56 app=hgrun hgrun_version=0.1.453-62-g2605e8595 msg="request failed" error="Get \"http://127.0.0.1:3000/api/health\": dial tcp 127.0.0.1:3000: connect: connection refused" method=GET url=http://127.0.0.1:3000/api/health
	ts=2024-05-07T11:59:30.151869927Z level=error caller=http_client.go:56 app=hgrun hgrun_version=0.1.453-62-g2605e8595 msg="request failed" error="Get \"http://127.0.0.1:3000/api/health\": dial tcp 127.0.0.1:3000: connect: connection refused" method=GET url=http://127.0.0.1:3000/api/health
	ts=2024-05-07T11:59:29.762204853Z level=error caller=http_client.go:56 app=hgrun hgrun_version=0.1.453-62-g2605e8595 msg="request failed" error="Get \"http://127.0.0.1:3000/api/health\": dial tcp 127.0.0.1:3000: connect: connection refused" method=GET url=http://127.0.0.1:3000/api/health
	ts=2024-05-07T11:59:29.416349977Z level=error caller=http_client.go:56 app=hgrun hgrun_version=0.1.453-62-g2605e8595 msg="request failed" error="Get \"http://127.0.0.1:3000/api/health\": dial tcp 127.0.0.1:3000: connect: connection refused" method=GET url=http://127.0.0.1:3000/api/health
	ts=2024-05-07T11:59:29.317686715Z level=error caller=http_client.go:56 app=hgrun hgrun_version=0.1.453-62-g2605e8595 msg="request failed" error="Get \"http://127.0.0.1:3000/api/health\": dial tcp 127.0.0.1:3000: connect: connection refused" method=GET url=http://127.0.0.1:3000/api/health
	ts=2024-05-07T11:59:29.076543925Z level=error caller=http_client.go:56 app=hgrun hgrun_version=0.1.453-62-g2605e8595 msg="request failed" error="Get \"http://127.0.0.1:3000/api/health\": dial tcp 127.0.0.1:3000: connect: connection refused" method=GET url=http://127.0.0.1:3000/api/health
	ts=2024-05-07T11:59:28.879830344Z level=error caller=http_client.go:56 app=hgrun hgrun_version=0.1.453-62-g2605e8595 msg="request failed" error="Get \"http://127.0.0.1:3000/api/health\": dial tcp 127.0.0.1:3000: connect: connection refused" method=GET url=http://127.0.0.1:3000/api/health
	ts=2024-05-07T11:59:28.760910211Z level=error caller=http_client.go:56 app=hgrun hgrun_version=0.1.453-62-g2605e8595 msg="request failed" error="Get \"http://127.0.0.1:3000/api/health\": dial tcp 127.0.0.1:3000: connect: connection refused" method=GET url=http://127.0.0.1:3000/api/health
	ts=2024-05-07T11:59:28.624184207Z level=error caller=http_client.go:56 app=hgrun hgrun_version=0.1.453-62-g2605e8595 msg="request failed" error="Get \"http://127.0.0.1:3000/api/health\": dial tcp 127.0.0.1:3000: connect: connection refused" method=GET url=http://127.0.0.1:3000/api/health
	ts=2024-05-07T11:59:28.464985015Z level=error caller=http_client.go:56 app=hgrun hgrun_version=0.1.453-62-g2605e8595 msg="request failed" error="Get \"http://127.0.0.1:3000/api/health\": dial tcp 127.0.0.1:3000: connect: connection refused" method=GET url=http://127.0.0.1:3000/api/health
	ts=2024-05-07T11:59:28.414503386Z level=error caller=http_client.go:56 app=hgrun hgrun_version=0.1.453-62-g2605e8595 msg="request failed" error="Get \"http://127.0.0.1:3000/api/health\": dial tcp 127.0.0.1:3000: connect: connection refused" method=GET url=http://127.0.0.1:3000/api/health
	ts=2024-05-07T11:59:28.338847511Z level=error caller=http_client.go:56 app=hgrun hgrun_version=0.1.453-62-g2605e8595 msg="request failed" error="Get \"http://127.0.0.1:3000/api/health\": dial tcp 127.0.0.1:3000: connect: connection refused" method=GET url=http://127.0.0.1:3000/api/health
	ts=2024-05-07T11:59:28.318295189Z level=error caller=http_client.go:56 app=hgrun hgrun_version=0.1.453-62-g2605e8595 msg="request failed" error="Get \"http://127.0.0.1:3000/api/health\": dial tcp 127.0.0.1:3000: connect: connection refused" method=GET url=http://127.0.0.1:3000/api/health
time="2024-05-07T11:59:38.080784392Z" level=warning msg="cleaning up after shim disconnected" id=fc7a558bca122d6b5fb9aa81e62a87053c8a6a84945fd7a5fd4508d7cbc0878a namespace=k8s.io
time="2024-05-07T11:59:38.080799009Z" level=info msg="cleaning up dead shim" namespace=k8s.io
time="2024-05-07T11:59:38.080699151Z" level=info msg="shim disconnected" id=fc7a558bca122d6b5fb9aa81e62a87053c8a6a84945fd7a5fd4508d7cbc0878a namespace=k8s.io
time="2024-05-07T11:59:38.080668278Z" level=info msg="StartContainer for \"95bf586cd79d43120ff44582d4dbd2476de61744411f8515b9b2c527a41fd5d9\" returns successfully"
I0507 11:59:37.961573    4624 kubelet.go:2498] "SyncLoop (probe)" probe="readiness" status="ready" pod="hosted-grafana/ephemeral1511182180263lucyche-grafana-575d4b9448-r7sp7"
E0507 11:59:37.960437    4624 prober.go:239] "Unable to write all bytes from execInContainer" err="short write" expectedBytes=11843 actualBytes=10240
I0507 11:59:37.915108    4726 prober.go:107] "Probe failed" probeType="Readiness" pod="agent-management-dev-002/agent-management-api-7ff7b9b9-k9nft" podUID="9893f9ac-f3e4-41fb-8da7-592061d2386c" containerName="agent-management-api" probeResult="failure" output="HTTP probe failed with statuscode: 400"
I0507 11:59:37.913494    4727 kubelet_getters.go:187] "Pod status updated" pod="kube-system/kube-proxy-gke-dev-us-central-0-main-n2s16-3-1dd-9b502d96-h9bx" status="Running"
AVC apparmor="DENIED" operation="ptrace" profile="cri-containerd.apparmor.d" pid=36499 comm="pidof" requested_mask="read" denied_mask="read" peer="unconfined"
AVC apparmor="DENIED" operation="ptrace" profile="cri-containerd.apparmor.d" pid=36499 comm="pidof" requested_mask="read" denied_mask="read" peer="unconfined"
AVC apparmor="DENIED" operation="ptrace" profile="cri-containerd.apparmor.d" pid=36499 comm="pidof" requested_mask="read" denied_mask="read" peer="unconfined"
run-containerd-io.containerd.runtime.v2.task-k8s.io-fc7a558bca122d6b5fb9aa81e62a87053c8a6a84945fd7a5fd4508d7cbc0878a-rootfs.mount: Deactivated successfully.
cri-containerd-fc7a558bca122d6b5fb9aa81e62a87053c8a6a84945fd7a5fd4508d7cbc0878a.scope: Consumed 16.023s CPU time.
cri-containerd-fc7a558bca122d6b5fb9aa81e62a87053c8a6a84945fd7a5fd4508d7cbc0878a.scope: Deactivated successfully.
I0507 11:59:37.726128    3089 kubelet_pods.go:906] "Unable to retrieve pull secret, the image pull may not succeed." pod="kafka/kafka-broker-1" secret="" err="secret \"gcr\" not found"
AVC apparmor="DENIED" operation="ptrace" profile="cri-containerd.apparmor.d" pid=36497 comm="pidof" requested_mask="read" denied_mask="read" peer="unconfined"
AVC apparmor="DENIED" operation="ptrace" profile="cri-containerd.apparmor.d" pid=36497 comm="pidof" requested_mask="read" denied_mask="read" peer="unconfined"
AVC apparmor="DENIED" operation="ptrace" profile="cri-containerd.apparmor.d" pid=36497 comm="pidof" requested_mask="read" denied_mask="read" peer="unconfined"
E0507 11:59:37.667321    2776 pod_workers.go:1300] "Error syncing pod, skipping" err="failed to \"StartContainer\" for \"grafana\" with CrashLoopBackOff: \"back-off 5m0s restarting failed container=grafana pod=victor-grafana-5f4c7cbdf7-bwfdl_hosted-grafana(525f5872-d605-4bd1-93b5-2ac890004c88)\"" pod="hosted-grafana/victor-grafana-5f4c7cbdf7-bwfdl" podUID="525f5872-d605-4bd1-93b5-2ac890004c88"
I0507 11:59:37.666642    2776 scope.go:117] "RemoveContainer" containerID="34da1ae22805bba50bdf08001da7492e265427af617701a829edfe1ca14fc152"
I0507 11:59:37.628819    4775 kubelet_getters.go:187] "Pod status updated" pod="kube-system/kube-proxy-gke-dev-us-central-0-main-n2s16-3-1dd-9b502d96-xzrv" status="Running"
E0507 11:59:37.604573    4586 pod_workers.go:1300] "Error syncing pod, skipping" err="failed to \"StartContainer\" for \"grafana\" with ImagePullBackOff: \"Back-off pulling image \\\"us.gcr.io/hosted-grafana/hosted-grafana-pro:11.1.0-ephemeral-6436-938-1\\\"\"" pod="hosted-grafana/ephemeral1180076306436hairyhe-grafana-58c766bdfb-87bmx" podUID="93917033-fece-4ffc-b04e-5dbdfc534657"
E0507 11:59:37.574330    4578 pod_workers.go:1300] "Error syncing pod, skipping" err="failed to \"StartContainer\" for \"grafana\" with CrashLoopBackOff: \"back-off 5m0s restarting failed container=grafana pod=benchloadtestingxxl2-grafana-56b7c6b6df-4kt2b_hosted-grafana(4fcb02de-77ce-4324-b879-5ad84d1ba5a4)\"" pod="hosted-grafana/benchloadtestingxxl2-grafana-56b7c6b6df-4kt2b" podUID="4fcb02de-77ce-4324-b879-5ad84d1ba5a4"
I0507 11:59:37.573819    4578 scope.go:117] "RemoveContainer" containerID="7ecf9a69091f8fbee2555f938ad0737da2887c0b0188bbcea8c5736e8fa628ff"
E0507 11:59:37.570564    4595 pod_workers.go:1300] "Error syncing pod, skipping" err="failed to \"StartContainer\" for \"grafana\" with CrashLoopBackOff: \"back-off 5m0s restarting failed container=grafana pod=pyroscopecanaries-grafana-5fb895ff5c-qg8fq_hosted-grafana(6c11e383-592a-4250-9bea-ac8003a507b9)\"" pod="hosted-grafana/pyroscopecanaries-grafana-5fb895ff5c-qg8fq" podUID="6c11e383-592a-4250-9bea-ac8003a507b9"
E0507 11:59:37.570104    4595 pod_workers.go:1300] "Error syncing pod, skipping" err="failed to \"StartContainer\" for \"grafana\" with CrashLoopBackOff: \"back-off 5m0s restarting failed container=grafana pod=benchloadtestingxxl2-grafana-759c97b668-s8bxs_hosted-grafana(bfa4c7a9-f32e-4075-b044-efc1342b6234)\"" pod="hosted-grafana/benchloadtestingxxl2-grafana-759c97b668-s8bxs" podUID="bfa4c7a9-f32e-4075-b044-efc1342b6234"
I0507 11:59:37.569718    4595 scope.go:117] "RemoveContainer" containerID="2bcb4df11d62f3277600ff9d5680d84674ea998b36e762750e2fa214f96ec43a"
I0507 11:59:37.569430    4595 scope.go:117] "RemoveContainer" containerID="c4b8dcfc6d5278f921fd4d84b7cb58190be6f914af5f93fb9f306bd4714d7664"
E0507 11:59:37.526480    4615 pod_workers.go:1300] "Error syncing pod, skipping" err="failed to \"StartContainer\" for \"grafana\" with CrashLoopBackOff: \"back-off 5m0s restarting failed container=grafana pod=dev05devuseast0test-grafana-74755ff84c-8glnl_hosted-grafana(fa354582-d6f8-49fe-b75f-7b27131dc41f)\"" pod="hosted-grafana/dev05devuseast0test-grafana-74755ff84c-8glnl" podUID="fa354582-d6f8-49fe-b75f-7b27131dc41f"
I0507 11:59:37.525021    4615 scope.go:117] "RemoveContainer" containerID="37e8f7a22bb264a186c54dd50c0abbdf94f56c024a357e26a462160835aa224e"
E0507 11:59:37.414253    4589 pod_workers.go:1300] "Error syncing pod, skipping" err="failed to \"StartContainer\" for \"grafana\" with ErrImagePull: \"[rpc error: code = NotFound desc = failed to pull and unpack image \\\"us.gcr.io/hosted-grafana/hosted-grafana-pro:10.1.0-ephemeral-oss-77506-8314-2\\\": failed to resolve reference \\\"us.gcr.io/hosted-grafana/hosted-grafana-pro:10.1.0-ephemeral-oss-77506-8314-2\\\": us.gcr.io/hosted-grafana/hosted-grafana-pro:10.1.0-ephemeral-oss-77506-8314-2: not found, failed to pull and unpack image \\\"us.gcr.io/hosted-grafana/hosted-grafana-pro:10.1.0-ephemeral-oss-77506-8314-2\\\": failed to resolve reference \\\"us.gcr.io/hosted-grafana/hosted-grafana-pro:10.1.0-ephemeral-oss-77506-8314-2\\\": unexpected status from HEAD request to https://us.gcr.io/v2/hosted-grafana/hosted-grafana-pro/manifests/10.1.0-ephemeral-oss-77506-8314-2: 403 Forbidden]\"" pod="hosted-grafana/ephemeral1511182177506ashharr-grafana-7666b574d5-22xlb" podUID="dd9f7420-7d07-4def-b1b1-5f1d0a8a7ca8"
						while [ "$(pidof plugins-pause)" = "" ]; do sleep 0.5; done;
						ln --force -s /proc/$(pidof hgrun-pause)/root/bin/hgrun /bin/hgrun;
E0507 11:59:37.414181    4589 kuberuntime_manager.go:1256] container &Container{Name:grafana,Image:us.gcr.io/hosted-grafana/hosted-grafana-pro:10.1.0-ephemeral-oss-77506-8314-2,Command:[/bin/sh],Args:[-c set -e; while [ "$(pidof hgrun-pause)" = "" ]; do sleep 0.5; done;
						exec /bin/hgrun -log.level=debug launch -bundledPluginsManifest /proc/$(pidof plugins-pause)/root/manifest.json -bundledPluginsDir /proc/$(pidof plugins-pause)/root/plugins],WorkingDir:,Ports:[]ContainerPort{ContainerPort{Name:http-metrics,HostPort:0,ContainerPort:80,Protocol:TCP,HostIP:,},ContainerPort{Name:grpc,HostPort:0,ContainerPort:10000,Protocol:TCP,HostIP:,},ContainerPort{Name:profiling,HostPort:0,ContainerPort:6060,Protocol:TCP,HostIP:,},},Env:[]EnvVar{EnvVar{Name:HG_API,Value:http://hosted-grafana-api,ValueFrom:nil,},EnvVar{Name:HG_INSTANCE_SLUG,Value:ephemeral1511182177506ashharr,ValueFrom:nil,},EnvVar{Name:HG_INSTANCE_SECRET,Value:dea83588a727490d3795d736e53d48bbee310ae2,ValueFrom:nil,},EnvVar{Name:EXTRA_OPTIONS,Value:-profile -profile-port=6060 -profile-addr=0.0.0.0,ValueFrom:nil,},EnvVar{Name:HG_CREATE_TIME_MS,Value:1715081284620,ValueFrom:nil,},EnvVar{Name:HG_PULL_POLICY,Value:Always,ValueFrom:nil,},EnvVar{Name:HG_START_REASON,Value:active,ValueFrom:nil,},EnvVar{Name:HGRUN_SECURE_PLUGINS,Value:false,ValueFrom:nil,},EnvVar{Name:HGRUN_PLUGIN_RUNNER_ROOT_CA,Value:false,ValueFrom:nil,},EnvVar{Name:OTEL_EXPORTER_OTLP_TRACES_ENDPOINT,Value:http://jaeger-agent.jaeger.svc.cluster.local:4317,ValueFrom:nil,},EnvVar{Name:JAEGER_SAMPLER_PARAM,Value:1,ValueFrom:nil,},EnvVar{Name:OTEL_RESOURCE_ATTRIBUTES,Value:cluster=dev-us-central-0,namespace=hosted-grafana,ValueFrom:nil,},EnvVar{Name:HG_PROBE_PATH,Value:/api/health,ValueFrom:nil,},EnvVar{Name:HGRUN_EXIT_ON_PLUGIN_FAIL,Value:true,ValueFrom:nil,},EnvVar{Name:HGRUN_PLUGIN_INSTALL_RETRIES,Value:2,ValueFrom:nil,},EnvVar{Name:HGRUN_PLUGIN_INSTALL_CONCURRENCY,Value:1,ValueFrom:nil,},EnvVar{Name:HGRUN_LAUNCH_TIMEOUT,Value:3m0s,ValueFrom:nil,},EnvVar{Name:GOMEMLIMIT,Value:429496730,ValueFrom:nil,},},Resources:ResourceRequirements{Limits:ResourceList{memory: {{536870912 0} {<nil>}  BinarySI},},Requests:ResourceList{cpu: {{26 -3} {<nil>} 26m DecimalSI},memory: {{293601280 0} {<nil>}  BinarySI},},Claims:[]ResourceClaim{},},VolumeMounts:[]VolumeMount{},LivenessProbe:&Probe{ProbeHandler:ProbeHandler{Exec:nil,HTTPGet:&HTTPGetAction{Path:/api/health,Port:{0 80 },Host:,Scheme:HTTP,HTTPHeaders:[]HTTPHeader{},},TCPSocket:nil,GRPC:nil,},InitialDelaySeconds:300,TimeoutSeconds:10,PeriodSeconds:30,SuccessThreshold:1,FailureThreshold:3,TerminationGracePeriodSeconds:nil,},ReadinessProbe:&Probe{ProbeHandler:ProbeHandler{Exec:&ExecAction{Command:[/bin/hgrun check],},HTTPGet:nil,TCPSocket:nil,GRPC:nil,},InitialDelaySeconds:0,TimeoutSeconds:30,PeriodSeconds:30,SuccessThreshold:1,FailureThreshold:3,TerminationGracePeriodSeconds:nil,},Lifecycle:&Lifecycle{PostStart:nil,PreStop:&LifecycleHandler{Exec:&ExecAction{Command:[/bin/hgrun drain -timeout 1m0s -waitTime 55s],},HTTPGet:nil,TCPSocket:nil,},},TerminationMessagePath:/dev/termination-log,ImagePullPolicy:Always,SecurityContext:&SecurityContext{Capabilities:&Capabilities{Add:[SYS_PTRACE],Drop:[],},Privileged:nil,SELinuxOptions:nil,RunAsUser:nil,RunAsNonRoot:nil,ReadOnlyRootFilesystem:nil,AllowPrivilegeEscalation:nil,RunAsGroup:nil,ProcMount:nil,WindowsOptions:nil,SeccompProfile:nil,},Stdin:false,StdinOnce:false,TTY:false,EnvFrom:[]EnvFromSource{},TerminationMessagePolicy:File,VolumeDevices:[]VolumeDevice{},StartupProbe:nil,ResizePolicy:[]ContainerResizePolicy{},RestartPolicy:nil,} start failed in pod ephemeral1511182177506ashharr-grafana-7666b574d5-22xlb_hosted-grafana(dd9f7420-7d07-4def-b1b1-5f1d0a8a7ca8): ErrImagePull: [rpc error: code = NotFound desc = failed to pull and unpack image "us.gcr.io/hosted-grafana/hosted-grafana-pro:10.1.0-ephemeral-oss-77506-8314-2": failed to resolve reference "us.gcr.io/hosted-grafana/hosted-grafana-pro:10.1.0-ephemeral-oss-77506-8314-2": us.gcr.io/hosted-grafana/hosted-grafana-pro:10.1.0-ephemeral-oss-77506-8314-2: not found, failed to pull and unpack image "us.gcr.io/hosted-grafana/hosted-grafana-pro:10.1.0-ephemeral-oss-77506-8314-2": failed to resolve reference "us.gcr.io/hosted-grafana/hosted-grafana-pro:10.1.0-ephemeral-oss-77506-8314-2": unexpected status from HEAD request to https://us.gcr.io/v2/hosted-grafana/hosted-grafana-pro/manifests/10.1.0-ephemeral-oss-77506-8314-2: 403 Forbidden]
E0507 11:59:37.413937    4589 remote_image.go:180] "PullImage from image service failed" err="rpc error: code = Unknown desc = failed to pull and unpack image \"us.gcr.io/hosted-grafana/hosted-grafana-pro:10.1.0-ephemeral-oss-77506-8314-2\": failed to resolve reference \"us.gcr.io/hosted-grafana/hosted-grafana-pro:10.1.0-ephemeral-oss-77506-8314-2\": unexpected status from HEAD request to https://us.gcr.io/v2/hosted-grafana/hosted-grafana-pro/manifests/10.1.0-ephemeral-oss-77506-8314-2: 403 Forbidden" image="us.gcr.io/hosted-grafana/hosted-grafana-pro:10.1.0-ephemeral-oss-77506-8314-2"
time="2024-05-07T11:59:37.413721567Z" level=info msg="stop pulling image us.gcr.io/hosted-grafana/hosted-grafana-pro:10.1.0-ephemeral-oss-77506-8314-2: active requests=0, bytes read=4401"
time="2024-05-07T11:59:37.413617100Z" level=error msg="PullImage \"us.gcr.io/hosted-grafana/hosted-grafana-pro:10.1.0-ephemeral-oss-77506-8314-2\" failed" error="failed to pull and unpack image \"us.gcr.io/hosted-grafana/hosted-grafana-pro:10.1.0-ephemeral-oss-77506-8314-2\": failed to resolve reference \"us.gcr.io/hosted-grafana/hosted-grafana-pro:10.1.0-ephemeral-oss-77506-8314-2\": unexpected status from HEAD request to https://us.gcr.io/v2/hosted-grafana/hosted-grafana-pro/manifests/10.1.0-ephemeral-oss-77506-8314-2: 403 Forbidden"
audit: type=1400 audit(1715083177.403:79): apparmor="DENIED" operation="ptrace" profile="cri-containerd.apparmor.d" pid=36490 comm="pidof" requested_mask="read" denied_mask="read" peer="unconfined"
AVC apparmor="DENIED" operation="ptrace" profile="cri-containerd.apparmor.d" pid=36492 comm="pidof" requested_mask="read" denied_mask="read" peer="unconfined"
AVC apparmor="DENIED" operation="ptrace" profile="cri-containerd.apparmor.d" pid=36492 comm="pidof" requested_mask="read" denied_mask="read" peer="unconfined"
AVC apparmor="DENIED" operation="ptrace" profile="cri-containerd.apparmor.d" pid=36492 comm="pidof" requested_mask="read" denied_mask="read" peer="unconfined"
AVC apparmor="DENIED" operation="ptrace" profile="cri-containerd.apparmor.d" pid=36490 comm="pidof" requested_mask="read" denied_mask="read" peer="unconfined"
AVC apparmor="DENIED" operation="ptrace" profile="cri-containerd.apparmor.d" pid=36490 comm="pidof" requested_mask="read" denied_mask="read" peer="unconfined"
AVC apparmor="DENIED" operation="ptrace" profile="cri-containerd.apparmor.d" pid=36490 comm="pidof" requested_mask="read" denied_mask="read" peer="unconfined"
audit: type=1400 audit(1715083177.399:78): apparmor="DENIED" operation="ptrace" profile="cri-containerd.apparmor.d" pid=36484 comm="pidof" requested_mask="read" denied_mask="read" peer="unconfined"
audit: type=1400 audit(1715083177.399:77): apparmor="DENIED" operation="ptrace" profile="cri-containerd.apparmor.d" pid=36484 comm="pidof" requested_mask="read" denied_mask="read" peer="unconfined"
audit: type=1400 audit(1715083177.399:76): apparmor="DENIED" operation="ptrace" profile="cri-containerd.apparmor.d" pid=36484 comm="pidof" requested_mask="read" denied_mask="read" peer="unconfined"
AVC apparmor="DENIED" operation="ptrace" profile="cri-containerd.apparmor.d" pid=36484 comm="pidof" requested_mask="read" denied_mask="read" peer="unconfined"
AVC apparmor="DENIED" operation="ptrace" profile="cri-containerd.apparmor.d" pid=36484 comm="pidof" requested_mask="read" denied_mask="read" peer="unconfined"
AVC apparmor="DENIED" operation="ptrace" profile="cri-containerd.apparmor.d" pid=36484 comm="pidof" requested_mask="read" denied_mask="read" peer="unconfined"
time="2024-05-07T11:59:37.393546850Z" level=info msg="StartContainer for \"4346b5c7d89f0d5b24a4b190740ed7327d12365cbd86dd55f845a8416cb1824e\" returns successfully"
Started libcontainer container 4346b5c7d89f0d5b24a4b190740ed7327d12365cbd86dd55f845a8416cb1824e.
time="2024-05-07T11:59:37.344257745Z" level=info msg="StartContainer for \"4346b5c7d89f0d5b24a4b190740ed7327d12365cbd86dd55f845a8416cb1824e\""
time="2024-05-07T11:59:37.343701838Z" level=info msg="CreateContainer within sandbox \"ac0defb47ab561e39c01453f80823086daf554758865a65d1cb608092c1539d5\" for &ContainerMetadata{Name:hgrun,Attempt:0,} returns container id \"4346b5c7d89f0d5b24a4b190740ed7327d12365cbd86dd55f845a8416cb1824e\""
time="2024-05-07T11:59:37.335849942Z" level=info msg="CreateContainer within sandbox \"ac0defb47ab561e39c01453f80823086daf554758865a65d1cb608092c1539d5\" for container &ContainerMetadata{Name:hgrun,Attempt:0,}"
time="2024-05-07T11:59:37.334816429Z" level=info msg="PullImage \"us.gcr.io/hosted-grafana/hgrun:0.1.452\""
I0507 11:59:37.334399    2791 azure_credentials.go:220] image(us.gcr.io/hosted-grafana/hgrun) is not from ACR, return empty authentication
time="2024-05-07T11:59:37.333654615Z" level=info msg="PullImage \"us.gcr.io/hosted-grafana/hgrun:0.1.452\" returns image reference \"sha256:9fb1bce3e4a228f50768d21842cd7d7fafc1d586eaa0326c9d3c86d79a36868a\""
time="2024-05-07T11:59:37.333615314Z" level=info msg="Pulled image \"us.gcr.io/hosted-grafana/hgrun:0.1.452\" with image id \"sha256:9fb1bce3e4a228f50768d21842cd7d7fafc1d586eaa0326c9d3c86d79a36868a\", repo tag \"us.gcr.io/hosted-grafana/hgrun:0.1.452\", repo digest \"us.gcr.io/hosted-grafana/hgrun@sha256:b492dbbbee9faf9dba63c9fd89e6f9e148239765454c6a54c4284a2828dec153\", size \"19109699\" in 3.751908524s"
time="2024-05-07T11:59:37.332685003Z" level=info msg="ImageCreate event name:\"us.gcr.io/hosted-grafana/hgrun@sha256:b492dbbbee9faf9dba63c9fd89e6f9e148239765454c6a54c4284a2828dec153\" labels:{key:\"io.cri-containerd.image\" value:\"managed\"}"
time="2024-05-07T11:59:37.331316686Z" level=info msg="ImageUpdate event name:\"us.gcr.io/hosted-grafana/hgrun:0.1.452\" labels:{key:\"io.cri-containerd.image\" value:\"managed\"}"
time="2024-05-07T11:59:37.329165060Z" level=info msg="ImageCreate event name:\"sha256:9fb1bce3e4a228f50768d21842cd7d7fafc1d586eaa0326c9d3c86d79a36868a\" labels:{key:\"io.cri-containerd.image\" value:\"managed\"}"
time="2024-05-07T11:59:37.328382550Z" level=info msg="stop pulling image us.gcr.io/hosted-grafana/hgrun:0.1.452: active requests=0, bytes read=15714567"
time="2024-05-07T11:59:37.328138947Z" level=info msg="ImageCreate event name:\"us.gcr.io/hosted-grafana/hgrun:0.1.452\" labels:{key:\"io.cri-containerd.image\" value:\"managed\"}"
run-containerd-io.containerd.runtime.v2.task-k8s.io-6ad3e55547f2192f865518e75009243418b177091c1c781236e2ac8f0324b408-rootfs.mount: Deactivated successfully.
cri-containerd-6ad3e55547f2192f865518e75009243418b177091c1c781236e2ac8f0324b408.scope: Consumed 21.501s CPU time.
cri-containerd-6ad3e55547f2192f865518e75009243418b177091c1c781236e2ac8f0324b408.scope: Deactivated successfully.
E0507 11:59:37.252214    4736 pod_workers.go:1300] "Error syncing pod, skipping" err="failed to \"StartContainer\" for \"ksm\" with CrashLoopBackOff: \"back-off 5m0s restarting failed container=ksm pod=new-relic-nri-bundle-nrk8s-ksm-6c785668f5-jcxh2_integration(f7cc3cca-2ffb-4fde-a73e-a4ba8b0f6b3c)\"" pod="integration/new-relic-nri-bundle-nrk8s-ksm-6c785668f5-jcxh2" podUID="f7cc3cca-2ffb-4fde-a73e-a4ba8b0f6b3c"
I0507 11:59:37.251511    4736 scope.go:117] "RemoveContainer" containerID="dd4a230cd9a8d74428dafba521d8e57bdec75e75b6cb2c51d6f7b801d2bf0d0e"
time="2024-05-07T11:59:37.204502542Z" level=info msg="PullImage \"us.gcr.io/hosted-grafana/hosted-grafana-pro:10.1.0-ephemeral-oss-77506-8314-2\""
E0507 11:59:37.204057    4589 remote_image.go:180] "PullImage from image service failed" err="rpc error: code = NotFound desc = failed to pull and unpack image \"us.gcr.io/hosted-grafana/hosted-grafana-pro:10.1.0-ephemeral-oss-77506-8314-2\": failed to resolve reference \"us.gcr.io/hosted-grafana/hosted-grafana-pro:10.1.0-ephemeral-oss-77506-8314-2\": us.gcr.io/hosted-grafana/hosted-grafana-pro:10.1.0-ephemeral-oss-77506-8314-2: not found" image="us.gcr.io/hosted-grafana/hosted-grafana-pro:10.1.0-ephemeral-oss-77506-8314-2"
time="2024-05-07T11:59:37.203800966Z" level=info msg="stop pulling image us.gcr.io/hosted-grafana/hosted-grafana-pro:10.1.0-ephemeral-oss-77506-8314-2: active requests=0, bytes read=6802"
time="2024-05-07T11:59:37.203750262Z" level=error msg="PullImage \"us.gcr.io/hosted-grafana/hosted-grafana-pro:10.1.0-ephemeral-oss-77506-8314-2\" failed" error="rpc error: code = NotFound desc = failed to pull and unpack image \"us.gcr.io/hosted-grafana/hosted-grafana-pro:10.1.0-ephemeral-oss-77506-8314-2\": failed to resolve reference \"us.gcr.io/hosted-grafana/hosted-grafana-pro:10.1.0-ephemeral-oss-77506-8314-2\": us.gcr.io/hosted-grafana/hosted-grafana-pro:10.1.0-ephemeral-oss-77506-8314-2: not found"
time="2024-05-07T11:59:37.202055445Z" level=info msg="trying next host - response was http.StatusNotFound" host=us.gcr.io
audit: type=1400 audit(1715083177.183:75): apparmor="DENIED" operation="ptrace" profile="cri-containerd.apparmor.d" pid=36423 comm="pidof" requested_mask="read" denied_mask="read" peer="unconfined"
audit: type=1400 audit(1715083177.183:74): apparmor="DENIED" operation="ptrace" profile="cri-containerd.apparmor.d" pid=36423 comm="pidof" requested_mask="read" denied_mask="read" peer="unconfined"
audit: type=1400 audit(1715083177.183:73): apparmor="DENIED" operation="ptrace" profile="cri-containerd.apparmor.d" pid=36423 comm="pidof" requested_mask="read" denied_mask="read" peer="unconfined"
AVC apparmor="DENIED" operation="ptrace" profile="cri-containerd.apparmor.d" pid=36423 comm="pidof" requested_mask="read" denied_mask="read" peer="unconfined"
AVC apparmor="DENIED" operation="ptrace" profile="cri-containerd.apparmor.d" pid=36423 comm="pidof" requested_mask="read" denied_mask="read" peer="unconfined"
AVC apparmor="DENIED" operation="ptrace" profile="cri-containerd.apparmor.d" pid=36423 comm="pidof" requested_mask="read" denied_mask="read" peer="unconfined"
I0507 11:59:37.145947    4573 kubelet_getters.go:187] "Pod status updated" pod="kube-system/kube-proxy-gke-dev-us-central-0-hg-n2s8-6-1dd39c-3bfd06e9-zbcz" status="Running"
I0507 11:59:37.134905    4734 kubelet_getters.go:187] "Pod status updated" pod="kube-system/kube-proxy-gke-dev-us-central-0-main-n2s16-3-1dd-9b502d96-5rdf" status="Running"
I0507 11:59:37.133005    3782 prober.go:107] "Probe failed" probeType="Readiness" pod="loki-dev-014/loki-dev-014-rollout-operator-58fc68b876-2qhmp" podUID="e6504036-2514-4ecc-b78c-c47061f60c9f" containerName="rollout-operator" probeResult="failure" output="HTTP probe failed with statuscode: 500"
run-containerd-runc-k8s.io-e5f17d69eee483ec8d43b26d5d628246984ba92f794ee5f3748935f5b6448b9b-runc.6eAyHn.mount: Deactivated successfully.
ll header: 00000000: 42 01 0a 80 00 8f 42 01 0a 80 00 01 08 00
IPv4: martian source 10.132.135.59 from 10.132.135.75, on dev eth0
ll header: 00000000: 42 01 0a 80 00 8f 42 01 0a 80 00 01 08 00
IPv4: martian source 10.132.135.59 from 10.132.135.75, on dev eth0
net_ratelimit: 2 callbacks suppressed
time="2024-05-07T11:59:37.051802942Z" level=info msg="PullImage \"us.gcr.io/hosted-grafana/hosted-grafana-pro:10.1.0-ephemeral-oss-77506-8314-2\""
E0507 11:59:37.041999    4589 pod_workers.go:1300] "Error syncing pod, skipping" err="failed to \"StartContainer\" for \"grafana\" with ImagePullBackOff: \"Back-off pulling image \\\"us.gcr.io/hosted-grafana/hosted-grafana-pro:10.0.2\\\"\"" pod="hosted-grafana/johan6-grafana-796656fd69-6rfnm" podUID="f6fe6c71-2a0e-4797-bd0c-2b508d1287fe"
E0507 11:59:37.025280    4585 pod_workers.go:1300] "Error syncing pod, skipping" err="failed to \"StartContainer\" for \"grafana\" with ImagePullBackOff: \"Back-off pulling image \\\"us.gcr.io/hosted-grafana/hosted-grafana-pro:11.1.0-ephemeral-6439-933-1\\\"\"" pod="hosted-grafana/ephemeral1180076306439dafyddt-grafana-85fd4854bb-q6874" podUID="d6e144f9-ae89-463b-bcc4-c52f6eb091f8"
E0507 11:59:37.025204    4585 pod_workers.go:1300] "Error syncing pod, skipping" err="failed to \"StartContainer\" for \"grafana\" with CrashLoopBackOff: \"back-off 5m0s restarting failed container=grafana pod=pyroscopecanaries-grafana-57b7948fdb-6m6ww_hosted-grafana(2ccf8512-b42a-470c-a988-cc464917d285)\"" pod="hosted-grafana/pyroscopecanaries-grafana-57b7948fdb-6m6ww" podUID="2ccf8512-b42a-470c-a988-cc464917d285"
I0507 11:59:37.024249    4585 scope.go:117] "RemoveContainer" containerID="c71d355da3277fec1e90b52152383d7d4579dedbc22016e693d363830632f4c5"
E0507 11:59:36.999782    4734 pod_workers.go:1300] "Error syncing pod, skipping" err="failed to \"StartContainer\" for \"pdc\" with ErrImageNeverPull: \"Container image \\\"us.gcr.io/hosted-grafana/pdc:0.1.415\\\" is not present with pull policy of Never\"" pod="pdc/private-datasource-connect-564fb6cfbb-fd2jh" podUID="ac6bc6d0-43a4-4885-9ee4-ba3441b0b527"
E0507 11:59:36.999725    4734 kuberuntime_manager.go:1256] container &Container{Name:pdc,Image:us.gcr.io/hosted-grafana/pdc:0.1.415,Command:[],Args:[-proxy.auth.ca-keys-dir=/var/run/secrets/pdc-certs -proxy.socks-server.addr=:10443 -proxy.ssh-server.addr=:2222 -proxy.use-socks-username-for-routing -proxy.api.http-address=:9182 -proxy.check-connpool-address-in-ring -memberlist.join=dns+gossip-ring.pdc.svc.cluster.local:7946 -api.http-address=:11443 -distributor.enabled=true -distributor.addr=:10444 -distributor.use-socks-username-for-routing -gateway.enabled=true -gateway.addr=:2244 -log.level=debug -certs.ca-private-key-file=/var/run/secrets/pdc-certs/ca.key -certs.ca-cert-file=/var/run/secrets/pdc-certs/ca.crt -certs.ca-pub-file=/var/run/secrets/pdc-certs/ca.pub -certs.cluster=local-k8s -shard-size=3 -graceful-shutdown-period=30s -enable-multiple-networks],WorkingDir:,Ports:[]ContainerPort{ContainerPort{Name:socks,HostPort:0,ContainerPort:10443,Protocol:TCP,HostIP:,},ContainerPort{Name:ssh,HostPort:0,ContainerPort:2222,Protocol:TCP,HostIP:,},ContainerPort{Name:distributor,HostPort:0,ContainerPort:10444,Protocol:TCP,HostIP:,},ContainerPort{Name:gateway,HostPort:0,ContainerPort:2244,Protocol:TCP,HostIP:,},ContainerPort{Name:api,HostPort:0,ContainerPort:11443,Protocol:TCP,HostIP:,},},Env:[]EnvVar{EnvVar{Name:POD_NAME,Value:,ValueFrom:&EnvVarSource{FieldRef:&ObjectFieldSelector{APIVersion:v1,FieldPath:metadata.name,},ResourceFieldRef:nil,ConfigMapKeyRef:nil,SecretKeyRef:nil,},},},Resources:ResourceRequirements{Limits:ResourceList{cpu: {{500 -3} {<nil>} 500m DecimalSI},memory: {{134217728 0} {<nil>}  BinarySI},},Requests:ResourceList{cpu: {{250 -3} {<nil>} 250m DecimalSI},memory: {{67108864 0} {<nil>}  BinarySI},},Claims:[]ResourceClaim{},},VolumeMounts:[]VolumeMount{VolumeMount{Name:pdc-certs,ReadOnly:true,MountPath:/var/run/secrets/pdc-certs,SubPath:,MountPropagation:nil,SubPathExpr:,},VolumeMount{Name:kube-api-access-pjvg4,ReadOnly:true,MountPath:/var/run/secrets/kubernetes.io/serviceaccount,SubPath:,MountPropagation:nil,SubPathExpr:,},},LivenessProbe:nil,ReadinessProbe:&Probe{ProbeHandler:ProbeHandler{Exec:nil,HTTPGet:&HTTPGetAction{Path:/ready,Port:{0 11443 },Host:,Scheme:HTTP,HTTPHeaders:[]HTTPHeader{},},TCPSocket:nil,GRPC:nil,},InitialDelaySeconds:40,TimeoutSeconds:1,PeriodSeconds:5,SuccessThreshold:1,FailureThreshold:3,TerminationGracePeriodSeconds:nil,},Lifecycle:&Lifecycle{PostStart:nil,PreStop:&LifecycleHandler{Exec:&ExecAction{Command:[/bin/sleep 5],},HTTPGet:nil,TCPSocket:nil,},},TerminationMessagePath:/dev/termination-log,ImagePullPolicy:Never,SecurityContext:nil,Stdin:false,StdinOnce:false,TTY:false,EnvFrom:[]EnvFromSource{},TerminationMessagePolicy:File,VolumeDevices:[]VolumeDevice{},StartupProbe:nil,ResizePolicy:[]ContainerResizePolicy{},RestartPolicy:nil,} start failed in pod private-datasource-connect-564fb6cfbb-fd2jh_pdc(ac6bc6d0-43a4-4885-9ee4-ba3441b0b527): ErrImageNeverPull: Container image "us.gcr.io/hosted-grafana/pdc:0.1.415" is not present with pull policy of Never
I0507 11:59:36.923242    4745 kubelet_getters.go:187] "Pod status updated" pod="kube-system/kube-proxy-gke-dev-us-central-0-main-n2s16-3-1dd-9b502d96-j2vt" status="Running"
audit: type=1400 audit(1715083176.899:72): apparmor="DENIED" operation="ptrace" profile="cri-containerd.apparmor.d" pid=36386 comm="pidof" requested_mask="read" denied_mask="read" peer="unconfined"
audit: type=1400 audit(1715083176.899:71): apparmor="DENIED" operation="ptrace" profile="cri-containerd.apparmor.d" pid=36386 comm="pidof" requested_mask="read" denied_mask="read" peer="unconfined"
audit: type=1400 audit(1715083176.899:70): apparmor="DENIED" operation="ptrace" profile="cri-containerd.apparmor.d" pid=36386 comm="pidof" requested_mask="read" denied_mask="read" peer="unconfined"
kauditd_printk_skb: 41 callbacks suppressed
AVC apparmor="DENIED" operation="ptrace" profile="cri-containerd.apparmor.d" pid=36386 comm="pidof" requested_mask="read" denied_mask="read" peer="unconfined"
AVC apparmor="DENIED" operation="ptrace" profile="cri-containerd.apparmor.d" pid=36386 comm="pidof" requested_mask="read" denied_mask="read" peer="unconfined"
AVC apparmor="DENIED" operation="ptrace" profile="cri-containerd.apparmor.d" pid=36386 comm="pidof" requested_mask="read" denied_mask="read" peer="unconfined"
AVC apparmor="DENIED" operation="ptrace" profile="cri-containerd.apparmor.d" pid=36384 comm="pidof" requested_mask="read" denied_mask="read" peer="unconfined"
AVC apparmor="DENIED" operation="ptrace" profile="cri-containerd.apparmor.d" pid=36384 comm="pidof" requested_mask="read" denied_mask="read" peer="unconfined"
AVC apparmor="DENIED" operation="ptrace" profile="cri-containerd.apparmor.d" pid=36384 comm="pidof" requested_mask="read" denied_mask="read" peer="unconfined"
E0507 11:59:36.667375    2776 pod_workers.go:1300] "Error syncing pod, skipping" err="failed to \"StartContainer\" for \"grafana\" with CrashLoopBackOff: \"back-off 5m0s restarting failed container=grafana pod=edwardtest-grafana-c4849b4b7-56ssx_hosted-grafana(eb8ab8ca-f0ef-4df3-923b-4f17718cd1ad)\"" pod="hosted-grafana/edwardtest-grafana-c4849b4b7-56ssx" podUID="eb8ab8ca-f0ef-4df3-923b-4f17718cd1ad"
I0507 11:59:36.666757    2776 scope.go:117] "RemoveContainer" containerID="ebebe8ca1b6122cea402a1cfb6fa758f2f8e849943cbf9c09506c00870d1d732"
E0507 11:59:36.604366    4586 pod_workers.go:1300] "Error syncing pod, skipping" err="failed to \"StartContainer\" for \"grafana\" with ImagePullBackOff: \"Back-off pulling image \\\"us.gcr.io/hosted-grafana/hosted-grafana-pro:10.1.0-ephemeral-enterprise-6372-855-1\\\"\"" pod="hosted-grafana/ephemeral1180076306372jacobso-grafana-8659d5f696-t5qdc" podUID="a0b71eed-f8bf-4875-9ddd-52a41e861a56"
E0507 11:59:36.604305    4586 pod_workers.go:1300] "Error syncing pod, skipping" err="failed to \"StartContainer\" for \"grafana\" with CrashLoopBackOff: \"back-off 5m0s restarting failed container=grafana pod=ephemeral1180076306267marefr-grafana-7b4dcd6ddc-d9dx2_hosted-grafana(929d579c-9422-4ad1-989d-9e1edb203f70)\"" pod="hosted-grafana/ephemeral1180076306267marefr-grafana-7b4dcd6ddc-d9dx2" podUID="929d579c-9422-4ad1-989d-9e1edb203f70"
I0507 11:59:36.603479    4586 scope.go:117] "RemoveContainer" containerID="95667fbb3341dec0691e603540df17577797c88cb83c2871b860000d66c95429"
E0507 11:59:36.599130    4624 pod_workers.go:1300] "Error syncing pod, skipping" err="failed to \"StartContainer\" for \"grafana\" with CrashLoopBackOff: \"back-off 5m0s restarting failed container=grafana pod=k6teststeady6-grafana-676df8f4d-2qkx4_hosted-grafana(b0e5bc5f-fa77-48da-a896-52c578fb915b)\"" pod="hosted-grafana/k6teststeady6-grafana-676df8f4d-2qkx4" podUID="b0e5bc5f-fa77-48da-a896-52c578fb915b"
I0507 11:59:36.598142    4624 scope.go:117] "RemoveContainer" containerID="e8101aad8fc0984550fb0d96d57c9e2fbc9938e7bf3fa2c25d1e6748dc3a61fc"
I0507 11:59:36.581938    4736 kubelet_getters.go:187] "Pod status updated" pod="kube-system/kube-proxy-gke-dev-us-central-0-main-n2s16-3-1dd-9b502d96-gwtz" status="Running"
E0507 11:59:36.562067    4595 pod_workers.go:1300] "Error syncing pod, skipping" err="failed to \"StartContainer\" for \"grafana\" with CrashLoopBackOff: \"back-off 1m20s restarting failed container=grafana pod=ltest-grafana-74d66c7766-s2ftd_hosted-grafana(40e776a7-78a1-44d8-95ac-0c4944bb7737)\"" pod="hosted-grafana/ltest-grafana-74d66c7766-s2ftd" podUID="40e776a7-78a1-44d8-95ac-0c4944bb7737"
I0507 11:59:36.561272    4595 scope.go:117] "RemoveContainer" containerID="ea831b36e1cf141ea84a1158e1ac08c42bfe6220a73e5f2074dea1d25e9c8619"
I0507 11:59:36.560485    4595 kubelet.go:2498] "SyncLoop (probe)" probe="liveness" status="unhealthy" pod="hosted-grafana/ltest-grafana-74d66c7766-s2ftd"
E0507 11:59:36.539121    4590 pod_workers.go:1300] "Error syncing pod, skipping" err="failed to \"StartContainer\" for \"grafana\" with CrashLoopBackOff: \"back-off 2m40s restarting failed container=grafana pod=k6teststeady2-grafana-7c76656c46-56dmp_hosted-grafana(724dd356-a32b-421e-b29b-b7ce1624a7f6)\"" pod="hosted-grafana/k6teststeady2-grafana-7c76656c46-56dmp" podUID="724dd356-a32b-421e-b29b-b7ce1624a7f6"
I0507 11:59:36.538134    4590 scope.go:117] "RemoveContainer" containerID="8f11d74c7851b1769f7304a41ab16112c93df08749d2241c55263fdf3731038d"
E0507 11:59:36.526633    4615 pod_workers.go:1300] "Error syncing pod, skipping" err="failed to \"StartContainer\" for \"grafana\" with ImagePullBackOff: \"Back-off pulling image \\\"us.gcr.io/hosted-grafana/hosted-grafana-pro:10.1.0-ephemeral-oss-84322-18859-1\\\"\"" pod="hosted-grafana/ephemeral1511182184322yuritce-grafana-5fc4b65c7d-rj4p4" podUID="909719af-cfb6-4d8a-9893-f87f27af458a"
I0507 11:59:36.524260    4733 kubelet_getters.go:187] "Pod status updated" pod="kube-system/kube-proxy-gke-dev-us-central-0-main-n2s16-3-1dd-9b502d96-kv65" status="Running"
ll header: 00000000: 42 01 0a 80 00 17 42 01 0a 80 00 01 08 00
IPv4: martian source 10.132.141.91 from 10.132.141.80, on dev eth0
XMT: Solicit on eth0, interval 108810ms.
AVC apparmor="DENIED" operation="ptrace" profile="cri-containerd.apparmor.d" pid=36373 comm="pidof" requested_mask="read" denied_mask="read" peer="unconfined"
AVC apparmor="DENIED" operation="ptrace" profile="cri-containerd.apparmor.d" pid=36373 comm="pidof" requested_mask="read" denied_mask="read" peer="unconfined"
AVC apparmor="DENIED" operation="ptrace" profile="cri-containerd.apparmor.d" pid=36373 comm="pidof" requested_mask="read" denied_mask="read" peer="unconfined"
I0507 11:59:36.334923    4603 kubelet_getters.go:187] "Pod status updated" pod="kube-system/kube-proxy-gke-dev-us-central-0-perf-n2s8-0-1dd3-91689928-9f87" status="Running"
Started cri-containerd-95bf586cd79d43120ff44582d4dbd2476de61744411f8515b9b2c527a41fd5d9.scope.
I0507 11:59:36.251643    4763 kubelet_getters.go:187] "Pod status updated" pod="kube-system/kube-proxy-gke-dev-us-central-0-main-n2s16-3-1dd-9b502d96-x94l" status="Running"
AVC apparmor="DENIED" operation="ptrace" profile="cri-containerd.apparmor.d" pid=36367 comm="pidof" requested_mask="read" denied_mask="read" peer="unconfined"
AVC apparmor="DENIED" operation="ptrace" profile="cri-containerd.apparmor.d" pid=36367 comm="pidof" requested_mask="read" denied_mask="read" peer="unconfined"
AVC apparmor="DENIED" operation="ptrace" profile="cri-containerd.apparmor.d" pid=36367 comm="pidof" requested_mask="read" denied_mask="read" peer="unconfined"
time="2024-05-07T11:59:36.179017215Z" level=info msg="StartContainer for \"95bf586cd79d43120ff44582d4dbd2476de61744411f8515b9b2c527a41fd5d9\""
time="2024-05-07T11:59:36.177858616Z" level=info msg="CreateContainer within sandbox \"81e019a0248a0300a328fd59f9939c3eaa1b98aa7f325a7f6e00592633275ef6\" for &ContainerMetadata{Name:checkoutservice,Attempt:3417,} returns container id \"95bf586cd79d43120ff44582d4dbd2476de61744411f8515b9b2c527a41fd5d9\""
I0507 11:59:36.156382    4710 kubelet_getters.go:187] "Pod status updated" pod="kube-system/kube-proxy-gke-dev-us-central-0-cache-n2hc8-1-1d-61155fd9-89hx" status="Running"
E0507 11:59:36.151662    4572 pod_workers.go:1300] "Error syncing pod, skipping" err="failed to \"StartContainer\" for \"grafana\" with CrashLoopBackOff: \"back-off 5m0s restarting failed container=grafana pod=benchloadtestingxxl2-grafana-56b7c6b6df-2w2wq_hosted-grafana(792f4b46-ea76-486f-917b-9603924d3303)\"" pod="hosted-grafana/benchloadtestingxxl2-grafana-56b7c6b6df-2w2wq" podUID="792f4b46-ea76-486f-917b-9603924d3303"
I0507 11:59:36.150687    4572 scope.go:117] "RemoveContainer" containerID="064e5b87ec988ee1421ec77749112553895c547dee46288c0a5f0a525c69b0cf"
I0507 11:59:36.097430    4734 kubelet_getters.go:187] "Pod status updated" pod="kube-system/kube-proxy-gke-dev-us-central-0-main-n2s16-3-1dd-9b502d96-vvgr" status="Running"
I0507 11:59:36.050423    4589 kubelet.go:2498] "SyncLoop (probe)" probe="readiness" status="ready" pod="hosted-grafana/ephemeral1511182187382tskarhe-grafana-7c98d5b45f-6zzkh"
I0507 11:59:36.014609    3224 kubelet_volumes.go:163] "Cleaned up orphaned pod volumes dir" podUID="25cb986c-3d6c-4ed0-abf3-ee59ed6175f9" path="/var/lib/kubelet/pods/25cb986c-3d6c-4ed0-abf3-ee59ed6175f9/volumes"
I0507 11:59:36.006474    4732 kubelet_getters.go:187] "Pod status updated" pod="kube-system/kube-proxy-gke-dev-us-central-0-main-n2s16-3-1dd-9b502d96-hmlg" status="Running"
I0507 11:59:35.990519    4739 kubelet_getters.go:187] "Pod status updated" pod="kube-system/kube-proxy-gke-dev-us-central-0-main-n2s16-3-1dd-9b502d96-h8wf" status="Running"
E0507 11:59:35.928465    4734 pod_workers.go:1300] "Error syncing pod, skipping" err="unmounted volumes=[custom-grafana-agent], unattached volumes=[], failed to process volumes=[]: context deadline exceeded" pod="loki-dev-010/custom-grafana-agent-856948968f-6jfks" podUID="17b244cc-ecb9-4fbc-beaa-8fa47fafe013"
AVC apparmor="DENIED" operation="ptrace" profile="cri-containerd.apparmor.d" pid=36365 comm="pidof" requested_mask="read" denied_mask="read" peer="unconfined"
