I0507 11:59:33.088779    4592 kubelet.go:2426] "SyncLoop (PLEG): event for pod" pod="hosted-grafana/benchloadtestingxxl2-grafana-56b7c6b6df-vqkzm" event={"ID":"d3742b42-2b35-4c32-8267-7cf79bbcb441","Type":"ContainerDied","Data":"d53fbb23caf1e92d73b7ccf3a991c2ccd1d1b1ef072bfb1f6798a781d3809679"}
I0507 11:59:33.088730    4592 generic.go:334] "Generic (PLEG): container finished" podID="d3742b42-2b35-4c32-8267-7cf79bbcb441" containerID="d53fbb23caf1e92d73b7ccf3a991c2ccd1d1b1ef072bfb1f6798a781d3809679" exitCode=1
I0507 11:59:33.063394    4734 kubelet_getters.go:187] "Pod status updated" pod="kube-system/kube-proxy-gke-dev-us-central-0-main-n2s16-3-1dd-9b502d96-dc4k" status="Running"
E0507 11:59:33.042338    4589 pod_workers.go:1300] "Error syncing pod, skipping" err="failed to \"StartContainer\" for \"grafana\" with ImagePullBackOff: \"Back-off pulling image \\\"us.gcr.io/hosted-grafana/hosted-grafana-pro:10.0.2\\\"\"" pod="hosted-grafana/grafana10-grafana-6c9c7c5bc4-4f2gp" podUID="df8fc793-cd73-4984-8c12-9c4d527ff219"
I0507 11:59:33.039844    4732 kubelet_getters.go:187] "Pod status updated" pod="kube-system/kube-proxy-gke-dev-us-central-0-main-n2s16-3-1dd-9b502d96-9ghc" status="Running"
I0507 11:59:32.993425    4640 kubelet_getters.go:187] "Pod status updated" pod="kube-system/kube-proxy-gke-dev-us-central-0-spot-n2s8-0-1dd3-f81338c4-bkfl" status="Running"
ll header: 00000000: 42 01 0a 80 00 7c 42 01 0a 80 00 01 08 00
IPv4: martian source 10.132.101.99 from 10.132.101.62, on dev eth0
I0507 11:59:32.964140    4707 kubelet_getters.go:187] "Pod status updated" pod="kube-system/kube-proxy-gke-dev-us-central-0-cache-n2hc8-1-1d-61155fd9-4qc8" status="Running"
I0507 11:59:32.940823    4739 kubelet_getters.go:187] "Pod status updated" pod="kube-system/kube-proxy-gke-dev-us-central-0-main-n2s16-3-1dd-9b502d96-p4tv" status="Running"
audit: type=1400 audit(1715083172.883:27): apparmor="DENIED" operation="ptrace" profile="cri-containerd.apparmor.d" pid=36286 comm="pidof" requested_mask="read" denied_mask="read" peer="unconfined"
audit: type=1400 audit(1715083172.883:26): apparmor="DENIED" operation="ptrace" profile="cri-containerd.apparmor.d" pid=36286 comm="pidof" requested_mask="read" denied_mask="read" peer="unconfined"
audit: type=1400 audit(1715083172.883:25): apparmor="DENIED" operation="ptrace" profile="cri-containerd.apparmor.d" pid=36286 comm="pidof" requested_mask="read" denied_mask="read" peer="unconfined"
AVC apparmor="DENIED" operation="ptrace" profile="cri-containerd.apparmor.d" pid=36286 comm="pidof" requested_mask="read" denied_mask="read" peer="unconfined"
AVC apparmor="DENIED" operation="ptrace" profile="cri-containerd.apparmor.d" pid=36286 comm="pidof" requested_mask="read" denied_mask="read" peer="unconfined"
AVC apparmor="DENIED" operation="ptrace" profile="cri-containerd.apparmor.d" pid=36286 comm="pidof" requested_mask="read" denied_mask="read" peer="unconfined"
E0507 11:59:32.873442    3304 pod_workers.go:1300] "Error syncing pod, skipping" err="failed to \"StartContainer\" for \"gcom-sync\" with ImagePullBackOff: \"Back-off pulling image \\\"us.gcr.io/kubernetes-dev/frontend-monitoring:6a8eb5a\\\"\"" pod="faro/update-usage-28487090-xg5bt" podUID="6e8f7589-7d91-47e6-9128-7ec922779773"
E0507 11:59:32.830094    4591 pod_workers.go:1300] "Error syncing pod, skipping" err="failed to \"StartContainer\" for \"grafana\" with CrashLoopBackOff: \"back-off 5m0s restarting failed container=grafana pod=k6testslow4-grafana-b5879497c-p4zx9_hosted-grafana(7458c262-83d7-4b7b-b8d4-f95db30c3e39)\"" pod="hosted-grafana/k6testslow4-grafana-b5879497c-p4zx9" podUID="7458c262-83d7-4b7b-b8d4-f95db30c3e39"
I0507 11:59:32.829402    4591 scope.go:117] "RemoveContainer" containerID="fbad2b736b62c12c779231631d3eb82fde86d6095a21d2982d457c6801be9293"
I0507 11:59:32.776172    4647 kubelet_getters.go:187] "Pod status updated" pod="kube-system/kube-proxy-gke-dev-us-central-0-spot-n2s8-0-1dd3-f81338c4-gmgr" status="Running"
time="2024-05-07T11:59:32.755926053Z" level=info msg="CreateContainer within sandbox \"81e019a0248a0300a328fd59f9939c3eaa1b98aa7f325a7f6e00592633275ef6\" for container &ContainerMetadata{Name:checkoutservice,Attempt:3417,}"
I0507 11:59:32.739402    4527 scope.go:117] "RemoveContainer" containerID="cdcb0619adb8e55d353b1a804a08de63dd2991fcbb1799d499e675ecae655a8e"
E0507 11:59:32.724973    4592 prober.go:104] "Probe errored" err="rpc error: code = NotFound desc = failed to exec in container: failed to load task: no running task found: task d53fbb23caf1e92d73b7ccf3a991c2ccd1d1b1ef072bfb1f6798a781d3809679 not found: not found" probeType="Readiness" pod="hosted-grafana/benchloadtestingxxl2-grafana-56b7c6b6df-vqkzm" podUID="d3742b42-2b35-4c32-8267-7cf79bbcb441" containerName="grafana"
E0507 11:59:32.724932    4592 remote_runtime.go:496] "ExecSync cmd from runtime service failed" err="rpc error: code = NotFound desc = failed to exec in container: failed to load task: no running task found: task d53fbb23caf1e92d73b7ccf3a991c2ccd1d1b1ef072bfb1f6798a781d3809679 not found: not found" containerID="d53fbb23caf1e92d73b7ccf3a991c2ccd1d1b1ef072bfb1f6798a781d3809679" cmd=["/bin/hgrun","check"]
E0507 11:59:32.724328    4592 remote_runtime.go:496] "ExecSync cmd from runtime service failed" err="rpc error: code = NotFound desc = failed to exec in container: failed to load task: no running task found: task d53fbb23caf1e92d73b7ccf3a991c2ccd1d1b1ef072bfb1f6798a781d3809679 not found: not found" containerID="d53fbb23caf1e92d73b7ccf3a991c2ccd1d1b1ef072bfb1f6798a781d3809679" cmd=["/bin/hgrun","check"]
time="2024-05-07T11:59:32.724767806Z" level=error msg="ExecSync for \"d53fbb23caf1e92d73b7ccf3a991c2ccd1d1b1ef072bfb1f6798a781d3809679\" failed" error="rpc error: code = NotFound desc = failed to exec in container: failed to load task: no running task found: task d53fbb23caf1e92d73b7ccf3a991c2ccd1d1b1ef072bfb1f6798a781d3809679 not found: not found"
time="2024-05-07T11:59:32.724147410Z" level=error msg="ExecSync for \"d53fbb23caf1e92d73b7ccf3a991c2ccd1d1b1ef072bfb1f6798a781d3809679\" failed" error="rpc error: code = NotFound desc = failed to exec in container: failed to load task: no running task found: task d53fbb23caf1e92d73b7ccf3a991c2ccd1d1b1ef072bfb1f6798a781d3809679 not found: not found"
time="2024-05-07T11:59:32.723400665Z" level=error msg="ExecSync for \"d53fbb23caf1e92d73b7ccf3a991c2ccd1d1b1ef072bfb1f6798a781d3809679\" failed" error="rpc error: code = NotFound desc = failed to exec in container: failed to load task: no running task found: task d53fbb23caf1e92d73b7ccf3a991c2ccd1d1b1ef072bfb1f6798a781d3809679 not found: not found"
 >
E0507 11:59:32.723675    4592 remote_runtime.go:496] "ExecSync cmd from runtime service failed" err="rpc error: code = NotFound desc = failed to exec in container: failed to load task: no running task found: task d53fbb23caf1e92d73b7ccf3a991c2ccd1d1b1ef072bfb1f6798a781d3809679 not found: not found" containerID="d53fbb23caf1e92d73b7ccf3a991c2ccd1d1b1ef072bfb1f6798a781d3809679" cmd=["/bin/hgrun","check"]
	ts=2024-05-07T11:59:30.205006192Z level=error caller=http_client.go:56 app=hgrun hgrun_version=0.1.453-59-gf3f63162a msg="request failed" error="Get \"http://127.0.0.1:3000/api/health\": dial tcp 127.0.0.1:3000: connect: connection refused" method=GET url=http://127.0.0.1:3000/api/health
	ts=2024-05-07T11:59:28.791795005Z level=error caller=http_client.go:56 app=hgrun hgrun_version=0.1.453-59-gf3f63162a msg="request failed" error="Get \"http://127.0.0.1:3000/api/health\": dial tcp 127.0.0.1:3000: connect: connection refused" method=GET url=http://127.0.0.1:3000/api/health
	ts=2024-05-07T11:59:27.963570749Z level=error caller=http_client.go:56 app=hgrun hgrun_version=0.1.453-59-gf3f63162a msg="request failed" error="Get \"http://127.0.0.1:3000/api/health\": dial tcp 127.0.0.1:3000: connect: connection refused" method=GET url=http://127.0.0.1:3000/api/health
	ts=2024-05-07T11:59:27.061148162Z level=error caller=http_client.go:56 app=hgrun hgrun_version=0.1.453-59-gf3f63162a msg="request failed" error="Get \"http://127.0.0.1:3000/api/health\": dial tcp 127.0.0.1:3000: connect: connection refused" method=GET url=http://127.0.0.1:3000/api/health
	ts=2024-05-07T11:59:26.707407028Z level=error caller=http_client.go:56 app=hgrun hgrun_version=0.1.453-59-gf3f63162a msg="request failed" error="Get \"http://127.0.0.1:3000/api/health\": dial tcp 127.0.0.1:3000: connect: connection refused" method=GET url=http://127.0.0.1:3000/api/health
	ts=2024-05-07T11:59:25.328552026Z level=error caller=http_client.go:56 app=hgrun hgrun_version=0.1.453-59-gf3f63162a msg="request failed" error="Get \"http://127.0.0.1:3000/api/health\": dial tcp 127.0.0.1:3000: connect: connection refused" method=GET url=http://127.0.0.1:3000/api/health
	ts=2024-05-07T11:59:25.041749011Z level=error caller=http_client.go:56 app=hgrun hgrun_version=0.1.453-59-gf3f63162a msg="request failed" error="Get \"http://127.0.0.1:3000/api/health\": dial tcp 127.0.0.1:3000: connect: connection refused" method=GET url=http://127.0.0.1:3000/api/health
	ts=2024-05-07T11:59:24.342974853Z level=error caller=http_client.go:56 app=hgrun hgrun_version=0.1.453-59-gf3f63162a msg="request failed" error="Get \"http://127.0.0.1:3000/api/health\": dial tcp 127.0.0.1:3000: connect: connection refused" method=GET url=http://127.0.0.1:3000/api/health
	ts=2024-05-07T11:59:23.448651822Z level=error caller=http_client.go:56 app=hgrun hgrun_version=0.1.453-59-gf3f63162a msg="request failed" error="Get \"http://127.0.0.1:3000/api/health\": dial tcp 127.0.0.1:3000: connect: connection refused" method=GET url=http://127.0.0.1:3000/api/health
	ts=2024-05-07T11:59:23.116820392Z level=error caller=http_client.go:56 app=hgrun hgrun_version=0.1.453-59-gf3f63162a msg="request failed" error="Get \"http://127.0.0.1:3000/api/health\": dial tcp 127.0.0.1:3000: connect: connection refused" method=GET url=http://127.0.0.1:3000/api/health
	ts=2024-05-07T11:59:22.538898748Z level=error caller=http_client.go:56 app=hgrun hgrun_version=0.1.453-59-gf3f63162a msg="request failed" error="Get \"http://127.0.0.1:3000/api/health\": dial tcp 127.0.0.1:3000: connect: connection refused" method=GET url=http://127.0.0.1:3000/api/health
	ts=2024-05-07T11:59:21.719913728Z level=error caller=http_client.go:56 app=hgrun hgrun_version=0.1.453-59-gf3f63162a msg="request failed" error="Get \"http://127.0.0.1:3000/api/health\": dial tcp 127.0.0.1:3000: connect: connection refused" method=GET url=http://127.0.0.1:3000/api/health
	ts=2024-05-07T11:59:21.1942729Z level=error caller=http_client.go:56 app=hgrun hgrun_version=0.1.453-59-gf3f63162a msg="request failed" error="Get \"http://127.0.0.1:3000/api/health\": dial tcp 127.0.0.1:3000: connect: connection refused" method=GET url=http://127.0.0.1:3000/api/health
	ts=2024-05-07T11:59:20.302909822Z level=error caller=http_client.go:56 app=hgrun hgrun_version=0.1.453-59-gf3f63162a msg="request failed" error="Get \"http://127.0.0.1:3000/api/health\": dial tcp 127.0.0.1:3000: connect: connection refused" method=GET url=http://127.0.0.1:3000/api/health
I0507 11:59:32.722792    4592 prober.go:107] "Probe failed" probeType="Readiness" pod="hosted-grafana/benchloadtestingxxl2-grafana-56b7c6b6df-vqkzm" podUID="d3742b42-2b35-4c32-8267-7cf79bbcb441" containerName="grafana" probeResult="failure" output=<
	ts=2024-05-07T11:59:19.71203793Z level=error caller=http_client.go:56 app=hgrun hgrun_version=0.1.453-59-gf3f63162a msg="request failed" error="Get \"http://127.0.0.1:3000/api/health\": dial tcp 127.0.0.1:3000: connect: connection refused" method=GET url=http://127.0.0.1:3000/api/health
	ts=2024-05-07T11:59:19.309394819Z level=error caller=http_client.go:56 app=hgrun hgrun_version=0.1.453-59-gf3f63162a msg="request failed" error="Get \"http://127.0.0.1:3000/api/health\": dial tcp 127.0.0.1:3000: connect: connection refused" method=GET url=http://127.0.0.1:3000/api/health
	ts=2024-05-07T11:59:18.886442843Z level=error caller=http_client.go:56 app=hgrun hgrun_version=0.1.453-59-gf3f63162a msg="request failed" error="Get \"http://127.0.0.1:3000/api/health\": dial tcp 127.0.0.1:3000: connect: connection refused" method=GET url=http://127.0.0.1:3000/api/health
	ts=2024-05-07T11:59:18.042358889Z level=error caller=http_client.go:56 app=hgrun hgrun_version=0.1.453-59-gf3f63162a msg="request failed" error="Get \"http://127.0.0.1:3000/api/health\": dial tcp 127.0.0.1:3000: connect: connection refused" method=GET url=http://127.0.0.1:3000/api/health
	ts=2024-05-07T11:59:17.766602037Z level=error caller=http_client.go:56 app=hgrun hgrun_version=0.1.453-59-gf3f63162a msg="request failed" error="Get \"http://127.0.0.1:3000/api/health\": dial tcp 127.0.0.1:3000: connect: connection refused" method=GET url=http://127.0.0.1:3000/api/health
	ts=2024-05-07T11:59:17.126424933Z level=error caller=http_client.go:56 app=hgrun hgrun_version=0.1.453-59-gf3f63162a msg="request failed" error="Get \"http://127.0.0.1:3000/api/health\": dial tcp 127.0.0.1:3000: connect: connection refused" method=GET url=http://127.0.0.1:3000/api/health
	ts=2024-05-07T11:59:16.490369589Z level=error caller=http_client.go:56 app=hgrun hgrun_version=0.1.453-59-gf3f63162a msg="request failed" error="Get \"http://127.0.0.1:3000/api/health\": dial tcp 127.0.0.1:3000: connect: connection refused" method=GET url=http://127.0.0.1:3000/api/health
	ts=2024-05-07T11:59:16.198616007Z level=error caller=http_client.go:56 app=hgrun hgrun_version=0.1.453-59-gf3f63162a msg="request failed" error="Get \"http://127.0.0.1:3000/api/health\": dial tcp 127.0.0.1:3000: connect: connection refused" method=GET url=http://127.0.0.1:3000/api/health
	ts=2024-05-07T11:59:15.662620401Z level=error caller=http_client.go:56 app=hgrun hgrun_version=0.1.453-59-gf3f63162a msg="request failed" error="Get \"http://127.0.0.1:3000/api/health\": dial tcp 127.0.0.1:3000: connect: connection refused" method=GET url=http://127.0.0.1:3000/api/health
	ts=2024-05-07T11:59:15.507043882Z level=error caller=http_client.go:56 app=hgrun hgrun_version=0.1.453-59-gf3f63162a msg="request failed" error="Get \"http://127.0.0.1:3000/api/health\": dial tcp 127.0.0.1:3000: connect: connection refused" method=GET url=http://127.0.0.1:3000/api/health
	ts=2024-05-07T11:59:15.45251028Z level=error caller=http_client.go:56 app=hgrun hgrun_version=0.1.453-59-gf3f63162a msg="request failed" error="Get \"http://127.0.0.1:3000/api/health\": dial tcp 127.0.0.1:3000: connect: connection refused" method=GET url=http://127.0.0.1:3000/api/health
	ts=2024-05-07T11:59:15.003702316Z level=error caller=http_client.go:56 app=hgrun hgrun_version=0.1.453-59-gf3f63162a msg="request failed" error="Get \"http://127.0.0.1:3000/api/health\": dial tcp 127.0.0.1:3000: connect: connection refused" method=GET url=http://127.0.0.1:3000/api/health
	ts=2024-05-07T11:59:14.70689258Z level=error caller=http_client.go:56 app=hgrun hgrun_version=0.1.453-59-gf3f63162a msg="request failed" error="Get \"http://127.0.0.1:3000/api/health\": dial tcp 127.0.0.1:3000: connect: connection refused" method=GET url=http://127.0.0.1:3000/api/health
	ts=2024-05-07T11:59:14.669296859Z level=error caller=http_client.go:56 app=hgrun hgrun_version=0.1.453-59-gf3f63162a msg="request failed" error="Get \"http://127.0.0.1:3000/api/health\": dial tcp 127.0.0.1:3000: connect: connection refused" method=GET url=http://127.0.0.1:3000/api/health
	ts=2024-05-07T11:59:14.604778237Z level=error caller=http_client.go:56 app=hgrun hgrun_version=0.1.453-59-gf3f63162a msg="request failed" error="Get \"http://127.0.0.1:3000/api/health\": dial tcp 127.0.0.1:3000: connect: connection refused" method=GET url=http://127.0.0.1:3000/api/health
	ts=2024-05-07T11:59:14.397222806Z level=error caller=http_client.go:56 app=hgrun hgrun_version=0.1.453-59-gf3f63162a msg="request failed" error="Get \"http://127.0.0.1:3000/api/health\": dial tcp 127.0.0.1:3000: connect: connection refused" method=GET url=http://127.0.0.1:3000/api/health
	ts=2024-05-07T11:59:14.240589331Z level=error caller=http_client.go:56 app=hgrun hgrun_version=0.1.453-59-gf3f63162a msg="request failed" error="Get \"http://127.0.0.1:3000/api/health\": dial tcp 127.0.0.1:3000: connect: connection refused" method=GET url=http://127.0.0.1:3000/api/health
	ts=2024-05-07T11:59:14.137013019Z level=error caller=http_client.go:56 app=hgrun hgrun_version=0.1.453-59-gf3f63162a msg="request failed" error="Get \"http://127.0.0.1:3000/api/health\": dial tcp 127.0.0.1:3000: connect: connection refused" method=GET url=http://127.0.0.1:3000/api/health
	ts=2024-05-07T11:59:14.118516695Z level=error caller=http_client.go:56 app=hgrun hgrun_version=0.1.453-59-gf3f63162a msg="request failed" error="Get \"http://127.0.0.1:3000/api/health\": dial tcp 127.0.0.1:3000: connect: connection refused" method=GET url=http://127.0.0.1:3000/api/health
	ts=2024-05-07T11:59:14.087202317Z level=error caller=http_client.go:56 app=hgrun hgrun_version=0.1.453-59-gf3f63162a msg="request failed" error="Get \"http://127.0.0.1:3000/api/health\": dial tcp 127.0.0.1:3000: connect: connection refused" method=GET url=http://127.0.0.1:3000/api/health
time="2024-05-07T11:59:32.722555689Z" level=warning msg="cleaning up after shim disconnected" id=d53fbb23caf1e92d73b7ccf3a991c2ccd1d1b1ef072bfb1f6798a781d3809679 namespace=k8s.io
time="2024-05-07T11:59:32.722569380Z" level=info msg="cleaning up dead shim" namespace=k8s.io
time="2024-05-07T11:59:32.722469678Z" level=info msg="shim disconnected" id=d53fbb23caf1e92d73b7ccf3a991c2ccd1d1b1ef072bfb1f6798a781d3809679 namespace=k8s.io
I0507 11:59:32.710370    4646 kubelet_getters.go:187] "Pod status updated" pod="kube-system/kube-proxy-gke-dev-us-central-0-spot-n2s8-0-1dd3-f81338c4-7chh" status="Running"
E0507 11:59:32.704958    4602 pod_workers.go:1300] "Error syncing pod, skipping" err="failed to \"StartContainer\" for \"grafana\" with ImagePullBackOff: \"Back-off pulling image \\\"us.gcr.io/hosted-grafana/hosted-grafana-pro:10.1.0-ephemeral-oss-77487-8287-1\\\"\"" pod="hosted-grafana/ephemeral1511182177487torkelo-grafana-745789578d-jmj9h" podUID="144f91fd-76a2-4ca1-9e14-ba65fe8113da"
I0507 11:59:32.619794    4729 kubelet_getters.go:187] "Pod status updated" pod="kube-system/kube-proxy-gke-dev-us-central-0-main-n2s16-3-1dd-9b502d96-6vzp" status="Running"
E0507 11:59:32.570199    4595 pod_workers.go:1300] "Error syncing pod, skipping" err="failed to \"StartContainer\" for \"grafana\" with CrashLoopBackOff: \"back-off 1m20s restarting failed container=grafana pod=ltest-grafana-74d66c7766-s2ftd_hosted-grafana(40e776a7-78a1-44d8-95ac-0c4944bb7737)\"" pod="hosted-grafana/ltest-grafana-74d66c7766-s2ftd" podUID="40e776a7-78a1-44d8-95ac-0c4944bb7737"
I0507 11:59:32.569510    4595 scope.go:117] "RemoveContainer" containerID="ea831b36e1cf141ea84a1158e1ac08c42bfe6220a73e5f2074dea1d25e9c8619"
E0507 11:59:32.562163    4739 pod_workers.go:1300] "Error syncing pod, skipping" err="failed to \"StartContainer\" for \"pdc\" with ErrImageNeverPull: \"Container image \\\"us.gcr.io/hosted-grafana/pdc:0.1.415\\\" is not present with pull policy of Never\"" pod="pdc/private-datasource-connect-564fb6cfbb-5k5n7" podUID="5ce47ae4-8558-422b-8246-7733512eeb96"
E0507 11:59:32.562098    4739 kuberuntime_manager.go:1256] container &Container{Name:pdc,Image:us.gcr.io/hosted-grafana/pdc:0.1.415,Command:[],Args:[-proxy.auth.ca-keys-dir=/var/run/secrets/pdc-certs -proxy.socks-server.addr=:10443 -proxy.ssh-server.addr=:2222 -proxy.use-socks-username-for-routing -proxy.api.http-address=:9182 -proxy.check-connpool-address-in-ring -memberlist.join=dns+gossip-ring.pdc.svc.cluster.local:7946 -api.http-address=:11443 -distributor.enabled=true -distributor.addr=:10444 -distributor.use-socks-username-for-routing -gateway.enabled=true -gateway.addr=:2244 -log.level=debug -certs.ca-private-key-file=/var/run/secrets/pdc-certs/ca.key -certs.ca-cert-file=/var/run/secrets/pdc-certs/ca.crt -certs.ca-pub-file=/var/run/secrets/pdc-certs/ca.pub -certs.cluster=local-k8s -shard-size=3 -graceful-shutdown-period=30s -enable-multiple-networks],WorkingDir:,Ports:[]ContainerPort{ContainerPort{Name:socks,HostPort:0,ContainerPort:10443,Protocol:TCP,HostIP:,},ContainerPort{Name:ssh,HostPort:0,ContainerPort:2222,Protocol:TCP,HostIP:,},ContainerPort{Name:distributor,HostPort:0,ContainerPort:10444,Protocol:TCP,HostIP:,},ContainerPort{Name:gateway,HostPort:0,ContainerPort:2244,Protocol:TCP,HostIP:,},ContainerPort{Name:api,HostPort:0,ContainerPort:11443,Protocol:TCP,HostIP:,},},Env:[]EnvVar{EnvVar{Name:POD_NAME,Value:,ValueFrom:&EnvVarSource{FieldRef:&ObjectFieldSelector{APIVersion:v1,FieldPath:metadata.name,},ResourceFieldRef:nil,ConfigMapKeyRef:nil,SecretKeyRef:nil,},},},Resources:ResourceRequirements{Limits:ResourceList{cpu: {{500 -3} {<nil>} 500m DecimalSI},memory: {{134217728 0} {<nil>}  BinarySI},},Requests:ResourceList{cpu: {{250 -3} {<nil>} 250m DecimalSI},memory: {{67108864 0} {<nil>}  BinarySI},},Claims:[]ResourceClaim{},},VolumeMounts:[]VolumeMount{VolumeMount{Name:pdc-certs,ReadOnly:true,MountPath:/var/run/secrets/pdc-certs,SubPath:,MountPropagation:nil,SubPathExpr:,},VolumeMount{Name:kube-api-access-fcx2w,ReadOnly:true,MountPath:/var/run/secrets/kubernetes.io/serviceaccount,SubPath:,MountPropagation:nil,SubPathExpr:,},},LivenessProbe:nil,ReadinessProbe:&Probe{ProbeHandler:ProbeHandler{Exec:nil,HTTPGet:&HTTPGetAction{Path:/ready,Port:{0 11443 },Host:,Scheme:HTTP,HTTPHeaders:[]HTTPHeader{},},TCPSocket:nil,GRPC:nil,},InitialDelaySeconds:40,TimeoutSeconds:1,PeriodSeconds:5,SuccessThreshold:1,FailureThreshold:3,TerminationGracePeriodSeconds:nil,},Lifecycle:&Lifecycle{PostStart:nil,PreStop:&LifecycleHandler{Exec:&ExecAction{Command:[/bin/sleep 5],},HTTPGet:nil,TCPSocket:nil,},},TerminationMessagePath:/dev/termination-log,ImagePullPolicy:Never,SecurityContext:nil,Stdin:false,StdinOnce:false,TTY:false,EnvFrom:[]EnvFromSource{},TerminationMessagePolicy:File,VolumeDevices:[]VolumeDevice{},StartupProbe:nil,ResizePolicy:[]ContainerResizePolicy{},RestartPolicy:nil,} start failed in pod private-datasource-connect-564fb6cfbb-5k5n7_pdc(5ce47ae4-8558-422b-8246-7733512eeb96): ErrImageNeverPull: Container image "us.gcr.io/hosted-grafana/pdc:0.1.415" is not present with pull policy of Never
ll header: 00000000: 42 01 0a 80 00 17 42 01 0a 80 00 01 08 00
IPv4: martian source 10.132.141.91 from 10.132.141.80, on dev eth0
I0507 11:59:32.426569    4734 kubelet_getters.go:187] "Pod status updated" pod="kube-system/kube-proxy-gke-dev-us-central-0-main-n2s16-3-1dd-9b502d96-dkbf" status="Running"
I0507 11:59:32.409568  581823 cache.go:40] re-using cached key and certificate
I0507 11:59:32.405906    4578 kubelet_getters.go:187] "Pod status updated" pod="kube-system/kube-proxy-gke-dev-us-central-0-hg-n2s8-6-1dd39c-3bfd06e9-5nj8" status="Running"
audit: type=1400 audit(1715083172.379:24): apparmor="DENIED" operation="ptrace" profile="cri-containerd.apparmor.d" pid=36276 comm="pidof" requested_mask="read" denied_mask="read" peer="unconfined"
audit: type=1400 audit(1715083172.379:23): apparmor="DENIED" operation="ptrace" profile="cri-containerd.apparmor.d" pid=36276 comm="pidof" requested_mask="read" denied_mask="read" peer="unconfined"
audit: type=1400 audit(1715083172.379:22): apparmor="DENIED" operation="ptrace" profile="cri-containerd.apparmor.d" pid=36276 comm="pidof" requested_mask="read" denied_mask="read" peer="unconfined"
AVC apparmor="DENIED" operation="ptrace" profile="cri-containerd.apparmor.d" pid=36276 comm="pidof" requested_mask="read" denied_mask="read" peer="unconfined"
AVC apparmor="DENIED" operation="ptrace" profile="cri-containerd.apparmor.d" pid=36276 comm="pidof" requested_mask="read" denied_mask="read" peer="unconfined"
AVC apparmor="DENIED" operation="ptrace" profile="cri-containerd.apparmor.d" pid=36276 comm="pidof" requested_mask="read" denied_mask="read" peer="unconfined"
I0507 11:59:32.358966    4732 kubelet_getters.go:187] "Pod status updated" pod="kube-system/kube-proxy-gke-dev-us-central-0-main-n2s16-3-1dd-9b502d96-hmlg" status="Running"
I0507 11:59:32.223604    4646 kubelet_getters.go:187] "Pod status updated" pod="kube-system/kube-proxy-gke-dev-us-central-0-spot-n2s8-0-1dd3-f81338c4-hzp5" status="Running"
I0507 11:59:32.173852    2791 kubelet.go:2421] "SyncLoop (PLEG): event for pod" pod="hosted-grafana/dafdeveuwest2-grafana-546fbd789d-czx47" event={"ID":"fc6ba4ea-9950-4999-8ad2-bdc9a577fb34","Type":"ContainerStarted","Data":"7418e5784964048801b0cb8abacd0a73f4a208454fc6f5418e4f79906761c98d"}
E0507 11:59:32.151882    4572 pod_workers.go:1300] "Error syncing pod, skipping" err="failed to \"StartContainer\" for \"grafana\" with CrashLoopBackOff: \"back-off 5m0s restarting failed container=grafana pod=e2cmigrationreceiver-grafana-6b9cf7d5c6-wsxm5_hosted-grafana(3f83ab4b-f255-4a22-a690-9f1e9b086226)\"" pod="hosted-grafana/e2cmigrationreceiver-grafana-6b9cf7d5c6-wsxm5" podUID="3f83ab4b-f255-4a22-a690-9f1e9b086226"
I0507 11:59:32.151224    4572 scope.go:117] "RemoveContainer" containerID="0339d9823b658e820b2d0535c744d982f15c63ca658cdaa9f690efd7dffdbf8c"
I0507 11:59:32.131299    4736 kubelet_getters.go:187] "Pod status updated" pod="kube-system/kube-proxy-gke-dev-us-central-0-main-n2s16-3-1dd-9b502d96-gwtz" status="Running"
I0507 11:59:32.076846    4726 kubelet_getters.go:187] "Pod status updated" pod="kube-system/kube-proxy-gke-dev-us-central-0-main-n2s16-3-1dd-9b502d96-n56x" status="Running"
I0507 11:59:32.057206    4726 kubelet_getters.go:187] "Pod status updated" pod="kube-system/kube-proxy-gke-dev-us-central-0-main-n2s16-3-1dd-9b502d96-7h6b" status="Running"
E0507 11:59:31.990062    2791 pod_workers.go:1300] "Error syncing pod, skipping" err="failed to \"StartContainer\" for \"goldpinger\" with CrashLoopBackOff: \"back-off 5m0s restarting failed container=goldpinger pod=goldpinger-69c2w_goldpinger(13276978-61bf-463a-b871-d3b5a2562070)\"" pod="goldpinger/goldpinger-69c2w" podUID="13276978-61bf-463a-b871-d3b5a2562070"
I0507 11:59:31.989696    2791 scope.go:117] "RemoveContainer" containerID="188fa7a825c7d671b5c324a4e63725c3039f85bda51fb56794e12823e6d07729"
E0507 11:59:31.928148    4734 pod_workers.go:1300] "Error syncing pod, skipping" err="unmounted volumes=[terraform-drift-detector-data], unattached volumes=[terraform-drift-detector-data], failed to process volumes=[]: context deadline exceeded" pod="terraform-drift-detector/terraform-drift-detector-d68b4c545-jg2vj" podUID="6c607496-ef26-454e-b2f2-4cb75b233fa3"
E0507 11:59:31.923713    4643 pod_workers.go:1300] "Error syncing pod, skipping" err="failed to \"StartContainer\" for \"grafana\" with CrashLoopBackOff: \"back-off 5m0s restarting failed container=grafana pod=benchloadtestingxxl2-grafana-56b7c6b6df-j7jh6_hosted-grafana(83fb0f38-728e-4050-9500-6ac9fc9f21c8)\"" pod="hosted-grafana/benchloadtestingxxl2-grafana-56b7c6b6df-j7jh6" podUID="83fb0f38-728e-4050-9500-6ac9fc9f21c8"
I0507 11:59:31.923176    4643 scope.go:117] "RemoveContainer" containerID="a85b6a771be0a2165463617e0c7a4f5b42dbb5c232c57166f32a72d969a25bf1"
E0507 11:59:31.887809    4597 pod_workers.go:1300] "Error syncing pod, skipping" err="failed to \"StartContainer\" for \"grafana\" with ImagePullBackOff: \"Back-off pulling image \\\"us.gcr.io/hosted-grafana/hosted-grafana-pro:10.0.2\\\"\"" pod="hosted-grafana/johangrafana10-grafana-69c6449bbd-k2bgp" podUID="bb953c26-c201-4082-9b56-85ab12c1d0e1"
E0507 11:59:31.886415    4597 pod_workers.go:1300] "Error syncing pod, skipping" err="failed to \"StartContainer\" for \"grafana\" with CrashLoopBackOff: \"back-off 5m0s restarting failed container=grafana pod=k6testslow6-grafana-65f9d6559b-xrs26_hosted-grafana(5c426b18-2b38-44ce-a92e-e5eeadbbb6f0)\"" pod="hosted-grafana/k6testslow6-grafana-65f9d6559b-xrs26" podUID="5c426b18-2b38-44ce-a92e-e5eeadbbb6f0"
I0507 11:59:31.885717    4597 scope.go:117] "RemoveContainer" containerID="107669a02b8d89f8f768181e2b8d64c839a1161c10d217fb0c3a2701beb32b72"
time="2024-05-07T11:59:31.883468402Z" level=info msg="StartContainer for \"7418e5784964048801b0cb8abacd0a73f4a208454fc6f5418e4f79906761c98d\" returns successfully"
audit: type=1400 audit(1715083171.875:21): apparmor="DENIED" operation="ptrace" profile="cri-containerd.apparmor.d" pid=36274 comm="pidof" requested_mask="read" denied_mask="read" peer="unconfined"
audit: type=1400 audit(1715083171.875:20): apparmor="DENIED" operation="ptrace" profile="cri-containerd.apparmor.d" pid=36274 comm="pidof" requested_mask="read" denied_mask="read" peer="unconfined"
audit: type=1400 audit(1715083171.875:19): apparmor="DENIED" operation="ptrace" profile="cri-containerd.apparmor.d" pid=36274 comm="pidof" requested_mask="read" denied_mask="read" peer="unconfined"
AVC apparmor="DENIED" operation="ptrace" profile="cri-containerd.apparmor.d" pid=36274 comm="pidof" requested_mask="read" denied_mask="read" peer="unconfined"
AVC apparmor="DENIED" operation="ptrace" profile="cri-containerd.apparmor.d" pid=36274 comm="pidof" requested_mask="read" denied_mask="read" peer="unconfined"
AVC apparmor="DENIED" operation="ptrace" profile="cri-containerd.apparmor.d" pid=36274 comm="pidof" requested_mask="read" denied_mask="read" peer="unconfined"
I0507 11:59:31.879715    4734 kubelet_getters.go:187] "Pod status updated" pod="kube-system/kube-proxy-gke-dev-us-central-0-main-n2s16-3-1dd-9b502d96-xwpk" status="Running"
Started libcontainer container 7418e5784964048801b0cb8abacd0a73f4a208454fc6f5418e4f79906761c98d.
time="2024-05-07T11:59:31.833222796Z" level=info msg="StartContainer for \"7418e5784964048801b0cb8abacd0a73f4a208454fc6f5418e4f79906761c98d\""
time="2024-05-07T11:59:31.832712390Z" level=info msg="CreateContainer within sandbox \"ac0defb47ab561e39c01453f80823086daf554758865a65d1cb608092c1539d5\" for &ContainerMetadata{Name:grafana,Attempt:0,} returns container id \"7418e5784964048801b0cb8abacd0a73f4a208454fc6f5418e4f79906761c98d\""
time="2024-05-07T11:59:31.818485118Z" level=info msg="CreateContainer within sandbox \"ac0defb47ab561e39c01453f80823086daf554758865a65d1cb608092c1539d5\" for container &ContainerMetadata{Name:grafana,Attempt:0,}"
time="2024-05-07T11:59:31.815983488Z" level=info msg="PullImage \"us.gcr.io/hosted-grafana/hosted-grafana-pro:11.1.0-70397\""
I0507 11:59:31.815514    2791 azure_credentials.go:220] image(us.gcr.io/hosted-grafana/hosted-grafana-pro) is not from ACR, return empty authentication
time="2024-05-07T11:59:31.814769473Z" level=info msg="PullImage \"us.gcr.io/hosted-grafana/hosted-grafana-pro:11.1.0-70397\" returns image reference \"sha256:0036b00b52fc547c944c1c820817d91fba6e20775cbf4e6c3e09ad2e682dbd73\""
time="2024-05-07T11:59:31.814727873Z" level=info msg="Pulled image \"us.gcr.io/hosted-grafana/hosted-grafana-pro:11.1.0-70397\" with image id \"sha256:0036b00b52fc547c944c1c820817d91fba6e20775cbf4e6c3e09ad2e682dbd73\", repo tag \"us.gcr.io/hosted-grafana/hosted-grafana-pro:11.1.0-70397\", repo digest \"us.gcr.io/hosted-grafana/hosted-grafana-pro@sha256:0853965a142fb95648de3281a7c71de0d05fb51616bc32b523dc2f1da6ca06dc\", size \"173405048\" in 14.680303992s"
time="2024-05-07T11:59:31.813758661Z" level=info msg="ImageCreate event name:\"us.gcr.io/hosted-grafana/hosted-grafana-pro@sha256:0853965a142fb95648de3281a7c71de0d05fb51616bc32b523dc2f1da6ca06dc\" labels:{key:\"io.cri-containerd.image\" value:\"managed\"}"
time="2024-05-07T11:59:31.811392832Z" level=info msg="ImageUpdate event name:\"us.gcr.io/hosted-grafana/hosted-grafana-pro:11.1.0-70397\" labels:{key:\"io.cri-containerd.image\" value:\"managed\"}"
time="2024-05-07T11:59:31.809798213Z" level=info msg="ImageCreate event name:\"sha256:0036b00b52fc547c944c1c820817d91fba6e20775cbf4e6c3e09ad2e682dbd73\" labels:{key:\"io.cri-containerd.image\" value:\"managed\"}"
time="2024-05-07T11:59:31.808692900Z" level=info msg="stop pulling image us.gcr.io/hosted-grafana/hosted-grafana-pro:11.1.0-70397: active requests=0, bytes read=173418678"
time="2024-05-07T11:59:31.807327183Z" level=info msg="ImageCreate event name:\"us.gcr.io/hosted-grafana/hosted-grafana-pro:11.1.0-70397\" labels:{key:\"io.cri-containerd.image\" value:\"managed\"}"
I0507 11:59:31.729843    4735 kubelet_getters.go:187] "Pod status updated" pod="kube-system/kube-proxy-gke-dev-us-central-0-main-n2s16-3-1dd-9b502d96-m7wp" status="Running"
var-lib-containerd-tmpmounts-containerd\x2dmount4071253084.mount: Deactivated successfully.
E0507 11:59:31.705263    4602 pod_workers.go:1300] "Error syncing pod, skipping" err="failed to \"StartContainer\" for \"grafana\" with CrashLoopBackOff: \"back-off 5m0s restarting failed container=grafana pod=benchloadtestingxxl2-grafana-56b7c6b6df-4gclf_hosted-grafana(fe493f66-8d1f-4435-9208-0304fd499ee1)\"" pod="hosted-grafana/benchloadtestingxxl2-grafana-56b7c6b6df-4gclf" podUID="fe493f66-8d1f-4435-9208-0304fd499ee1"
I0507 11:59:31.704465    4602 scope.go:117] "RemoveContainer" containerID="2773338620ccfb32536d17788865e6fd4c7de7250ab31a7922195ffc1387ee5f"
I0507 11:59:31.624527    4600 kubelet_getters.go:187] "Pod status updated" pod="kube-system/kube-proxy-gke-dev-us-central-0-hg-n2s8-6-1dd39c-3bfd06e9-v7l7" status="Running"
I0507 11:59:31.620358    6247 prober.go:107] "Probe failed" probeType="Readiness" pod="grafana-agent/grafana-agent-helm-4" podUID="c36c5200-1cd6-4093-893c-c022f91af996" containerName="grafana-agent" probeResult="failure" output="Get \"http://10.0.99.125:3090/-/ready\": dial tcp 10.0.99.125:3090: connect: connection refused"
I0507 11:59:31.619462    4733 kubelet_getters.go:187] "Pod status updated" pod="kube-system/kube-proxy-gke-dev-us-central-0-main-n2s16-3-1dd-9b502d96-dd5b" status="Running"
I0507 11:59:31.617463    4733 kubelet_getters.go:187] "Pod status updated" pod="kube-system/kube-proxy-gke-dev-us-central-0-main-n2s16-3-1dd-9b502d96-dd5b" status="Running"
E0507 11:59:31.554203    4531 pod_workers.go:1300] "Error syncing pod, skipping" err="failed to \"StartContainer\" for \"frontend\" with CrashLoopBackOff: \"back-off 5m0s restarting failed container=frontend pod=otel-demo-alt-dev-frontend-79ccf98858-mbj4x_otel-demo-alt(d08e620e-00d0-49f1-a195-820a62e8de8f)\"" pod="otel-demo-alt/otel-demo-alt-dev-frontend-79ccf98858-mbj4x" podUID="d08e620e-00d0-49f1-a195-820a62e8de8f"
I0507 11:59:31.553381    4531 scope.go:117] "RemoveContainer" containerID="30500dc79eb03686dd9399cf180582d080070e4a1e9445f98eea7d7867b7bc3d"
run-containerd-io.containerd.runtime.v2.task-k8s.io-d53fbb23caf1e92d73b7ccf3a991c2ccd1d1b1ef072bfb1f6798a781d3809679-rootfs.mount: Deactivated successfully.
cri-containerd-d53fbb23caf1e92d73b7ccf3a991c2ccd1d1b1ef072bfb1f6798a781d3809679.scope: Consumed 18.147s CPU time.
cri-containerd-d53fbb23caf1e92d73b7ccf3a991c2ccd1d1b1ef072bfb1f6798a781d3809679.scope: Deactivated successfully.
E0507 11:59:31.468693    3315 pod_workers.go:1300] "Error syncing pod, skipping" err="failed to \"StartContainer\" for \"gcom-sync\" with ImagePullBackOff: \"Back-off pulling image \\\"us.gcr.io/kubernetes-dev/frontend-monitoring:6a8eb5a\\\"\"" pod="faro/update-usage-28487080-9sqzn" podUID="2cc85139-2f31-44ae-a308-3dc0df893592"
E0507 11:59:31.363226    4601 pod_workers.go:1300] "Error syncing pod, skipping" err="failed to \"StartContainer\" for \"grafana\" with ImagePullBackOff: \"Back-off pulling image \\\"us.gcr.io/hosted-grafana/hosted-grafana-pro:11.1.0-ephemeral-6439-933-1\\\"\"" pod="hosted-grafana/ephemeral1180076306439dafyddt-grafana-7bcdd45ddc-l5xtr" podUID="57291357-8942-4110-8df1-c23b055d53d6"
I0507 11:59:31.298370    4772 kubelet_getters.go:187] "Pod status updated" pod="kube-system/kube-proxy-gke-dev-us-central-0-main-n2s16-3-1dd-9b502d96-2dqk" status="Running"
I0507 11:59:31.194140    4733 kubelet_getters.go:187] "Pod status updated" pod="kube-system/kube-proxy-gke-dev-us-central-0-main-n2s16-3-1dd-9b502d96-lgmg" status="Running"
XMT: Solicit on eth0, interval 117900ms.
I0507 11:59:31.152952    4764 kubelet_getters.go:187] "Pod status updated" pod="kube-system/kube-proxy-gke-dev-us-central-1-main-n2s16-1-1dd-97837cc3-k49c" status="Running"
I0507 11:59:31.141456 1970964 cache.go:40] re-using cached key and certificate
I0507 11:59:31.014439    4730 kubelet_getters.go:187] "Pod status updated" pod="kube-system/kube-proxy-gke-dev-us-central-0-main-n2s16-3-1dd-9b502d96-d88q" status="Running"
RCV: Reply message on eth0 from fe80::e9:7eff:fedf:3d37.
XMT: Renew on eth0, interval 9700ms.
PRC: Renewing lease on eth0.
E0507 11:59:30.965946    4731 pod_workers.go:1300] "Error syncing pod, skipping" err="failed to \"StartContainer\" for \"overrides-exporter\" with ImagePullBackOff: \"Back-off pulling image \\\"us.gcr.io/kubernetes-dev/enterprise-logs:callum-shard-firstlast-08\\\"\"" pod="loki-dev-010/overrides-exporter-98c77fd66-6zj6m" podUID="1ff5bf3e-5856-4f6f-ae04-273f2dee170b"
I0507 11:59:30.936319    4607 kubelet_getters.go:187] "Pod status updated" pod="kube-system/kube-proxy-gke-dev-eu-west-3-main-n2s8-1-1dd39c-d1c92061-mzxx" status="Running"
E0507 11:59:30.925932    4733 pod_workers.go:1300] "Error syncing pod, skipping" err="failed to \"StartContainer\" for \"prometheus\" with CrashLoopBackOff: \"back-off 5m0s restarting failed container=prometheus pod=bryan-prometheus-0_bryan-prometheus(6dadfe71-eb19-4231-a96e-c64bb5499a1e)\"" pod="bryan-prometheus/bryan-prometheus-0" podUID="6dadfe71-eb19-4231-a96e-c64bb5499a1e"
I0507 11:59:30.925416    4733 scope.go:117] "RemoveContainer" containerID="f0f5ac8b5f4dba0a416c838dd7ccfa903bd1ca22e36ebc4d98a29b4e646063c6"
I0507 11:59:30.908672    4724 kubelet_getters.go:187] "Pod status updated" pod="kube-system/kube-proxy-gke-dev-us-central-0-main-n2s16-3-1dd-9b502d96-j5wp" status="Running"
I0507 11:59:30.893285    4737 kubelet_getters.go:187] "Pod status updated" pod="kube-system/kube-proxy-gke-dev-us-central-0-main-n2s16-3-1dd-9b502d96-h9sj" status="Running"
E0507 11:59:30.886609    4597 pod_workers.go:1300] "Error syncing pod, skipping" err="failed to \"StartContainer\" for \"grafana\" with CrashLoopBackOff: \"back-off 5m0s restarting failed container=grafana pod=ephemeral1511182177667ryantxu-grafana-75c5c488b7-4lj5v_hosted-grafana(44a19bfe-3d16-48c2-ad37-08eb74fc6637)\"" pod="hosted-grafana/ephemeral1511182177667ryantxu-grafana-75c5c488b7-4lj5v" podUID="44a19bfe-3d16-48c2-ad37-08eb74fc6637"
I0507 11:59:30.885963    4597 scope.go:117] "RemoveContainer" containerID="004f450ab68ac54937e0695bf2ff318d6219fb3fc4afe1b7fae7346c7f7f962d"
I0507 11:59:30.862910    4609 kubelet_getters.go:187] "Pod status updated" pod="kube-system/kube-proxy-gke-dev-eu-west-3-main-n2s8-1-1dd39c-d1c92061-kpwx" status="Running"
E0507 11:59:30.829525    4591 pod_workers.go:1300] "Error syncing pod, skipping" err="failed to \"StartContainer\" for \"grafana\" with CrashLoopBackOff: \"back-off 5m0s restarting failed container=grafana pod=k6teststeady5-grafana-68bd494c65-2q4h8_hosted-grafana(18b85a56-363f-4d78-aef4-541eb20108bf)\"" pod="hosted-grafana/k6teststeady5-grafana-68bd494c65-2q4h8" podUID="18b85a56-363f-4d78-aef4-541eb20108bf"
I0507 11:59:30.828924    4591 scope.go:117] "RemoveContainer" containerID="c337186d90d7c7bc46e7ddfed3c4831486b74fa243b590c20dd29bb87bb7b93b"
I0507 11:59:30.770697    4739 kubelet_getters.go:187] "Pod status updated" pod="kube-system/kube-proxy-gke-dev-us-central-0-main-n2s16-3-1dd-9b502d96-78dr" status="Running"
I0507 11:59:30.762441    4773 kubelet_getters.go:187] "Pod status updated" pod="kube-system/kube-proxy-gke-dev-us-central-0-main-n2s16-3-1dd-9b502d96-hcwk" status="Running"
E0507 11:59:30.604771    4586 pod_workers.go:1300] "Error syncing pod, skipping" err="failed to \"StartContainer\" for \"grafana\" with CrashLoopBackOff: \"back-off 5m0s restarting failed container=grafana pod=dev05devuseast0test-grafana-6cb68b9788-v8dgd_hosted-grafana(59ef7574-134f-4888-826e-9a22062f29f8)\"" pod="hosted-grafana/dev05devuseast0test-grafana-6cb68b9788-v8dgd" podUID="59ef7574-134f-4888-826e-9a22062f29f8"
I0507 11:59:30.604104    4586 scope.go:117] "RemoveContainer" containerID="c1992a17a0b5dc3d80080fcc1602d9481f2b4259ab708628828de7f34211f199"
E0507 11:59:30.570213    4595 pod_workers.go:1300] "Error syncing pod, skipping" err="failed to \"StartContainer\" for \"grafana\" with CrashLoopBackOff: \"back-off 5m0s restarting failed container=grafana pod=ephemeral1180076306267marefr-grafana-78764cf8d9-vpztz_hosted-grafana(a78403f0-4ce8-4320-9df1-0d15e427b4a1)\"" pod="hosted-grafana/ephemeral1180076306267marefr-grafana-78764cf8d9-vpztz" podUID="a78403f0-4ce8-4320-9df1-0d15e427b4a1"
I0507 11:59:30.569190    4595 scope.go:117] "RemoveContainer" containerID="0b227353407956e7e3fcf7752ca1eec752856d7e36ca37dcc004e2cc7a749079"
ll header: 00000000: 42 01 0a 80 00 17 42 01 0a 80 00 01 08 00
IPv4: martian source 10.132.141.91 from 10.132.141.80, on dev eth0
I0507 11:59:30.367585    4601 kubelet_volumes.go:161] "Cleaned up orphaned pod volumes dir" podUID="10bdda8a-7f0b-466e-9c81-045fb5150dc4" path="/var/lib/kubelet/pods/10bdda8a-7f0b-466e-9c81-045fb5150dc4/volumes"
E0507 11:59:30.363662    4601 pod_workers.go:1300] "Error syncing pod, skipping" err="failed to \"StartContainer\" for \"grafana\" with ImagePullBackOff: \"Back-off pulling image \\\"us.gcr.io/hosted-grafana/hosted-grafana-pro:11.1.0-ephemeral-85282-20418-1\\\"\"" pod="hosted-grafana/ephemeral1511182185282svenner-grafana-6f6b6f4d85-9xlcc" podUID="fee4a5b2-d22d-4d80-8041-8796a997679a"
XMT: Solicit on eth0, interval 130040ms.
I0507 11:59:30.304754    4779 kubelet_getters.go:187] "Pod status updated" pod="kube-system/kube-proxy-gke-dev-us-central-0-main-n2s16-3-1dd-9b502d96-nx8q" status="Running"
I0507 11:59:30.200842    4769 kubelet_getters.go:187] "Pod status updated" pod="kube-system/kube-proxy-gke-dev-us-central-0-main-n2s16-3-1dd-9b502d96-kvxj" status="Running"
I0507 11:59:30.198170    4748 kubelet_getters.go:187] "Pod status updated" pod="kube-system/kube-proxy-gke-dev-us-central-0-databenchloki-n2-8c6b6266-2tvt" status="Running"
E0507 11:59:30.152725    4572 pod_workers.go:1300] "Error syncing pod, skipping" err="failed to \"StartContainer\" for \"grafana\" with ImagePullBackOff: \"Back-off pulling image \\\"us.gcr.io/hosted-grafana/hosted-grafana-pro:10.1.0-ephemeral-enterprise-6372-855-1\\\"\"" pod="hosted-grafana/ephemeral1180076306372jacobso-grafana-7f66f49b8d-kzhxd" podUID="7ac84154-783b-4672-b865-f728da592129"
E0507 11:59:30.092903    4724 pod_workers.go:1300] "Error syncing pod, skipping" err="failed to \"StartContainer\" for \"cortex-gw\" with CrashLoopBackOff: \"back-off 5m0s restarting failed container=cortex-gw pod=cortex-gw-6f7f764f94-rgtw8_faro(d6bf8bcc-35b9-4c1f-ab69-f857a2328d11)\"" pod="faro/cortex-gw-6f7f764f94-rgtw8" podUID="d6bf8bcc-35b9-4c1f-ab69-f857a2328d11"
I0507 11:59:30.092498    4724 scope.go:117] "RemoveContainer" containerID="60da1d466a5340942033d5d688a2f4ad116039a5035b5b6f8233fd240d6472bf"
E0507 11:59:30.042197    4589 pod_workers.go:1300] "Error syncing pod, skipping" err="failed to \"StartContainer\" for \"grafana\" with CrashLoopBackOff: \"back-off 5m0s restarting failed container=grafana pod=benchloadtestingxxl2-grafana-56b7c6b6df-nj27g_hosted-grafana(212d6baa-7068-4ad2-9617-f67f010e866d)\"" pod="hosted-grafana/benchloadtestingxxl2-grafana-56b7c6b6df-nj27g" podUID="212d6baa-7068-4ad2-9617-f67f010e866d"
I0507 11:59:30.041381    4589 scope.go:117] "RemoveContainer" containerID="efb5462666d496e154e0477e0540b5325157c76f784e16834d1ab78c4fce2815"
I0507 11:59:29.861354    4531 kubelet_getters.go:187] "Pod status updated" pod="kube-system/kube-proxy-gke-dev-us-central-0-otel-alt-n2s4-0--3cf760c5-s8l4" status="Running"
I0507 11:59:29.809996    4602 kubelet_getters.go:187] "Pod status updated" pod="kube-system/kube-proxy-gke-dev-us-central-0-hg-n2s8-6-1dd39c-3bfd06e9-7pn8" status="Running"
E0507 11:59:29.725681    3089 pod_workers.go:1300] "Error syncing pod, skipping" err="failed to \"StartContainer\" for \"azure-resourcemanager-exporter\" with CrashLoopBackOff: \"back-off 5m0s restarting failed container=azure-resourcemanager-exporter pod=azure-resourcemanager-exporter-6b5b58c666-rsttd_infra-exporters(5a95f801-309c-4f33-864a-406262c6ece6)\"" pod="infra-exporters/azure-resourcemanager-exporter-6b5b58c666-rsttd" podUID="5a95f801-309c-4f33-864a-406262c6ece6"
I0507 11:59:29.725405    3089 scope.go:117] "RemoveContainer" containerID="fc52eb9945ce8a690b931db46692a6dd0bd9595808feb29e404ffd565f685f84"
E0507 11:59:29.722713    4732 pod_workers.go:1300] "Error syncing pod, skipping" err="failed to \"StartContainer\" for \"support-agent\" with CrashLoopBackOff: \"back-off 5m0s restarting failed container=support-agent pod=support-agent-557dff8b77-c6f8b_support-agent(ede5a224-96fb-45d0-b452-1eb2de73cf19)\"" pod="support-agent/support-agent-557dff8b77-c6f8b" podUID="ede5a224-96fb-45d0-b452-1eb2de73cf19"
I0507 11:59:29.722345    4732 scope.go:117] "RemoveContainer" containerID="e0a235a59cc57d2dbbcab276b25c7bb1bab9cecc37697779748125072457736f"
E0507 11:59:29.667989    2776 pod_workers.go:1300] "Error syncing pod, skipping" err="failed to \"StartContainer\" for \"goldpinger\" with CrashLoopBackOff: \"back-off 5m0s restarting failed container=goldpinger pod=goldpinger-dw7wf_goldpinger(7dc39876-4602-45e9-a701-c9f8bf8c70b9)\"" pod="goldpinger/goldpinger-dw7wf" podUID="7dc39876-4602-45e9-a701-c9f8bf8c70b9"
I0507 11:59:29.667381    2776 scope.go:117] "RemoveContainer" containerID="6f49a440ca8bc4e796384c08cafe8a9402ece7910a5413cb95d8c4fc808e86cd"
I0507 11:59:29.656819    4742 kubelet_getters.go:187] "Pod status updated" pod="kube-system/kube-proxy-gke-dev-us-central-0-main-n2s16-3-1dd-9b502d96-qqlx" status="Running"
E0507 11:59:29.603893    4586 pod_workers.go:1300] "Error syncing pod, skipping" err="failed to \"StartContainer\" for \"grafana\" with ImagePullBackOff: \"Back-off pulling image \\\"us.gcr.io/hosted-grafana/hosted-grafana-pro:11.1.0-ephemeral-6432-916-1\\\"\"" pod="hosted-grafana/ephemeral1180076306432stephan-grafana-696d787664-jftqh" podUID="41fba902-127b-4514-b1ca-ed431bc59a6c"
E0507 11:59:29.570535    4595 pod_workers.go:1300] "Error syncing pod, skipping" err="failed to \"StartContainer\" for \"grafana\" with CrashLoopBackOff: \"back-off 5m0s restarting failed container=grafana pod=ephemeral1511182179279sarahzi-grafana-c8fbf74dd-cnskb_hosted-grafana(b2b8b8d9-9323-467d-99f5-e3289720a333)\"" pod="hosted-grafana/ephemeral1511182179279sarahzi-grafana-c8fbf74dd-cnskb" podUID="b2b8b8d9-9323-467d-99f5-e3289720a333"
I0507 11:59:29.569915    4595 scope.go:117] "RemoveContainer" containerID="e223c471263c29a926b1319ae96b0ca116e3668d27011b6bc6fa5adebc0558c5"
I0507 11:59:29.550166    4735 kubelet_getters.go:187] "Pod status updated" pod="kube-system/kube-proxy-gke-dev-us-central-0-main-n2s16-3-1dd-9b502d96-lngb" status="Running"
E0507 11:59:29.538430    4590 pod_workers.go:1300] "Error syncing pod, skipping" err="failed to \"StartContainer\" for \"grafana\" with ImagePullBackOff: \"Back-off pulling image \\\"us.gcr.io/hosted-grafana/hosted-grafana-pro:11.1.0-ephemeral-85282-20418-1\\\"\"" pod="hosted-grafana/ephemeral1511182185282svenner-grafana-6944cbdfcc-64z2p" podUID="1abeccba-cc20-47a4-b55c-fff4b7decbe1"
E0507 11:59:29.538063    4590 pod_workers.go:1300] "Error syncing pod, skipping" err="failed to \"StartContainer\" for \"grafana\" with CrashLoopBackOff: \"back-off 5m0s restarting failed container=grafana pod=k6teststeady6-grafana-67b679bd8c-l7knf_hosted-grafana(c5975fd5-22d7-4efb-a6b6-3064876188c1)\"" pod="hosted-grafana/k6teststeady6-grafana-67b679bd8c-l7knf" podUID="c5975fd5-22d7-4efb-a6b6-3064876188c1"
I0507 11:59:29.537415    4590 scope.go:117] "RemoveContainer" containerID="5b8aad8ab95e5f4201702424140d73f5cc582d6d48583a31ca0b0dabea27d806"
I0507 11:59:29.434503 1119040 cache.go:40] re-using cached key and certificate
ll header: 00000000: 42 01 0a 80 00 17 42 01 0a 80 00 01 08 00
IPv4: martian source 10.132.141.91 from 10.132.141.80, on dev eth0
I0507 11:59:29.408118    4734 kubelet_getters.go:187] "Pod status updated" pod="kube-system/kube-proxy-gke-dev-us-central-0-databenchloki-n2-8c6b6266-bz78" status="Running"
I0507 11:59:29.320184 1537502 kubelet_pods.go:906] "Unable to retrieve pull secret, the image pull may not succeed." pod="logs-endpoint-dev-005/kafka-controller-0" secret="" err="secret \"not-needed\" not found"
E0507 11:59:29.151970    4572 pod_workers.go:1300] "Error syncing pod, skipping" err="failed to \"StartContainer\" for \"grafana\" with ImagePullBackOff: \"Back-off pulling image \\\"us.gcr.io/hosted-grafana/hosted-grafana-pro:11.1.0-ephemeral-6439-933-1\\\"\"" pod="hosted-grafana/ephemeral1180076306439dafyddt-grafana-9769b9f5-g5qqf" podUID="e6633496-a926-4a28-8db8-6405d33cb4bc"
I0507 11:59:29.142840    4763 kubelet_getters.go:187] "Pod status updated" pod="kube-system/kube-proxy-gke-dev-us-central-0-main-n2s16-3-1dd-9b502d96-x94l" status="Running"
E0507 11:59:28.939546    3659 pod_workers.go:1300] "Error syncing pod, skipping" err="failed to \"StartContainer\" for \"cortex-gw\" with CrashLoopBackOff: \"back-off 5m0s restarting failed container=cortex-gw pod=cortex-gw-74f78948ff-9pcl6_faro(643043e2-707a-4a3f-adf3-08beab1d1ea7)\"" pod="faro/cortex-gw-74f78948ff-9pcl6" podUID="643043e2-707a-4a3f-adf3-08beab1d1ea7"
I0507 11:59:28.939111    3659 scope.go:117] "RemoveContainer" containerID="9940112c30fda42aa2b814faddfc969d9a2328ae70ecb9b858d75aa6f8b61483"
E0507 11:59:28.925475    4733 pod_workers.go:1300] "Error syncing pod, skipping" err="failed to \"StartContainer\" for \"pdc\" with ErrImageNeverPull: \"Container image \\\"us.gcr.io/hosted-grafana/pdc:0.1.415\\\" is not present with pull policy of Never\"" pod="pdc/private-datasource-connect-564fb6cfbb-l8pgv" podUID="57e4a0cb-5e77-47bd-b277-70f4b1512c44"
