I0507 11:59:44.523502    4727 kubelet_getters.go:187] "Pod status updated" pod="kube-system/kube-proxy-gke-dev-us-central-0-main-n2s16-3-1dd-9b502d96-x82q" status="Running"
XMT: Solicit on eth0, interval 117950ms.
time="2024-05-07T11:59:43.954655670Z" level=info msg="StartContainer for \"93fa5decd62691912f90c9b27526f5e00183239bfa4d3f4ea8578a7873b9c2b4\""
time="2024-05-07T11:59:43.954289531Z" level=info msg="CreateContainer within sandbox \"ee9dc07bca79ef7dffe2a6eb326e27236e9e97c35913c7aae16ee0a62632fc25\" for &ContainerMetadata{Name:cortex-gw,Attempt:1660,} returns container id \"93fa5decd62691912f90c9b27526f5e00183239bfa4d3f4ea8578a7873b9c2b4\""
time="2024-05-07T11:59:43.941729092Z" level=info msg="CreateContainer within sandbox \"ee9dc07bca79ef7dffe2a6eb326e27236e9e97c35913c7aae16ee0a62632fc25\" for container &ContainerMetadata{Name:cortex-gw,Attempt:1660,}"
I0507 11:59:43.939053    3659 scope.go:117] "RemoveContainer" containerID="9940112c30fda42aa2b814faddfc969d9a2328ae70ecb9b858d75aa6f8b61483"
AVC apparmor="DENIED" operation="ptrace" profile="cri-containerd.apparmor.d" pid=36674 comm="pidof" requested_mask="read" denied_mask="read" peer="unconfined"
AVC apparmor="DENIED" operation="ptrace" profile="cri-containerd.apparmor.d" pid=36674 comm="pidof" requested_mask="read" denied_mask="read" peer="unconfined"
AVC apparmor="DENIED" operation="ptrace" profile="cri-containerd.apparmor.d" pid=36674 comm="pidof" requested_mask="read" denied_mask="read" peer="unconfined"
E0507 11:59:43.923954    4643 pod_workers.go:1300] "Error syncing pod, skipping" err="failed to \"StartContainer\" for \"grafana\" with CrashLoopBackOff: \"back-off 5m0s restarting failed container=grafana pod=benchloadtestingxxl2-grafana-56b7c6b6df-j7jh6_hosted-grafana(83fb0f38-728e-4050-9500-6ac9fc9f21c8)\"" pod="hosted-grafana/benchloadtestingxxl2-grafana-56b7c6b6df-j7jh6" podUID="83fb0f38-728e-4050-9500-6ac9fc9f21c8"
I0507 11:59:43.923422    4643 scope.go:117] "RemoveContainer" containerID="a85b6a771be0a2165463617e0c7a4f5b42dbb5c232c57166f32a72d969a25bf1"
I0507 11:59:43.910438    4624 kubelet.go:2498] "SyncLoop (probe)" probe="readiness" status="ready" pod="hosted-grafana/ephemeral1511182183108soniaag-grafana-66698879db-52td7"
E0507 11:59:43.910202    4624 prober.go:239] "Unable to write all bytes from execInContainer" err="short write" expectedBytes=12133 actualBytes=10240
I0507 11:59:43.794276    4775 kubelet_getters.go:187] "Pod status updated" pod="kube-system/kube-proxy-gke-dev-us-central-0-main-n2s16-3-1dd-9b502d96-nvpf" status="Running"
E0507 11:59:43.743153    4601 pod_workers.go:1300] "Error syncing pod, skipping" err="failed to \"StartContainer\" for \"grafana\" with CrashLoopBackOff: \"back-off 5m0s restarting failed container=grafana pod=benchloadtestingxxl2-grafana-5bb9765dd8-ktf2b_hosted-grafana(e8405a93-3a4c-4074-909d-661219c1f849)\"" pod="hosted-grafana/benchloadtestingxxl2-grafana-5bb9765dd8-ktf2b" podUID="e8405a93-3a4c-4074-909d-661219c1f849"
I0507 11:59:43.742649    4601 scope.go:117] "RemoveContainer" containerID="8dbc699386128aa4e4af25beb0ea7e7ecad1b2d5e829061a04ff808054f050aa"
AVC apparmor="DENIED" operation="ptrace" profile="cri-containerd.apparmor.d" pid=36672 comm="pidof" requested_mask="read" denied_mask="read" peer="unconfined"
AVC apparmor="DENIED" operation="ptrace" profile="cri-containerd.apparmor.d" pid=36672 comm="pidof" requested_mask="read" denied_mask="read" peer="unconfined"
AVC apparmor="DENIED" operation="ptrace" profile="cri-containerd.apparmor.d" pid=36672 comm="pidof" requested_mask="read" denied_mask="read" peer="unconfined"
E0507 11:59:43.704880    4602 pod_workers.go:1300] "Error syncing pod, skipping" err="failed to \"StartContainer\" for \"grafana\" with CrashLoopBackOff: \"back-off 5m0s restarting failed container=grafana pod=benchloadtestingxxl2-grafana-56b7c6b6df-4gclf_hosted-grafana(fe493f66-8d1f-4435-9208-0304fd499ee1)\"" pod="hosted-grafana/benchloadtestingxxl2-grafana-56b7c6b6df-4gclf" podUID="fe493f66-8d1f-4435-9208-0304fd499ee1"
I0507 11:59:43.704288    4602 scope.go:117] "RemoveContainer" containerID="2773338620ccfb32536d17788865e6fd4c7de7250ab31a7922195ffc1387ee5f"
I0507 11:59:43.644447    4755 kubelet_getters.go:187] "Pod status updated" pod="kube-system/kube-proxy-gke-dev-us-central-1-main-n2s16-1-1dd-97837cc3-lpds" status="Running"
E0507 11:59:43.643392    4592 pod_workers.go:1300] "Error syncing pod, skipping" err="failed to \"StartContainer\" for \"grafana\" with CrashLoopBackOff: \"back-off 5m0s restarting failed container=grafana pod=benchloadtestingxxl2-grafana-56b7c6b6df-vqkzm_hosted-grafana(d3742b42-2b35-4c32-8267-7cf79bbcb441)\"" pod="hosted-grafana/benchloadtestingxxl2-grafana-56b7c6b6df-vqkzm" podUID="d3742b42-2b35-4c32-8267-7cf79bbcb441"
I0507 11:59:43.642869    4592 scope.go:117] "RemoveContainer" containerID="d53fbb23caf1e92d73b7ccf3a991c2ccd1d1b1ef072bfb1f6798a781d3809679"
I0507 11:59:43.642392    4592 kubelet.go:2498] "SyncLoop (probe)" probe="liveness" status="unhealthy" pod="hosted-grafana/benchloadtestingxxl2-grafana-56b7c6b6df-vqkzm"
I0507 11:59:43.520806    4724 kubelet_getters.go:187] "Pod status updated" pod="kube-system/kube-proxy-gke-dev-us-central-0-main-n2s16-3-1dd-9b502d96-j5wp" status="Running"
I0507 11:59:43.503115    4773 kubelet_getters.go:187] "Pod status updated" pod="kube-system/kube-proxy-gke-dev-us-central-0-main-n2s16-3-1dd-9b502d96-dqf8" status="Running"
2024-05-07T11:59:43.499167Z INFO TelemetryEventsCollector ExtHandler Collected 2 events for extension: Microsoft.Azure.Extensions.CustomScript
2024-05-07T11:59:43.484606Z INFO ExtHandler ExtHandler Downloading agent manifest
I0507 11:59:43.476936    4734 kubelet_getters.go:187] "Pod status updated" pod="kube-system/kube-proxy-gke-dev-us-central-0-main-n2s16-3-1dd-9b502d96-vvgr" status="Running"
E0507 11:59:43.469105    3315 pod_workers.go:1300] "Error syncing pod, skipping" err="failed to \"StartContainer\" for \"gcom-sync\" with ImagePullBackOff: \"Back-off pulling image \\\"us.gcr.io/kubernetes-dev/frontend-monitoring:6a8eb5a\\\"\"" pod="faro/update-usage-28487080-9sqzn" podUID="2cc85139-2f31-44ae-a308-3dc0df893592"
I0507 11:59:43.455842    4729 kubelet_getters.go:187] "Pod status updated" pod="kube-system/kube-proxy-gke-dev-us-central-0-main-n2s16-3-1dd-9b502d96-v5z4" status="Running"
AVC apparmor="DENIED" operation="ptrace" profile="cri-containerd.apparmor.d" pid=36670 comm="pidof" requested_mask="read" denied_mask="read" peer="unconfined"
AVC apparmor="DENIED" operation="ptrace" profile="cri-containerd.apparmor.d" pid=36670 comm="pidof" requested_mask="read" denied_mask="read" peer="unconfined"
AVC apparmor="DENIED" operation="ptrace" profile="cri-containerd.apparmor.d" pid=36670 comm="pidof" requested_mask="read" denied_mask="read" peer="unconfined"
E0507 11:59:43.362209    4601 pod_workers.go:1300] "Error syncing pod, skipping" err="failed to \"StartContainer\" for \"grafana\" with ImagePullBackOff: \"Back-off pulling image \\\"us.gcr.io/hosted-grafana/hosted-grafana-pro:11.1.0-ephemeral-85282-20418-1\\\"\"" pod="hosted-grafana/ephemeral1511182185282svenner-grafana-6f6b6f4d85-9xlcc" podUID="fee4a5b2-d22d-4d80-8041-8796a997679a"
I0507 11:59:43.321744    4731 kubelet_getters.go:187] "Pod status updated" pod="kube-system/kube-proxy-gke-dev-us-central-0-main-n2s16-3-1dd-9b502d96-x24s" status="Running"
I0507 11:59:43.306213    4736 kubelet_getters.go:187] "Pod status updated" pod="kube-system/kube-proxy-gke-dev-us-central-0-main-n2s16-3-1dd-9b502d96-78d9" status="Running"
I0507 11:59:43.223958    4731 kubelet_getters.go:187] "Pod status updated" pod="kube-system/kube-proxy-gke-dev-us-central-0-main-n2s16-3-1dd-9b502d96-x24s" status="Running"
AVC apparmor="DENIED" operation="ptrace" profile="cri-containerd.apparmor.d" pid=36668 comm="pidof" requested_mask="read" denied_mask="read" peer="unconfined"
AVC apparmor="DENIED" operation="ptrace" profile="cri-containerd.apparmor.d" pid=36668 comm="pidof" requested_mask="read" denied_mask="read" peer="unconfined"
AVC apparmor="DENIED" operation="ptrace" profile="cri-containerd.apparmor.d" pid=36668 comm="pidof" requested_mask="read" denied_mask="read" peer="unconfined"
I0507 11:59:43.157806    4724 kubelet_getters.go:187] "Pod status updated" pod="kube-system/kube-proxy-gke-dev-us-central-0-main-n2s16-3-1dd-9b502d96-t8zj" status="Running"
XMT: Solicit on eth0, interval 126130ms.
E0507 11:59:43.151914    4572 pod_workers.go:1300] "Error syncing pod, skipping" err="failed to \"StartContainer\" for \"grafana\" with CrashLoopBackOff: \"back-off 5m0s restarting failed container=grafana pod=k6testslow2-grafana-7b64f97bd7-t22zk_hosted-grafana(9890650a-e338-4648-be7a-bb7f9726aa46)\"" pod="hosted-grafana/k6testslow2-grafana-7b64f97bd7-t22zk" podUID="9890650a-e338-4648-be7a-bb7f9726aa46"
I0507 11:59:43.151045    4572 scope.go:117] "RemoveContainer" containerID="885a879aadfd9cb0665b3cf90d203d82dd9a1da0a75fe01d8b01f5cd49efd910"
I0507 11:59:43.119017    4736 kubelet_getters.go:187] "Pod status updated" pod="kube-system/kube-proxy-gke-dev-us-central-0-main-n2s16-3-1dd-9b502d96-dhdn" status="Running"
I0507 11:59:43.091861    4740 kubelet_getters.go:187] "Pod status updated" pod="kube-system/kube-proxy-gke-dev-us-central-1-main-n2s16-1-1dd-97837cc3-cfqk" status="Running"
I0507 11:59:43.048506    4590 kubelet_getters.go:187] "Pod status updated" pod="kube-system/kube-proxy-gke-dev-us-central-0-hg-n2s8-6-1dd39c-3bfd06e9-5jwm" status="Running"
I0507 11:59:43.041723    4589 kubelet_pods.go:906] "Unable to retrieve pull secret, the image pull may not succeed." pod="grafana-apps/bigquery-datasource-grafana-app-fast-7c94f74fd6-9n6t7" secret="" err="secret \"dockerhub\" not found"
I0507 11:59:42.939527    4773 kubelet_getters.go:187] "Pod status updated" pod="kube-system/kube-proxy-gke-dev-us-central-1-main-n2s16-1-1dd-97837cc3-4t6k" status="Running"
AVC apparmor="DENIED" operation="ptrace" profile="cri-containerd.apparmor.d" pid=36657 comm="pidof" requested_mask="read" denied_mask="read" peer="unconfined"
AVC apparmor="DENIED" operation="ptrace" profile="cri-containerd.apparmor.d" pid=36657 comm="pidof" requested_mask="read" denied_mask="read" peer="unconfined"
AVC apparmor="DENIED" operation="ptrace" profile="cri-containerd.apparmor.d" pid=36657 comm="pidof" requested_mask="read" denied_mask="read" peer="unconfined"
E0507 11:59:42.925813    4733 pod_workers.go:1300] "Error syncing pod, skipping" err="failed to \"StartContainer\" for \"prometheus\" with CrashLoopBackOff: \"back-off 5m0s restarting failed container=prometheus pod=bryan-prometheus-0_bryan-prometheus(6dadfe71-eb19-4231-a96e-c64bb5499a1e)\"" pod="bryan-prometheus/bryan-prometheus-0" podUID="6dadfe71-eb19-4231-a96e-c64bb5499a1e"
I0507 11:59:42.925068    4733 scope.go:117] "RemoveContainer" containerID="f0f5ac8b5f4dba0a416c838dd7ccfa903bd1ca22e36ebc4d98a29b4e646063c6"
I0507 11:59:42.923268    4731 kubelet_getters.go:187] "Pod status updated" pod="kube-system/kube-proxy-gke-dev-us-central-0-main-n2s16-3-1dd-9b502d96-7c5w" status="Running"
E0507 11:59:42.886785    4597 pod_workers.go:1300] "Error syncing pod, skipping" err="failed to \"StartContainer\" for \"grafana\" with ImagePullBackOff: \"Back-off pulling image \\\"us.gcr.io/hosted-grafana/hosted-grafana-pro:10.0.2\\\"\"" pod="hosted-grafana/johangrafana10-grafana-69c6449bbd-k2bgp" podUID="bb953c26-c201-4082-9b56-85ab12c1d0e1"
I0507 11:59:42.870523    4708 kubelet_getters.go:187] "Pod status updated" pod="kube-system/kube-proxy-gke-dev-us-central-0-cache-n2hc8-1-1d-61155fd9-kqpq" status="Running"
2024-05-07T11:59:42.753652Z INFO TelemetryEventsCollector ExtHandler Collected 2 events for extension: Microsoft.Azure.Extensions.CustomScript
audit: type=1400 audit(1715083182.707:151): apparmor="DENIED" operation="ptrace" profile="cri-containerd.apparmor.d" pid=36655 comm="pidof" requested_mask="read" denied_mask="read" peer="unconfined"
AVC apparmor="DENIED" operation="ptrace" profile="cri-containerd.apparmor.d" pid=36655 comm="pidof" requested_mask="read" denied_mask="read" peer="unconfined"
AVC apparmor="DENIED" operation="ptrace" profile="cri-containerd.apparmor.d" pid=36655 comm="pidof" requested_mask="read" denied_mask="read" peer="unconfined"
AVC apparmor="DENIED" operation="ptrace" profile="cri-containerd.apparmor.d" pid=36655 comm="pidof" requested_mask="read" denied_mask="read" peer="unconfined"
I0507 11:59:42.683728    4736 kubelet_getters.go:187] "Pod status updated" pod="kube-system/kube-proxy-gke-dev-us-central-0-main-n2s16-3-1dd-9b502d96-78d9" status="Running"
I0507 11:59:42.668601    4727 kubelet_getters.go:187] "Pod status updated" pod="kube-system/kube-proxy-gke-dev-us-central-0-main-n2s16-3-1dd-9b502d96-rr2n" status="Running"
E0507 11:59:42.540931    4590 pod_workers.go:1300] "Error syncing pod, skipping" err="failed to \"StartContainer\" for \"grafana\" with ImagePullBackOff: \"Back-off pulling image \\\"us.gcr.io/hosted-grafana/hosted-grafana-pro:11.1.0-ephemeral-85282-20418-1\\\"\"" pod="hosted-grafana/ephemeral1511182185282svenner-grafana-6944cbdfcc-64z2p" podUID="1abeccba-cc20-47a4-b55c-fff4b7decbe1"
I0507 11:59:42.473132    4761 kubelet_getters.go:187] "Pod status updated" pod="kube-system/kube-proxy-gke-dev-us-central-1-main-n2s16-1-1dd-97837cc3-84qv" status="Running"
I0507 11:59:42.461420    4733 kubelet_pods.go:906] "Unable to retrieve pull secret, the image pull may not succeed." pod="grafana-apps/query-grafana-app-fast-7d6dfcc787-t626q" secret="" err="secret \"dockerhub\" not found"
I0507 11:59:42.452711    4610 kubelet_getters.go:187] "Pod status updated" pod="kube-system/kube-proxy-gke-dev-us-central-0-perf-n2s8-0-1dd3-91689928-hl8m" status="Running"
audit: type=1400 audit(1715083182.427:150): apparmor="DENIED" operation="ptrace" profile="cri-containerd.apparmor.d" pid=36645 comm="pidof" requested_mask="read" denied_mask="read" peer="unconfined"
audit: type=1400 audit(1715083182.427:149): apparmor="DENIED" operation="ptrace" profile="cri-containerd.apparmor.d" pid=36645 comm="pidof" requested_mask="read" denied_mask="read" peer="unconfined"
audit: type=1400 audit(1715083182.427:148): apparmor="DENIED" operation="ptrace" profile="cri-containerd.apparmor.d" pid=36645 comm="pidof" requested_mask="read" denied_mask="read" peer="unconfined"
AVC apparmor="DENIED" operation="ptrace" profile="cri-containerd.apparmor.d" pid=36645 comm="pidof" requested_mask="read" denied_mask="read" peer="unconfined"
AVC apparmor="DENIED" operation="ptrace" profile="cri-containerd.apparmor.d" pid=36645 comm="pidof" requested_mask="read" denied_mask="read" peer="unconfined"
AVC apparmor="DENIED" operation="ptrace" profile="cri-containerd.apparmor.d" pid=36645 comm="pidof" requested_mask="read" denied_mask="read" peer="unconfined"
E0507 11:59:42.390135    4726 pod_workers.go:1300] "Error syncing pod, skipping" err="failed to \"StartContainer\" for \"support-agent\" with CrashLoopBackOff: \"back-off 5m0s restarting failed container=support-agent pod=support-agent-557dff8b77-sx6hb_support-agent(f7b72dbb-4f3a-45b1-88c0-62337a3e8d3d)\"" pod="support-agent/support-agent-557dff8b77-sx6hb" podUID="f7b72dbb-4f3a-45b1-88c0-62337a3e8d3d"
I0507 11:59:42.389722    4726 scope.go:117] "RemoveContainer" containerID="b35f99aea28d40fc317084351108a819285a8c62583dab13a9dc1a35e150715d"
E0507 11:59:42.363245    4601 pod_workers.go:1300] "Error syncing pod, skipping" err="failed to \"StartContainer\" for \"grafana\" with CrashLoopBackOff: \"back-off 5m0s restarting failed container=grafana pod=benchloadtestingxxl2-grafana-56b7c6b6df-l2ck2_hosted-grafana(aa7ee40a-4ed2-456b-86bc-a6b77d48fa82)\"" pod="hosted-grafana/benchloadtestingxxl2-grafana-56b7c6b6df-l2ck2" podUID="aa7ee40a-4ed2-456b-86bc-a6b77d48fa82"
E0507 11:59:42.362999    4601 pod_workers.go:1300] "Error syncing pod, skipping" err="failed to \"StartContainer\" for \"grafana\" with ImagePullBackOff: \"Back-off pulling image \\\"us.gcr.io/hosted-grafana/hosted-grafana-pro:10.0.2\\\"\"" pod="hosted-grafana/johan6-grafana-85546bbbf5-xbkrj" podUID="a1ca81cd-1fd3-4f14-b6a5-a129930ba761"
I0507 11:59:42.361599    4601 scope.go:117] "RemoveContainer" containerID="3c87e154309d0cdeea32be3c09f3cac0965efff7f1775be65bfef8fbc925782d"
I0507 11:59:42.325378    4581 kubelet_getters.go:187] "Pod status updated" pod="kube-system/kube-proxy-gke-dev-us-central-0-hg-n2s8-6-1dd39c-3bfd06e9-4hrn" status="Running"
audit: type=1400 audit(1715083182.207:147): apparmor="DENIED" operation="ptrace" profile="cri-containerd.apparmor.d" pid=36643 comm="pidof" requested_mask="read" denied_mask="read" peer="unconfined"
audit: type=1400 audit(1715083182.207:146): apparmor="DENIED" operation="ptrace" profile="cri-containerd.apparmor.d" pid=36643 comm="pidof" requested_mask="read" denied_mask="read" peer="unconfined"
audit: type=1400 audit(1715083182.207:145): apparmor="DENIED" operation="ptrace" profile="cri-containerd.apparmor.d" pid=36643 comm="pidof" requested_mask="read" denied_mask="read" peer="unconfined"
AVC apparmor="DENIED" operation="ptrace" profile="cri-containerd.apparmor.d" pid=36643 comm="pidof" requested_mask="read" denied_mask="read" peer="unconfined"
AVC apparmor="DENIED" operation="ptrace" profile="cri-containerd.apparmor.d" pid=36643 comm="pidof" requested_mask="read" denied_mask="read" peer="unconfined"
AVC apparmor="DENIED" operation="ptrace" profile="cri-containerd.apparmor.d" pid=36643 comm="pidof" requested_mask="read" denied_mask="read" peer="unconfined"
E0507 11:59:42.183133    4578 pod_workers.go:1300] "Error syncing pod, skipping" err="failed to \"StartContainer\" for \"grafana\" with CrashLoopBackOff: \"back-off 5m0s restarting failed container=grafana pod=oncalldev-grafana-7b88d9459-fvqtx_hosted-grafana(fc7753d0-4067-4626-b539-5fd27ded163b)\"" pod="hosted-grafana/oncalldev-grafana-7b88d9459-fvqtx" podUID="fc7753d0-4067-4626-b539-5fd27ded163b"
E0507 11:59:42.183013    4578 pod_workers.go:1300] "Error syncing pod, skipping" err="failed to \"StartContainer\" for \"grafana\" with CrashLoopBackOff: \"back-off 5m0s restarting failed container=grafana pod=benchloadtestingxxl2-grafana-56b7c6b6df-5chwh_hosted-grafana(d349a15d-9276-457b-8e62-7d35f1bf81c0)\"" pod="hosted-grafana/benchloadtestingxxl2-grafana-56b7c6b6df-5chwh" podUID="d349a15d-9276-457b-8e62-7d35f1bf81c0"
I0507 11:59:42.182460    4578 scope.go:117] "RemoveContainer" containerID="633c86551db397ab1ff61c06ae2334cfd3d76e9152cd24012569a2671774acbb"
I0507 11:59:42.182336    4578 scope.go:117] "RemoveContainer" containerID="11b59ae6f9e2827841afd016742b48dc692f5756819d08f4cd123fba98fd732d"
I0507 11:59:42.044224    4729 kubelet_getters.go:187] "Pod status updated" pod="kube-system/kube-proxy-gke-dev-us-central-0-main-n2s16-3-1dd-9b502d96-6vzp" status="Running"
E0507 11:59:42.042844    4589 pod_workers.go:1300] "Error syncing pod, skipping" err="failed to \"StartContainer\" for \"grafana\" with CrashLoopBackOff: \"back-off 5m0s restarting failed container=grafana pod=ephemeral1180076306267marefr-grafana-5d979884b7-lnsq2_hosted-grafana(78337132-8e81-47cc-8772-51f6e72e7927)\"" pod="hosted-grafana/ephemeral1180076306267marefr-grafana-5d979884b7-lnsq2" podUID="78337132-8e81-47cc-8772-51f6e72e7927"
E0507 11:59:42.042747    4589 pod_workers.go:1300] "Error syncing pod, skipping" err="failed to \"StartContainer\" for \"grafana\" with CrashLoopBackOff: \"back-off 5m0s restarting failed container=grafana pod=benchloadtestingxxl2-grafana-56b7c6b6df-nj27g_hosted-grafana(212d6baa-7068-4ad2-9617-f67f010e866d)\"" pod="hosted-grafana/benchloadtestingxxl2-grafana-56b7c6b6df-nj27g" podUID="212d6baa-7068-4ad2-9617-f67f010e866d"
I0507 11:59:42.042088    4589 scope.go:117] "RemoveContainer" containerID="efb5462666d496e154e0477e0540b5325157c76f784e16834d1ab78c4fce2815"
I0507 11:59:42.041815    4589 scope.go:117] "RemoveContainer" containerID="b22ba3d04cca58dd06227978cad02c4d11287b17e97aa2c9ed2a324204455fdf"
I0507 11:59:41.978947    4736 kubelet_getters.go:187] "Pod status updated" pod="kube-system/kube-proxy-gke-dev-us-central-0-main-n2s16-3-1dd-9b502d96-lw2b" status="Running"
E0507 11:59:41.965110    4731 pod_workers.go:1300] "Error syncing pod, skipping" err="failed to \"StartContainer\" for \"overrides-exporter\" with ImagePullBackOff: \"Back-off pulling image \\\"us.gcr.io/kubernetes-dev/enterprise-logs:callum-shard-firstlast-08\\\"\"" pod="loki-dev-010/overrides-exporter-98c77fd66-6zj6m" podUID="1ff5bf3e-5856-4f6f-ae04-273f2dee170b"
audit: type=1400 audit(1715083181.923:144): apparmor="DENIED" operation="ptrace" profile="cri-containerd.apparmor.d" pid=36641 comm="pidof" requested_mask="read" denied_mask="read" peer="unconfined"
audit: type=1400 audit(1715083181.923:143): apparmor="DENIED" operation="ptrace" profile="cri-containerd.apparmor.d" pid=36641 comm="pidof" requested_mask="read" denied_mask="read" peer="unconfined"
audit: type=1400 audit(1715083181.923:142): apparmor="DENIED" operation="ptrace" profile="cri-containerd.apparmor.d" pid=36641 comm="pidof" requested_mask="read" denied_mask="read" peer="unconfined"
kauditd_printk_skb: 62 callbacks suppressed
AVC apparmor="DENIED" operation="ptrace" profile="cri-containerd.apparmor.d" pid=36641 comm="pidof" requested_mask="read" denied_mask="read" peer="unconfined"
AVC apparmor="DENIED" operation="ptrace" profile="cri-containerd.apparmor.d" pid=36641 comm="pidof" requested_mask="read" denied_mask="read" peer="unconfined"
AVC apparmor="DENIED" operation="ptrace" profile="cri-containerd.apparmor.d" pid=36641 comm="pidof" requested_mask="read" denied_mask="read" peer="unconfined"
I0507 11:59:41.844213    4732 kubelet_getters.go:187] "Pod status updated" pod="kube-system/kube-proxy-gke-dev-us-central-0-main-n2s16-3-1dd-9b502d96-vpgr" status="Running"
I0507 11:59:41.844328    4639 kubelet_getters.go:187] "Pod status updated" pod="kube-system/kube-proxy-gke-dev-us-central-0-spot-n2s8-0-1dd3-f81338c4-lnkb" status="Running"
I0507 11:59:41.819406    4775 kubelet_getters.go:187] "Pod status updated" pod="kube-system/kube-proxy-gke-dev-us-central-0-main-n2s16-3-1dd-9b502d96-f2n6" status="Running"
AVC apparmor="DENIED" operation="ptrace" profile="cri-containerd.apparmor.d" pid=36639 comm="pidof" requested_mask="read" denied_mask="read" peer="unconfined"
AVC apparmor="DENIED" operation="ptrace" profile="cri-containerd.apparmor.d" pid=36639 comm="pidof" requested_mask="read" denied_mask="read" peer="unconfined"
AVC apparmor="DENIED" operation="ptrace" profile="cri-containerd.apparmor.d" pid=36639 comm="pidof" requested_mask="read" denied_mask="read" peer="unconfined"
I0507 11:59:41.619645    6247 prober.go:107] "Probe failed" probeType="Readiness" pod="grafana-agent/grafana-agent-helm-4" podUID="c36c5200-1cd6-4093-893c-c022f91af996" containerName="grafana-agent" probeResult="failure" output="Get \"http://10.0.99.125:3090/-/ready\": dial tcp 10.0.99.125:3090: connect: connection refused"
E0507 11:59:41.604606    4586 pod_workers.go:1300] "Error syncing pod, skipping" err="failed to \"StartContainer\" for \"grafana\" with ImagePullBackOff: \"Back-off pulling image \\\"us.gcr.io/hosted-grafana/hosted-grafana-pro:11.1.0-ephemeral-6432-916-1\\\"\"" pod="hosted-grafana/ephemeral1180076306432stephan-grafana-696d787664-jftqh" podUID="41fba902-127b-4514-b1ca-ed431bc59a6c"
E0507 11:59:41.604446    4586 pod_workers.go:1300] "Error syncing pod, skipping" err="failed to \"StartContainer\" for \"grafana\" with CrashLoopBackOff: \"back-off 5m0s restarting failed container=grafana pod=dev05devuseast0test-grafana-6cb68b9788-v8dgd_hosted-grafana(59ef7574-134f-4888-826e-9a22062f29f8)\"" pod="hosted-grafana/dev05devuseast0test-grafana-6cb68b9788-v8dgd" podUID="59ef7574-134f-4888-826e-9a22062f29f8"
I0507 11:59:41.603726    4586 scope.go:117] "RemoveContainer" containerID="c1992a17a0b5dc3d80080fcc1602d9481f2b4259ab708628828de7f34211f199"
E0507 11:59:41.601058    4624 pod_workers.go:1300] "Error syncing pod, skipping" err="failed to \"StartContainer\" for \"grafana\" with CrashLoopBackOff: \"back-off 5m0s restarting failed container=grafana pod=benchloadtestingxxl2-grafana-56b7c6b6df-8rbvv_hosted-grafana(55c96163-2915-466e-a1e7-38faf29e5f57)\"" pod="hosted-grafana/benchloadtestingxxl2-grafana-56b7c6b6df-8rbvv" podUID="55c96163-2915-466e-a1e7-38faf29e5f57"
I0507 11:59:41.600163    4746 kubelet_getters.go:187] "Pod status updated" pod="kube-system/kube-proxy-gke-dev-us-central-1-main-n2s16-1-1dd-97837cc3-sjzb" status="Running"
I0507 11:59:41.599190    4624 scope.go:117] "RemoveContainer" containerID="db587d00d587cb056ec6251bcea2fb39b19a5862db5d637d9980c88ea624c88c"
E0507 11:59:41.575311    4578 pod_workers.go:1300] "Error syncing pod, skipping" err="failed to \"StartContainer\" for \"grafana\" with CrashLoopBackOff: \"back-off 2m40s restarting failed container=grafana pod=k6testslow3-grafana-dcb88d9f9-h74pm_hosted-grafana(01d5760f-8e5c-41f2-ac50-49eda7752498)\"" pod="hosted-grafana/k6testslow3-grafana-dcb88d9f9-h74pm" podUID="01d5760f-8e5c-41f2-ac50-49eda7752498"
I0507 11:59:41.574530    4578 scope.go:117] "RemoveContainer" containerID="bb168ccb972acd75ea8ada775d9453e1478cb408bdb2b1a9fdb660a1ae30a1a1"
E0507 11:59:41.538570    4590 pod_workers.go:1300] "Error syncing pod, skipping" err="failed to \"StartContainer\" for \"grafana\" with CrashLoopBackOff: \"back-off 5m0s restarting failed container=grafana pod=k6teststeady6-grafana-67b679bd8c-l7knf_hosted-grafana(c5975fd5-22d7-4efb-a6b6-3064876188c1)\"" pod="hosted-grafana/k6teststeady6-grafana-67b679bd8c-l7knf" podUID="c5975fd5-22d7-4efb-a6b6-3064876188c1"
I0507 11:59:41.537978    4590 scope.go:117] "RemoveContainer" containerID="5b8aad8ab95e5f4201702424140d73f5cc582d6d48583a31ca0b0dabea27d806"
E0507 11:59:41.484796    4588 pod_workers.go:1300] "Error syncing pod, skipping" err="failed to \"StartContainer\" for \"grafana\" with CrashLoopBackOff: \"back-off 5m0s restarting failed container=grafana pod=benchloadtestingxxl2-grafana-56b7c6b6df-kkfm4_hosted-grafana(8d976e31-c3bb-489b-bb66-eb16be45f1e2)\"" pod="hosted-grafana/benchloadtestingxxl2-grafana-56b7c6b6df-kkfm4" podUID="8d976e31-c3bb-489b-bb66-eb16be45f1e2"
I0507 11:59:41.484251    4588 scope.go:117] "RemoveContainer" containerID="b491b9e12e1ac8e16fd091f5dd23a3b892c443352b1a7f2952d49dd83c09b0d6"
I0507 11:59:41.481102    4644 kubelet_getters.go:187] "Pod status updated" pod="kube-system/kube-proxy-gke-dev-us-central-0-spot-n2s8-0-1dd3-f81338c4-kdh7" status="Running"
AVC apparmor="DENIED" operation="ptrace" profile="cri-containerd.apparmor.d" pid=36637 comm="pidof" requested_mask="read" denied_mask="read" peer="unconfined"
AVC apparmor="DENIED" operation="ptrace" profile="cri-containerd.apparmor.d" pid=36637 comm="pidof" requested_mask="read" denied_mask="read" peer="unconfined"
AVC apparmor="DENIED" operation="ptrace" profile="cri-containerd.apparmor.d" pid=36637 comm="pidof" requested_mask="read" denied_mask="read" peer="unconfined"
E0507 11:59:41.375710    4736 pod_workers.go:1300] "Error syncing pod, skipping" err="failed to \"StartContainer\" for \"ruler\" with CreateContainerConfigError: \"secret \\\"ruler-alertmanager-token\\\" not found\"" pod="ge-metrics-federation/gem-mimir-ruler-5f56f7846b-fgxdm" podUID="07c06e21-137b-4fdd-b7d3-703f0a567720"
E0507 11:59:41.375655    4736 kuberuntime_manager.go:1256] container &Container{Name:ruler,Image:grafana/enterprise-metrics:v2.12.0,Command:[],Args:[-target=ruler -config.expand-env=true -config.file=/etc/mimir/mimir.yaml -distributor.remote-timeout=10s],WorkingDir:,Ports:[]ContainerPort{ContainerPort{Name:http-metrics,HostPort:0,ContainerPort:8080,Protocol:TCP,HostIP:,},ContainerPort{Name:grpc,HostPort:0,ContainerPort:9095,Protocol:TCP,HostIP:,},ContainerPort{Name:memberlist,HostPort:0,ContainerPort:7946,Protocol:TCP,HostIP:,},},Env:[]EnvVar{EnvVar{Name:JAEGER_AGENT_HOST,Value:alloy-otlp.alloy-otlp.svc.cluster.local.,ValueFrom:nil,},EnvVar{Name:JAEGER_TAGS,Value:namespace=ge-metrics-federation,cluster=dev-us-central-0,ValueFrom:nil,},EnvVar{Name:JAEGER_SAMPLER_MANAGER_HOST_PORT,Value:http://alloy-otlp.alloy-otlp.svc.cluster.local.:5778/sampling,ValueFrom:nil,},EnvVar{Name:GOOGLE_APPLICATION_CREDENTIALS,Value:/var/secrets/google/credentials.json,ValueFrom:nil,},EnvVar{Name:AM_TOKEN,Value:,ValueFrom:&EnvVarSource{FieldRef:nil,ResourceFieldRef:nil,ConfigMapKeyRef:nil,SecretKeyRef:&SecretKeySelector{LocalObjectReference:LocalObjectReference{Name:ruler-alertmanager-token,},Key:token,Optional:nil,},},},EnvVar{Name:JAEGER_REPORTER_MAX_QUEUE_SIZE,Value:1000,ValueFrom:nil,},},Resources:ResourceRequirements{Limits:ResourceList{},Requests:ResourceList{cpu: {{100 -3} {<nil>} 100m DecimalSI},memory: {{134217728 0} {<nil>}  BinarySI},},Claims:[]ResourceClaim{},},VolumeMounts:[]VolumeMount{VolumeMount{Name:gcs-credentials,ReadOnly:false,MountPath:/var/secrets/google/,SubPath:,MountPropagation:nil,SubPathExpr:,},VolumeMount{Name:config,ReadOnly:false,MountPath:/etc/mimir,SubPath:,MountPropagation:nil,SubPathExpr:,},VolumeMount{Name:license,ReadOnly:false,MountPath:/license,SubPath:,MountPropagation:nil,SubPathExpr:,},VolumeMount{Name:runtime-config,ReadOnly:false,MountPath:/var/mimir,SubPath:,MountPropagation:nil,SubPathExpr:,},VolumeMount{Name:storage,ReadOnly:false,MountPath:/data,SubPath:,MountPropagation:nil,SubPathExpr:,},VolumeMount{Name:active-queries,ReadOnly:false,MountPath:/active-query-tracker,SubPath:,MountPropagation:nil,SubPathExpr:,},VolumeMount{Name:kube-api-access-jtnbs,ReadOnly:true,MountPath:/var/run/secrets/kubernetes.io/serviceaccount,SubPath:,MountPropagation:nil,SubPathExpr:,},},LivenessProbe:nil,ReadinessProbe:&Probe{ProbeHandler:ProbeHandler{Exec:nil,HTTPGet:&HTTPGetAction{Path:/ready,Port:{1 0 http-metrics},Host:,Scheme:HTTP,HTTPHeaders:[]HTTPHeader{},},TCPSocket:nil,GRPC:nil,},InitialDelaySeconds:45,TimeoutSeconds:1,PeriodSeconds:10,SuccessThreshold:1,FailureThreshold:3,TerminationGracePeriodSeconds:nil,},Lifecycle:nil,TerminationMessagePath:/dev/termination-log,ImagePullPolicy:IfNotPresent,SecurityContext:&SecurityContext{Capabilities:&Capabilities{Add:[],Drop:[ALL],},Privileged:nil,SELinuxOptions:nil,RunAsUser:nil,RunAsNonRoot:nil,ReadOnlyRootFilesystem:*true,AllowPrivilegeEscalation:*false,RunAsGroup:nil,ProcMount:nil,WindowsOptions:nil,SeccompProfile:nil,},Stdin:false,StdinOnce:false,TTY:false,EnvFrom:[]EnvFromSource{},TerminationMessagePolicy:File,VolumeDevices:[]VolumeDevice{},StartupProbe:nil,ResizePolicy:[]ContainerResizePolicy{},RestartPolicy:nil,} start failed in pod gem-mimir-ruler-5f56f7846b-fgxdm_ge-metrics-federation(07c06e21-137b-4fdd-b7d3-703f0a567720): CreateContainerConfigError: secret "ruler-alertmanager-token" not found
I0507 11:59:41.373523    4646 kubelet_getters.go:187] "Pod status updated" pod="kube-system/kube-proxy-gke-dev-us-central-0-spot-n2s8-0-1dd3-f81338c4-m75z" status="Running"
AVC apparmor="DENIED" operation="ptrace" profile="cri-containerd.apparmor.d" pid=36635 comm="pidof" requested_mask="read" denied_mask="read" peer="unconfined"
AVC apparmor="DENIED" operation="ptrace" profile="cri-containerd.apparmor.d" pid=36635 comm="pidof" requested_mask="read" denied_mask="read" peer="unconfined"
AVC apparmor="DENIED" operation="ptrace" profile="cri-containerd.apparmor.d" pid=36635 comm="pidof" requested_mask="read" denied_mask="read" peer="unconfined"
time="2024-05-07T11:59:41.183044974Z" level=info msg="RemoveContainer for \"8d94f2aa54fdb8f6e4ddfed0f7db95a8f719e0eeccbe440b54033c29c7138cca\" returns successfully"
E0507 11:59:41.179412    2776 pod_workers.go:1300] "Error syncing pod, skipping" err="failed to \"StartContainer\" for \"grafana\" with CrashLoopBackOff: \"back-off 5m0s restarting failed container=grafana pod=dafdeveuwest2-grafana-7845d969b5-f8h5q_hosted-grafana(14ac9939-b36a-40d7-9ca9-a0367aab99d8)\"" pod="hosted-grafana/dafdeveuwest2-grafana-7845d969b5-f8h5q" podUID="14ac9939-b36a-40d7-9ca9-a0367aab99d8"
time="2024-05-07T11:59:41.179375449Z" level=info msg="RemoveContainer for \"8d94f2aa54fdb8f6e4ddfed0f7db95a8f719e0eeccbe440b54033c29c7138cca\""
I0507 11:59:41.178454    2776 scope.go:117] "RemoveContainer" containerID="eeccb21da13bfae40b1a01984522c7a8f8dcb65dba3cc1cc2f2ba73381d9eaef"
I0507 11:59:41.178001    2776 scope.go:117] "RemoveContainer" containerID="8d94f2aa54fdb8f6e4ddfed0f7db95a8f719e0eeccbe440b54033c29c7138cca"
I0507 11:59:41.177954    2776 kubelet.go:2421] "SyncLoop (PLEG): event for pod" pod="hosted-grafana/dafdeveuwest2-grafana-7845d969b5-f8h5q" event={"ID":"14ac9939-b36a-40d7-9ca9-a0367aab99d8","Type":"ContainerDied","Data":"eeccb21da13bfae40b1a01984522c7a8f8dcb65dba3cc1cc2f2ba73381d9eaef"}
I0507 11:59:41.177905    2776 generic.go:334] "Generic (PLEG): container finished" podID="14ac9939-b36a-40d7-9ca9-a0367aab99d8" containerID="eeccb21da13bfae40b1a01984522c7a8f8dcb65dba3cc1cc2f2ba73381d9eaef" exitCode=1
E0507 11:59:41.152034    4572 pod_workers.go:1300] "Error syncing pod, skipping" err="failed to \"StartContainer\" for \"grafana\" with ImagePullBackOff: \"Back-off pulling image \\\"us.gcr.io/hosted-grafana/hosted-grafana-pro:11.1.0-ephemeral-6439-933-1\\\"\"" pod="hosted-grafana/ephemeral1180076306439dafyddt-grafana-9769b9f5-g5qqf" podUID="e6633496-a926-4a28-8db8-6405d33cb4bc"
E0507 11:59:41.151972    4572 pod_workers.go:1300] "Error syncing pod, skipping" err="failed to \"StartContainer\" for \"grafana\" with ImagePullBackOff: \"Back-off pulling image \\\"us.gcr.io/hosted-grafana/hosted-grafana-pro:10.1.0-ephemeral-enterprise-6372-855-1\\\"\"" pod="hosted-grafana/ephemeral1180076306372jacobso-grafana-7f66f49b8d-kzhxd" podUID="7ac84154-783b-4672-b865-f728da592129"
E0507 11:59:41.042036    4589 pod_workers.go:1300] "Error syncing pod, skipping" err="failed to \"StartContainer\" for \"grafana\" with ImagePullBackOff: \"Back-off pulling image \\\"us.gcr.io/hosted-grafana/hosted-grafana-pro:11.1.0-ephemeral-6432-916-1\\\"\"" pod="hosted-grafana/ephemeral1180076306432stephan-grafana-6486f498c4-79z9j" podUID="301e3aba-d59e-4699-9e89-41507660c707"
AVC apparmor="DENIED" operation="ptrace" profile="cri-containerd.apparmor.d" pid=36619 comm="pidof" requested_mask="read" denied_mask="read" peer="unconfined"
AVC apparmor="DENIED" operation="ptrace" profile="cri-containerd.apparmor.d" pid=36619 comm="pidof" requested_mask="read" denied_mask="read" peer="unconfined"
AVC apparmor="DENIED" operation="ptrace" profile="cri-containerd.apparmor.d" pid=36619 comm="pidof" requested_mask="read" denied_mask="read" peer="unconfined"
E0507 11:59:40.886783    4597 pod_workers.go:1300] "Error syncing pod, skipping" err="failed to \"StartContainer\" for \"grafana\" with ImagePullBackOff: \"Back-off pulling image \\\"us.gcr.io/hosted-grafana/hosted-grafana-pro:10.1.0-ephemeral-oss-77487-8287-1\\\"\"" pod="hosted-grafana/ephemeral1511182177487torkelo-grafana-79dd77959f-2l2kd" podUID="4d3be4e9-d8c5-487f-a292-ecb699c3aaad"
E0507 11:59:40.886262    4597 pod_workers.go:1300] "Error syncing pod, skipping" err="failed to \"StartContainer\" for \"grafana\" with ImagePullBackOff: \"Back-off pulling image \\\"us.gcr.io/hosted-grafana/hosted-grafana-pro:10.1.0-ephemeral-oss-84322-18859-1\\\"\"" pod="hosted-grafana/ephemeral1511182184322yuritce-grafana-c6bc4dcc7-zffvh" podUID="fd6e5a63-416f-4ec0-9372-99da41bdffe5"
I0507 11:59:40.813204    4731 kubelet_getters.go:187] "Pod status updated" pod="kube-system/kube-proxy-gke-dev-us-central-0-main-n2s16-3-1dd-9b502d96-7c5w" status="Running"
E0507 11:59:40.787727    2776 prober.go:104] "Probe errored" err="rpc error: code = NotFound desc = failed to exec in container: failed to load task: no running task found: task eeccb21da13bfae40b1a01984522c7a8f8dcb65dba3cc1cc2f2ba73381d9eaef not found: not found" probeType="Readiness" pod="hosted-grafana/dafdeveuwest2-grafana-7845d969b5-f8h5q" podUID="14ac9939-b36a-40d7-9ca9-a0367aab99d8" containerName="grafana"
E0507 11:59:40.787679    2776 remote_runtime.go:496] "ExecSync cmd from runtime service failed" err="rpc error: code = NotFound desc = failed to exec in container: failed to load task: no running task found: task eeccb21da13bfae40b1a01984522c7a8f8dcb65dba3cc1cc2f2ba73381d9eaef not found: not found" containerID="eeccb21da13bfae40b1a01984522c7a8f8dcb65dba3cc1cc2f2ba73381d9eaef" cmd=["/bin/hgrun","check"]
time="2024-05-07T11:59:40.787470004Z" level=error msg="ExecSync for \"eeccb21da13bfae40b1a01984522c7a8f8dcb65dba3cc1cc2f2ba73381d9eaef\" failed" error="rpc error: code = NotFound desc = failed to exec in container: failed to load task: no running task found: task eeccb21da13bfae40b1a01984522c7a8f8dcb65dba3cc1cc2f2ba73381d9eaef not found: not found"
E0507 11:59:40.786721    2776 remote_runtime.go:496] "ExecSync cmd from runtime service failed" err="rpc error: code = NotFound desc = failed to exec in container: failed to load task: no running task found: task eeccb21da13bfae40b1a01984522c7a8f8dcb65dba3cc1cc2f2ba73381d9eaef not found: not found" containerID="eeccb21da13bfae40b1a01984522c7a8f8dcb65dba3cc1cc2f2ba73381d9eaef" cmd=["/bin/hgrun","check"]
time="2024-05-07T11:59:40.786428397Z" level=error msg="ExecSync for \"eeccb21da13bfae40b1a01984522c7a8f8dcb65dba3cc1cc2f2ba73381d9eaef\" failed" error="rpc error: code = NotFound desc = failed to exec in container: failed to load task: no running task found: task eeccb21da13bfae40b1a01984522c7a8f8dcb65dba3cc1cc2f2ba73381d9eaef not found: not found"
time="2024-05-07T11:59:40.785339490Z" level=error msg="ExecSync for \"eeccb21da13bfae40b1a01984522c7a8f8dcb65dba3cc1cc2f2ba73381d9eaef\" failed" error="rpc error: code = NotFound desc = failed to exec in container: failed to load task: no running task found: task eeccb21da13bfae40b1a01984522c7a8f8dcb65dba3cc1cc2f2ba73381d9eaef not found: not found"
E0507 11:59:40.785696    2776 remote_runtime.go:496] "ExecSync cmd from runtime service failed" err="rpc error: code = NotFound desc = failed to exec in container: failed to load task: no running task found: task eeccb21da13bfae40b1a01984522c7a8f8dcb65dba3cc1cc2f2ba73381d9eaef not found: not found" containerID="eeccb21da13bfae40b1a01984522c7a8f8dcb65dba3cc1cc2f2ba73381d9eaef" cmd=["/bin/hgrun","check"]
 >
I0507 11:59:40.784002    2776 prober.go:107] "Probe failed" probeType="Readiness" pod="hosted-grafana/dafdeveuwest2-grafana-7845d969b5-f8h5q" podUID="14ac9939-b36a-40d7-9ca9-a0367aab99d8" containerName="grafana" probeResult="failure" output=<
	ts=2024-05-07T11:59:40.579977004Z level=error caller=http_client.go:56 app=hgrun hgrun_version=0.1.452 msg="request failed" error="Get \"http://127.0.0.1:3000/api/health\": dial tcp 127.0.0.1:3000: connect: connection refused" method=GET url=http://127.0.0.1:3000/api/health
	ts=2024-05-07T11:59:40.165927901Z level=error caller=http_client.go:56 app=hgrun hgrun_version=0.1.452 msg="request failed" error="Get \"http://127.0.0.1:3000/api/health\": dial tcp 127.0.0.1:3000: connect: connection refused" method=GET url=http://127.0.0.1:3000/api/health
	ts=2024-05-07T11:59:40.095094601Z level=error caller=http_client.go:56 app=hgrun hgrun_version=0.1.452 msg="request failed" error="Get \"http://127.0.0.1:3000/api/health\": dial tcp 127.0.0.1:3000: connect: connection refused" method=GET url=http://127.0.0.1:3000/api/health
	ts=2024-05-07T11:59:39.968003625Z level=error caller=http_client.go:56 app=hgrun hgrun_version=0.1.452 msg="request failed" error="Get \"http://127.0.0.1:3000/api/health\": dial tcp 127.0.0.1:3000: connect: connection refused" method=GET url=http://127.0.0.1:3000/api/health
	ts=2024-05-07T11:59:39.859160404Z level=error caller=http_client.go:56 app=hgrun hgrun_version=0.1.452 msg="request failed" error="Get \"http://127.0.0.1:3000/api/health\": dial tcp 127.0.0.1:3000: connect: connection refused" method=GET url=http://127.0.0.1:3000/api/health
	ts=2024-05-07T11:59:39.73942929Z level=error caller=http_client.go:56 app=hgrun hgrun_version=0.1.452 msg="request failed" error="Get \"http://127.0.0.1:3000/api/health\": dial tcp 127.0.0.1:3000: connect: connection refused" method=GET url=http://127.0.0.1:3000/api/health
	ts=2024-05-07T11:59:39.597629189Z level=error caller=http_client.go:56 app=hgrun hgrun_version=0.1.452 msg="request failed" error="Get \"http://127.0.0.1:3000/api/health\": dial tcp 127.0.0.1:3000: connect: connection refused" method=GET url=http://127.0.0.1:3000/api/health
	ts=2024-05-07T11:59:39.513020473Z level=error caller=http_client.go:56 app=hgrun hgrun_version=0.1.452 msg="request failed" error="Get \"http://127.0.0.1:3000/api/health\": dial tcp 127.0.0.1:3000: connect: connection refused" method=GET url=http://127.0.0.1:3000/api/health
	ts=2024-05-07T11:59:39.430133771Z level=error caller=http_client.go:56 app=hgrun hgrun_version=0.1.452 msg="request failed" error="Get \"http://127.0.0.1:3000/api/health\": dial tcp 127.0.0.1:3000: connect: connection refused" method=GET url=http://127.0.0.1:3000/api/health
	ts=2024-05-07T11:59:39.357435956Z level=error caller=http_client.go:56 app=hgrun hgrun_version=0.1.452 msg="request failed" error="Get \"http://127.0.0.1:3000/api/health\": dial tcp 127.0.0.1:3000: connect: connection refused" method=GET url=http://127.0.0.1:3000/api/health
	ts=2024-05-07T11:59:39.309688652Z level=error caller=http_client.go:56 app=hgrun hgrun_version=0.1.452 msg="request failed" error="Get \"http://127.0.0.1:3000/api/health\": dial tcp 127.0.0.1:3000: connect: connection refused" method=GET url=http://127.0.0.1:3000/api/health
	ts=2024-05-07T11:59:39.237760243Z level=error caller=http_client.go:56 app=hgrun hgrun_version=0.1.452 msg="request failed" error="Get \"http://127.0.0.1:3000/api/health\": dial tcp 127.0.0.1:3000: connect: connection refused" method=GET url=http://127.0.0.1:3000/api/health
	ts=2024-05-07T11:59:39.214283344Z level=error caller=http_client.go:56 app=hgrun hgrun_version=0.1.452 msg="request failed" error="Get \"http://127.0.0.1:3000/api/health\": dial tcp 127.0.0.1:3000: connect: connection refused" method=GET url=http://127.0.0.1:3000/api/health
time="2024-05-07T11:59:40.783954281Z" level=warning msg="cleaning up after shim disconnected" id=eeccb21da13bfae40b1a01984522c7a8f8dcb65dba3cc1cc2f2ba73381d9eaef namespace=k8s.io
time="2024-05-07T11:59:40.783971781Z" level=info msg="cleaning up dead shim" namespace=k8s.io
time="2024-05-07T11:59:40.783846880Z" level=info msg="shim disconnected" id=eeccb21da13bfae40b1a01984522c7a8f8dcb65dba3cc1cc2f2ba73381d9eaef namespace=k8s.io
run-containerd-io.containerd.runtime.v2.task-k8s.io-eeccb21da13bfae40b1a01984522c7a8f8dcb65dba3cc1cc2f2ba73381d9eaef-rootfs.mount: Deactivated successfully.
I0507 11:59:40.768911    4618 kubelet_getters.go:187] "Pod status updated" pod="kube-system/kube-proxy-gke-dev-eu-west-3-main-n2s8-1-1dd39c-d1c92061-kvt4" status="Running"
E0507 11:59:40.761832    3303 pod_workers.go:1300] "Error syncing pod, skipping" err="failed to \"StartContainer\" for \"cortex-gw\" with CrashLoopBackOff: \"back-off 5m0s restarting failed container=cortex-gw pod=cortex-gw-78bc9b5ccc-8hkmp_faro(44b54226-b4bd-46e0-a3f0-257cb44d9ea8)\"" pod="faro/cortex-gw-78bc9b5ccc-8hkmp" podUID="44b54226-b4bd-46e0-a3f0-257cb44d9ea8"
cri-containerd-eeccb21da13bfae40b1a01984522c7a8f8dcb65dba3cc1cc2f2ba73381d9eaef.scope: Deactivated successfully.
I0507 11:59:40.761377    3303 scope.go:117] "RemoveContainer" containerID="9f3955a57aa496cb888a35102ef0ee777d6a75cdc12addbdafc2d9b3fb9cc080"
E0507 11:59:40.722802    4732 pod_workers.go:1300] "Error syncing pod, skipping" err="failed to \"StartContainer\" for \"support-agent\" with CrashLoopBackOff: \"back-off 5m0s restarting failed container=support-agent pod=support-agent-557dff8b77-c6f8b_support-agent(ede5a224-96fb-45d0-b452-1eb2de73cf19)\"" pod="support-agent/support-agent-557dff8b77-c6f8b" podUID="ede5a224-96fb-45d0-b452-1eb2de73cf19"
I0507 11:59:40.722255    4732 scope.go:117] "RemoveContainer" containerID="e0a235a59cc57d2dbbcab276b25c7bb1bab9cecc37697779748125072457736f"
AVC apparmor="DENIED" operation="ptrace" profile="cri-containerd.apparmor.d" pid=36617 comm="pidof" requested_mask="read" denied_mask="read" peer="unconfined"
AVC apparmor="DENIED" operation="ptrace" profile="cri-containerd.apparmor.d" pid=36617 comm="pidof" requested_mask="read" denied_mask="read" peer="unconfined"
AVC apparmor="DENIED" operation="ptrace" profile="cri-containerd.apparmor.d" pid=36617 comm="pidof" requested_mask="read" denied_mask="read" peer="unconfined"
I0507 11:59:40.582478    4586 kubelet_getters.go:187] "Pod status updated" pod="kube-system/kube-proxy-gke-dev-us-central-0-hg-n2s8-6-1dd39c-3bfd06e9-tjd7" status="Running"
I0507 11:59:40.574065    4647 kubelet_getters.go:187] "Pod status updated" pod="kube-system/kube-proxy-gke-dev-us-central-0-spot-n2s8-0-1dd3-f81338c4-86xp" status="Running"
E0507 11:59:40.570675    4595 pod_workers.go:1300] "Error syncing pod, skipping" err="failed to \"StartContainer\" for \"grafana\" with CrashLoopBackOff: \"back-off 5m0s restarting failed container=grafana pod=k6testslow4-grafana-bc95d7c87-55jh7_hosted-grafana(69c825b9-ceee-41b6-861c-a9695a3b7771)\"" pod="hosted-grafana/k6testslow4-grafana-bc95d7c87-55jh7" podUID="69c825b9-ceee-41b6-861c-a9695a3b7771"
I0507 11:59:40.569595    4595 scope.go:117] "RemoveContainer" containerID="d72ee3acf4ba575ccbe6544c8fcfef41f73a5120459124bb518dbd9f589891e7"
I0507 11:59:40.566172    4647 kubelet_getters.go:187] "Pod status updated" pod="kube-system/kube-proxy-gke-dev-us-central-0-spot-n2s8-0-1dd3-f81338c4-gmgr" status="Running"
E0507 11:59:40.525566    4615 pod_workers.go:1300] "Error syncing pod, skipping" err="failed to \"StartContainer\" for \"grafana\" with ImagePullBackOff: \"Back-off pulling image \\\"us.gcr.io/hosted-grafana/hosted-grafana-pro:11.1.0-ephemeral-6436-938-1\\\"\"" pod="hosted-grafana/ephemeral1180076306436hairyhe-grafana-6fb647ccf6-n9f7m" podUID="37586611-dc03-4f8b-8bce-80dadde5d571"
I0507 11:59:40.505981    4603 kubelet_getters.go:187] "Pod status updated" pod="kube-system/kube-proxy-gke-dev-us-central-0-perf-n2s8-0-1dd3-91689928-mm2d" status="Running"
I0507 11:59:40.480336    4777 kubelet_getters.go:187] "Pod status updated" pod="kube-system/kube-proxy-gke-dev-us-central-0-main-n2s16-3-1dd-9b502d96-dhh8" status="Running"
I0507 11:59:40.447535    4726 kubelet_getters.go:187] "Pod status updated" pod="kube-system/kube-proxy-gke-dev-us-central-1-main-n2s16-1-1dd-97837cc3-5k89" status="Running"
AVC apparmor="DENIED" operation="ptrace" profile="cri-containerd.apparmor.d" pid=36599 comm="pidof" requested_mask="read" denied_mask="read" peer="unconfined"
AVC apparmor="DENIED" operation="ptrace" profile="cri-containerd.apparmor.d" pid=36599 comm="pidof" requested_mask="read" denied_mask="read" peer="unconfined"
AVC apparmor="DENIED" operation="ptrace" profile="cri-containerd.apparmor.d" pid=36599 comm="pidof" requested_mask="read" denied_mask="read" peer="unconfined"
E0507 11:59:40.363392    4601 pod_workers.go:1300] "Error syncing pod, skipping" err="failed to \"StartContainer\" for \"grafana\" with ImagePullBackOff: \"Back-off pulling image \\\"us.gcr.io/hosted-grafana/hosted-grafana-pro:10.1.0-ephemeral-oss-80141-12952-1\\\"\"" pod="hosted-grafana/ephemeral1511182180141joshhun-grafana-7dbb6d4777-rzgds" podUID="c644591b-d4d7-4bef-913f-00b9f96539d4"
AVC apparmor="DENIED" operation="ptrace" profile="cri-containerd.apparmor.d" pid=36597 comm="pidof" requested_mask="read" denied_mask="read" peer="unconfined"
AVC apparmor="DENIED" operation="ptrace" profile="cri-containerd.apparmor.d" pid=36597 comm="pidof" requested_mask="read" denied_mask="read" peer="unconfined"
AVC apparmor="DENIED" operation="ptrace" profile="cri-containerd.apparmor.d" pid=36597 comm="pidof" requested_mask="read" denied_mask="read" peer="unconfined"
E0507 11:59:40.183052    4578 pod_workers.go:1300] "Error syncing pod, skipping" err="failed to \"StartContainer\" for \"grafana\" with ImagePullBackOff: \"Back-off pulling image \\\"us.gcr.io/hosted-grafana/hosted-grafana-pro:11.1.0-ephemeral-6433-919-1\\\"\"" pod="hosted-grafana/ephemeral1180076306433stephan-grafana-596f864fd8-wmfmg" podUID="49c2807d-900e-4029-804b-93c078a398f6"
E0507 11:59:40.087432    4730 pod_workers.go:1300] "Error syncing pod, skipping" err="failed to \"StartContainer\" for \"agent\" with CrashLoopBackOff: \"back-off 5m0s restarting failed container=agent pod=jaeger-agent-856f67c6d7-6xj9z_jaeger(1a240429-7c6f-4c4c-8c4e-d2579a6e737e)\"" pod="jaeger/jaeger-agent-856f67c6d7-6xj9z" podUID="1a240429-7c6f-4c4c-8c4e-d2579a6e737e"
I0507 11:59:40.087072    4730 scope.go:117] "RemoveContainer" containerID="7518b1ab8a429bc205618da216992759f7c641bb6a7feea31daa6fc52170f1db"
I0507 11:59:40.005475    4734 kubelet_getters.go:187] "Pod status updated" pod="kube-system/kube-proxy-gke-dev-us-central-0-main-n2s16-3-1dd-9b502d96-t2kf" status="Running"
I0507 11:59:39.995966    4726 kubelet_getters.go:187] "Pod status updated" pod="kube-system/kube-proxy-gke-dev-us-central-0-main-n2s16-3-1dd-9b502d96-7h6b" status="Running"
E0507 11:59:39.925282    4733 pod_workers.go:1300] "Error syncing pod, skipping" err="failed to \"StartContainer\" for \"pdc\" with ErrImageNeverPull: \"Container image \\\"us.gcr.io/hosted-grafana/pdc:0.1.415\\\" is not present with pull policy of Never\"" pod="pdc/private-datasource-connect-564fb6cfbb-l8pgv" podUID="57e4a0cb-5e77-47bd-b277-70f4b1512c44"
