5.208.194.43 - - [26/Jan/2019:20:28:09 +0330] "GET /image/61998/productModel/200x200 HTTP/1.1" 200 4358 "https://www.zanbil.ir/m/filter/p3%2Cb36%2Ct5%2Cb8%2Cv1%7C%D8%A7%D8%B3%D8%AA%DB%8C%D9%84.?o=v1" "Mozilla/5.0 (Linux; Android 6.0.1; SAMSUNG SM-G532F Build/MMB29T) AppleWebKit/537.36 (KHTML, like Gecko) SamsungBrowser/8.2 Chrome/63.0.3239.111 Mobile Safari/537.36" "-"
37.129.84.21 - - [26/Jan/2019:20:28:09 +0330] "GET /image/34211?name=t285.jpg&wh=200x200 HTTP/1.1" 200 4724 "https://torob.com/browse/400/%D8%AA%D8%A8%D9%84%D8%AA-%D8%B3%D8%A7%D9%85%D8%B3%D9%88%D9%86%DA%AF-samsung/" "Mozilla/5.0 (Windows NT 6.3; Win64; x64; rv:64.0) Gecko/20100101 Firefox/64.0" "-"
80.210.198.103 - - [26/Jan/2019:20:28:09 +0330] "GET /image/5936/productType/120x90 HTTP/1.1" 200 12003 "https://www.zanbil.ir/product/27644/%D8%AA%D8%B1%D8%A7%D8%B2%D9%88-%D8%AF%DB%8C%D8%AC%DB%8C%D8%AA%D8%A7%D9%84-%D9%84%D8%A7%DB%8C%DA%A9%D8%A7-%D9%85%D8%AF%D9%84-PS4010" "Mozilla/5.0 (Windows NT 6.1; Win64; x64; rv:64.0) Gecko/20100101 Firefox/64.0" "-"
80.210.198.103 - - [26/Jan/2019:20:28:09 +0330] "GET /image/13807/productType/120x90 HTTP/1.1" 200 11380 "https://www.zanbil.ir/product/27644/%D8%AA%D8%B1%D8%A7%D8%B2%D9%88-%D8%AF%DB%8C%D8%AC%DB%8C%D8%AA%D8%A7%D9%84-%D9%84%D8%A7%DB%8C%DA%A9%D8%A7-%D9%85%D8%AF%D9%84-PS4010" "Mozilla/5.0 (Windows NT 6.1; Win64; x64; rv:64.0) Gecko/20100101 Firefox/64.0" "-"
66.249.66.194 - - [26/Jan/2019:20:28:09 +0330] "GET /m/filter/b41,p48 HTTP/1.1" 200 18413 "-" "Mozilla/5.0 (Linux; Android 6.0.1; Nexus 5X Build/MMB29P) AppleWebKit/537.36 (KHTML, like Gecko) Chrome/41.0.2272.96 Mobile Safari/537.36 (compatible; Googlebot/2.1; +http://www.google.com/bot.html)" "-"
91.251.232.179 - - [26/Jan/2019:20:28:09 +0330] "GET /image/2715/productType/120x90 HTTP/1.1" 200 9507 "https://www.zanbil.ir/m/product/34026/64844/%DA%86%D8%A7%DB%8C-%D8%B3%D8%A7%D8%B2-%D9%82%D9%88%D8%B1%DB%8C-%D8%B1%D9%88%DB%8C-%DA%A9%D8%AA%D8%B1%DB%8C-%D9%81%D9%84%D8%B1-%D9%85%D8%AF%D9%84-TS286" "Mozilla/5.0 (iPhone; CPU iPhone OS 12_1_2 like Mac OS X) AppleWebKit/605.1.15 (KHTML, like Gecko) Version/12.0 Mobile/15E148 Safari/604.1" "-"
5.239.49.47 - - [26/Jan/2019:20:28:09 +0330] "GET /site/alexaGooleAnalitic HTTP/1.1" 200 323 "https://www.zanbil.ir/login/auth?login_error=1" "Mozilla/5.0 (Windows NT 10.0; Win64; x64) AppleWebKit/537.36 (KHTML, like Gecko) Chrome/64.0.3282.140 Safari/537.36 Edge/17.17134" "-"
80.210.198.103 - - [26/Jan/2019:20:28:09 +0330] "GET /static/images/search-category-arrow.png HTTP/1.1" 200 217 "https://znbl.ir/static/bundle-bundle_site_head.css" "Mozilla/5.0 (Windows NT 6.1; Win64; x64; rv:64.0) Gecko/20100101 Firefox/64.0" "-"
66.249.66.92 - - [26/Jan/2019:20:28:10 +0330] "GET /static/css/font/wyekan/font.woff HTTP/1.1" 304 0 "-" "Mozilla/5.0 (Linux; Android 6.0.1; Nexus 5X Build/MMB29P) AppleWebKit/537.36 (KHTML, like Gecko) Chrome/41.0.2272.96 Mobile Safari/537.36 (compatible; Googlebot/2.1; +http://www.google.com/bot.html)" "-"
5.213.226.141 - - [26/Jan/2019:20:28:10 +0330] "GET /image/8484/productModel/200x200 HTTP/1.1" 200 5112 "https://www.zanbil.ir/m/filter/p2598?page=2" "Mozilla/5.0 (Linux; Android 6.0; LG-H818) AppleWebKit/537.36 (KHTML, like Gecko) Chrome/71.0.3578.98 Mobile Safari/537.36" "-"
213.226.68.231 - - [26/Jan/2019:20:28:10 +0330] "HEAD /amp_preconnect_polyfill_404_or_other_error_expected._Do_not_worry_about_it?1548522000000 HTTP/1.1" 404 0 "https://www.zanbil.ir/m/product/33998/64952/%D9%85%D8%A7%DB%8C%DA%A9%D8%B1%D9%88%D9%81%D8%B1-%D8%B1%D9%88%D9%85%DB%8C%D8%B2%DB%8C-%D8%A7%D9%84-%D8%AC%DB%8C-%D9%85%D8%AF%D9%84-MS98BCR" "Mozilla/5.0 (iPhone; CPU iPhone OS 11_2_6 like Mac OS X) AppleWebKit/604.5.6 (KHTML, like Gecko) Version/11.0 Mobile/15D100 Safari/604.1" "-"
80.210.198.103 - - [26/Jan/2019:20:28:10 +0330] "GET /static/images/amp/telegram.png HTTP/1.1" 200 4859 "https://www.zanbil.ir/product/27644/%D8%AA%D8%B1%D8%A7%D8%B2%D9%88-%D8%AF%DB%8C%D8%AC%DB%8C%D8%AA%D8%A7%D9%84-%D9%84%D8%A7%DB%8C%DA%A9%D8%A7-%D9%85%D8%AF%D9%84-PS4010" "Mozilla/5.0 (Windows NT 6.1; Win64; x64; rv:64.0) Gecko/20100101 Firefox/64.0" "-"
40.77.167.122 - - [26/Jan/2019:20:28:10 +0330] "GET /filter/b1,b103,b105,b109,b111,b113,b118,b135,b136,b144,b176,b186,b221,b238,b261,b291,b43,b481,b52,b542,b574,b77,b83 HTTP/1.1" 200 39399 "-" "Mozilla/5.0 (compatible; bingbot/2.0; +http://www.bing.com/bingbot.htm)" "-"
5.213.226.141 - - [26/Jan/2019:20:28:10 +0330] "GET /image/7744/productModel/200x200 HTTP/1.1" 200 6477 "https://www.zanbil.ir/m/filter/p2598?page=2" "Mozilla/5.0 (Linux; Android 6.0; LG-H818) AppleWebKit/537.36 (KHTML, like Gecko) Chrome/71.0.3578.98 Mobile Safari/537.36" "-"
31.170.58.175 - - [26/Jan/2019:20:28:10 +0330] "GET /m/product/31177/61064/%D9%85%D8%A7%D8%B4%DB%8C%D9%86-%D8%B8%D8%B1%D9%81%D8%B4%D9%88%DB%8C%DB%8C-%D8%A7%DB%8C%D8%B3%D8%AA%D8%A7%D8%AF%D9%87-%D8%A8%D9%88%D8%B4-%D9%85%D8%AF%D9%84-SMS67MI01B HTTP/1.1" 200 22712 "https://www.zanbil.ir/m/filter/p5?page=1" "Mozilla/5.0 (iPhone; CPU iPhone OS 11_4 like Mac OS X) AppleWebKit/605.1.15 (KHTML, like Gecko) Version/11.0 Mobile/15E148 Safari/604.1" "-"
5.117.218.134 - - [26/Jan/2019:20:28:10 +0330] "POST /ajaxFilter/p16680?page=8 HTTP/1.1" 200 4587 "https://www.zanbil.ir/filter/p16680?page=8" "Mozilla/5.0 (Windows NT 6.1; Win64; x64) AppleWebKit/537.36 (KHTML, like Gecko) Chrome/71.0.3578.98 Safari/537.36" "-"
66.249.66.194 - - [26/Jan/2019:20:28:10 +0330] "GET /image/31305?name=850.jpg&wh=300x300 HTTP/1.1" 200 7876 "-" "Googlebot-Image/1.0" "-"
5.124.141.43 - - [26/Jan/2019:20:28:10 +0330] "GET /m/product/31613/61692/%D8%A2%D8%A8%D8%B3%D8%B1%D8%AF%DA%A9%D9%86-%D8%A7%DB%8C%D8%B3%D8%AA%D8%A7%D8%AF%D9%87-%DB%8C%D8%AE%DA%86%D8%A7%D9%84-%D8%AF%D8%A7%D8%B1-%D9%85%DB%8C%D8%AF%DB%8C%D8%A7-%D9%85%D8%AF%D9%84-YL1535S-B-WH HTTP/1.1" 200 20713 "https://www.zanbil.ir/m/filter/b105%2Cp14" "Mozilla/5.0 (Linux; Android 6.0; MYA-L22) AppleWebKit/537.36 (KHTML, like Gecko) Chrome/71.0.3578.99 Mobile Safari/537.36" "-"
31.170.58.175 - - [26/Jan/2019:20:28:10 +0330] "GET /settings/logo HTTP/1.1" 200 4120 "https://www.zanbil.ir/m/product/31177/61064/%D9%85%D8%A7%D8%B4%DB%8C%D9%86-%D8%B8%D8%B1%D9%81%D8%B4%D9%88%DB%8C%DB%8C-%D8%A7%DB%8C%D8%B3%D8%AA%D8%A7%D8%AF%D9%87-%D8%A8%D9%88%D8%B4-%D9%85%D8%AF%D9%84-SMS67MI01B" "Mozilla/5.0 (iPhone; CPU iPhone OS 11_4 like Mac OS X) AppleWebKit/605.1.15 (KHTML, like Gecko) Version/11.0 Mobile/15E148 Safari/604.1" "-"
66.249.66.91 - - [26/Jan/2019:20:28:10 +0330] "GET /static/css/font/wyekan/font.woff HTTP/1.1" 304 0 "-" "Mozilla/5.0 (Linux; Android 6.0.1; Nexus 5X Build/MMB29P) AppleWebKit/537.36 (KHTML, like Gecko) Chrome/41.0.2272.96 Mobile Safari/537.36 (compatible; Googlebot/2.1; +http://www.google.com/bot.html)" "-"
206.189.101.79 - - [26/Jan/2019:20:28:11 +0330] "GET /image/33968?name=6p-m1.jpg&wh=200x200 HTTP/1.1" 403 189 "https://torob.com/p/40da96a0-bd68-4161-96a6-37bd3fbc4b0b/%DA%AF%D9%88%D8%B4%DB%8C-%D9%85%D9%88%D8%A8%D8%A7%DB%8C%D9%84-%D8%B3%D8%A7%D9%85%D8%B3%D9%88%D9%86%DA%AF-j6-plus/" "Mozilla/5.0 (Linux; Android 7.1.1; SAMSUNG SM-J250F Build/NMF26X) AppleWebKit/537.36 (KHTML, like Gecko) SamsungBrowser/8.2 Chrome/63.0.3239.111 Mobile Safari/537.36" "-"
5.213.226.141 - - [26/Jan/2019:20:28:11 +0330] "GET /image/9551/productModel/200x200 HTTP/1.1" 200 5390 "https://www.zanbil.ir/m/filter/p2598?page=2" "Mozilla/5.0 (Linux; Android 6.0; LG-H818) AppleWebKit/537.36 (KHTML, like Gecko) Chrome/71.0.3578.98 Mobile Safari/537.36" "-"
5.213.226.141 - - [26/Jan/2019:20:28:11 +0330] "GET /image/47638/productModel/200x200 HTTP/1.1" 200 3564 "https://www.zanbil.ir/m/filter/p2598?page=2" "Mozilla/5.0 (Linux; Android 6.0; LG-H818) AppleWebKit/537.36 (KHTML, like Gecko) Chrome/71.0.3578.98 Mobile Safari/537.36" "-"
2.177.236.124 - - [26/Jan/2019:20:28:11 +0330] "GET /m/filter/b485%2Cb648%2Cp12786 HTTP/1.1" 200 18980 "https://www.google.com/" "Mozilla/5.0 (Linux; Android 7.0; SM-N920C) AppleWebKit/537.36 (KHTML, like Gecko) Chrome/71.0.3578.99 Mobile Safari/537.36" "-"
5.124.141.43 - - [26/Jan/2019:20:28:11 +0330] "GET /settings/logo HTTP/1.1" 200 4120 "https://www.zanbil.ir/m/product/31613/61692/%D8%A2%D8%A8%D8%B3%D8%B1%D8%AF%DA%A9%D9%86-%D8%A7%DB%8C%D8%B3%D8%AA%D8%A7%D8%AF%D9%87-%DB%8C%D8%AE%DA%86%D8%A7%D9%84-%D8%AF%D8%A7%D8%B1-%D9%85%DB%8C%D8%AF%DB%8C%D8%A7-%D9%85%D8%AF%D9%84-YL1535S-B-WH" "Mozilla/5.0 (Linux; Android 6.0; MYA-L22) AppleWebKit/537.36 (KHTML, like Gecko) Chrome/71.0.3578.99 Mobile Safari/537.36" "-"
5.200.109.144 - - [26/Jan/2019:20:28:11 +0330] "GET /image/33968?name=6p-m1.jpg&wh=200x200 HTTP/1.1" 200 5852 "https://torob.com/p/1e48bca8-c2da-4ecc-9358-7a73305e512d/%DA%AF%D9%88%D8%B4%DB%8C-%D9%85%D9%88%D8%A8%D8%A7%DB%8C%D9%84-%D8%B3%D8%A7%D9%85%D8%B3%D9%88%D9%86%DA%AF-%DA%AF%D9%84%DA%A9%D8%B3%DB%8C-%D8%AC%DB%8C-6-galaxy-j6-j600-32gb/" "Mozilla/5.0 (Linux; Android 6.0.1; SAMSUNG SM-G532G Build/MMB29T) AppleWebKit/537.36 (KHTML, like Gecko) SamsungBrowser/4.2 Chrome/44.0.2403.133 Mobile Safari/537.36" "-"
66.249.66.194 - - [26/Jan/2019:20:28:11 +0330] "GET /m/filter/b261,p5 HTTP/1.1" 200 18586 "-" "Mozilla/5.0 (Linux; Android 6.0.1; Nexus 5X Build/MMB29P) AppleWebKit/537.36 (KHTML, like Gecko) Chrome/41.0.2272.96 Mobile Safari/537.36 (compatible; Googlebot/2.1; +http://www.google.com/bot.html)" "-"
5.124.141.43 - - [26/Jan/2019:20:28:11 +0330] "GET /image/31613?name=yl1535s-b-11.jpg&wh=max HTTP/1.1" 200 54205 "https://www.zanbil.ir/m/product/31613/61692/%D8%A2%D8%A8%D8%B3%D8%B1%D8%AF%DA%A9%D9%86-%D8%A7%DB%8C%D8%B3%D8%AA%D8%A7%D8%AF%D9%87-%DB%8C%D8%AE%DA%86%D8%A7%D9%84-%D8%AF%D8%A7%D8%B1-%D9%85%DB%8C%D8%AF%DB%8C%D8%A7-%D9%85%D8%AF%D9%84-YL1535S-B-WH" "Mozilla/5.0 (Linux; Android 6.0; MYA-L22) AppleWebKit/537.36 (KHTML, like Gecko) Chrome/71.0.3578.99 Mobile Safari/537.36" "-"
91.251.81.96 - - [26/Jan/2019:20:28:11 +0330] "GET /static/css/font/wyekan/font.woff HTTP/1.1" 200 28536 "https://www.zanbil.ir/m/product/8982/%D8%A2%D8%A8%DA%AF%D8%B1%D9%85%DA%A9%D9%86-%D8%AF%DB%8C%D9%88%D8%A7%D8%B1%DB%8C-%D8%A8%D9%88%D8%AA%D8%A7%D9%86-%D9%85%D8%AF%D9%84-B3315if%D8%A2%DB%8C%D9%88%D9%86%D8%A7%DB%8C%D8%B2-%D9%81%D9%86-%D8%AF%D8%A7%D8%B1" "Mozilla/5.0 (Linux; Android 4.2.2; HUAWEI Y320-U10 Build/HUAWEIY320-U10) AppleWebKit/537.36 (KHTML, like Gecko) Chrome/51.0.2704.81 Mobile Safari/537.36" "-"
40.77.167.122 - - [26/Jan/2019:20:28:12 +0330] "GET /product/30351/%D8%B9%D8%B7%D8%B1-%D9%88-%D8%A7%D8%AF%DA%A9%D9%84%D9%86-%D9%85%D8%B1%D8%AF%D8%A7%D9%86%D9%87-Cartier-%D9%85%D8%AF%D9%84-Pasha-De-Cartier-Edition-Noire-Sport-EDT HTTP/1.1" 200 43447 "-" "Mozilla/5.0 (compatible; bingbot/2.0; +http://www.bing.com/bingbot.htm)" "-"
40.77.167.108 - - [26/Jan/2019:20:28:12 +0330] "GET /filter/b840,p26781 HTTP/1.1" 200 29890 "-" "Mozilla/5.0 (compatible; bingbot/2.0; +http://www.bing.com/bingbot.htm)" "-"
40.77.167.108 - - [26/Jan/2019:20:28:12 +0330] "GET /filter?f=p6%2Cb41&o=b HTTP/1.1" 302 0 "-" "Mozilla/5.0 (compatible; bingbot/2.0; +http://www.bing.com/bingbot.htm)" "-"
213.226.68.231 - - [26/Jan/2019:20:28:12 +0330] "POST /m/updateVariation?__amp_source_origin=https%3A%2F%2Fwww.zanbil.ir HTTP/1.1" 200 365 "https://www.zanbil.ir/m/product/33998/64952/%D9%85%D8%A7%DB%8C%DA%A9%D8%B1%D9%88%D9%81%D8%B1-%D8%B1%D9%88%D9%85%DB%8C%D8%B2%DB%8C-%D8%A7%D9%84-%D8%AC%DB%8C-%D9%85%D8%AF%D9%84-MS98BCR" "Mozilla/5.0 (iPhone; CPU iPhone OS 11_2_6 like Mac OS X) AppleWebKit/604.5.6 (KHTML, like Gecko) Version/11.0 Mobile/15D100 Safari/604.1" "-"
5.124.141.43 - - [26/Jan/2019:20:28:12 +0330] "GET /image/31613?name=yl1535s-b-13.jpg&wh=max HTTP/1.1" 200 20648 "https://www.zanbil.ir/m/product/31613/61692/%D8%A2%D8%A8%D8%B3%D8%B1%D8%AF%DA%A9%D9%86-%D8%A7%DB%8C%D8%B3%D8%AA%D8%A7%D8%AF%D9%87-%DB%8C%D8%AE%DA%86%D8%A7%D9%84-%D8%AF%D8%A7%D8%B1-%D9%85%DB%8C%D8%AF%DB%8C%D8%A7-%D9%85%D8%AF%D9%84-YL1535S-B-WH" "Mozilla/5.0 (Linux; Android 6.0; MYA-L22) AppleWebKit/537.36 (KHTML, like Gecko) Chrome/71.0.3578.99 Mobile Safari/537.36" "-"
5.117.218.134 - - [26/Jan/2019:20:28:12 +0330] "POST /ajaxFilter/p16680?page=6 HTTP/1.1" 200 4740 "https://www.zanbil.ir/filter/p16680?page=6" "Mozilla/5.0 (Windows NT 6.1; Win64; x64) AppleWebKit/537.36 (KHTML, like Gecko) Chrome/71.0.3578.98 Safari/537.36" "-"
66.249.66.92 - - [26/Jan/2019:20:28:12 +0330] "GET /filter/b36%2Cb41%2Cb598%2Cb168%2Cb103%2Cb614%2Cb88%2Cb194%2Cb35%2Cb321%2Cb5%2Cb261%2Cb442%2Cb484%2Cb723%2Cb573%2Cb192%2Cb724%2Cb1%2Cb435%2Cb183%2Cb542%2Cb135%2Cb878%2Cb63%2Cb497%2Cb619%2Cb613%2Cb126%2Cb74%2Cb151%2Cb441%2Cb568%2Cb880%2Cb647%2Cb185%2Cb584%2Cb224%2Cb213%2Cb50%2Cb3%2Cb570%2Cb198%2Cb256%2Cb238%2Cb485%2Cb546%2Cb574%2Cb186%2Cb202%2Cb218%2Cb648?page=12 HTTP/1.1" 200 40549 "-" "Mozilla/5.0 (compatible; Googlebot/2.1; +http://www.google.com/bot.html)" "-"
2.177.236.124 - - [26/Jan/2019:20:28:12 +0330] "GET /static/images/guarantees/goodShopping.png HTTP/1.1" 200 6496 "https://www.zanbil.ir/m/filter/b485%2Cb648%2Cp12786" "Mozilla/5.0 (Linux; Android 7.0; SM-N920C) AppleWebKit/537.36 (KHTML, like Gecko) Chrome/71.0.3578.99 Mobile Safari/537.36" "-"
2.177.236.124 - - [26/Jan/2019:20:28:12 +0330] "GET /static/images/guarantees/warranty.png HTTP/1.1" 200 5807 "https://www.zanbil.ir/m/filter/b485%2Cb648%2Cp12786" "Mozilla/5.0 (Linux; Android 7.0; SM-N920C) AppleWebKit/537.36 (KHTML, like Gecko) Chrome/71.0.3578.99 Mobile Safari/537.36" "-"
2.177.236.124 - - [26/Jan/2019:20:28:12 +0330] "GET /static/images/guarantees/bestPrice.png HTTP/1.1" 200 7356 "https://www.zanbil.ir/m/filter/b485%2Cb648%2Cp12786" "Mozilla/5.0 (Linux; Android 7.0; SM-N920C) AppleWebKit/537.36 (KHTML, like Gecko) Chrome/71.0.3578.99 Mobile Safari/537.36" "-"
2.177.236.124 - - [26/Jan/2019:20:28:12 +0330] "GET /static/images/guarantees/support.png HTTP/1.1" 200 6454 "https://www.zanbil.ir/m/filter/b485%2Cb648%2Cp12786" "Mozilla/5.0 (Linux; Android 7.0; SM-N920C) AppleWebKit/537.36 (KHTML, like Gecko) Chrome/71.0.3578.99 Mobile Safari/537.36" "-"
2.177.236.124 - - [26/Jan/2019:20:28:12 +0330] "GET /static/images/guarantees/fastDelivery.png HTTP/1.1" 200 7713 "https://www.zanbil.ir/m/filter/b485%2Cb648%2Cp12786" "Mozilla/5.0 (Linux; Android 7.0; SM-N920C) AppleWebKit/537.36 (KHTML, like Gecko) Chrome/71.0.3578.99 Mobile Safari/537.36" "-"
5.117.218.134 - - [26/Jan/2019:20:28:12 +0330] "POST /ajaxFilter/p16680?page=5 HTTP/1.1" 200 4725 "https://www.zanbil.ir/filter/p16680?page=5" "Mozilla/5.0 (Windows NT 6.1; Win64; x64) AppleWebKit/537.36 (KHTML, like Gecko) Chrome/71.0.3578.98 Safari/537.36" "-"
5.117.218.134 - - [26/Jan/2019:20:28:12 +0330] "GET /image/32004/productModel/150x150 HTTP/1.1" 200 2723 "https://www.zanbil.ir/filter/p16680?page=5" "Mozilla/5.0 (Windows NT 6.1; Win64; x64) AppleWebKit/537.36 (KHTML, like Gecko) Chrome/71.0.3578.98 Safari/537.36" "-"
5.117.218.134 - - [26/Jan/2019:20:28:12 +0330] "GET /image/31985/productModel/150x150 HTTP/1.1" 200 2864 "https://www.zanbil.ir/filter/p16680?page=5" "Mozilla/5.0 (Windows NT 6.1; Win64; x64) AppleWebKit/537.36 (KHTML, like Gecko) Chrome/71.0.3578.98 Safari/537.36" "-"
5.117.218.134 - - [26/Jan/2019:20:28:12 +0330] "GET /image/32281/productModel/150x150 HTTP/1.1" 200 2312 "https://www.zanbil.ir/filter/p16680?page=5" "Mozilla/5.0 (Windows NT 6.1; Win64; x64) AppleWebKit/537.36 (KHTML, like Gecko) Chrome/71.0.3578.98 Safari/537.36" "-"
5.117.218.134 - - [26/Jan/2019:20:28:12 +0330] "GET /image/32603/productModel/150x150 HTTP/1.1" 200 3339 "https://www.zanbil.ir/filter/p16680?page=5" "Mozilla/5.0 (Windows NT 6.1; Win64; x64) AppleWebKit/537.36 (KHTML, like Gecko) Chrome/71.0.3578.98 Safari/537.36" "-"
5.117.218.134 - - [26/Jan/2019:20:28:12 +0330] "GET /image/32425/productModel/150x150 HTTP/1.1" 200 2935 "https://www.zanbil.ir/filter/p16680?page=5" "Mozilla/5.0 (Windows NT 6.1; Win64; x64) AppleWebKit/537.36 (KHTML, like Gecko) Chrome/71.0.3578.98 Safari/537.36" "-"
5.117.218.134 - - [26/Jan/2019:20:28:12 +0330] "GET /image/32309/productModel/150x150 HTTP/1.1" 200 2432 "https://www.zanbil.ir/filter/p16680?page=5" "Mozilla/5.0 (Windows NT 6.1; Win64; x64) AppleWebKit/537.36 (KHTML, like Gecko) Chrome/71.0.3578.98 Safari/537.36" "-"
2.177.236.124 - - [26/Jan/2019:20:28:13 +0330] "GET /static/css/font/wyekan/font.woff HTTP/1.1" 200 28536 "https://www.zanbil.ir/m/filter/b485%2Cb648%2Cp12786" "Mozilla/5.0 (Linux; Android 7.0; SM-N920C) AppleWebKit/537.36 (KHTML, like Gecko) Chrome/71.0.3578.99 Mobile Safari/537.36" "-"
2.177.236.124 - - [26/Jan/2019:20:28:13 +0330] "GET /amp-helper-frame.html?appId=a624a1c1-0c93-466a-a546-e146710f97e6&parentOrigin=https://www.zanbil.ir HTTP/1.1" 200 133 "https://www.zanbil.ir/m/filter/b485%2Cb648%2Cp12786" "Mozilla/5.0 (Linux; Android 7.0; SM-N920C) AppleWebKit/537.36 (KHTML, like Gecko) Chrome/71.0.3578.99 Mobile Safari/537.36" "-"
2.177.236.124 - - [26/Jan/2019:20:28:13 +0330] "GET /settings/logo HTTP/1.1" 200 4120 "https://www.zanbil.ir/m/filter/b485%2Cb648%2Cp12786" "Mozilla/5.0 (Linux; Android 7.0; SM-N920C) AppleWebKit/537.36 (KHTML, like Gecko) Chrome/71.0.3578.99 Mobile Safari/537.36" "-"
2.177.236.124 - - [26/Jan/2019:20:28:13 +0330] "GET /image/59096/productModel/200x200 HTTP/1.1" 200 3502 "https://www.zanbil.ir/m/filter/b485%2Cb648%2Cp12786" "Mozilla/5.0 (Linux; Android 7.0; SM-N920C) AppleWebKit/537.36 (KHTML, like Gecko) Chrome/71.0.3578.99 Mobile Safari/537.36" "-"
2.177.236.124 - - [26/Jan/2019:20:28:13 +0330] "GET /image/59056/productModel/200x200 HTTP/1.1" 200 6408 "https://www.zanbil.ir/m/filter/b485%2Cb648%2Cp12786" "Mozilla/5.0 (Linux; Android 7.0; SM-N920C) AppleWebKit/537.36 (KHTML, like Gecko) Chrome/71.0.3578.99 Mobile Safari/537.36" "-"
2.177.236.124 - - [26/Jan/2019:20:28:13 +0330] "GET /image/59283/productModel/200x200 HTTP/1.1" 200 3972 "https://www.zanbil.ir/m/filter/b485%2Cb648%2Cp12786" "Mozilla/5.0 (Linux; Android 7.0; SM-N920C) AppleWebKit/537.36 (KHTML, like Gecko) Chrome/71.0.3578.99 Mobile Safari/537.36" "-"
5.119.47.123 - - [26/Jan/2019:20:28:13 +0330] "GET /image/4510/productType/120x90 HTTP/1.1" 200 8018 "https://www.zanbil.ir/m/product/6431/7448/%D8%AC%D8%A7%D8%B1%D9%88%D8%A8%D8%B1%D9%82%DB%8C-%D8%A8%D8%A7-%D9%BE%D8%A7%DA%A9%D8%AA-%D9%BE%D8%A7%D9%86%D8%A7%D8%B3%D9%88%D9%86%DB%8C%DA%A9-%D9%85%D8%AF%D9%84-MC-CJ911" "Mozilla/5.0 (Linux; Android 8.1.0; DRA-LX2 Build/HUAWEIDRA-LX2) AppleWebKit/537.36 (KHTML, like Gecko) Chrome/68.0.3440.91 Mobile Safari/537.36" "-"
5.117.218.134 - - [26/Jan/2019:20:28:13 +0330] "GET /image/32006/productModel/150x150 HTTP/1.1" 200 2980 "https://www.zanbil.ir/filter/p16680?page=5" "Mozilla/5.0 (Windows NT 6.1; Win64; x64) AppleWebKit/537.36 (KHTML, like Gecko) Chrome/71.0.3578.98 Safari/537.36" "-"
2.177.236.124 - - [26/Jan/2019:20:28:13 +0330] "GET /image/59024/productModel/200x200 HTTP/1.1" 200 3357 "https://www.zanbil.ir/m/filter/b485%2Cb648%2Cp12786" "Mozilla/5.0 (Linux; Android 7.0; SM-N920C) AppleWebKit/537.36 (KHTML, like Gecko) Chrome/71.0.3578.99 Mobile Safari/537.36" "-"
2.177.236.124 - - [26/Jan/2019:20:28:13 +0330] "GET /image/59781/productModel/200x200 HTTP/1.1" 200 3357 "https://www.zanbil.ir/m/filter/b485%2Cb648%2Cp12786" "Mozilla/5.0 (Linux; Android 7.0; SM-N920C) AppleWebKit/537.36 (KHTML, like Gecko) Chrome/71.0.3578.99 Mobile Safari/537.36" "-"
66.249.66.91 - - [26/Jan/2019:20:28:13 +0330] "GET /static/css/font/wyekan/font.woff HTTP/1.1" 304 0 "-" "Mozilla/5.0 (Linux; Android 6.0.1; Nexus 5X Build/MMB29P) AppleWebKit/537.36 (KHTML, like Gecko) Chrome/41.0.2272.96 Mobile Safari/537.36 (compatible; Googlebot/2.1; +http://www.google.com/bot.html)" "-"
5.236.178.171 - - [26/Jan/2019:20:28:13 +0330] "GET /filter?f=p3,b1&o=b HTTP/1.1" 302 0 "https://www.zanbil.ir/filter/b1" "Mozilla/5.0 (Windows NT 6.3; Win64; x64) AppleWebKit/537.36 (KHTML, like Gecko) Chrome/71.0.3578.98 Safari/537.36" "-"
2.177.236.124 - - [26/Jan/2019:20:28:13 +0330] "GET /image/59322/productModel/200x200 HTTP/1.1" 200 3345 "https://www.zanbil.ir/m/filter/b485%2Cb648%2Cp12786" "Mozilla/5.0 (Linux; Android 7.0; SM-N920C) AppleWebKit/537.36 (KHTML, like Gecko) Chrome/71.0.3578.99 Mobile Safari/537.36" "-"
5.117.218.134 - - [26/Jan/2019:20:28:13 +0330] "GET /image/36593/productModel/150x150 HTTP/1.1" 200 2835 "https://www.zanbil.ir/filter/p16680?page=5" "Mozilla/5.0 (Windows NT 6.1; Win64; x64) AppleWebKit/537.36 (KHTML, like Gecko) Chrome/71.0.3578.98 Safari/537.36" "-"
5.117.218.134 - - [26/Jan/2019:20:28:13 +0330] "GET /image/34845/productModel/150x150 HTTP/1.1" 200 2707 "https://www.zanbil.ir/filter/p16680?page=5" "Mozilla/5.0 (Windows NT 6.1; Win64; x64) AppleWebKit/537.36 (KHTML, like Gecko) Chrome/71.0.3578.98 Safari/537.36" "-"
5.117.218.134 - - [26/Jan/2019:20:28:13 +0330] "GET /image/32519/productModel/150x150 HTTP/1.1" 200 3469 "https://www.zanbil.ir/filter/p16680?page=5" "Mozilla/5.0 (Windows NT 6.1; Win64; x64) AppleWebKit/537.36 (KHTML, like Gecko) Chrome/71.0.3578.98 Safari/537.36" "-"
5.117.218.134 - - [26/Jan/2019:20:28:13 +0330] "GET /image/32607/productModel/150x150 HTTP/1.1" 200 1871 "https://www.zanbil.ir/filter/p16680?page=5" "Mozilla/5.0 (Windows NT 6.1; Win64; x64) AppleWebKit/537.36 (KHTML, like Gecko) Chrome/71.0.3578.98 Safari/537.36" "-"
5.117.218.134 - - [26/Jan/2019:20:28:13 +0330] "GET /image/32449/productModel/150x150 HTTP/1.1" 200 2923 "https://www.zanbil.ir/filter/p16680?page=5" "Mozilla/5.0 (Windows NT 6.1; Win64; x64) AppleWebKit/537.36 (KHTML, like Gecko) Chrome/71.0.3578.98 Safari/537.36" "-"
2.177.236.124 - - [26/Jan/2019:20:28:13 +0330] "GET /image/485/brand HTTP/1.1" 200 2288 "https://www.zanbil.ir/m/filter/b485%2Cb648%2Cp12786" "Mozilla/5.0 (Linux; Android 7.0; SM-N920C) AppleWebKit/537.36 (KHTML, like Gecko) Chrome/71.0.3578.99 Mobile Safari/537.36" "-"
2.177.236.124 - - [26/Jan/2019:20:28:13 +0330] "GET /image/656/brand HTTP/1.1" 200 2222 "https://www.zanbil.ir/m/filter/b485%2Cb648%2Cp12786" "Mozilla/5.0 (Linux; Android 7.0; SM-N920C) AppleWebKit/537.36 (KHTML, like Gecko) Chrome/71.0.3578.99 Mobile Safari/537.36" "-"
66.249.66.91 - - [26/Jan/2019:20:28:13 +0330] "GET /static/css/font/wyekan/font.woff HTTP/1.1" 304 0 "-" "Mozilla/5.0 (Linux; Android 6.0.1; Nexus 5X Build/MMB29P) AppleWebKit/537.36 (KHTML, like Gecko) Chrome/41.0.2272.96 Mobile Safari/537.36 (compatible; Googlebot/2.1; +http://www.google.com/bot.html)" "-"
2.177.236.124 - - [26/Jan/2019:20:28:13 +0330] "GET /image/648/brand HTTP/1.1" 200 2143 "https://www.zanbil.ir/m/filter/b485%2Cb648%2Cp12786" "Mozilla/5.0 (Linux; Android 7.0; SM-N920C) AppleWebKit/537.36 (KHTML, like Gecko) Chrome/71.0.3578.99 Mobile Safari/537.36" "-"
2.177.236.124 - - [26/Jan/2019:20:28:13 +0330] "GET /image/647/brand HTTP/1.1" 200 2943 "https://www.zanbil.ir/m/filter/b485%2Cb648%2Cp12786" "Mozilla/5.0 (Linux; Android 7.0; SM-N920C) AppleWebKit/537.36 (KHTML, like Gecko) Chrome/71.0.3578.99 Mobile Safari/537.36" "-"
2.177.236.124 - - [26/Jan/2019:20:28:13 +0330] "GET /image/460/productTypeType HTTP/1.1" 200 13489 "https://www.zanbil.ir/m/filter/b485%2Cb648%2Cp12786" "Mozilla/5.0 (Linux; Android 7.0; SM-N920C) AppleWebKit/537.36 (KHTML, like Gecko) Chrome/71.0.3578.99 Mobile Safari/537.36" "-"
2.177.236.124 - - [26/Jan/2019:20:28:13 +0330] "GET /image/459/productTypeType HTTP/1.1" 200 10485 "https://www.zanbil.ir/m/filter/b485%2Cb648%2Cp12786" "Mozilla/5.0 (Linux; Android 7.0; SM-N920C) AppleWebKit/537.36 (KHTML, like Gecko) Chrome/71.0.3578.99 Mobile Safari/537.36" "-"
5.117.218.134 - - [26/Jan/2019:20:28:13 +0330] "GET /image/32615/productModel/150x150 HTTP/1.1" 200 3636 "https://www.zanbil.ir/filter/p16680?page=5" "Mozilla/5.0 (Windows NT 6.1; Win64; x64) AppleWebKit/537.36 (KHTML, like Gecko) Chrome/71.0.3578.98 Safari/537.36" "-"
5.117.218.134 - - [26/Jan/2019:20:28:13 +0330] "GET /image/32409/productModel/150x150 HTTP/1.1" 200 2645 "https://www.zanbil.ir/filter/p16680?page=5" "Mozilla/5.0 (Windows NT 6.1; Win64; x64) AppleWebKit/537.36 (KHTML, like Gecko) Chrome/71.0.3578.98 Safari/537.36" "-"
2.177.236.124 - - [26/Jan/2019:20:28:13 +0330] "GET /image/59282/productModel/200x200 HTTP/1.1" 200 3972 "https://www.zanbil.ir/m/filter/b485%2Cb648%2Cp12786" "Mozilla/5.0 (Linux; Android 7.0; SM-N920C) AppleWebKit/537.36 (KHTML, like Gecko) Chrome/71.0.3578.99 Mobile Safari/537.36" "-"
5.117.218.134 - - [26/Jan/2019:20:28:13 +0330] "GET /image/32633/productModel/150x150 HTTP/1.1" 200 2124 "https://www.zanbil.ir/filter/p16680?page=5" "Mozilla/5.0 (Windows NT 6.1; Win64; x64) AppleWebKit/537.36 (KHTML, like Gecko) Chrome/71.0.3578.98 Safari/537.36" "-"
2.177.236.124 - - [26/Jan/2019:20:28:13 +0330] "GET /image/59318/productModel/200x200 HTTP/1.1" 200 3556 "https://www.zanbil.ir/m/filter/b485%2Cb648%2Cp12786" "Mozilla/5.0 (Linux; Android 7.0; SM-N920C) AppleWebKit/537.36 (KHTML, like Gecko) Chrome/71.0.3578.99 Mobile Safari/537.36" "-"
66.249.66.194 - - [26/Jan/2019:20:28:13 +0330] "GET /m/browse/cash/%DA%A9%D8%B4 HTTP/1.1" 200 17609 "-" "Mozilla/5.0 (Linux; Android 6.0.1; Nexus 5X Build/MMB29P) AppleWebKit/537.36 (KHTML, like Gecko) Chrome/41.0.2272.96 Mobile Safari/537.36 (compatible; Googlebot/2.1; +http://www.google.com/bot.html)" "-"
5.117.218.134 - - [26/Jan/2019:20:28:13 +0330] "GET /image/32015/productModel/150x150 HTTP/1.1" 200 2161 "https://www.zanbil.ir/filter/p16680?page=5" "Mozilla/5.0 (Windows NT 6.1; Win64; x64) AppleWebKit/537.36 (KHTML, like Gecko) Chrome/71.0.3578.98 Safari/537.36" "-"
5.117.218.134 - - [26/Jan/2019:20:28:13 +0330] "GET /image/34785/productModel/150x150 HTTP/1.1" 200 2711 "https://www.zanbil.ir/filter/p16680?page=5" "Mozilla/5.0 (Windows NT 6.1; Win64; x64) AppleWebKit/537.36 (KHTML, like Gecko) Chrome/71.0.3578.98 Safari/537.36" "-"
5.117.218.134 - - [26/Jan/2019:20:28:13 +0330] "GET /image/31992/productModel/150x150 HTTP/1.1" 200 2350 "https://www.zanbil.ir/filter/p16680?page=5" "Mozilla/5.0 (Windows NT 6.1; Win64; x64) AppleWebKit/537.36 (KHTML, like Gecko) Chrome/71.0.3578.98 Safari/537.36" "-"
66.249.66.91 - - [26/Jan/2019:20:28:13 +0330] "GET /static/images/amp/blog.png HTTP/1.1" 304 0 "-" "Googlebot-Image/1.0" "-"
5.117.218.134 - - [26/Jan/2019:20:28:13 +0330] "GET /image/34625/productModel/150x150 HTTP/1.1" 200 2699 "https://www.zanbil.ir/filter/p16680?page=5" "Mozilla/5.0 (Windows NT 6.1; Win64; x64) AppleWebKit/537.36 (KHTML, like Gecko) Chrome/71.0.3578.98 Safari/537.36" "-"
5.117.218.134 - - [26/Jan/2019:20:28:13 +0330] "GET /image/32595/productModel/150x150 HTTP/1.1" 200 2665 "https://www.zanbil.ir/filter/p16680?page=5" "Mozilla/5.0 (Windows NT 6.1; Win64; x64) AppleWebKit/537.36 (KHTML, like Gecko) Chrome/71.0.3578.98 Safari/537.36" "-"
2.177.236.124 - - [26/Jan/2019:20:28:13 +0330] "GET /image/802/mainSlideMobile HTTP/1.1" 200 61206 "https://www.zanbil.ir/m/filter/b485%2Cb648%2Cp12786" "Mozilla/5.0 (Linux; Android 7.0; SM-N920C) AppleWebKit/537.36 (KHTML, like Gecko) Chrome/71.0.3578.99 Mobile Safari/537.36" "-"
66.249.66.92 - - [26/Jan/2019:20:28:13 +0330] "GET /static/images/amp/telegram.png HTTP/1.1" 304 0 "-" "Googlebot-Image/1.0" "-"
5.122.21.137 - - [26/Jan/2019:20:28:13 +0330] "GET /image/409?name=1.jpg&wh=300x300 HTTP/1.1" 200 8503 "https://www.google.com/" "Mozilla/5.0 (Linux; Android 7.0; SM-A310F Build/NRD90M; wv) AppleWebKit/537.36 (KHTML, like Gecko) Version/4.0 Chrome/62.0.3202.84 Mobile Safari/537.36 GSA/7.14.21.21.arm" "-"
2.182.248.122 - - [26/Jan/2019:20:28:13 +0330] "GET /image/16827/productTypeMenu HTTP/1.1" 200 11 "https://www.zanbil.ir/product/29128/58351/%D9%85%D8%A7%D8%B4%DB%8C%D9%86-%D8%B8%D8%B1%D9%81%D8%B4%D9%88%DB%8C%DB%8C-%D8%A7%DB%8C%D8%B3%D8%AA%D8%A7%D8%AF%D9%87-%D8%A7%D9%84-%D8%AC%DB%8C-%D9%85%D8%AF%D9%84-DC35T" "Mozilla/5.0 (Windows NT 6.1; rv:64.0) Gecko/20100101 Firefox/64.0" "-"
66.249.66.92 - - [26/Jan/2019:20:28:13 +0330] "GET /static/css/font/wyekan/font.woff HTTP/1.1" 304 0 "-" "Mozilla/5.0 (Linux; Android 6.0.1; Nexus 5X Build/MMB29P) AppleWebKit/537.36 (KHTML, like Gecko) Chrome/41.0.2272.96 Mobile Safari/537.36 (compatible; Googlebot/2.1; +http://www.google.com/bot.html)" "-"
5.239.49.47 - - [26/Jan/2019:20:28:13 +0330] "GET /customer/forgetPassword HTTP/1.1" 200 33293 "https://www.zanbil.ir/login/auth?login_error=1" "Mozilla/5.0 (Windows NT 10.0; Win64; x64) AppleWebKit/537.36 (KHTML, like Gecko) Chrome/64.0.3282.140 Safari/537.36 Edge/17.17134" "-"
5.134.158.141 - - [26/Jan/2019:20:28:13 +0330] "GET /image/33968?name=6p-m1.jpg&wh=200x200 HTTP/1.1" 403 134 "-" "Dalvik/2.1.0 (Linux; U; Android 5.0.1; GT-I9515 Build/LRX22C)" "-"
66.249.66.91 - - [26/Jan/2019:20:28:14 +0330] "GET /static/css/font/wyekan/font.woff HTTP/1.1" 304 0 "-" "Mozilla/5.0 (Linux; Android 6.0.1; Nexus 5X Build/MMB29P) AppleWebKit/537.36 (KHTML, like Gecko) Chrome/41.0.2272.96 Mobile Safari/537.36 (compatible; Googlebot/2.1; +http://www.google.com/bot.html)" "-"
66.249.66.92 - - [26/Jan/2019:20:28:14 +0330] "GET /static/images/amp/blog.png HTTP/1.1" 304 0 "-" "Googlebot-Image/1.0" "-"
188.212.150.157 - - [26/Jan/2019:20:28:14 +0330] "GET /product/31790/%DB%8C%D8%AE%DA%86%D8%A7%D9%84-%D9%81%D8%B1%DB%8C%D8%B2%D8%B1-%D8%B3%D8%A7%DB%8C%D8%AF-%D8%A8%D8%A7%DB%8C-%D8%B3%D8%A7%DB%8C%D8%AF-%D8%A7%D9%84-%D8%AC%DB%8C-%D9%85%D8%AF%D9%84-P-Bentlee-SXP450 HTTP/1.1" 500 31 "https://www.google.com/" "Mozilla/5.0 (Windows NT 6.1; Win64; x64) AppleWebKit/537.36 (KHTML, like Gecko) Chrome/71.0.3578.98 Safari/537.36" "-"
5.112.197.96 - - [26/Jan/2019:20:28:14 +0330] "GET /static/images/amp/telegram.png HTTP/1.1" 200 4859 "https://www.zanbil.ir/m/browse/wall-oven/%D9%81%D8%B1-%D8%AA%D9%88%DA%A9%D8%A7%D8%B1" "Mozilla/5.0 (Android 8.0.0; Mobile; rv:64.0) Gecko/64.0 Firefox/64.0" "-"
5.112.197.96 - - [26/Jan/2019:20:28:14 +0330] "GET /static/images/amp/instagram.png HTTP/1.1" 200 7146 "https://www.zanbil.ir/m/browse/wall-oven/%D9%81%D8%B1-%D8%AA%D9%88%DA%A9%D8%A7%D8%B1" "Mozilla/5.0 (Android 8.0.0; Mobile; rv:64.0) Gecko/64.0 Firefox/64.0" "-"
5.112.197.96 - - [26/Jan/2019:20:28:14 +0330] "GET /static/images/amp/blog.png HTTP/1.1" 200 3863 "https://www.zanbil.ir/m/browse/wall-oven/%D9%81%D8%B1-%D8%AA%D9%88%DA%A9%D8%A7%D8%B1" "Mozilla/5.0 (Android 8.0.0; Mobile; rv:64.0) Gecko/64.0 Firefox/64.0" "-"
5.112.197.96 - - [26/Jan/2019:20:28:14 +0330] "GET /static/images/amp/third-party/footer-mobile.png HTTP/1.1" 200 62894 "https://www.zanbil.ir/m/browse/wall-oven/%D9%81%D8%B1-%D8%AA%D9%88%DA%A9%D8%A7%D8%B1" "Mozilla/5.0 (Android 8.0.0; Mobile; rv:64.0) Gecko/64.0 Firefox/64.0" "-"
5.124.141.43 - - [26/Jan/2019:20:28:14 +0330] "GET /image/59992/productModel/150x150 HTTP/1.1" 200 2546 "https://www.zanbil.ir/m/product/31613/61692/%D8%A2%D8%A8%D8%B3%D8%B1%D8%AF%DA%A9%D9%86-%D8%A7%DB%8C%D8%B3%D8%AA%D8%A7%D8%AF%D9%87-%DB%8C%D8%AE%DA%86%D8%A7%D9%84-%D8%AF%D8%A7%D8%B1-%D9%85%DB%8C%D8%AF%DB%8C%D8%A7-%D9%85%D8%AF%D9%84-YL1535S-B-WH" "Mozilla/5.0 (Linux; Android 6.0; MYA-L22) AppleWebKit/537.36 (KHTML, like Gecko) Chrome/71.0.3578.99 Mobile Safari/537.36" "-"
31.170.58.175 - - [26/Jan/2019:20:28:14 +0330] "GET /image/31177?name=1492000719.jpg-1.jpg&wh=max HTTP/1.1" 200 26730 "https://www.zanbil.ir/m/product/31177/61064/%D9%85%D8%A7%D8%B4%DB%8C%D9%86-%D8%B8%D8%B1%D9%81%D8%B4%D9%88%DB%8C%DB%8C-%D8%A7%DB%8C%D8%B3%D8%AA%D8%A7%D8%AF%D9%87-%D8%A8%D9%88%D8%B4-%D9%85%D8%AF%D9%84-SMS67MI01B" "Mozilla/5.0 (iPhone; CPU iPhone OS 11_4 like Mac OS X) AppleWebKit/605.1.15 (KHTML, like Gecko) Version/11.0 Mobile/15E148 Safari/604.1" "-"
204.18.159.208 - - [26/Jan/2019:20:28:15 +0330] "GET /m/article/618/%D8%AE%D9%88%D8%A7%D8%A8-%D8%B1%D9%81%D8%AA%D9%86%D8%8C%DA%AF%D8%B2%DA%AF%D8%B2%D8%8C%D8%B3%D9%88%D8%B2%D8%B4-%D9%88-%D8%A8%DB%8C-%D8%AD%D8%B3%DB%8C-%D9%BE%D8%A7%3A-%D8%B9%D9%84%D8%AA-%D9%88-%D8%AF%D8%B1%D9%85%D8%A7%D9%86- HTTP/1.1" 200 20053 "https://www.google.com/" "Mozilla/5.0 (Linux; Android 8.0.0; SM-A520F) AppleWebKit/537.36 (KHTML, like Gecko) Chrome/71.0.3578.99 Mobile Safari/537.36" "-"
31.184.135.121 - - [26/Jan/2019:20:28:15 +0330] "GET /filter/b581,b741 HTTP/1.1" 200 37221 "http://www.zanbil.ir/" "Mozilla/5.0 (compatible; Parsijoobot; +http://www.parsijoo.ir/bot.html; crawler@parsijoo.ir)" "-"
40.77.167.108 - - [26/Jan/2019:20:28:15 +0330] "GET /filter/p6%2Cb41 HTTP/1.1" 200 32611 "-" "Mozilla/5.0 (compatible; bingbot/2.0; +http://www.bing.com/bingbot.htm)" "-"
40.77.167.108 - - [26/Jan/2019:20:28:15 +0330] "GET /filter/b122,b126,b880 HTTP/1.1" 200 37651 "-" "Mozilla/5.0 (compatible; bingbot/2.0; +http://www.bing.com/bingbot.htm)" "-"
5.124.141.43 - - [26/Jan/2019:20:28:15 +0330] "GET /image/4703/productType/120x90 HTTP/1.1" 200 10275 "https://www.zanbil.ir/m/product/31613/61692/%D8%A2%D8%A8%D8%B3%D8%B1%D8%AF%DA%A9%D9%86-%D8%A7%DB%8C%D8%B3%D8%AA%D8%A7%D8%AF%D9%87-%DB%8C%D8%AE%DA%86%D8%A7%D9%84-%D8%AF%D8%A7%D8%B1-%D9%85%DB%8C%D8%AF%DB%8C%D8%A7-%D9%85%D8%AF%D9%84-YL1535S-B-WH" "Mozilla/5.0 (Linux; Android 6.0; MYA-L22) AppleWebKit/537.36 (KHTML, like Gecko) Chrome/71.0.3578.99 Mobile Safari/537.36" "-"
89.42.185.243 - - [26/Jan/2019:20:28:15 +0330] "GET /image/3311?name=Official-Color-LaserJet-M575dn-3.jpg&wh=200x200 HTTP/1.1" 200 5557 "https://torob.com/p/29b3330a-3642-4fc3-b1f5-fb4b00a1198b/%D9%BE%D8%B1%DB%8C%D9%86%D8%AA%D8%B1-%D8%B3%D9%87-%D8%A8%D8%B9%D8%AF%DB%8C-%D8%B3%D8%A7%DB%8C%D8%B2-500-500-180/?referer=amp" "Mozilla/5.0 (Linux; Android 6.0.1; SM-A500H) AppleWebKit/537.36 (KHTML, like Gecko) Chrome/71.0.3578.99 Mobile Safari/537.36" "-"
5.124.141.43 - - [26/Jan/2019:20:28:15 +0330] "GET /image/10/productType/120x90 HTTP/1.1" 200 8720 "https://www.zanbil.ir/m/product/31613/61692/%D8%A2%D8%A8%D8%B3%D8%B1%D8%AF%DA%A9%D9%86-%D8%A7%DB%8C%D8%B3%D8%AA%D8%A7%D8%AF%D9%87-%DB%8C%D8%AE%DA%86%D8%A7%D9%84-%D8%AF%D8%A7%D8%B1-%D9%85%DB%8C%D8%AF%DB%8C%D8%A7-%D9%85%D8%AF%D9%84-YL1535S-B-WH" "Mozilla/5.0 (Linux; Android 6.0; MYA-L22) AppleWebKit/537.36 (KHTML, like Gecko) Chrome/71.0.3578.99 Mobile Safari/537.36" "-"
5.236.178.171 - - [26/Jan/2019:20:28:15 +0330] "GET /filter/p3%2Cb1 HTTP/1.1" 200 34952 "https://www.zanbil.ir/filter/b1" "Mozilla/5.0 (Windows NT 6.3; Win64; x64) AppleWebKit/537.36 (KHTML, like Gecko) Chrome/71.0.3578.98 Safari/537.36" "-"
5.236.178.171 - - [26/Jan/2019:20:28:16 +0330] "GET /image/888/brand HTTP/1.1" 200 3150 "https://www.zanbil.ir/filter/p3%2Cb1" "Mozilla/5.0 (Windows NT 6.3; Win64; x64) AppleWebKit/537.36 (KHTML, like Gecko) Chrome/71.0.3578.98 Safari/537.36" "-"
5.236.178.171 - - [26/Jan/2019:20:28:16 +0330] "GET /settings/logo HTTP/1.1" 200 4120 "https://www.zanbil.ir/filter/p3%2Cb1" "Mozilla/5.0 (Windows NT 6.3; Win64; x64) AppleWebKit/537.36 (KHTML, like Gecko) Chrome/71.0.3578.98 Safari/537.36" "-"
2.177.236.124 - - [26/Jan/2019:20:28:16 +0330] "GET /image/59035/productModel/200x200 HTTP/1.1" 200 2832 "https://www.zanbil.ir/m/filter/b485%2Cb648%2Cp12786" "Mozilla/5.0 (Linux; Android 7.0; SM-N920C) AppleWebKit/537.36 (KHTML, like Gecko) Chrome/71.0.3578.99 Mobile Safari/537.36" "-"
2.177.236.124 - - [26/Jan/2019:20:28:16 +0330] "GET /image/59031/productModel/200x200 HTTP/1.1" 200 3241 "https://www.zanbil.ir/m/filter/b485%2Cb648%2Cp12786" "Mozilla/5.0 (Linux; Android 7.0; SM-N920C) AppleWebKit/537.36 (KHTML, like Gecko) Chrome/71.0.3578.99 Mobile Safari/537.36" "-"
5.122.21.137 - - [26/Jan/2019:20:28:16 +0330] "GET /product/409/%DA%86%D8%B1%D8%AE-%DA%AF%D9%88%D8%B4%D8%AA-%D9%BE%D8%A7%D8%B1%D8%B3-%D8%AE%D8%B2%D8%B1-%D9%85%D8%AF%D9%84-MG-1400R HTTP/1.1" 302 0 "android-app://com.google.android.googlequicksearchbox" "Mozilla/5.0 (Linux; Android 7.0; SM-A310F Build/NRD90M) AppleWebKit/537.36 (KHTML, like Gecko) Chrome/62.0.3202.84 Mobile Safari/537.36" "-"
5.236.178.171 - - [26/Jan/2019:20:28:16 +0330] "GET /image/886/brand HTTP/1.1" 200 3860 "https://www.zanbil.ir/filter/p3%2Cb1" "Mozilla/5.0 (Windows NT 6.3; Win64; x64) AppleWebKit/537.36 (KHTML, like Gecko) Chrome/71.0.3578.98 Safari/537.36" "-"
5.236.178.171 - - [26/Jan/2019:20:28:16 +0330] "GET /image/890/brand HTTP/1.1" 200 3094 "https://www.zanbil.ir/filter/p3%2Cb1" "Mozilla/5.0 (Windows NT 6.3; Win64; x64) AppleWebKit/537.36 (KHTML, like Gecko) Chrome/71.0.3578.98 Safari/537.36" "-"
80.210.198.103 - - [26/Jan/2019:20:28:16 +0330] "GET /static/images/third-party/footer.png HTTP/1.1" 200 56076 "https://www.zanbil.ir/product/27644/%D8%AA%D8%B1%D8%A7%D8%B2%D9%88-%D8%AF%DB%8C%D8%AC%DB%8C%D8%AA%D8%A7%D9%84-%D9%84%D8%A7%DB%8C%DA%A9%D8%A7-%D9%85%D8%AF%D9%84-PS4010" "Mozilla/5.0 (Windows NT 6.1; Win64; x64; rv:64.0) Gecko/20100101 Firefox/64.0" "-"
5.112.116.34 - - [26/Jan/2019:20:28:16 +0330] "GET /m HTTP/1.1" 200 17278 "-" "Mozilla/5.0 (iPhone; CPU iPhone OS 12_1_2 like Mac OS X) AppleWebKit/605.1.15 (KHTML, like Gecko) Version/12.0 Mobile/15E148 Safari/604.1" "-"
5.239.49.47 - - [26/Jan/2019:20:28:16 +0330] "GET /site/alexaGooleAnalitic HTTP/1.1" 200 323 "https://www.zanbil.ir/customer/forgetPassword" "Mozilla/5.0 (Windows NT 10.0; Win64; x64) AppleWebKit/537.36 (KHTML, like Gecko) Chrome/64.0.3282.140 Safari/537.36 Edge/17.17134" "-"
5.236.178.171 - - [26/Jan/2019:20:28:16 +0330] "GET /image/10/productTypeType HTTP/1.1" 200 11404 "https://www.zanbil.ir/filter/p3%2Cb1" "Mozilla/5.0 (Windows NT 6.3; Win64; x64) AppleWebKit/537.36 (KHTML, like Gecko) Chrome/71.0.3578.98 Safari/537.36" "-"
204.18.54.96 - - [26/Jan/2019:20:28:16 +0330] "GET /image/16683/productType/240x180 HTTP/1.1" 200 25515 "https://www.google.com/" "Mozilla/5.0 (Linux; Android 7.0; SM-A710F) AppleWebKit/537.36 (KHTML, like Gecko) Chrome/70.0.3538.80 Mobile Safari/537.36" "-"
207.46.13.96 - - [26/Jan/2019:20:28:16 +0330] "GET /product/28270?model=57074 HTTP/1.1" 200 42995 "-" "Mozilla/5.0 (compatible; bingbot/2.0; +http://www.bing.com/bingbot.htm)" "-"
31.56.107.223 - - [26/Jan/2019:20:28:16 +0330] "GET /product/6168/7030/products?browsingBrandId=-1 HTTP/1.1" 200 41818 "https://www.zanbil.ir/product/6168/7030/%D9%BE%D8%B1%DB%8C%D9%86%D8%AA%D8%B1-%D9%84%DB%8C%D8%B2%D8%B1%DB%8C-%D8%B3%D8%A7%D9%85%D8%B3%D9%88%D9%86%DA%AF-%D9%85%D8%AF%D9%84-ML-2955ND" "Mozilla/5.0 (Windows NT 6.3; Win64; x64) AppleWebKit/537.36 (KHTML, like Gecko) Chrome/71.0.3578.98 Safari/537.36" "-"
5.236.178.171 - - [26/Jan/2019:20:28:16 +0330] "GET /image/57613/productModel/150x150 HTTP/1.1" 200 2532 "https://www.zanbil.ir/filter/p3%2Cb1" "Mozilla/5.0 (Windows NT 6.3; Win64; x64) AppleWebKit/537.36 (KHTML, like Gecko) Chrome/71.0.3578.98 Safari/537.36" "-"
5.236.178.171 - - [26/Jan/2019:20:28:16 +0330] "GET /image/11573/productModel/150x150 HTTP/1.1" 200 2536 "https://www.zanbil.ir/filter/p3%2Cb1" "Mozilla/5.0 (Windows NT 6.3; Win64; x64) AppleWebKit/537.36 (KHTML, like Gecko) Chrome/71.0.3578.98 Safari/537.36" "-"
5.236.178.171 - - [26/Jan/2019:20:28:16 +0330] "GET /image/57607/productModel/150x150 HTTP/1.1" 200 1848 "https://www.zanbil.ir/filter/p3%2Cb1" "Mozilla/5.0 (Windows NT 6.3; Win64; x64) AppleWebKit/537.36 (KHTML, like Gecko) Chrome/71.0.3578.98 Safari/537.36" "-"
5.236.178.171 - - [26/Jan/2019:20:28:16 +0330] "GET /image/5/productTypeType HTTP/1.1" 200 11174 "https://www.zanbil.ir/filter/p3%2Cb1" "Mozilla/5.0 (Windows NT 6.3; Win64; x64) AppleWebKit/537.36 (KHTML, like Gecko) Chrome/71.0.3578.98 Safari/537.36" "-"
5.236.178.171 - - [26/Jan/2019:20:28:16 +0330] "GET /image/14/productTypeType HTTP/1.1" 200 11129 "https://www.zanbil.ir/filter/p3%2Cb1" "Mozilla/5.0 (Windows NT 6.3; Win64; x64) AppleWebKit/537.36 (KHTML, like Gecko) Chrome/71.0.3578.98 Safari/537.36" "-"
5.236.178.171 - - [26/Jan/2019:20:28:16 +0330] "GET /image/8785/specialSale HTTP/1.1" 200 36399 "https://www.zanbil.ir/filter/p3%2Cb1" "Mozilla/5.0 (Windows NT 6.3; Win64; x64) AppleWebKit/537.36 (KHTML, like Gecko) Chrome/71.0.3578.98 Safari/537.36" "-"
5.236.178.171 - - [26/Jan/2019:20:28:16 +0330] "GET /image/978/mainSlide HTTP/1.1" 200 87990 "https://www.zanbil.ir/filter/p3%2Cb1" "Mozilla/5.0 (Windows NT 6.3; Win64; x64) AppleWebKit/537.36 (KHTML, like Gecko) Chrome/71.0.3578.98 Safari/537.36" "-"
80.210.198.103 - - [26/Jan/2019:20:28:16 +0330] "GET /static/css/font_awesome/fonts/fontawesome-webfont.woff?v=4.7.0 HTTP/1.1" 200 97931 "https://znbl.ir/static/bundle-bundle_site_head.css" "Mozilla/5.0 (Windows NT 6.1; Win64; x64; rv:64.0) Gecko/20100101 Firefox/64.0" "-"
2.177.236.124 - - [26/Jan/2019:20:28:16 +0330] "GET /favicon.ico HTTP/1.1" 200 0 "https://www.zanbil.ir/m/filter/b485%2Cb648%2Cp12786" "Mozilla/5.0 (Linux; Android 7.0; SM-N920C) AppleWebKit/537.36 (KHTML, like Gecko) Chrome/71.0.3578.99 Mobile Safari/537.36" "-"
5.236.178.171 - - [26/Jan/2019:20:28:16 +0330] "GET /image/61839/productModel/150x150 HTTP/1.1" 200 2929 "https://www.zanbil.ir/filter/p3%2Cb1" "Mozilla/5.0 (Windows NT 6.3; Win64; x64) AppleWebKit/537.36 (KHTML, like Gecko) Chrome/71.0.3578.98 Safari/537.36" "-"
5.236.178.171 - - [26/Jan/2019:20:28:16 +0330] "GET /image/64632/productModel/150x150 HTTP/1.1" 200 2133 "https://www.zanbil.ir/filter/p3%2Cb1" "Mozilla/5.0 (Windows NT 6.3; Win64; x64) AppleWebKit/537.36 (KHTML, like Gecko) Chrome/71.0.3578.98 Safari/537.36" "-"
5.236.178.171 - - [26/Jan/2019:20:28:16 +0330] "GET /image/12/productTypeType HTTP/1.1" 200 11336 "https://www.zanbil.ir/filter/p3%2Cb1" "Mozilla/5.0 (Windows NT 6.3; Win64; x64) AppleWebKit/537.36 (KHTML, like Gecko) Chrome/71.0.3578.98 Safari/537.36" "-"
5.236.178.171 - - [26/Jan/2019:20:28:16 +0330] "GET /image/61082/productModel/150x150 HTTP/1.1" 200 2190 "https://www.zanbil.ir/filter/p3%2Cb1" "Mozilla/5.0 (Windows NT 6.3; Win64; x64) AppleWebKit/537.36 (KHTML, like Gecko) Chrome/71.0.3578.98 Safari/537.36" "-"
5.236.178.171 - - [26/Jan/2019:20:28:16 +0330] "GET /image/463/productTypeType HTTP/1.1" 200 11599 "https://www.zanbil.ir/filter/p3%2Cb1" "Mozilla/5.0 (Windows NT 6.3; Win64; x64) AppleWebKit/537.36 (KHTML, like Gecko) Chrome/71.0.3578.98 Safari/537.36" "-"
5.236.178.171 - - [26/Jan/2019:20:28:16 +0330] "GET /image/144/brand HTTP/1.1" 200 2706 "https://www.zanbil.ir/filter/p3%2Cb1" "Mozilla/5.0 (Windows NT 6.3; Win64; x64) AppleWebKit/537.36 (KHTML, like Gecko) Chrome/71.0.3578.98 Safari/537.36" "-"
5.236.178.171 - - [26/Jan/2019:20:28:16 +0330] "GET /image/59828/productModel/150x150 HTTP/1.1" 200 2676 "https://www.zanbil.ir/filter/p3%2Cb1" "Mozilla/5.0 (Windows NT 6.3; Win64; x64) AppleWebKit/537.36 (KHTML, like Gecko) Chrome/71.0.3578.98 Safari/537.36" "-"
5.236.178.171 - - [26/Jan/2019:20:28:16 +0330] "GET /image/19/productTypeType HTTP/1.1" 200 11332 "https://www.zanbil.ir/filter/p3%2Cb1" "Mozilla/5.0 (Windows NT 6.3; Win64; x64) AppleWebKit/537.36 (KHTML, like Gecko) Chrome/71.0.3578.98 Safari/537.36" "-"
66.249.66.194 - - [26/Jan/2019:20:28:16 +0330] "GET /m/browse/iron/%D8%A7%D8%AA%D9%88 HTTP/1.1" 200 19875 "-" "Mozilla/5.0 (Linux; Android 6.0.1; Nexus 5X Build/MMB29P) AppleWebKit/537.36 (KHTML, like Gecko) Chrome/41.0.2272.96 Mobile Safari/537.36 (compatible; Googlebot/2.1; +http://www.google.com/bot.html)" "-"
5.236.178.171 - - [26/Jan/2019:20:28:16 +0330] "GET /image/62139/productModel/150x150 HTTP/1.1" 200 2157 "https://www.zanbil.ir/filter/p3%2Cb1" "Mozilla/5.0 (Windows NT 6.3; Win64; x64) AppleWebKit/537.36 (KHTML, like Gecko) Chrome/71.0.3578.98 Safari/537.36" "-"
5.236.178.171 - - [26/Jan/2019:20:28:16 +0330] "GET /image/59833/productModel/150x150 HTTP/1.1" 200 2591 "https://www.zanbil.ir/filter/p3%2Cb1" "Mozilla/5.0 (Windows NT 6.3; Win64; x64) AppleWebKit/537.36 (KHTML, like Gecko) Chrome/71.0.3578.98 Safari/537.36" "-"
5.236.178.171 - - [26/Jan/2019:20:28:16 +0330] "GET /image/14295/productModel/150x150 HTTP/1.1" 200 2267 "https://www.zanbil.ir/filter/p3%2Cb1" "Mozilla/5.0 (Windows NT 6.3; Win64; x64) AppleWebKit/537.36 (KHTML, like Gecko) Chrome/71.0.3578.98 Safari/537.36" "-"
5.236.178.171 - - [26/Jan/2019:20:28:16 +0330] "GET /image/58848/productModel/150x150 HTTP/1.1" 200 2942 "https://www.zanbil.ir/filter/p3%2Cb1" "Mozilla/5.0 (Windows NT 6.3; Win64; x64) AppleWebKit/537.36 (KHTML, like Gecko) Chrome/71.0.3578.98 Safari/537.36" "-"
5.119.47.123 - - [26/Jan/2019:20:28:16 +0330] "GET /image/6431?name=lg_5169112step-nozzle-cg710.jpg&wh=max HTTP/1.1" 200 11743 "https://www.zanbil.ir/m/product/6431/7448/%D8%AC%D8%A7%D8%B1%D9%88%D8%A8%D8%B1%D9%82%DB%8C-%D8%A8%D8%A7-%D9%BE%D8%A7%DA%A9%D8%AA-%D9%BE%D8%A7%D9%86%D8%A7%D8%B3%D9%88%D9%86%DB%8C%DA%A9-%D9%85%D8%AF%D9%84-MC-CJ911" "Mozilla/5.0 (Linux; Android 8.1.0; DRA-LX2 Build/HUAWEIDRA-LX2) AppleWebKit/537.36 (KHTML, like Gecko) Chrome/68.0.3440.91 Mobile Safari/537.36" "-"
5.236.178.171 - - [26/Jan/2019:20:28:16 +0330] "GET /image/893/brand HTTP/1.1" 200 3131 "https://www.zanbil.ir/filter/p3%2Cb1" "Mozilla/5.0 (Windows NT 6.3; Win64; x64) AppleWebKit/537.36 (KHTML, like Gecko) Chrome/71.0.3578.98 Safari/537.36" "-"
5.236.178.171 - - [26/Jan/2019:20:28:16 +0330] "GET /image/11/productTypeType HTTP/1.1" 200 11468 "https://www.zanbil.ir/filter/p3%2Cb1" "Mozilla/5.0 (Windows NT 6.3; Win64; x64) AppleWebKit/537.36 (KHTML, like Gecko) Chrome/71.0.3578.98 Safari/537.36" "-"
5.112.116.34 - - [26/Jan/2019:20:28:16 +0330] "GET /apple-touch-icon-120x120-precomposed.png HTTP/1.1" 404 33686 "-" "MobileSafari/604.1 CFNetwork/976 Darwin/18.2.0" "-"
5.236.178.171 - - [26/Jan/2019:20:28:16 +0330] "GET /static/images/not-exists.png HTTP/1.1" 200 2471 "https://www.zanbil.ir/filter/p3%2Cb1" "Mozilla/5.0 (Windows NT 6.3; Win64; x64) AppleWebKit/537.36 (KHTML, like Gecko) Chrome/71.0.3578.98 Safari/537.36" "-"
5.236.178.171 - - [26/Jan/2019:20:28:16 +0330] "GET /image/55903/productModel/150x150 HTTP/1.1" 200 2856 "https://www.zanbil.ir/filter/p3%2Cb1" "Mozilla/5.0 (Windows NT 6.3; Win64; x64) AppleWebKit/537.36 (KHTML, like Gecko) Chrome/71.0.3578.98 Safari/537.36" "-"
5.236.178.171 - - [26/Jan/2019:20:28:16 +0330] "GET /image/57605/productModel/150x150 HTTP/1.1" 200 2434 "https://www.zanbil.ir/filter/p3%2Cb1" "Mozilla/5.0 (Windows NT 6.3; Win64; x64) AppleWebKit/537.36 (KHTML, like Gecko) Chrome/71.0.3578.98 Safari/537.36" "-"
5.236.178.171 - - [26/Jan/2019:20:28:16 +0330] "GET /image/1647/productModel/150x150 HTTP/1.1" 200 2623 "https://www.zanbil.ir/filter/p3%2Cb1" "Mozilla/5.0 (Windows NT 6.3; Win64; x64) AppleWebKit/537.36 (KHTML, like Gecko) Chrome/71.0.3578.98 Safari/537.36" "-"
5.236.178.171 - - [26/Jan/2019:20:28:16 +0330] "GET /image/44830/productModel/150x150 HTTP/1.1" 200 1702 "https://www.zanbil.ir/filter/p3%2Cb1" "Mozilla/5.0 (Windows NT 6.3; Win64; x64) AppleWebKit/537.36 (KHTML, like Gecko) Chrome/71.0.3578.98 Safari/537.36" "-"
5.236.178.171 - - [26/Jan/2019:20:28:16 +0330] "GET /image/64814/productModel/150x150 HTTP/1.1" 200 2155 "https://www.zanbil.ir/filter/p3%2Cb1" "Mozilla/5.0 (Windows NT 6.3; Win64; x64) AppleWebKit/537.36 (KHTML, like Gecko) Chrome/71.0.3578.98 Safari/537.36" "-"
5.236.178.171 - - [26/Jan/2019:20:28:16 +0330] "GET /image/873/productModel/100x100 HTTP/1.1" 200 1214 "https://www.zanbil.ir/filter/p3%2Cb1" "Mozilla/5.0 (Windows NT 6.3; Win64; x64) AppleWebKit/537.36 (KHTML, like Gecko) Chrome/71.0.3578.98 Safari/537.36" "-"
91.251.81.96 - - [26/Jan/2019:20:28:16 +0330] "GET /static/images/guarantees/goodShopping.png HTTP/1.1" 200 6496 "https://www.zanbil.ir/m/product/8982/%D8%A2%D8%A8%DA%AF%D8%B1%D9%85%DA%A9%D9%86-%D8%AF%DB%8C%D9%88%D8%A7%D8%B1%DB%8C-%D8%A8%D9%88%D8%AA%D8%A7%D9%86-%D9%85%D8%AF%D9%84-B3315if%D8%A2%DB%8C%D9%88%D9%86%D8%A7%DB%8C%D8%B2-%D9%81%D9%86-%D8%AF%D8%A7%D8%B1" "Mozilla/5.0 (Linux; Android 4.2.2; HUAWEI Y320-U10 Build/HUAWEIY320-U10) AppleWebKit/537.36 (KHTML, like Gecko) Chrome/51.0.2704.81 Mobile Safari/537.36" "-"
5.236.178.171 - - [26/Jan/2019:20:28:16 +0330] "GET /image/1604/productModel/150x150 HTTP/1.1" 200 2652 "https://www.zanbil.ir/filter/p3%2Cb1" "Mozilla/5.0 (Windows NT 6.3; Win64; x64) AppleWebKit/537.36 (KHTML, like Gecko) Chrome/71.0.3578.98 Safari/537.36" "-"
5.236.178.171 - - [26/Jan/2019:20:28:16 +0330] "GET /image/57596/productModel/150x150 HTTP/1.1" 200 2351 "https://www.zanbil.ir/filter/p3%2Cb1" "Mozilla/5.0 (Windows NT 6.3; Win64; x64) AppleWebKit/537.36 (KHTML, like Gecko) Chrome/71.0.3578.98 Safari/537.36" "-"
5.236.178.171 - - [26/Jan/2019:20:28:16 +0330] "GET /image/1554/productModel/150x150 HTTP/1.1" 200 1760 "https://www.zanbil.ir/filter/p3%2Cb1" "Mozilla/5.0 (Windows NT 6.3; Win64; x64) AppleWebKit/537.36 (KHTML, like Gecko) Chrome/71.0.3578.98 Safari/537.36" "-"
5.236.178.171 - - [26/Jan/2019:20:28:16 +0330] "GET /image/14296/productModel/100x100 HTTP/1.1" 200 1905 "https://www.zanbil.ir/filter/p3%2Cb1" "Mozilla/5.0 (Windows NT 6.3; Win64; x64) AppleWebKit/537.36 (KHTML, like Gecko) Chrome/71.0.3578.98 Safari/537.36" "-"
2.177.236.124 - - [26/Jan/2019:20:28:16 +0330] "GET /image/59275/productModel/200x200 HTTP/1.1" 200 3960 "https://www.zanbil.ir/m/filter/b485%2Cb648%2Cp12786" "Mozilla/5.0 (Linux; Android 7.0; SM-N920C) AppleWebKit/537.36 (KHTML, like Gecko) Chrome/71.0.3578.99 Mobile Safari/537.36" "-"
2.177.236.124 - - [26/Jan/2019:20:28:16 +0330] "GET /image/59034/productModel/200x200 HTTP/1.1" 200 3274 "https://www.zanbil.ir/m/filter/b485%2Cb648%2Cp12786" "Mozilla/5.0 (Linux; Android 7.0; SM-N920C) AppleWebKit/537.36 (KHTML, like Gecko) Chrome/71.0.3578.99 Mobile Safari/537.36" "-"
31.56.107.223 - - [26/Jan/2019:20:28:16 +0330] "GET /browse/printer/%D9%BE%D8%B1%DB%8C%D9%86%D8%AA%D8%B1 HTTP/1.1" 200 33754 "https://www.zanbil.ir/product/6168/7030/%D9%BE%D8%B1%DB%8C%D9%86%D8%AA%D8%B1-%D9%84%DB%8C%D8%B2%D8%B1%DB%8C-%D8%B3%D8%A7%D9%85%D8%B3%D9%88%D9%86%DA%AF-%D9%85%D8%AF%D9%84-ML-2955ND" "Mozilla/5.0 (Windows NT 6.3; Win64; x64) AppleWebKit/537.36 (KHTML, like Gecko) Chrome/71.0.3578.98 Safari/537.36" "-"
5.236.178.171 - - [26/Jan/2019:20:28:16 +0330] "GET /image/58848/productModel/100x100 HTTP/1.1" 200 1957 "https://www.zanbil.ir/filter/p3%2Cb1" "Mozilla/5.0 (Windows NT 6.3; Win64; x64) AppleWebKit/537.36 (KHTML, like Gecko) Chrome/71.0.3578.98 Safari/537.36" "-"
204.18.159.208 - - [26/Jan/2019:20:28:16 +0330] "GET /static/images/guarantees/goodShopping.png HTTP/1.1" 200 6496 "https://www.zanbil.ir/m/article/618/%D8%AE%D9%88%D8%A7%D8%A8-%D8%B1%D9%81%D8%AA%D9%86%D8%8C%DA%AF%D8%B2%DA%AF%D8%B2%D8%8C%D8%B3%D9%88%D8%B2%D8%B4-%D9%88-%D8%A8%DB%8C-%D8%AD%D8%B3%DB%8C-%D9%BE%D8%A7%3A-%D8%B9%D9%84%D8%AA-%D9%88-%D8%AF%D8%B1%D9%85%D8%A7%D9%86-" "Mozilla/5.0 (Linux; Android 8.0.0; SM-A520F) AppleWebKit/537.36 (KHTML, like Gecko) Chrome/71.0.3578.99 Mobile Safari/537.36" "-"
