91.99.55.165 - - [26/Jan/2019:20:28:42 +0330] "GET /image/421/productTypeType HTTP/1.1" 200 11551 "https://www.zanbil.ir/m/filter/p2597%2Cb231" "Mozilla/5.0 (Linux; Android 8.0.0; SM-G930F) AppleWebKit/537.36 (KHTML, like Gecko) Chrome/71.0.3578.99 Mobile Safari/537.36" "-"
91.99.55.165 - - [26/Jan/2019:20:28:42 +0330] "GET /image/424/productTypeType HTTP/1.1" 200 11369 "https://www.zanbil.ir/m/filter/p2597%2Cb231" "Mozilla/5.0 (Linux; Android 8.0.0; SM-G930F) AppleWebKit/537.36 (KHTML, like Gecko) Chrome/71.0.3578.99 Mobile Safari/537.36" "-"
91.99.55.165 - - [26/Jan/2019:20:28:43 +0330] "GET /image/56824/productModel/200x200 HTTP/1.1" 200 3422 "https://www.zanbil.ir/m/filter/p2597%2Cb231" "Mozilla/5.0 (Linux; Android 8.0.0; SM-G930F) AppleWebKit/537.36 (KHTML, like Gecko) Chrome/71.0.3578.99 Mobile Safari/537.36" "-"
66.249.66.194 - - [26/Jan/2019:20:28:43 +0330] "GET /m/browse/laptop/%D9%84%D9%BE-%D8%AA%D8%A7%D9%BE HTTP/1.1" 200 19063 "-" "Mozilla/5.0 (Linux; Android 6.0.1; Nexus 5X Build/MMB29P) AppleWebKit/537.36 (KHTML, like Gecko) Chrome/41.0.2272.96 Mobile Safari/537.36 (compatible; Googlebot/2.1; +http://www.google.com/bot.html)" "-"
91.99.55.165 - - [26/Jan/2019:20:28:43 +0330] "GET /image/56896/productModel/200x200 HTTP/1.1" 200 2872 "https://www.zanbil.ir/m/filter/p2597%2Cb231" "Mozilla/5.0 (Linux; Android 8.0.0; SM-G930F) AppleWebKit/537.36 (KHTML, like Gecko) Chrome/71.0.3578.99 Mobile Safari/537.36" "-"
91.99.55.165 - - [26/Jan/2019:20:28:43 +0330] "GET /image/983/mainSlideMobile HTTP/1.1" 200 67261 "https://www.zanbil.ir/m/filter/p2597%2Cb231" "Mozilla/5.0 (Linux; Android 8.0.0; SM-G930F) AppleWebKit/537.36 (KHTML, like Gecko) Chrome/71.0.3578.99 Mobile Safari/537.36" "-"
5.125.216.51 - - [26/Jan/2019:20:28:43 +0330] "GET /static/css/font/wyekan/font.ttf HTTP/1.1" 200 27459 "https://www.zanbil.ir/m/filter/b146%2Cb36%2Cb8%2Cp3" "Mozilla/5.0 (Android 5.1.1; Mobile; rv:64.0) Gecko/64.0 Firefox/64.0" "-"
151.239.2.90 - - [26/Jan/2019:20:28:43 +0330] "GET /site/searchAutoComplete?f=p0&phrase=%D8%AA%D9%82%D9%88%DB%8C%D9%85 HTTP/1.1" 200 0 "https://www.zanbil.ir/" "Mozilla/5.0 (Windows NT 10.0; Win64; x64; rv:64.0) Gecko/20100101 Firefox/64.0" "-"
66.249.66.91 - - [26/Jan/2019:20:28:43 +0330] "GET /static/images/amp/blog.png HTTP/1.1" 304 0 "-" "Googlebot-Image/1.0" "-"
5.216.172.90 - - [26/Jan/2019:20:28:43 +0330] "GET /settings/logo HTTP/1.1" 200 4120 "https://www.zanbil.ir/m/browse/big-kitchen-appliances/%D9%84%D9%88%D8%A7%D8%B2%D9%85-%D8%A8%D8%B2%D8%B1%DA%AF-%D8%A2%D8%B4%D9%BE%D8%B2%D8%AE%D8%A7%D9%86%D9%87" "Mozilla/5.0 (Linux; Android 8.0.0; SM-A720F) AppleWebKit/537.36 (KHTML, like Gecko) Chrome/71.0.3578.99 Mobile Safari/537.36" "-"
5.216.172.90 - - [26/Jan/2019:20:28:43 +0330] "GET /image/7/productType/240x180 HTTP/1.1" 200 12590 "https://www.zanbil.ir/m/browse/big-kitchen-appliances/%D9%84%D9%88%D8%A7%D8%B2%D9%85-%D8%A8%D8%B2%D8%B1%DA%AF-%D8%A2%D8%B4%D9%BE%D8%B2%D8%AE%D8%A7%D9%86%D9%87" "Mozilla/5.0 (Linux; Android 8.0.0; SM-A720F) AppleWebKit/537.36 (KHTML, like Gecko) Chrome/71.0.3578.99 Mobile Safari/537.36" "-"
91.99.55.165 - - [26/Jan/2019:20:28:43 +0330] "GET /favicon.ico HTTP/1.1" 200 0 "https://www.zanbil.ir/m/filter/p2597%2Cb231" "Mozilla/5.0 (Linux; Android 8.0.0; SM-G930F) AppleWebKit/537.36 (KHTML, like Gecko) Chrome/71.0.3578.99 Mobile Safari/537.36" "-"
91.99.55.165 - - [26/Jan/2019:20:28:43 +0330] "GET /image/231/brand HTTP/1.1" 200 2568 "https://www.zanbil.ir/m/filter/p2597%2Cb231" "Mozilla/5.0 (Linux; Android 8.0.0; SM-G930F) AppleWebKit/537.36 (KHTML, like Gecko) Chrome/71.0.3578.99 Mobile Safari/537.36" "-"
91.99.55.165 - - [26/Jan/2019:20:28:43 +0330] "GET /image/219/brand HTTP/1.1" 200 2206 "https://www.zanbil.ir/m/filter/p2597%2Cb231" "Mozilla/5.0 (Linux; Android 8.0.0; SM-G930F) AppleWebKit/537.36 (KHTML, like Gecko) Chrome/71.0.3578.99 Mobile Safari/537.36" "-"
94.24.86.11 - - [26/Jan/2019:20:28:43 +0330] "GET /image/34288?name=galaxy-j4-black-1.jpg&wh=200x200 HTTP/1.1" 200 4401 "https://torob.com/p/9e6b7ff2-2bba-4f4d-923a-c53bc5ed2c87/%DA%AF%D9%88%D8%B4%DB%8C-%D8%B3%D8%A7%D9%85%D8%B3%D9%88%D9%86%DA%AF-%DA%AF%D9%84%DA%A9%D8%B3%DB%8C-%D8%AC%DB%8C-4-%D9%BE%D9%84%D8%A7%D8%B3-galaxy-j4-plus-j415-32gb/" "Mozilla/5.0 (Linux; U; Android 4.2.1; fa-ir; HUAWEI G610-U20 Build/HuaweiG610-U20) AppleWebKit/534.30 (KHTML, like Gecko) Version/4.0 Mobile Safari/534.30" "-"
91.99.55.165 - - [26/Jan/2019:20:28:43 +0330] "GET /image/168/brand HTTP/1.1" 200 2398 "https://www.zanbil.ir/m/filter/p2597%2Cb231" "Mozilla/5.0 (Linux; Android 8.0.0; SM-G930F) AppleWebKit/537.36 (KHTML, like Gecko) Chrome/71.0.3578.99 Mobile Safari/537.36" "-"
91.99.55.165 - - [26/Jan/2019:20:28:43 +0330] "GET /image/423/productTypeType HTTP/1.1" 200 11263 "https://www.zanbil.ir/m/filter/p2597%2Cb231" "Mozilla/5.0 (Linux; Android 8.0.0; SM-G930F) AppleWebKit/537.36 (KHTML, like Gecko) Chrome/71.0.3578.99 Mobile Safari/537.36" "-"
66.249.66.91 - - [26/Jan/2019:20:28:43 +0330] "GET /image/24086/productType/240x180 HTTP/1.1" 200 62269 "-" "Googlebot-Image/1.0" "-"
91.99.55.165 - - [26/Jan/2019:20:28:43 +0330] "GET /image/422/productTypeType HTTP/1.1" 200 11276 "https://www.zanbil.ir/m/filter/p2597%2Cb231" "Mozilla/5.0 (Linux; Android 8.0.0; SM-G930F) AppleWebKit/537.36 (KHTML, like Gecko) Chrome/71.0.3578.99 Mobile Safari/537.36" "-"
94.24.86.11 - - [26/Jan/2019:20:28:43 +0330] "GET /image/33968?name=6p-m1.jpg&wh=200x200 HTTP/1.1" 200 5852 "https://torob.com/p/9e6b7ff2-2bba-4f4d-923a-c53bc5ed2c87/%DA%AF%D9%88%D8%B4%DB%8C-%D8%B3%D8%A7%D9%85%D8%B3%D9%88%D9%86%DA%AF-%DA%AF%D9%84%DA%A9%D8%B3%DB%8C-%D8%AC%DB%8C-4-%D9%BE%D9%84%D8%A7%D8%B3-galaxy-j4-plus-j415-32gb/" "Mozilla/5.0 (Linux; U; Android 4.2.1; fa-ir; HUAWEI G610-U20 Build/HuaweiG610-U20) AppleWebKit/534.30 (KHTML, like Gecko) Version/4.0 Mobile Safari/534.30" "-"
83.120.164.198 - - [26/Jan/2019:20:28:43 +0330] "GET /static/images/amp/instagram.png HTTP/1.1" 200 7146 "https://www.zanbil.ir/m/article/750/%DA%86%D8%A7%D8%B1%D9%87-%D8%A7%DB%8C-%D9%85%D9%86%D8%A7%D8%B3%D8%A8-%D8%A8%D8%B1%D8%A7%DB%8C-%D8%B1%D9%81%D8%B9-%DA%AF%D9%88%D8%AF%DB%8C-%DA%A9%D9%85%D8%B1" "Mozilla/5.0 (Linux; Android 7.0; SM-N920C) AppleWebKit/537.36 (KHTML, like Gecko) Chrome/71.0.3578.99 Mobile Safari/537.36" "-"
83.120.164.198 - - [26/Jan/2019:20:28:43 +0330] "GET /static/images/amp/telegram.png HTTP/1.1" 200 4859 "https://www.zanbil.ir/m/article/750/%DA%86%D8%A7%D8%B1%D9%87-%D8%A7%DB%8C-%D9%85%D9%86%D8%A7%D8%B3%D8%A8-%D8%A8%D8%B1%D8%A7%DB%8C-%D8%B1%D9%81%D8%B9-%DA%AF%D9%88%D8%AF%DB%8C-%DA%A9%D9%85%D8%B1" "Mozilla/5.0 (Linux; Android 7.0; SM-N920C) AppleWebKit/537.36 (KHTML, like Gecko) Chrome/71.0.3578.99 Mobile Safari/537.36" "-"
83.120.164.198 - - [26/Jan/2019:20:28:43 +0330] "GET /static/images/amp/blog.png HTTP/1.1" 200 3863 "https://www.zanbil.ir/m/article/750/%DA%86%D8%A7%D8%B1%D9%87-%D8%A7%DB%8C-%D9%85%D9%86%D8%A7%D8%B3%D8%A8-%D8%A8%D8%B1%D8%A7%DB%8C-%D8%B1%D9%81%D8%B9-%DA%AF%D9%88%D8%AF%DB%8C-%DA%A9%D9%85%D8%B1" "Mozilla/5.0 (Linux; Android 7.0; SM-N920C) AppleWebKit/537.36 (KHTML, like Gecko) Chrome/71.0.3578.99 Mobile Safari/537.36" "-"
5.216.172.90 - - [26/Jan/2019:20:28:43 +0330] "GET /image/3/productType/240x180 HTTP/1.1" 200 11347 "https://www.zanbil.ir/m/browse/big-kitchen-appliances/%D9%84%D9%88%D8%A7%D8%B2%D9%85-%D8%A8%D8%B2%D8%B1%DA%AF-%D8%A2%D8%B4%D9%BE%D8%B2%D8%AE%D8%A7%D9%86%D9%87" "Mozilla/5.0 (Linux; Android 8.0.0; SM-A720F) AppleWebKit/537.36 (KHTML, like Gecko) Chrome/71.0.3578.99 Mobile Safari/537.36" "-"
5.216.172.90 - - [26/Jan/2019:20:28:43 +0330] "GET /image/5/productType/240x180 HTTP/1.1" 200 11487 "https://www.zanbil.ir/m/browse/big-kitchen-appliances/%D9%84%D9%88%D8%A7%D8%B2%D9%85-%D8%A8%D8%B2%D8%B1%DA%AF-%D8%A2%D8%B4%D9%BE%D8%B2%D8%AE%D8%A7%D9%86%D9%87" "Mozilla/5.0 (Linux; Android 8.0.0; SM-A720F) AppleWebKit/537.36 (KHTML, like Gecko) Chrome/71.0.3578.99 Mobile Safari/537.36" "-"
5.216.172.90 - - [26/Jan/2019:20:28:43 +0330] "GET /image/4/productType/240x180 HTTP/1.1" 200 10857 "https://www.zanbil.ir/m/browse/big-kitchen-appliances/%D9%84%D9%88%D8%A7%D8%B2%D9%85-%D8%A8%D8%B2%D8%B1%DA%AF-%D8%A2%D8%B4%D9%BE%D8%B2%D8%AE%D8%A7%D9%86%D9%87" "Mozilla/5.0 (Linux; Android 8.0.0; SM-A720F) AppleWebKit/537.36 (KHTML, like Gecko) Chrome/71.0.3578.99 Mobile Safari/537.36" "-"
5.216.172.90 - - [26/Jan/2019:20:28:43 +0330] "GET /image/6/productType/240x180 HTTP/1.1" 200 9916 "https://www.zanbil.ir/m/browse/big-kitchen-appliances/%D9%84%D9%88%D8%A7%D8%B2%D9%85-%D8%A8%D8%B2%D8%B1%DA%AF-%D8%A2%D8%B4%D9%BE%D8%B2%D8%AE%D8%A7%D9%86%D9%87" "Mozilla/5.0 (Linux; Android 8.0.0; SM-A720F) AppleWebKit/537.36 (KHTML, like Gecko) Chrome/71.0.3578.99 Mobile Safari/537.36" "-"
66.249.66.91 - - [26/Jan/2019:20:28:43 +0330] "GET /image/59735/productModel/200x200 HTTP/1.1" 200 4672 "-" "Googlebot-Image/1.0" "-"
89.42.185.243 - - [26/Jan/2019:20:28:43 +0330] "GET /image/34185?name=mfp-m130a-1.jpg&wh=200x200 HTTP/1.1" 200 5395 "https://torob.com/p/29b3330a-3642-4fc3-b1f5-fb4b00a1198b/%D9%BE%D8%B1%DB%8C%D9%86%D8%AA%D8%B1-%D8%B3%D9%87-%D8%A8%D8%B9%D8%AF%DB%8C-%D8%B3%D8%A7%DB%8C%D8%B2-500-500-180/?referer=amp" "Mozilla/5.0 (Linux; Android 6.0.1; SM-A500H) AppleWebKit/537.36 (KHTML, like Gecko) Chrome/71.0.3578.99 Mobile Safari/537.36" "-"
89.42.185.243 - - [26/Jan/2019:20:28:43 +0330] "GET /image/3432?name=c03346451_1750x1285.jpg&wh=200x200 HTTP/1.1" 200 6174 "https://torob.com/p/29b3330a-3642-4fc3-b1f5-fb4b00a1198b/%D9%BE%D8%B1%DB%8C%D9%86%D8%AA%D8%B1-%D8%B3%D9%87-%D8%A8%D8%B9%D8%AF%DB%8C-%D8%B3%D8%A7%DB%8C%D8%B2-500-500-180/?referer=amp" "Mozilla/5.0 (Linux; Android 6.0.1; SM-A500H) AppleWebKit/537.36 (KHTML, like Gecko) Chrome/71.0.3578.99 Mobile Safari/537.36" "-"
66.249.66.91 - - [26/Jan/2019:20:28:44 +0330] "GET /image/44859/productModel/150x150 HTTP/1.1" 200 3049 "-" "Googlebot-Image/1.0" "-"
2.185.171.213 - - [26/Jan/2019:20:28:44 +0330] "GET /m/product/2287/%DA%A9%D8%A8%D8%A7%D8%A8-%D9%BE%D8%B2-%D8%A8%D8%B1%D9%82%DB%8C-%D9%BE%D8%A7%D8%B1%D8%B3-%D8%AE%D8%B2%D8%B1-%D9%85%D8%AF%D9%84-BBQ2000V HTTP/1.1" 200 20163 "https://www.google.com/" "Mozilla/5.0 (Linux; Android 7.0; SM-A720F) AppleWebKit/537.36 (KHTML, like Gecko) Chrome/70.0.3538.110 Mobile Safari/537.36" "-"
66.249.66.91 - - [26/Jan/2019:20:28:44 +0330] "GET /static/images/amp/telegram.png HTTP/1.1" 304 0 "-" "Googlebot-Image/1.0" "-"
2.177.236.124 - - [26/Jan/2019:20:28:44 +0330] "GET /image/59025/productModel/200x200 HTTP/1.1" 200 3357 "https://www.zanbil.ir/m/filter/b485%2Cp12786" "Mozilla/5.0 (Linux; Android 7.0; SM-N920C) AppleWebKit/537.36 (KHTML, like Gecko) Chrome/71.0.3578.99 Mobile Safari/537.36" "-"
2.177.236.124 - - [26/Jan/2019:20:28:44 +0330] "GET /image/59043/productModel/200x200 HTTP/1.1" 200 3083 "https://www.zanbil.ir/m/filter/b485%2Cp12786" "Mozilla/5.0 (Linux; Android 7.0; SM-N920C) AppleWebKit/537.36 (KHTML, like Gecko) Chrome/71.0.3578.99 Mobile Safari/537.36" "-"
31.184.135.124 - - [26/Jan/2019:20:28:44 +0330] "GET /filter/b583,b226 HTTP/1.1" 200 35864 "http://www.zanbil.ir/" "Mozilla/5.0 (compatible; Parsijoobot; +http://www.parsijoo.ir/bot.html; crawler@parsijoo.ir)" "-"
5.216.172.90 - - [26/Jan/2019:20:28:44 +0330] "GET /favicon.ico HTTP/1.1" 200 0 "https://www.zanbil.ir/m/browse/big-kitchen-appliances/%D9%84%D9%88%D8%A7%D8%B2%D9%85-%D8%A8%D8%B2%D8%B1%DA%AF-%D8%A2%D8%B4%D9%BE%D8%B2%D8%AE%D8%A7%D9%86%D9%87" "Mozilla/5.0 (Linux; Android 8.0.0; SM-A720F) AppleWebKit/537.36 (KHTML, like Gecko) Chrome/71.0.3578.99 Mobile Safari/537.36" "-"
51.15.224.252 - - [26/Jan/2019:20:28:44 +0330] "GET /basket/add/4158?mobile=1&addedValues= HTTP/1.1" 302 0 "https://www.zanbil.ir/m/product/2303/4158/%D8%A8%D8%AE%D8%A7%D8%B1%DB%8C-%D8%A8%D8%B1%D9%82%DB%8C-%D9%81%D9%86-%D8%AF%D8%A7%D8%B1-%D9%BE%D8%A7%D8%B1%D8%B3-%D8%AE%D8%B2%D8%B1-%D9%85%D8%AF%D9%84-FH2000P" "Mozilla/5.0 (Linux; Android 6.0.1; SM-G532F) AppleWebKit/537.36 (KHTML, like Gecko) Chrome/71.0.3578.99 Mobile Safari/537.36" "-"
5.117.0.221 - - [26/Jan/2019:20:28:44 +0330] "GET /m/browse/microwave-oven HTTP/1.1" 200 19421 "https://www.zanbil.ir/m/filter/b74%2Cb8%2Cp7" "Mozilla/5.0 (Linux; Android 6.0; Lenovo TB3-850M) AppleWebKit/537.36 (KHTML, like Gecko) Chrome/71.0.3578.99 Safari/537.36" "-"
5.120.73.255 - - [26/Jan/2019:20:28:44 +0330] "GET /m/search/%D8%A8%D8%AE%D8%A7%D8%B1%DB%8C-%D8%A8%D8%B1%D9%82%DB%8C HTTP/1.1" 200 16942 "https://www.zanbil.ir/m" "Mozilla/5.0 (iPhone; CPU iPhone OS 11_4_1 like Mac OS X) AppleWebKit/605.1.15 (KHTML, like Gecko) Version/11.0 Mobile/15E148 Safari/604.1" "-"
2.185.171.213 - - [26/Jan/2019:20:28:44 +0330] "GET /static/images/guarantees/fastDelivery.png HTTP/1.1" 200 7713 "https://www.zanbil.ir/m/product/2287/%DA%A9%D8%A8%D8%A7%D8%A8-%D9%BE%D8%B2-%D8%A8%D8%B1%D9%82%DB%8C-%D9%BE%D8%A7%D8%B1%D8%B3-%D8%AE%D8%B2%D8%B1-%D9%85%D8%AF%D9%84-BBQ2000V" "Mozilla/5.0 (Linux; Android 7.0; SM-A720F) AppleWebKit/537.36 (KHTML, like Gecko) Chrome/70.0.3538.110 Mobile Safari/537.36" "-"
2.185.171.213 - - [26/Jan/2019:20:28:44 +0330] "GET /static/images/guarantees/support.png HTTP/1.1" 200 6454 "https://www.zanbil.ir/m/product/2287/%DA%A9%D8%A8%D8%A7%D8%A8-%D9%BE%D8%B2-%D8%A8%D8%B1%D9%82%DB%8C-%D9%BE%D8%A7%D8%B1%D8%B3-%D8%AE%D8%B2%D8%B1-%D9%85%D8%AF%D9%84-BBQ2000V" "Mozilla/5.0 (Linux; Android 7.0; SM-A720F) AppleWebKit/537.36 (KHTML, like Gecko) Chrome/70.0.3538.110 Mobile Safari/537.36" "-"
2.185.171.213 - - [26/Jan/2019:20:28:44 +0330] "GET /static/images/guarantees/bestPrice.png HTTP/1.1" 200 7356 "https://www.zanbil.ir/m/product/2287/%DA%A9%D8%A8%D8%A7%D8%A8-%D9%BE%D8%B2-%D8%A8%D8%B1%D9%82%DB%8C-%D9%BE%D8%A7%D8%B1%D8%B3-%D8%AE%D8%B2%D8%B1-%D9%85%D8%AF%D9%84-BBQ2000V" "Mozilla/5.0 (Linux; Android 7.0; SM-A720F) AppleWebKit/537.36 (KHTML, like Gecko) Chrome/70.0.3538.110 Mobile Safari/537.36" "-"
2.185.171.213 - - [26/Jan/2019:20:28:44 +0330] "GET /static/images/guarantees/warranty.png HTTP/1.1" 200 5807 "https://www.zanbil.ir/m/product/2287/%DA%A9%D8%A8%D8%A7%D8%A8-%D9%BE%D8%B2-%D8%A8%D8%B1%D9%82%DB%8C-%D9%BE%D8%A7%D8%B1%D8%B3-%D8%AE%D8%B2%D8%B1-%D9%85%D8%AF%D9%84-BBQ2000V" "Mozilla/5.0 (Linux; Android 7.0; SM-A720F) AppleWebKit/537.36 (KHTML, like Gecko) Chrome/70.0.3538.110 Mobile Safari/537.36" "-"
2.185.171.213 - - [26/Jan/2019:20:28:44 +0330] "GET /static/images/guarantees/goodShopping.png HTTP/1.1" 200 6496 "https://www.zanbil.ir/m/product/2287/%DA%A9%D8%A8%D8%A7%D8%A8-%D9%BE%D8%B2-%D8%A8%D8%B1%D9%82%DB%8C-%D9%BE%D8%A7%D8%B1%D8%B3-%D8%AE%D8%B2%D8%B1-%D9%85%D8%AF%D9%84-BBQ2000V" "Mozilla/5.0 (Linux; Android 7.0; SM-A720F) AppleWebKit/537.36 (KHTML, like Gecko) Chrome/70.0.3538.110 Mobile Safari/537.36" "-"
2.185.171.213 - - [26/Jan/2019:20:28:44 +0330] "GET /static/css/font/wyekan/font.woff HTTP/1.1" 200 28536 "https://www.zanbil.ir/m/product/2287/%DA%A9%D8%A8%D8%A7%D8%A8-%D9%BE%D8%B2-%D8%A8%D8%B1%D9%82%DB%8C-%D9%BE%D8%A7%D8%B1%D8%B3-%D8%AE%D8%B2%D8%B1-%D9%85%D8%AF%D9%84-BBQ2000V" "Mozilla/5.0 (Linux; Android 7.0; SM-A720F) AppleWebKit/537.36 (KHTML, like Gecko) Chrome/70.0.3538.110 Mobile Safari/537.36" "-"
5.120.73.255 - - [26/Jan/2019:20:28:44 +0330] "GET /settings/logo HTTP/1.1" 200 4120 "https://www.zanbil.ir/m/search/%D8%A8%D8%AE%D8%A7%D8%B1%DB%8C-%D8%A8%D8%B1%D9%82%DB%8C" "Mozilla/5.0 (iPhone; CPU iPhone OS 11_4_1 like Mac OS X) AppleWebKit/605.1.15 (KHTML, like Gecko) Version/11.0 Mobile/15E148 Safari/604.1" "-"
5.120.73.255 - - [26/Jan/2019:20:28:44 +0330] "GET /static/images/amp/instagram.png HTTP/1.1" 200 7146 "https://www.zanbil.ir/m/search/%D8%A8%D8%AE%D8%A7%D8%B1%DB%8C-%D8%A8%D8%B1%D9%82%DB%8C" "Mozilla/5.0 (iPhone; CPU iPhone OS 11_4_1 like Mac OS X) AppleWebKit/605.1.15 (KHTML, like Gecko) Version/11.0 Mobile/15E148 Safari/604.1" "-"
5.120.73.255 - - [26/Jan/2019:20:28:45 +0330] "GET /static/images/amp/third-party/footer-mobile.png HTTP/1.1" 200 62894 "https://www.zanbil.ir/m/search/%D8%A8%D8%AE%D8%A7%D8%B1%DB%8C-%D8%A8%D8%B1%D9%82%DB%8C" "Mozilla/5.0 (iPhone; CPU iPhone OS 11_4_1 like Mac OS X) AppleWebKit/605.1.15 (KHTML, like Gecko) Version/11.0 Mobile/15E148 Safari/604.1" "-"
5.120.73.255 - - [26/Jan/2019:20:28:45 +0330] "GET /static/images/amp/blog.png HTTP/1.1" 200 3863 "https://www.zanbil.ir/m/search/%D8%A8%D8%AE%D8%A7%D8%B1%DB%8C-%D8%A8%D8%B1%D9%82%DB%8C" "Mozilla/5.0 (iPhone; CPU iPhone OS 11_4_1 like Mac OS X) AppleWebKit/605.1.15 (KHTML, like Gecko) Version/11.0 Mobile/15E148 Safari/604.1" "-"
5.120.73.255 - - [26/Jan/2019:20:28:45 +0330] "GET /static/images/amp/telegram.png HTTP/1.1" 200 4859 "https://www.zanbil.ir/m/search/%D8%A8%D8%AE%D8%A7%D8%B1%DB%8C-%D8%A8%D8%B1%D9%82%DB%8C" "Mozilla/5.0 (iPhone; CPU iPhone OS 11_4_1 like Mac OS X) AppleWebKit/605.1.15 (KHTML, like Gecko) Version/11.0 Mobile/15E148 Safari/604.1" "-"
66.249.66.194 - - [26/Jan/2019:20:28:45 +0330] "GET /m/filter/b1,p65 HTTP/1.1" 200 19285 "-" "Mozilla/5.0 (Linux; Android 6.0.1; Nexus 5X Build/MMB29P) AppleWebKit/537.36 (KHTML, like Gecko) Chrome/41.0.2272.96 Mobile Safari/537.36 (compatible; Googlebot/2.1; +http://www.google.com/bot.html)" "-"
2.177.236.124 - - [26/Jan/2019:20:28:45 +0330] "GET /image/59468/productModel/200x200 HTTP/1.1" 200 3289 "https://www.zanbil.ir/m/filter/b485%2Cp12786" "Mozilla/5.0 (Linux; Android 7.0; SM-N920C) AppleWebKit/537.36 (KHTML, like Gecko) Chrome/71.0.3578.99 Mobile Safari/537.36" "-"
151.239.2.90 - - [26/Jan/2019:20:28:45 +0330] "GET /site/prepareSearch?f=p0&phrase=%D8%AA%D9%82%D9%88%DB%8C%D9%85 HTTP/1.1" 302 0 "https://www.zanbil.ir/" "Mozilla/5.0 (Windows NT 10.0; Win64; x64; rv:64.0) Gecko/20100101 Firefox/64.0" "-"
2.177.236.124 - - [26/Jan/2019:20:28:45 +0330] "GET /image/59060/productModel/200x200 HTTP/1.1" 200 6408 "https://www.zanbil.ir/m/filter/b485%2Cp12786" "Mozilla/5.0 (Linux; Android 7.0; SM-N920C) AppleWebKit/537.36 (KHTML, like Gecko) Chrome/71.0.3578.99 Mobile Safari/537.36" "-"
66.249.66.194 - - [26/Jan/2019:20:28:45 +0330] "GET /m/filter/b74 HTTP/1.1" 200 22048 "-" "Mozilla/5.0 (Linux; Android 6.0.1; Nexus 5X Build/MMB29P) AppleWebKit/537.36 (KHTML, like Gecko) Chrome/41.0.2272.96 Mobile Safari/537.36 (compatible; Googlebot/2.1; +http://www.google.com/bot.html)" "-"
80.250.193.6 - - [26/Jan/2019:20:28:45 +0330] "GET /amp-helper-frame.html?appId=a624a1c1-0c93-466a-a546-e146710f97e6&parentOrigin=https://www.zanbil.ir HTTP/1.1" 200 133 "https://www.zanbil.ir/m/filter/b42%2Cp6" "Mozilla/5.0 (Android 8.0.0; Mobile; rv:49.0) Gecko/49.0 Firefox/49.0" "-"
86.55.30.2 - - [26/Jan/2019:20:28:45 +0330] "GET / HTTP/1.1" 302 0 "-" "Mozilla/5.0 (Linux; Android 5.1.1; SAMSUNG SM-J500H Build/LMY48B) AppleWebKit/537.36 (KHTML, like Gecko) SamsungBrowser/3.3 Chrome/38.0.2125.102 Mobile Safari/537.36" "-"
66.249.66.194 - - [26/Jan/2019:20:28:45 +0330] "GET /m/filter/b443,b714,b742,p22059,stnot-exists HTTP/1.1" 200 16922 "-" "Mozilla/5.0 (Linux; Android 6.0.1; Nexus 5X Build/MMB29P) AppleWebKit/537.36 (KHTML, like Gecko) Chrome/41.0.2272.96 Mobile Safari/537.36 (compatible; Googlebot/2.1; +http://www.google.com/bot.html)" "-"
5.117.61.225 - - [26/Jan/2019:20:28:45 +0330] "GET /image/34173?name=i-sensys-mf232w-1.jpg&wh=200x200 HTTP/1.1" 200 5103 "-" "Dalvik/2.1.0 (Linux; U; Android 5.1.1; KIW-L21 Build/HONORKIW-L21)" "-"
103.119.24.113 - - [26/Jan/2019:20:28:45 +0330] "GET /settings/logo HTTP/1.1" 200 4120 "https://www.zanbil.ir/article/1008/-%D8%A2%D8%B4%D9%86%D8%A7%DB%8C%DB%8C-%D8%A8%D8%A7-%D8%A7%D9%86%D9%88%D8%A7%D8%B9-%D9%87%D8%AF%D9%81%D9%88%D9%86" "Mozilla/5.0 (Windows NT 10.0; Win64; x64) AppleWebKit/537.36 (KHTML, like Gecko) Chrome/71.0.3578.98 Safari/537.36" "-"
5.121.72.19 - - [26/Jan/2019:20:28:45 +0330] "GET /image/29306?name=359186.jpg&wh=200x200 HTTP/1.1" 200 7222 "-" "Mozilla/5.0 (Windows NT 6.1; Win64; x64; rv:64.0) Gecko/20100101 Firefox/64.0" "-"
5.117.0.221 - - [26/Jan/2019:20:28:45 +0330] "GET /settings/logo HTTP/1.1" 200 4120 "https://www.zanbil.ir/m/browse/microwave-oven" "Mozilla/5.0 (Linux; Android 6.0; Lenovo TB3-850M) AppleWebKit/537.36 (KHTML, like Gecko) Chrome/71.0.3578.99 Safari/537.36" "-"
66.249.66.91 - - [26/Jan/2019:20:28:45 +0330] "GET /filter/b481%2Cb67%2Cb226%2Cb570%2Cb598%2Cstexists%2Cb270%2Cb99%2Cb152%2Cb249%2Cb20%2Cb701%2Cb723%2Cb879%2Cb198%2Cb35%2Cb548%2Cb88%2Cb1%2Cb523%2Cb900%2Cb192%2Cb703%2Cb236%2Cb400%2Cb651%2Cb202%2Cb647%2Cb4%2Cb22%2Cb613%2Cb217%2Cb216%2Cb63%2Cb882%2Cb218%2Cb221%2Cb43%2Cb610%2Cb203%2Cb5%2Cb231%2Cb215%2Cb220%2Cb656%2Cb614%2Cb573%2Cb42%2Cb890%2Cb135%2Cb2%2Cb258%2Cb183%2Cb546%2Cb277%2Cb903%2Cb3%2Cb105%2Cb82%2Cb880%2Cb256%2Cb41%2Cb435%2Cb874%2Cb80%2Cb603%2Cb74%2Cb19%2Cb6?page=96 HTTP/1.1" 200 31801 "-" "Mozilla/5.0 (compatible; Googlebot/2.1; +http://www.google.com/bot.html)" "-"
103.119.24.113 - - [26/Jan/2019:20:28:45 +0330] "GET /image/2/productTypeMenu HTTP/1.1" 200 11 "https://www.zanbil.ir/article/1008/-%D8%A2%D8%B4%D9%86%D8%A7%DB%8C%DB%8C-%D8%A8%D8%A7-%D8%A7%D9%86%D9%88%D8%A7%D8%B9-%D9%87%D8%AF%D9%81%D9%88%D9%86" "Mozilla/5.0 (Windows NT 10.0; Win64; x64) AppleWebKit/537.36 (KHTML, like Gecko) Chrome/71.0.3578.98 Safari/537.36" "-"
103.119.24.113 - - [26/Jan/2019:20:28:45 +0330] "GET /image/32553/productTypeMenu HTTP/1.1" 200 11 "https://www.zanbil.ir/article/1008/-%D8%A2%D8%B4%D9%86%D8%A7%DB%8C%DB%8C-%D8%A8%D8%A7-%D8%A7%D9%86%D9%88%D8%A7%D8%B9-%D9%87%D8%AF%D9%81%D9%88%D9%86" "Mozilla/5.0 (Windows NT 10.0; Win64; x64) AppleWebKit/537.36 (KHTML, like Gecko) Chrome/71.0.3578.98 Safari/537.36" "-"
103.119.24.113 - - [26/Jan/2019:20:28:45 +0330] "GET /image/55/productTypeMenu HTTP/1.1" 200 11 "https://www.zanbil.ir/article/1008/-%D8%A2%D8%B4%D9%86%D8%A7%DB%8C%DB%8C-%D8%A8%D8%A7-%D8%A7%D9%86%D9%88%D8%A7%D8%B9-%D9%87%D8%AF%D9%81%D9%88%D9%86" "Mozilla/5.0 (Windows NT 10.0; Win64; x64) AppleWebKit/537.36 (KHTML, like Gecko) Chrome/71.0.3578.98 Safari/537.36" "-"
151.239.2.90 - - [26/Jan/2019:20:28:45 +0330] "GET /search/%D8%AA%D9%82%D9%88%DB%8C%D9%85/p0 HTTP/1.1" 404 32397 "https://www.zanbil.ir/" "Mozilla/5.0 (Windows NT 10.0; Win64; x64; rv:64.0) Gecko/20100101 Firefox/64.0" "-"
103.119.24.113 - - [26/Jan/2019:20:28:45 +0330] "GET /image/13794/productTypeMenu HTTP/1.1" 200 11 "https://www.zanbil.ir/article/1008/-%D8%A2%D8%B4%D9%86%D8%A7%DB%8C%DB%8C-%D8%A8%D8%A7-%D8%A7%D9%86%D9%88%D8%A7%D8%B9-%D9%87%D8%AF%D9%81%D9%88%D9%86" "Mozilla/5.0 (Windows NT 10.0; Win64; x64) AppleWebKit/537.36 (KHTML, like Gecko) Chrome/71.0.3578.98 Safari/537.36" "-"
103.119.24.113 - - [26/Jan/2019:20:28:45 +0330] "GET /image/46/productTypeMenu HTTP/1.1" 200 11 "https://www.zanbil.ir/article/1008/-%D8%A2%D8%B4%D9%86%D8%A7%DB%8C%DB%8C-%D8%A8%D8%A7-%D8%A7%D9%86%D9%88%D8%A7%D8%B9-%D9%87%D8%AF%D9%81%D9%88%D9%86" "Mozilla/5.0 (Windows NT 10.0; Win64; x64) AppleWebKit/537.36 (KHTML, like Gecko) Chrome/71.0.3578.98 Safari/537.36" "-"
2.185.171.213 - - [26/Jan/2019:20:28:45 +0330] "GET /settings/logo HTTP/1.1" 200 4120 "https://www.zanbil.ir/m/product/2287/%DA%A9%D8%A8%D8%A7%D8%A8-%D9%BE%D8%B2-%D8%A8%D8%B1%D9%82%DB%8C-%D9%BE%D8%A7%D8%B1%D8%B3-%D8%AE%D8%B2%D8%B1-%D9%85%D8%AF%D9%84-BBQ2000V" "Mozilla/5.0 (Linux; Android 7.0; SM-A720F) AppleWebKit/537.36 (KHTML, like Gecko) Chrome/70.0.3538.110 Mobile Safari/537.36" "-"
66.249.66.91 - - [26/Jan/2019:20:28:46 +0330] "GET /static/css/font/wyekan/font.woff HTTP/1.1" 304 0 "-" "Mozilla/5.0 (Linux; Android 6.0.1; Nexus 5X Build/MMB29P) AppleWebKit/537.36 (KHTML, like Gecko) Chrome/41.0.2272.96 Mobile Safari/537.36 (compatible; Googlebot/2.1; +http://www.google.com/bot.html)" "-"
89.199.147.221 - - [26/Jan/2019:20:28:46 +0330] "GET /m/filter/b143%2Cp49 HTTP/1.1" 200 18482 "https://www.google.com/" "Mozilla/5.0 (iPhone; CPU iPhone OS 11_3 like Mac OS X) AppleWebKit/605.1.15 (KHTML, like Gecko) Version/11.0 Mobile/15E148 Safari/604.1" "-"
151.239.2.90 - - [26/Jan/2019:20:28:46 +0330] "GET /static/images/third-party/footer.png HTTP/1.1" 499 0 "https://www.zanbil.ir/search/%D8%AA%D9%82%D9%88%DB%8C%D9%85/p0" "Mozilla/5.0 (Windows NT 10.0; Win64; x64; rv:64.0) Gecko/20100101 Firefox/64.0" "-"
151.239.2.90 - - [26/Jan/2019:20:28:46 +0330] "GET /settings/logo HTTP/1.1" 200 4120 "https://www.zanbil.ir/search/%D8%AA%D9%82%D9%88%DB%8C%D9%85/p0" "Mozilla/5.0 (Windows NT 10.0; Win64; x64; rv:64.0) Gecko/20100101 Firefox/64.0" "-"
2.185.171.213 - - [26/Jan/2019:20:28:46 +0330] "GET /amp-helper-frame.html?appId=a624a1c1-0c93-466a-a546-e146710f97e6&parentOrigin=https://www.zanbil.ir HTTP/1.1" 200 133 "https://www.zanbil.ir/m/product/2287/%DA%A9%D8%A8%D8%A7%D8%A8-%D9%BE%D8%B2-%D8%A8%D8%B1%D9%82%DB%8C-%D9%BE%D8%A7%D8%B1%D8%B3-%D8%AE%D8%B2%D8%B1-%D9%85%D8%AF%D9%84-BBQ2000V" "Mozilla/5.0 (Linux; Android 7.0; SM-A720F) AppleWebKit/537.36 (KHTML, like Gecko) Chrome/70.0.3538.110 Mobile Safari/537.36" "-"
2.185.171.213 - - [26/Jan/2019:20:28:46 +0330] "GET /image/34/productType/120x90 HTTP/1.1" 200 12705 "https://www.zanbil.ir/m/product/2287/%DA%A9%D8%A8%D8%A7%D8%A8-%D9%BE%D8%B2-%D8%A8%D8%B1%D9%82%DB%8C-%D9%BE%D8%A7%D8%B1%D8%B3-%D8%AE%D8%B2%D8%B1-%D9%85%D8%AF%D9%84-BBQ2000V" "Mozilla/5.0 (Linux; Android 7.0; SM-A720F) AppleWebKit/537.36 (KHTML, like Gecko) Chrome/70.0.3538.110 Mobile Safari/537.36" "-"
2.185.171.213 - - [26/Jan/2019:20:28:46 +0330] "GET /image/1237/productType/120x90 HTTP/1.1" 200 13363 "https://www.zanbil.ir/m/product/2287/%DA%A9%D8%A8%D8%A7%D8%A8-%D9%BE%D8%B2-%D8%A8%D8%B1%D9%82%DB%8C-%D9%BE%D8%A7%D8%B1%D8%B3-%D8%AE%D8%B2%D8%B1-%D9%85%D8%AF%D9%84-BBQ2000V" "Mozilla/5.0 (Linux; Android 7.0; SM-A720F) AppleWebKit/537.36 (KHTML, like Gecko) Chrome/70.0.3538.110 Mobile Safari/537.36" "-"
2.185.171.213 - - [26/Jan/2019:20:28:46 +0330] "GET /image/2287?name=1004_63198315273035245747_l.jpg&wh=max HTTP/1.1" 200 16949 "https://www.zanbil.ir/m/product/2287/%DA%A9%D8%A8%D8%A7%D8%A8-%D9%BE%D8%B2-%D8%A8%D8%B1%D9%82%DB%8C-%D9%BE%D8%A7%D8%B1%D8%B3-%D8%AE%D8%B2%D8%B1-%D9%85%D8%AF%D9%84-BBQ2000V" "Mozilla/5.0 (Linux; Android 7.0; SM-A720F) AppleWebKit/537.36 (KHTML, like Gecko) Chrome/70.0.3538.110 Mobile Safari/537.36" "-"
103.119.24.113 - - [26/Jan/2019:20:28:46 +0330] "GET /image/17/productTypeMenu HTTP/1.1" 200 11 "https://www.zanbil.ir/article/1008/-%D8%A2%D8%B4%D9%86%D8%A7%DB%8C%DB%8C-%D8%A8%D8%A7-%D8%A7%D9%86%D9%88%D8%A7%D8%B9-%D9%87%D8%AF%D9%81%D9%88%D9%86" "Mozilla/5.0 (Windows NT 10.0; Win64; x64) AppleWebKit/537.36 (KHTML, like Gecko) Chrome/71.0.3578.98 Safari/537.36" "-"
103.119.24.113 - - [26/Jan/2019:20:28:46 +0330] "GET /image/8/productTypeMenu HTTP/1.1" 200 11 "https://www.zanbil.ir/article/1008/-%D8%A2%D8%B4%D9%86%D8%A7%DB%8C%DB%8C-%D8%A8%D8%A7-%D8%A7%D9%86%D9%88%D8%A7%D8%B9-%D9%87%D8%AF%D9%81%D9%88%D9%86" "Mozilla/5.0 (Windows NT 10.0; Win64; x64) AppleWebKit/537.36 (KHTML, like Gecko) Chrome/71.0.3578.98 Safari/537.36" "-"
51.15.224.252 - - [26/Jan/2019:20:28:46 +0330] "GET /basket/view HTTP/1.1" 200 16150 "https://www.zanbil.ir/m/product/2303/4158/%D8%A8%D8%AE%D8%A7%D8%B1%DB%8C-%D8%A8%D8%B1%D9%82%DB%8C-%D9%81%D9%86-%D8%AF%D8%A7%D8%B1-%D9%BE%D8%A7%D8%B1%D8%B3-%D8%AE%D8%B2%D8%B1-%D9%85%D8%AF%D9%84-FH2000P" "Mozilla/5.0 (Linux; Android 6.0.1; SM-G532F) AppleWebKit/537.36 (KHTML, like Gecko) Chrome/71.0.3578.99 Mobile Safari/537.36" "-"
5.121.72.19 - - [26/Jan/2019:20:28:46 +0330] "GET /favicon.ico HTTP/1.1" 200 0 "-" "Mozilla/5.0 (Windows NT 6.1; Win64; x64; rv:64.0) Gecko/20100101 Firefox/64.0" "-"
2.185.171.213 - - [26/Jan/2019:20:28:46 +0330] "GET /favicon.ico HTTP/1.1" 200 0 "https://www.zanbil.ir/m/product/2287/%DA%A9%D8%A8%D8%A7%D8%A8-%D9%BE%D8%B2-%D8%A8%D8%B1%D9%82%DB%8C-%D9%BE%D8%A7%D8%B1%D8%B3-%D8%AE%D8%B2%D8%B1-%D9%85%D8%AF%D9%84-BBQ2000V" "Mozilla/5.0 (Linux; Android 7.0; SM-A720F) AppleWebKit/537.36 (KHTML, like Gecko) Chrome/70.0.3538.110 Mobile Safari/537.36" "-"
2.185.171.213 - - [26/Jan/2019:20:28:46 +0330] "GET /image/36/productType/120x90 HTTP/1.1" 200 11734 "https://www.zanbil.ir/m/product/2287/%DA%A9%D8%A8%D8%A7%D8%A8-%D9%BE%D8%B2-%D8%A8%D8%B1%D9%82%DB%8C-%D9%BE%D8%A7%D8%B1%D8%B3-%D8%AE%D8%B2%D8%B1-%D9%85%D8%AF%D9%84-BBQ2000V" "Mozilla/5.0 (Linux; Android 7.0; SM-A720F) AppleWebKit/537.36 (KHTML, like Gecko) Chrome/70.0.3538.110 Mobile Safari/537.36" "-"
2.185.171.213 - - [26/Jan/2019:20:28:46 +0330] "GET /image/32/productType/120x90 HTTP/1.1" 200 9726 "https://www.zanbil.ir/m/product/2287/%DA%A9%D8%A8%D8%A7%D8%A8-%D9%BE%D8%B2-%D8%A8%D8%B1%D9%82%DB%8C-%D9%BE%D8%A7%D8%B1%D8%B3-%D8%AE%D8%B2%D8%B1-%D9%85%D8%AF%D9%84-BBQ2000V" "Mozilla/5.0 (Linux; Android 7.0; SM-A720F) AppleWebKit/537.36 (KHTML, like Gecko) Chrome/70.0.3538.110 Mobile Safari/537.36" "-"
5.160.157.20 - - [26/Jan/2019:20:28:46 +0330] "GET /filter?f=p41&page=8 HTTP/1.1" 301 178 "-" "Mozilla/5.0 (Windows NT 5.1; rv:8.0) Gecko/20100101 Firefox/8.0" "-"
103.119.24.113 - - [26/Jan/2019:20:28:46 +0330] "GET /image/18342/productTypeMenu HTTP/1.1" 200 11 "https://www.zanbil.ir/article/1008/-%D8%A2%D8%B4%D9%86%D8%A7%DB%8C%DB%8C-%D8%A8%D8%A7-%D8%A7%D9%86%D9%88%D8%A7%D8%B9-%D9%87%D8%AF%D9%81%D9%88%D9%86" "Mozilla/5.0 (Windows NT 10.0; Win64; x64) AppleWebKit/537.36 (KHTML, like Gecko) Chrome/71.0.3578.98 Safari/537.36" "-"
89.199.147.221 - - [26/Jan/2019:20:28:46 +0330] "GET /static/images/guarantees/goodShopping.png HTTP/1.1" 200 6496 "https://www.zanbil.ir/m/filter/b143%2Cp49" "Mozilla/5.0 (iPhone; CPU iPhone OS 11_3 like Mac OS X) AppleWebKit/605.1.15 (KHTML, like Gecko) Version/11.0 Mobile/15E148 Safari/604.1" "-"
89.199.147.221 - - [26/Jan/2019:20:28:46 +0330] "GET /static/images/guarantees/fastDelivery.png HTTP/1.1" 200 7713 "https://www.zanbil.ir/m/filter/b143%2Cp49" "Mozilla/5.0 (iPhone; CPU iPhone OS 11_3 like Mac OS X) AppleWebKit/605.1.15 (KHTML, like Gecko) Version/11.0 Mobile/15E148 Safari/604.1" "-"
5.238.138.215 - - [26/Jan/2019:20:28:46 +0330] "GET /amp-helper-frame.html?appId=a624a1c1-0c93-466a-a546-e146710f97e6&parentOrigin=https://www-zanbil-ir.cdn.ampproject.org HTTP/1.1" 200 133 "https://www-zanbil-ir.cdn.ampproject.org/v/s/www.zanbil.ir/m/filter/b42,p6?amp_js_v=0.1&usqp=mq331AQECAEoAQ%3D%3D" "Mozilla/5.0 (Linux; Android 8.1.0; SAMSUNG SM-G610F Build/M1AJQ) AppleWebKit/537.36 (KHTML, like Gecko) SamsungBrowser/7.4 Chrome/59.0.3071.125 Mobile Safari/537.36" "-"
103.119.24.113 - - [26/Jan/2019:20:28:46 +0330] "GET /image/41/productTypeMenu HTTP/1.1" 200 11 "https://www.zanbil.ir/article/1008/-%D8%A2%D8%B4%D9%86%D8%A7%DB%8C%DB%8C-%D8%A8%D8%A7-%D8%A7%D9%86%D9%88%D8%A7%D8%B9-%D9%87%D8%AF%D9%81%D9%88%D9%86" "Mozilla/5.0 (Windows NT 10.0; Win64; x64) AppleWebKit/537.36 (KHTML, like Gecko) Chrome/71.0.3578.98 Safari/537.36" "-"
89.199.147.221 - - [26/Jan/2019:20:28:46 +0330] "GET /static/images/guarantees/support.png HTTP/1.1" 200 6454 "https://www.zanbil.ir/m/filter/b143%2Cp49" "Mozilla/5.0 (iPhone; CPU iPhone OS 11_3 like Mac OS X) AppleWebKit/605.1.15 (KHTML, like Gecko) Version/11.0 Mobile/15E148 Safari/604.1" "-"
80.250.193.6 - - [26/Jan/2019:20:28:46 +0330] "GET /image/65325/productModel/200x200 HTTP/1.1" 200 5480 "https://www.zanbil.ir/m/filter/b42%2Cp6" "Mozilla/5.0 (Android 8.0.0; Mobile; rv:49.0) Gecko/49.0 Firefox/49.0" "-"
89.199.147.221 - - [26/Jan/2019:20:28:46 +0330] "GET /static/images/guarantees/warranty.png HTTP/1.1" 200 5807 "https://www.zanbil.ir/m/filter/b143%2Cp49" "Mozilla/5.0 (iPhone; CPU iPhone OS 11_3 like Mac OS X) AppleWebKit/605.1.15 (KHTML, like Gecko) Version/11.0 Mobile/15E148 Safari/604.1" "-"
89.199.147.221 - - [26/Jan/2019:20:28:46 +0330] "GET /static/images/guarantees/bestPrice.png HTTP/1.1" 200 7356 "https://www.zanbil.ir/m/filter/b143%2Cp49" "Mozilla/5.0 (iPhone; CPU iPhone OS 11_3 like Mac OS X) AppleWebKit/605.1.15 (KHTML, like Gecko) Version/11.0 Mobile/15E148 Safari/604.1" "-"
80.250.193.6 - - [26/Jan/2019:20:28:46 +0330] "GET /image/64768/productModel/200x200 HTTP/1.1" 200 5480 "https://www.zanbil.ir/m/filter/b42%2Cp6" "Mozilla/5.0 (Android 8.0.0; Mobile; rv:49.0) Gecko/49.0 Firefox/49.0" "-"
80.250.193.6 - - [26/Jan/2019:20:28:46 +0330] "GET /image/64216/productModel/200x200 HTTP/1.1" 200 4766 "https://www.zanbil.ir/m/filter/b42%2Cp6" "Mozilla/5.0 (Android 8.0.0; Mobile; rv:49.0) Gecko/49.0 Firefox/49.0" "-"
80.250.193.6 - - [26/Jan/2019:20:28:46 +0330] "GET /image/65242/productModel/200x200 HTTP/1.1" 200 6138 "https://www.zanbil.ir/m/filter/b42%2Cp6" "Mozilla/5.0 (Android 8.0.0; Mobile; rv:49.0) Gecko/49.0 Firefox/49.0" "-"
89.199.147.221 - - [26/Jan/2019:20:28:46 +0330] "GET /settings/logo HTTP/1.1" 200 4120 "https://www.zanbil.ir/m/filter/b143%2Cp49" "Mozilla/5.0 (iPhone; CPU iPhone OS 11_3 like Mac OS X) AppleWebKit/605.1.15 (KHTML, like Gecko) Version/11.0 Mobile/15E148 Safari/604.1" "-"
89.199.147.221 - - [26/Jan/2019:20:28:46 +0330] "GET /static/css/font/wyekan/font.woff HTTP/1.1" 200 28536 "https://www.zanbil.ir/m/filter/b143%2Cp49" "Mozilla/5.0 (iPhone; CPU iPhone OS 11_3 like Mac OS X) AppleWebKit/605.1.15 (KHTML, like Gecko) Version/11.0 Mobile/15E148 Safari/604.1" "-"
5.112.169.190 - - [26/Jan/2019:20:28:46 +0330] "GET /m/product/28801/57694/%DB%8C%D8%AE%DA%86%D8%A7%D9%84-%D9%81%D8%B1%DB%8C%D8%B2%D8%B1-%D8%B3%D8%A7%DB%8C%D8%AF-%D8%A8%D8%A7%DB%8C-%D8%B3%D8%A7%DB%8C%D8%AF-%D8%A7%D8%B3%D9%86%D9%88%D8%A7-%D9%85%D8%AF%D9%84-RICHO-SS-2700TI HTTP/1.1" 200 21511 "https://www.zanbil.ir/m/product/33722/64431/%DB%8C%D8%AE%DA%86%D8%A7%D9%84-%D9%81%D8%B1%DB%8C%D8%B2%D8%B1-%D8%B3%D8%A7%DB%8C%D8%AF-%D8%A8%D8%A7%DB%8C-%D8%B3%D8%A7%DB%8C%D8%AF-%D8%A7%D8%B3%D9%86%D9%88%D8%A7-%D9%85%D8%AF%D9%84-S8-2280TI" "Mozilla/5.0 (Linux; Android 7.0; SAMSUNG SM-G610F Build/NRD90M) AppleWebKit/537.36 (KHTML, like Gecko) SamsungBrowser/6.2 Chrome/56.0.2924.87 Mobile Safari/537.36" "-"
5.160.157.20 - - [26/Jan/2019:20:28:46 +0330] "GET /filter?f=p13795&page=4 HTTP/1.1" 301 178 "-" "Mozilla/5.0 (Windows NT 5.1; rv:8.0) Gecko/20100101 Firefox/8.0" "-"
80.250.193.6 - - [26/Jan/2019:20:28:46 +0330] "GET /image/64762/productModel/200x200 HTTP/1.1" 200 5411 "https://www.zanbil.ir/m/filter/b42%2Cp6" "Mozilla/5.0 (Android 8.0.0; Mobile; rv:49.0) Gecko/49.0 Firefox/49.0" "-"
80.250.193.6 - - [26/Jan/2019:20:28:46 +0330] "GET /image/43723/productModel/200x200 HTTP/1.1" 200 3415 "https://www.zanbil.ir/m/filter/b42%2Cp6" "Mozilla/5.0 (Android 8.0.0; Mobile; rv:49.0) Gecko/49.0 Firefox/49.0" "-"
80.250.193.6 - - [26/Jan/2019:20:28:46 +0330] "GET /image/399/brand HTTP/1.1" 200 2302 "https://www.zanbil.ir/m/filter/b42%2Cp6" "Mozilla/5.0 (Android 8.0.0; Mobile; rv:49.0) Gecko/49.0 Firefox/49.0" "-"
89.199.147.221 - - [26/Jan/2019:20:28:46 +0330] "GET /image/9076/productModel/200x200 HTTP/1.1" 200 3792 "https://www.zanbil.ir/m/filter/b143%2Cp49" "Mozilla/5.0 (iPhone; CPU iPhone OS 11_3 like Mac OS X) AppleWebKit/605.1.15 (KHTML, like Gecko) Version/11.0 Mobile/15E148 Safari/604.1" "-"
89.199.147.221 - - [26/Jan/2019:20:28:46 +0330] "GET /image/1746/productModel/200x200 HTTP/1.1" 200 6173 "https://www.zanbil.ir/m/filter/b143%2Cp49" "Mozilla/5.0 (iPhone; CPU iPhone OS 11_3 like Mac OS X) AppleWebKit/605.1.15 (KHTML, like Gecko) Version/11.0 Mobile/15E148 Safari/604.1" "-"
89.199.147.221 - - [26/Jan/2019:20:28:46 +0330] "GET /image/3857/productModel/200x200 HTTP/1.1" 200 7029 "https://www.zanbil.ir/m/filter/b143%2Cp49" "Mozilla/5.0 (iPhone; CPU iPhone OS 11_3 like Mac OS X) AppleWebKit/605.1.15 (KHTML, like Gecko) Version/11.0 Mobile/15E148 Safari/604.1" "-"
89.199.147.221 - - [26/Jan/2019:20:28:47 +0330] "GET /image/1458/productModel/200x200 HTTP/1.1" 200 4846 "https://www.zanbil.ir/m/filter/b143%2Cp49" "Mozilla/5.0 (iPhone; CPU iPhone OS 11_3 like Mac OS X) AppleWebKit/605.1.15 (KHTML, like Gecko) Version/11.0 Mobile/15E148 Safari/604.1" "-"
89.199.147.221 - - [26/Jan/2019:20:28:47 +0330] "GET /image/56101/productModel/200x200 HTTP/1.1" 200 4222 "https://www.zanbil.ir/m/filter/b143%2Cp49" "Mozilla/5.0 (iPhone; CPU iPhone OS 11_3 like Mac OS X) AppleWebKit/605.1.15 (KHTML, like Gecko) Version/11.0 Mobile/15E148 Safari/604.1" "-"
40.77.167.122 - - [26/Jan/2019:20:28:47 +0330] "GET /filter/b148,b619 HTTP/1.1" 200 35931 "-" "Mozilla/5.0 (compatible; bingbot/2.0; +http://www.bing.com/bingbot.htm)" "-"
89.199.147.221 - - [26/Jan/2019:20:28:47 +0330] "GET /image/63027/productModel/200x200 HTTP/1.1" 200 4484 "https://www.zanbil.ir/m/filter/b143%2Cp49" "Mozilla/5.0 (iPhone; CPU iPhone OS 11_3 like Mac OS X) AppleWebKit/605.1.15 (KHTML, like Gecko) Version/11.0 Mobile/15E148 Safari/604.1" "-"
89.199.147.221 - - [26/Jan/2019:20:28:47 +0330] "GET /image/64478/productModel/200x200 HTTP/1.1" 200 4845 "https://www.zanbil.ir/m/filter/b143%2Cp49" "Mozilla/5.0 (iPhone; CPU iPhone OS 11_3 like Mac OS X) AppleWebKit/605.1.15 (KHTML, like Gecko) Version/11.0 Mobile/15E148 Safari/604.1" "-"
5.216.16.254 - - [26/Jan/2019:20:28:47 +0330] "GET /static/images/amp/third-party/footer-mobile.png HTTP/1.1" 200 62894 "https://www.zanbil.ir/m/article/616/%D8%B9%D9%84%D8%AA-%D8%AE%D9%88%D8%A7%D8%A8-%D8%B1%D9%81%D8%AA%D9%86%D8%8C%DA%AF%D8%B2%DA%AF%D8%B2%D8%8C%D8%A8%DB%8C-%D8%AD%D8%B3%DB%8C-%D9%88-%D9%85%D9%88%D8%B1-%D9%85%D9%88%D8%B1-%D8%B4%D8%AF%D9%86-%D8%A7%D9%86%DA%AF%D8%B4%D8%AA%D8%A7%D9%86-%D8%AF%D8%B3%D8%AA-%D9%88-%D8%AF%D8%B1%D9%85%D8%A7%D9%86-%D8%A2%D9%86" "Mozilla/5.0 (iPhone; CPU iPhone OS 12_1_2 like Mac OS X) AppleWebKit/605.1.15 (KHTML, like Gecko) Version/12.0 Mobile/15E148 Safari/604.1" "-"
89.199.147.221 - - [26/Jan/2019:20:28:47 +0330] "GET /image/64480/productModel/200x200 HTTP/1.1" 200 5261 "https://www.zanbil.ir/m/filter/b143%2Cp49" "Mozilla/5.0 (iPhone; CPU iPhone OS 11_3 like Mac OS X) AppleWebKit/605.1.15 (KHTML, like Gecko) Version/11.0 Mobile/15E148 Safari/604.1" "-"
89.199.147.221 - - [26/Jan/2019:20:28:47 +0330] "GET /image/63/brand HTTP/1.1" 200 3013 "https://www.zanbil.ir/m/filter/b143%2Cp49" "Mozilla/5.0 (iPhone; CPU iPhone OS 11_3 like Mac OS X) AppleWebKit/605.1.15 (KHTML, like Gecko) Version/11.0 Mobile/15E148 Safari/604.1" "-"
89.199.147.221 - - [26/Jan/2019:20:28:47 +0330] "GET /image/143/brand HTTP/1.1" 200 2420 "https://www.zanbil.ir/m/filter/b143%2Cp49" "Mozilla/5.0 (iPhone; CPU iPhone OS 11_3 like Mac OS X) AppleWebKit/605.1.15 (KHTML, like Gecko) Version/11.0 Mobile/15E148 Safari/604.1" "-"
5.117.0.221 - - [26/Jan/2019:20:28:47 +0330] "GET /image/7589/productModel/200x200 HTTP/1.1" 200 4082 "https://www.zanbil.ir/m/browse/microwave-oven" "Mozilla/5.0 (Linux; Android 6.0; Lenovo TB3-850M) AppleWebKit/537.36 (KHTML, like Gecko) Chrome/71.0.3578.99 Safari/537.36" "-"
5.117.0.221 - - [26/Jan/2019:20:28:47 +0330] "GET /image/62591/productModel/200x200 HTTP/1.1" 200 4056 "https://www.zanbil.ir/m/browse/microwave-oven" "Mozilla/5.0 (Linux; Android 6.0; Lenovo TB3-850M) AppleWebKit/537.36 (KHTML, like Gecko) Chrome/71.0.3578.99 Safari/537.36" "-"
5.117.0.221 - - [26/Jan/2019:20:28:47 +0330] "GET /image/61894/productModel/200x200 HTTP/1.1" 200 3719 "https://www.zanbil.ir/m/browse/microwave-oven" "Mozilla/5.0 (Linux; Android 6.0; Lenovo TB3-850M) AppleWebKit/537.36 (KHTML, like Gecko) Chrome/71.0.3578.99 Safari/537.36" "-"
5.117.0.221 - - [26/Jan/2019:20:28:47 +0330] "GET /image/41570/productModel/200x200 HTTP/1.1" 200 4042 "https://www.zanbil.ir/m/browse/microwave-oven" "Mozilla/5.0 (Linux; Android 6.0; Lenovo TB3-850M) AppleWebKit/537.36 (KHTML, like Gecko) Chrome/71.0.3578.99 Safari/537.36" "-"
5.117.0.221 - - [26/Jan/2019:20:28:47 +0330] "GET /image/62718/productModel/200x200 HTTP/1.1" 200 4158 "https://www.zanbil.ir/m/browse/microwave-oven" "Mozilla/5.0 (Linux; Android 6.0; Lenovo TB3-850M) AppleWebKit/537.36 (KHTML, like Gecko) Chrome/71.0.3578.99 Safari/537.36" "-"
89.199.147.221 - - [26/Jan/2019:20:28:47 +0330] "GET /image/799/mainSlideMobile HTTP/1.1" 200 58819 "https://www.zanbil.ir/m/filter/b143%2Cp49" "Mozilla/5.0 (iPhone; CPU iPhone OS 11_3 like Mac OS X) AppleWebKit/605.1.15 (KHTML, like Gecko) Version/11.0 Mobile/15E148 Safari/604.1" "-"
80.250.193.6 - - [26/Jan/2019:20:28:47 +0330] "GET /static/images/guarantees/bestPrice.png HTTP/1.1" 200 7356 "https://www.zanbil.ir/m/filter/b42%2Cp6" "Mozilla/5.0 (Android 8.0.0; Mobile; rv:49.0) Gecko/49.0 Firefox/49.0" "-"
5.120.63.25 - - [26/Jan/2019:20:28:47 +0330] "GET /m/filter/b151%2Cp4 HTTP/1.1" 200 18679 "https://www.google.com/" "Mozilla/5.0 (Linux; Android 4.3; C5303 Build/12.1.A.1.205) AppleWebKit/537.36 (KHTML, like Gecko) Chrome/28.0.1500.94 Mobile Safari/537.36" "-"
103.119.24.113 - - [26/Jan/2019:20:28:47 +0330] "GET /image/40/productTypeMenu HTTP/1.1" 200 11 "https://www.zanbil.ir/article/1008/-%D8%A2%D8%B4%D9%86%D8%A7%DB%8C%DB%8C-%D8%A8%D8%A7-%D8%A7%D9%86%D9%88%D8%A7%D8%B9-%D9%87%D8%AF%D9%81%D9%88%D9%86" "Mozilla/5.0 (Windows NT 10.0; Win64; x64) AppleWebKit/537.36 (KHTML, like Gecko) Chrome/71.0.3578.98 Safari/537.36" "-"
80.250.193.6 - - [26/Jan/2019:20:28:47 +0330] "GET /static/images/guarantees/support.png HTTP/1.1" 200 6454 "https://www.zanbil.ir/m/filter/b42%2Cp6" "Mozilla/5.0 (Android 8.0.0; Mobile; rv:49.0) Gecko/49.0 Firefox/49.0" "-"
80.250.193.6 - - [26/Jan/2019:20:28:47 +0330] "GET /image/886/brand HTTP/1.1" 200 3860 "https://www.zanbil.ir/m/filter/b42%2Cp6" "Mozilla/5.0 (Android 8.0.0; Mobile; rv:49.0) Gecko/49.0 Firefox/49.0" "-"
103.119.24.113 - - [26/Jan/2019:20:28:47 +0330] "GET /image/42/productTypeMenu HTTP/1.1" 200 11 "https://www.zanbil.ir/article/1008/-%D8%A2%D8%B4%D9%86%D8%A7%DB%8C%DB%8C-%D8%A8%D8%A7-%D8%A7%D9%86%D9%88%D8%A7%D8%B9-%D9%87%D8%AF%D9%81%D9%88%D9%86" "Mozilla/5.0 (Windows NT 10.0; Win64; x64) AppleWebKit/537.36 (KHTML, like Gecko) Chrome/71.0.3578.98 Safari/537.36" "-"
80.250.193.6 - - [26/Jan/2019:20:28:47 +0330] "GET /image/43/brand HTTP/1.1" 200 2376 "https://www.zanbil.ir/m/filter/b42%2Cp6" "Mozilla/5.0 (Android 8.0.0; Mobile; rv:49.0) Gecko/49.0 Firefox/49.0" "-"
80.250.193.6 - - [26/Jan/2019:20:28:47 +0330] "GET /image/7/productTypeType HTTP/1.1" 200 10878 "https://www.zanbil.ir/m/filter/b42%2Cp6" "Mozilla/5.0 (Android 8.0.0; Mobile; rv:49.0) Gecko/49.0 Firefox/49.0" "-"
80.250.193.6 - - [26/Jan/2019:20:28:47 +0330] "GET /image/64595/productModel/200x200 HTTP/1.1" 200 7017 "https://www.zanbil.ir/m/filter/b42%2Cp6" "Mozilla/5.0 (Android 8.0.0; Mobile; rv:49.0) Gecko/49.0 Firefox/49.0" "-"
80.250.193.6 - - [26/Jan/2019:20:28:47 +0330] "GET /image/64568/productModel/200x200 HTTP/1.1" 200 6736 "https://www.zanbil.ir/m/filter/b42%2Cp6" "Mozilla/5.0 (Android 8.0.0; Mobile; rv:49.0) Gecko/49.0 Firefox/49.0" "-"
80.250.193.6 - - [26/Jan/2019:20:28:47 +0330] "GET /static/images/guarantees/warranty.png HTTP/1.1" 200 5807 "https://www.zanbil.ir/m/filter/b42%2Cp6" "Mozilla/5.0 (Android 8.0.0; Mobile; rv:49.0) Gecko/49.0 Firefox/49.0" "-"
80.250.193.6 - - [26/Jan/2019:20:28:47 +0330] "GET /static/css/font/wyekan/font.woff HTTP/1.1" 200 28536 "https://www.zanbil.ir/m/filter/b42%2Cp6" "Mozilla/5.0 (Android 8.0.0; Mobile; rv:49.0) Gecko/49.0 Firefox/49.0" "-"
5.216.172.90 - - [26/Jan/2019:20:28:47 +0330] "GET /m/browse/refrigerator-and-freezer/%DB%8C%D8%AE%DA%86%D8%A7%D9%84-%D9%81%D8%B1%DB%8C%D8%B2%D8%B1 HTTP/1.1" 200 20134 "https://www.zanbil.ir/m/browse/big-kitchen-appliances/%D9%84%D9%88%D8%A7%D8%B2%D9%85-%D8%A8%D8%B2%D8%B1%DA%AF-%D8%A2%D8%B4%D9%BE%D8%B2%D8%AE%D8%A7%D9%86%D9%87" "Mozilla/5.0 (Linux; Android 8.0.0; SM-A720F) AppleWebKit/537.36 (KHTML, like Gecko) Chrome/71.0.3578.99 Mobile Safari/537.36" "-"
151.239.2.90 - - [26/Jan/2019:20:28:47 +0330] "GET /site/alexaGooleAnalitic HTTP/1.1" 200 323 "https://www.zanbil.ir/search/%D8%AA%D9%82%D9%88%DB%8C%D9%85/p0" "Mozilla/5.0 (Windows NT 10.0; Win64; x64; rv:64.0) Gecko/20100101 Firefox/64.0" "-"
188.229.21.56 - - [26/Jan/2019:20:28:47 +0330] "GET /image/56387/productModel/150x150 HTTP/1.1" 200 3339 "https://www.zanbil.ir/m/product/32106/62372/%D9%85%D8%A7%D8%B4%DB%8C%D9%86-%D9%84%D8%A8%D8%A7%D8%B3%D8%B4%D9%88%DB%8C%DB%8C-%D8%AF%D8%B1%D8%A8-%D8%A7%D8%B2-%D8%AC%D9%84%D9%88-%D8%A7%D9%84-%D8%AC%DB%8C-%D9%85%D8%AF%D9%84-WM-865CW" "Mozilla/5.0 (Linux; Android 7.0; SM-N920C Build/NRD90M) AppleWebKit/537.36 (KHTML, like Gecko) Chrome/67.0.3396.87 Mobile Safari/537.36" "-"
188.229.21.56 - - [26/Jan/2019:20:28:47 +0330] "GET /image/56388/productModel/150x150 HTTP/1.1" 200 3501 "https://www.zanbil.ir/m/product/32106/62372/%D9%85%D8%A7%D8%B4%DB%8C%D9%86-%D9%84%D8%A8%D8%A7%D8%B3%D8%B4%D9%88%DB%8C%DB%8C-%D8%AF%D8%B1%D8%A8-%D8%A7%D8%B2-%D8%AC%D9%84%D9%88-%D8%A7%D9%84-%D8%AC%DB%8C-%D9%85%D8%AF%D9%84-WM-865CW" "Mozilla/5.0 (Linux; Android 7.0; SM-N920C Build/NRD90M) AppleWebKit/537.36 (KHTML, like Gecko) Chrome/67.0.3396.87 Mobile Safari/537.36" "-"
5.117.0.221 - - [26/Jan/2019:20:28:47 +0330] "GET /image/13903/productModel/200x200 HTTP/1.1" 200 3964 "https://www.zanbil.ir/m/browse/microwave-oven" "Mozilla/5.0 (Linux; Android 6.0; Lenovo TB3-850M) AppleWebKit/537.36 (KHTML, like Gecko) Chrome/71.0.3578.99 Safari/537.36" "-"
66.249.66.194 - - [26/Jan/2019:20:28:47 +0330] "GET /m/filter/b1,b105,b143,b148,b151,b152,b180,b183,b185,b188,b202,b203,b209,b216,b22,b221,b226,b231,b236,b249,b270,b3,b308,b32,b35,b36,b41,b42,b435,b441,b454,b481,b484,b5,b523,b543,b548,b570,b573,b598,b6,b614,b647,b651,b656,b701,b703,b723,b74,b795,b80,b874,b877,b879,b883,b890,b900,b903,b95,p38,stexists HTTP/1.1" 200 22151 "-" "Mozilla/5.0 (Linux; Android 6.0.1; Nexus 5X Build/MMB29P) AppleWebKit/537.36 (KHTML, like Gecko) Chrome/41.0.2272.96 Mobile Safari/537.36 (compatible; Googlebot/2.1; +http://www.google.com/bot.html)" "-"
5.117.0.221 - - [26/Jan/2019:20:28:47 +0330] "GET /image/111/productTypeType HTTP/1.1" 200 11858 "https://www.zanbil.ir/m/browse/microwave-oven" "Mozilla/5.0 (Linux; Android 6.0; Lenovo TB3-850M) AppleWebKit/537.36 (KHTML, like Gecko) Chrome/71.0.3578.99 Safari/537.36" "-"
103.119.24.113 - - [26/Jan/2019:20:28:47 +0330] "GET /image/43/productTypeMenu HTTP/1.1" 200 11 "https://www.zanbil.ir/article/1008/-%D8%A2%D8%B4%D9%86%D8%A7%DB%8C%DB%8C-%D8%A8%D8%A7-%D8%A7%D9%86%D9%88%D8%A7%D8%B9-%D9%87%D8%AF%D9%81%D9%88%D9%86" "Mozilla/5.0 (Windows NT 10.0; Win64; x64) AppleWebKit/537.36 (KHTML, like Gecko) Chrome/71.0.3578.98 Safari/537.36" "-"
5.117.0.221 - - [26/Jan/2019:20:28:47 +0330] "GET /image/61782/productModel/200x200 HTTP/1.1" 200 3808 "https://www.zanbil.ir/m/browse/microwave-oven" "Mozilla/5.0 (Linux; Android 6.0; Lenovo TB3-850M) AppleWebKit/537.36 (KHTML, like Gecko) Chrome/71.0.3578.99 Safari/537.36" "-"
80.250.193.6 - - [26/Jan/2019:20:28:47 +0330] "GET /static/images/guarantees/fastDelivery.png HTTP/1.1" 200 7713 "https://www.zanbil.ir/m/filter/b42%2Cp6" "Mozilla/5.0 (Android 8.0.0; Mobile; rv:49.0) Gecko/49.0 Firefox/49.0" "-"
103.119.24.113 - - [26/Jan/2019:20:28:47 +0330] "GET /image/44/productTypeMenu HTTP/1.1" 200 11 "https://www.zanbil.ir/article/1008/-%D8%A2%D8%B4%D9%86%D8%A7%DB%8C%DB%8C-%D8%A8%D8%A7-%D8%A7%D9%86%D9%88%D8%A7%D8%B9-%D9%87%D8%AF%D9%81%D9%88%D9%86" "Mozilla/5.0 (Windows NT 10.0; Win64; x64) AppleWebKit/537.36 (KHTML, like Gecko) Chrome/71.0.3578.98 Safari/537.36" "-"
80.250.193.6 - - [26/Jan/2019:20:28:47 +0330] "GET /settings/logo HTTP/1.1" 200 4120 "https://www.zanbil.ir/m/filter/b42%2Cp6" "Mozilla/5.0 (Android 8.0.0; Mobile; rv:49.0) Gecko/49.0 Firefox/49.0" "-"
5.117.0.221 - - [26/Jan/2019:20:28:47 +0330] "GET /image/64819/productModel/200x200 HTTP/1.1" 200 5208 "https://www.zanbil.ir/m/browse/microwave-oven" "Mozilla/5.0 (Linux; Android 6.0; Lenovo TB3-850M) AppleWebKit/537.36 (KHTML, like Gecko) Chrome/71.0.3578.99 Safari/537.36" "-"
66.249.66.194 - - [26/Jan/2019:20:28:47 +0330] "GET /m/filter/b42,p6 HTTP/1.1" 200 19328 "-" "Mozilla/5.0 (Linux; Android 6.0.1; Nexus 5X Build/MMB29P) AppleWebKit/537.36 (KHTML, like Gecko) Chrome/41.0.2272.96 Mobile Safari/537.36 (compatible; Googlebot/2.1; +http://www.google.com/bot.html)" "-"
80.250.193.6 - - [26/Jan/2019:20:28:47 +0330] "GET /image/974/mainSlideMobile HTTP/1.1" 200 65963 "https://www.zanbil.ir/m/filter/b42%2Cp6" "Mozilla/5.0 (Android 8.0.0; Mobile; rv:49.0) Gecko/49.0 Firefox/49.0" "-"
80.250.193.6 - - [26/Jan/2019:20:28:47 +0330] "GET /image/4/productTypeType HTTP/1.1" 200 11319 "https://www.zanbil.ir/m/filter/b42%2Cp6" "Mozilla/5.0 (Android 8.0.0; Mobile; rv:49.0) Gecko/49.0 Firefox/49.0" "-"
5.122.21.137 - - [26/Jan/2019:20:28:47 +0330] "GET /static/images/amp/instagram.png HTTP/1.1" 200 7146 "https://www.zanbil.ir/m/product/409/%DA%86%D8%B1%D8%AE-%DA%AF%D9%88%D8%B4%D8%AA-%D9%BE%D8%A7%D8%B1%D8%B3-%D8%AE%D8%B2%D8%B1-%D9%85%D8%AF%D9%84-MG-1400R" "Mozilla/5.0 (Linux; Android 7.0; SM-A310F Build/NRD90M) AppleWebKit/537.36 (KHTML, like Gecko) Chrome/62.0.3202.84 Mobile Safari/537.36" "-"
5.122.21.137 - - [26/Jan/2019:20:28:47 +0330] "GET /static/images/amp/telegram.png HTTP/1.1" 200 4859 "https://www.zanbil.ir/m/product/409/%DA%86%D8%B1%D8%AE-%DA%AF%D9%88%D8%B4%D8%AA-%D9%BE%D8%A7%D8%B1%D8%B3-%D8%AE%D8%B2%D8%B1-%D9%85%D8%AF%D9%84-MG-1400R" "Mozilla/5.0 (Linux; Android 7.0; SM-A310F Build/NRD90M) AppleWebKit/537.36 (KHTML, like Gecko) Chrome/62.0.3202.84 Mobile Safari/537.36" "-"
5.122.21.137 - - [26/Jan/2019:20:28:47 +0330] "GET /static/images/amp/blog.png HTTP/1.1" 200 3863 "https://www.zanbil.ir/m/product/409/%DA%86%D8%B1%D8%AE-%DA%AF%D9%88%D8%B4%D8%AA-%D9%BE%D8%A7%D8%B1%D8%B3-%D8%AE%D8%B2%D8%B1-%D9%85%D8%AF%D9%84-MG-1400R" "Mozilla/5.0 (Linux; Android 7.0; SM-A310F Build/NRD90M) AppleWebKit/537.36 (KHTML, like Gecko) Chrome/62.0.3202.84 Mobile Safari/537.36" "-"
5.122.21.137 - - [26/Jan/2019:20:28:47 +0330] "GET /image/29/productType/120x90 HTTP/1.1" 200 11978 "https://www.zanbil.ir/m/product/409/%DA%86%D8%B1%D8%AE-%DA%AF%D9%88%D8%B4%D8%AA-%D9%BE%D8%A7%D8%B1%D8%B3-%D8%AE%D8%B2%D8%B1-%D9%85%D8%AF%D9%84-MG-1400R" "Mozilla/5.0 (Linux; Android 7.0; SM-A310F Build/NRD90M) AppleWebKit/537.36 (KHTML, like Gecko) Chrome/62.0.3202.84 Mobile Safari/537.36" "-"
5.122.21.137 - - [26/Jan/2019:20:28:47 +0330] "GET /image/8946/productType/120x90 HTTP/1.1" 200 12203 "https://www.zanbil.ir/m/product/409/%DA%86%D8%B1%D8%AE-%DA%AF%D9%88%D8%B4%D8%AA-%D9%BE%D8%A7%D8%B1%D8%B3-%D8%AE%D8%B2%D8%B1-%D9%85%D8%AF%D9%84-MG-1400R" "Mozilla/5.0 (Linux; Android 7.0; SM-A310F Build/NRD90M) AppleWebKit/537.36 (KHTML, like Gecko) Chrome/62.0.3202.84 Mobile Safari/537.36" "-"
