89.34.145.228 - - [26/Jan/2019:20:28:31 +0330] "GET /m/prepareSearch?phrase=%D8%B3%D8%A7%D9%85%D8%B3%D9%88%D9%86%DA%AF%E2%80%8C%D8%AC%DB%8C+6+64%DA%AF%DB%8C%DA%AF HTTP/1.1" 302 0 "https://www.zanbil.ir/m/filter/b1%2Cp62" "Mozilla/5.0 (Linux; Android 8.1.0; TA-1021) AppleWebKit/537.36 (KHTML, like Gecko) Chrome/71.0.3578.99 Mobile Safari/537.36" "-"
172.20.2.174 - - [26/Jan/2019:20:28:31 +0330] "GET /site/ping HTTP/1.1" 200 4 "-" "-" "-"
5.120.124.229 - - [26/Jan/2019:20:28:31 +0330] "GET /image/882/brand HTTP/1.1" 200 3995 "https://www.zanbil.ir/m/filter/b2%2Cb41%2Cp42" "Mozilla/5.0 (Linux; Android 4.4.2; SM-T211 Build/KOT49H) AppleWebKit/537.36 (KHTML, like Gecko) Chrome/67.0.3396.87 Safari/537.36" "-"
5.239.160.190 - - [26/Jan/2019:20:28:31 +0330] "GET /static/images/favicon.ico HTTP/1.1" 200 152 "https://www.zanbil.ir/product/32105/%D8%BA%D8%B0%D8%A7-%D8%B3%D8%A7%D8%B2-%D9%85%D9%88%D9%84%DB%8C%D9%86%DA%A9%D8%B3-%D9%85%D8%AF%D9%84-FP828H10" "Mozilla/5.0 (Windows NT 6.3; Win64; x64) AppleWebKit/537.36 (KHTML, like Gecko) Chrome/71.0.3578.98 Safari/537.36" "-"
5.239.160.190 - - [26/Jan/2019:20:28:31 +0330] "GET /manifest.json HTTP/1.1" 200 110 "https://www.zanbil.ir/product/32105/%D8%BA%D8%B0%D8%A7-%D8%B3%D8%A7%D8%B2-%D9%85%D9%88%D9%84%DB%8C%D9%86%DA%A9%D8%B3-%D9%85%D8%AF%D9%84-FP828H10" "Mozilla/5.0 (Windows NT 6.3; Win64; x64) AppleWebKit/537.36 (KHTML, like Gecko) Chrome/71.0.3578.98 Safari/537.36" "-"
5.120.124.229 - - [26/Jan/2019:20:28:31 +0330] "GET /image/836/mainSlideMobile HTTP/1.1" 200 65914 "https://www.zanbil.ir/m/filter/b2%2Cb41%2Cp42" "Mozilla/5.0 (Linux; Android 4.4.2; SM-T211 Build/KOT49H) AppleWebKit/537.36 (KHTML, like Gecko) Chrome/67.0.3396.87 Safari/537.36" "-"
5.239.160.190 - - [26/Jan/2019:20:28:31 +0330] "GET /image/52309/productModel/100x100 HTTP/1.1" 200 2029 "https://www.zanbil.ir/filter/b103,p18" "Mozilla/5.0 (Windows NT 6.3; Win64; x64) AppleWebKit/537.36 (KHTML, like Gecko) Chrome/71.0.3578.98 Safari/537.36" "-"
5.239.160.190 - - [26/Jan/2019:20:28:31 +0330] "GET /image/38714/productModel/100x100 HTTP/1.1" 200 1595 "https://www.zanbil.ir/filter/b103,p18" "Mozilla/5.0 (Windows NT 6.3; Win64; x64) AppleWebKit/537.36 (KHTML, like Gecko) Chrome/71.0.3578.98 Safari/537.36" "-"
5.239.160.190 - - [26/Jan/2019:20:28:31 +0330] "GET /image/38792/productModel/100x100 HTTP/1.1" 200 2018 "https://www.zanbil.ir/filter/b103,p18" "Mozilla/5.0 (Windows NT 6.3; Win64; x64) AppleWebKit/537.36 (KHTML, like Gecko) Chrome/71.0.3578.98 Safari/537.36" "-"
5.239.160.190 - - [26/Jan/2019:20:28:31 +0330] "GET /image/59741/productModel/100x100 HTTP/1.1" 200 1991 "https://www.zanbil.ir/filter/b103,p18" "Mozilla/5.0 (Windows NT 6.3; Win64; x64) AppleWebKit/537.36 (KHTML, like Gecko) Chrome/71.0.3578.98 Safari/537.36" "-"
5.120.73.255 - - [26/Jan/2019:20:28:31 +0330] "GET /image/8882/specialSale?role=mobile HTTP/1.1" 200 16245 "https://www.zanbil.ir/m" "Mozilla/5.0 (iPhone; CPU iPhone OS 11_4_1 like Mac OS X) AppleWebKit/605.1.15 (KHTML, like Gecko) Version/11.0 Mobile/15E148 Safari/604.1" "-"
5.239.160.190 - - [26/Jan/2019:20:28:31 +0330] "GET /image/53890/productModel/100x100 HTTP/1.1" 200 2351 "https://www.zanbil.ir/filter/b103,p18" "Mozilla/5.0 (Windows NT 6.3; Win64; x64) AppleWebKit/537.36 (KHTML, like Gecko) Chrome/71.0.3578.98 Safari/537.36" "-"
5.239.160.190 - - [26/Jan/2019:20:28:31 +0330] "GET /image/56462/productModel/100x100 HTTP/1.1" 200 1881 "https://www.zanbil.ir/filter/b103,p18" "Mozilla/5.0 (Windows NT 6.3; Win64; x64) AppleWebKit/537.36 (KHTML, like Gecko) Chrome/71.0.3578.98 Safari/537.36" "-"
5.120.124.229 - - [26/Jan/2019:20:28:31 +0330] "GET /image/125/brand HTTP/1.1" 200 2239 "https://www.zanbil.ir/m/filter/b2%2Cb41%2Cp42" "Mozilla/5.0 (Linux; Android 4.4.2; SM-T211 Build/KOT49H) AppleWebKit/537.36 (KHTML, like Gecko) Chrome/67.0.3396.87 Safari/537.36" "-"
5.239.160.190 - - [26/Jan/2019:20:28:31 +0330] "GET /image/60675/productModel/100x100 HTTP/1.1" 200 2758 "https://www.zanbil.ir/filter/b103,p18" "Mozilla/5.0 (Windows NT 6.3; Win64; x64) AppleWebKit/537.36 (KHTML, like Gecko) Chrome/71.0.3578.98 Safari/537.36" "-"
5.120.124.229 - - [26/Jan/2019:20:28:31 +0330] "GET /image/879/brand HTTP/1.1" 200 3348 "https://www.zanbil.ir/m/filter/b2%2Cb41%2Cp42" "Mozilla/5.0 (Linux; Android 4.4.2; SM-T211 Build/KOT49H) AppleWebKit/537.36 (KHTML, like Gecko) Chrome/67.0.3396.87 Safari/537.36" "-"
5.239.160.190 - - [26/Jan/2019:20:28:31 +0330] "GET /image/60720/productModel/100x100 HTTP/1.1" 200 2263 "https://www.zanbil.ir/filter/b103,p18" "Mozilla/5.0 (Windows NT 6.3; Win64; x64) AppleWebKit/537.36 (KHTML, like Gecko) Chrome/71.0.3578.98 Safari/537.36" "-"
5.239.160.190 - - [26/Jan/2019:20:28:31 +0330] "GET /image/62014/productModel/100x100 HTTP/1.1" 200 1956 "https://www.zanbil.ir/filter/b103,p18" "Mozilla/5.0 (Windows NT 6.3; Win64; x64) AppleWebKit/537.36 (KHTML, like Gecko) Chrome/71.0.3578.98 Safari/537.36" "-"
5.239.160.190 - - [26/Jan/2019:20:28:31 +0330] "GET /image/61774/productModel/100x100 HTTP/1.1" 200 2284 "https://www.zanbil.ir/filter/b103,p18" "Mozilla/5.0 (Windows NT 6.3; Win64; x64) AppleWebKit/537.36 (KHTML, like Gecko) Chrome/71.0.3578.98 Safari/537.36" "-"
5.239.160.190 - - [26/Jan/2019:20:28:32 +0330] "GET /static/images/not-checked.png HTTP/1.1" 200 713 "https://znbl.ir/static/bundle-bundle_site_head.css" "Mozilla/5.0 (Windows NT 6.3; Win64; x64) AppleWebKit/537.36 (KHTML, like Gecko) Chrome/71.0.3578.98 Safari/537.36" "-"
5.239.160.190 - - [26/Jan/2019:20:28:32 +0330] "GET /static/images/filter-arrow-down.png HTTP/1.1" 200 1205 "https://znbl.ir/static/bundle-bundle_site_head.css" "Mozilla/5.0 (Windows NT 6.3; Win64; x64) AppleWebKit/537.36 (KHTML, like Gecko) Chrome/71.0.3578.98 Safari/537.36" "-"
5.239.160.190 - - [26/Jan/2019:20:28:32 +0330] "GET /static/images/checked.png HTTP/1.1" 200 1083 "https://znbl.ir/static/bundle-bundle_site_head.css" "Mozilla/5.0 (Windows NT 6.3; Win64; x64) AppleWebKit/537.36 (KHTML, like Gecko) Chrome/71.0.3578.98 Safari/537.36" "-"
5.114.204.68 - - [26/Jan/2019:20:28:32 +0330] "GET /basket/changeCount/37894?count=2&mobile=1 HTTP/1.1" 302 0 "https://www.zanbil.ir/basket/view" "Mozilla/5.0 (Linux; Android 4.4.2; GT-N5100) AppleWebKit/537.36 (KHTML, like Gecko) Chrome/70.0.3538.110 Safari/537.36" "-"
5.239.160.190 - - [26/Jan/2019:20:28:32 +0330] "GET /static/images/jslider.red.png HTTP/1.1" 200 1777 "https://znbl.ir/static/bundle-bundle_site_head.css" "Mozilla/5.0 (Windows NT 6.3; Win64; x64) AppleWebKit/537.36 (KHTML, like Gecko) Chrome/71.0.3578.98 Safari/537.36" "-"
5.121.166.61 - - [26/Jan/2019:20:28:32 +0330] "GET /image/1/brand HTTP/1.1" 200 3924 "https://www.zanbil.ir/m/browse/cell-phone/%DA%AF%D9%88%D8%B4%DB%8C-%D9%85%D9%88%D8%A8%D8%A7%DB%8C%D9%84" "Mozilla/5.0 (Linux; Android 4.3; NokiaX2DS Build/JLS36C) AppleWebKit/537.36 (KHTML, like Gecko) Chrome/34.0.1847.116 Mobile Safari/537.36 OPR/21.0.1437.75439" "-"
5.121.166.61 - - [26/Jan/2019:20:28:32 +0330] "GET /image/1219/mainSlideMobile HTTP/1.1" 200 65152 "https://www.zanbil.ir/m/browse/cell-phone/%DA%AF%D9%88%D8%B4%DB%8C-%D9%85%D9%88%D8%A8%D8%A7%DB%8C%D9%84" "Mozilla/5.0 (Linux; Android 4.3; NokiaX2DS Build/JLS36C) AppleWebKit/537.36 (KHTML, like Gecko) Chrome/34.0.1847.116 Mobile Safari/537.36 OPR/21.0.1437.75439" "-"
89.34.145.228 - - [26/Jan/2019:20:28:33 +0330] "GET /m/prepareSearch?phrase=%D8%B3%D8%A7%D9%85%D8%B3%D9%88%D9%86%DA%AF%E2%80%8C%D8%AC%DB%8C+6+64%DA%AF%DB%8C%DA%AF HTTP/1.1" 302 0 "https://www.zanbil.ir/m/filter/b1%2Cp62" "Mozilla/5.0 (Linux; Android 8.1.0; TA-1021) AppleWebKit/537.36 (KHTML, like Gecko) Chrome/71.0.3578.99 Mobile Safari/537.36" "-"
83.122.124.31 - - [26/Jan/2019:20:28:33 +0330] "GET /image/28149?name=h64-11-1.jpg&wh=200x200 HTTP/1.1" 200 3951 "-" "Dalvik/2.1.0 (Linux; U; Android 7.0; SM-N920C Build/NRD90M)" "-"
83.122.124.31 - - [26/Jan/2019:20:28:34 +0330] "GET /image/28283?name=parmis.jpg&wh=200x200 HTTP/1.1" 200 4803 "-" "Dalvik/2.1.0 (Linux; U; Android 7.0; SM-N920C Build/NRD90M)" "-"
5.216.16.254 - - [26/Jan/2019:20:28:34 +0330] "GET /static/images/amp/instagram.png HTTP/1.1" 200 7146 "https://www.zanbil.ir/m/article/616/%D8%B9%D9%84%D8%AA-%D8%AE%D9%88%D8%A7%D8%A8-%D8%B1%D9%81%D8%AA%D9%86%D8%8C%DA%AF%D8%B2%DA%AF%D8%B2%D8%8C%D8%A8%DB%8C-%D8%AD%D8%B3%DB%8C-%D9%88-%D9%85%D9%88%D8%B1-%D9%85%D9%88%D8%B1-%D8%B4%D8%AF%D9%86-%D8%A7%D9%86%DA%AF%D8%B4%D8%AA%D8%A7%D9%86-%D8%AF%D8%B3%D8%AA-%D9%88-%D8%AF%D8%B1%D9%85%D8%A7%D9%86-%D8%A2%D9%86" "Mozilla/5.0 (iPhone; CPU iPhone OS 12_1_2 like Mac OS X) AppleWebKit/605.1.15 (KHTML, like Gecko) Version/12.0 Mobile/15E148 Safari/604.1" "-"
5.216.16.254 - - [26/Jan/2019:20:28:34 +0330] "GET /static/images/amp/telegram.png HTTP/1.1" 200 4859 "https://www.zanbil.ir/m/article/616/%D8%B9%D9%84%D8%AA-%D8%AE%D9%88%D8%A7%D8%A8-%D8%B1%D9%81%D8%AA%D9%86%D8%8C%DA%AF%D8%B2%DA%AF%D8%B2%D8%8C%D8%A8%DB%8C-%D8%AD%D8%B3%DB%8C-%D9%88-%D9%85%D9%88%D8%B1-%D9%85%D9%88%D8%B1-%D8%B4%D8%AF%D9%86-%D8%A7%D9%86%DA%AF%D8%B4%D8%AA%D8%A7%D9%86-%D8%AF%D8%B3%D8%AA-%D9%88-%D8%AF%D8%B1%D9%85%D8%A7%D9%86-%D8%A2%D9%86" "Mozilla/5.0 (iPhone; CPU iPhone OS 12_1_2 like Mac OS X) AppleWebKit/605.1.15 (KHTML, like Gecko) Version/12.0 Mobile/15E148 Safari/604.1" "-"
5.216.16.254 - - [26/Jan/2019:20:28:34 +0330] "GET /static/images/amp/blog.png HTTP/1.1" 200 3863 "https://www.zanbil.ir/m/article/616/%D8%B9%D9%84%D8%AA-%D8%AE%D9%88%D8%A7%D8%A8-%D8%B1%D9%81%D8%AA%D9%86%D8%8C%DA%AF%D8%B2%DA%AF%D8%B2%D8%8C%D8%A8%DB%8C-%D8%AD%D8%B3%DB%8C-%D9%88-%D9%85%D9%88%D8%B1-%D9%85%D9%88%D8%B1-%D8%B4%D8%AF%D9%86-%D8%A7%D9%86%DA%AF%D8%B4%D8%AA%D8%A7%D9%86-%D8%AF%D8%B3%D8%AA-%D9%88-%D8%AF%D8%B1%D9%85%D8%A7%D9%86-%D8%A2%D9%86" "Mozilla/5.0 (iPhone; CPU iPhone OS 12_1_2 like Mac OS X) AppleWebKit/605.1.15 (KHTML, like Gecko) Version/12.0 Mobile/15E148 Safari/604.1" "-"
31.56.198.86 - - [26/Jan/2019:20:28:34 +0330] "GET /image/get?path=/Image/Digital/Tv/Ports/8.jpg HTTP/1.1" 200 8180 "https://www.zanbil.ir/m/article/148/%D9%BE%D9%88%D8%B1%D8%AA-%D9%87%D8%A7%DB%8C-%D8%AA%D9%84%D9%88%DB%8C%D8%B2%DB%8C%D9%88%D9%86" "Mozilla/5.0 (Linux; Android 8.0.0; RNE-L21) AppleWebKit/537.36 (KHTML, like Gecko) Chrome/70.0.3538.80 Mobile Safari/537.36" "-"
151.240.130.40 - - [26/Jan/2019:20:28:35 +0330] "GET /filter/b50,p4510 HTTP/1.1" 302 0 "https://www.google.com/" "Mozilla/5.0 (Linux; Android 8.1.0; SM-T585) AppleWebKit/537.36 (KHTML, like Gecko) Chrome/71.0.3578.99 Safari/537.36" "-"
2.176.138.136 - - [26/Jan/2019:20:28:35 +0330] "GET /rapidGrails/jsonList?maxColumns=16&domainClass=eshop.Order&filter=[{op:%27inSession%27,%20field:%27id%27,%20val:%27orderListaa2d064567124806964f2766034b59d4%27}]&columns=[{%27name%27:%27trackingCode%27,%27width%27:110},{%27name%27:%27ownerName%27,%27width%27:120},{%27name%27:%27productsName%27,%27width%27:320,%27sortable%27:false},{%27name%27:%27ownerMobile%27,%27width%27:110},{%27name%27:%27deliveryMethodName%27,%27width%27:120,%27sortable%27:false},{%27name%27:%27deliveryCityName%27,%27width%27:120,%27sortable%27:false},{%27name%27:%27addressRegionName%27,%27width%27:120,%27sortable%27:false},{%27name%27:%27courier%27,%27width%27:120,%27expression%27:%27obj[\x5C%27courier\x5C%27]?.fullName%27},{%27name%27:%27status%27,%27width%27:110},{%27name%27:%27invoiceType%27,%27width%27:60,%27expression%27:%27g.message(code:%20obj[\x5C%27invoiceTypeCode\x5C%27])%27},{%27name%27:%27itemsDeliveryStatus%27,%27width%27:60},{%27name%27:%27creationType%27,%27width%27:50},{%27name%27:%27creationMedia%27,%27width%27:50},{%27name%27:%27completionMedia%27,%27width%27:50},{%27name%27:%27completionFollower%27,%27width%27:120},{%27name%27:%27lastActionDate%27,%27width%27:100,%27expression%27:%27rg.formatJalaliDate(date:%20%20obj[\x5C%27lastActionDate\x5C%27],%20hm:\x5C%27true\x5C%27%20)%27}]&_search=false&nd=1548522133201&rows=10&page=1&sidx=lastActionDate&sord=desc HTTP/1.1" 200 333 "https://www.zanbil.ir/orderAdministration/console/188206" "Mozilla/5.0 (Windows NT 10.0; Win64; x64; rv:64.0) Gecko/20100101 Firefox/64.0" "-"
5.120.124.229 - - [26/Jan/2019:20:28:36 +0330] "GET /image/50/productTypeType HTTP/1.1" 200 10835 "https://www.zanbil.ir/m/filter/b2%2Cb41%2Cp42" "Mozilla/5.0 (Linux; Android 4.4.2; SM-T211 Build/KOT49H) AppleWebKit/537.36 (KHTML, like Gecko) Chrome/67.0.3396.87 Safari/537.36" "-"
5.120.124.229 - - [26/Jan/2019:20:28:36 +0330] "GET /image/51/productTypeType HTTP/1.1" 200 10927 "https://www.zanbil.ir/m/filter/b2%2Cb41%2Cp42" "Mozilla/5.0 (Linux; Android 4.4.2; SM-T211 Build/KOT49H) AppleWebKit/537.36 (KHTML, like Gecko) Chrome/67.0.3396.87 Safari/537.36" "-"
5.120.124.229 - - [26/Jan/2019:20:28:36 +0330] "GET /image/65/productTypeType HTTP/1.1" 200 11108 "https://www.zanbil.ir/m/filter/b2%2Cb41%2Cp42" "Mozilla/5.0 (Linux; Android 4.4.2; SM-T211 Build/KOT49H) AppleWebKit/537.36 (KHTML, like Gecko) Chrome/67.0.3396.87 Safari/537.36" "-"
151.238.177.36 - - [26/Jan/2019:20:28:36 +0330] "GET /image/30834?name=1916.jpg&wh=200x200 HTTP/1.1" 200 5389 "https://torob.com/p/cdd285c0-71c4-4ddc-a2e8-21359ce59c98/%DA%86%D8%B1%D8%AE-%D8%AE%DB%8C%D8%A7%D8%B7%DB%8C-%DA%98%D8%A7%D9%86%D9%88%D9%85%D9%87-%D9%85%D8%AF%D9%84-802/?referer=amp" "Mozilla/5.0 (Linux; U; Android 4.4.2; fa-ir; Lenovo TAB S8-50LC Build/BMAIN) AppleWebKit/534.30 (KHTML, like Gecko) Version/4.4.2 Chrome/30.0.0.0 Mobile Safari/534.30" "-"
151.238.177.36 - - [26/Jan/2019:20:28:36 +0330] "GET /image/20137?name=1040.jpg&wh=200x200 HTTP/1.1" 200 5339 "https://torob.com/p/cdd285c0-71c4-4ddc-a2e8-21359ce59c98/%DA%86%D8%B1%D8%AE-%D8%AE%DB%8C%D8%A7%D8%B7%DB%8C-%DA%98%D8%A7%D9%86%D9%88%D9%85%D9%87-%D9%85%D8%AF%D9%84-802/?referer=amp" "Mozilla/5.0 (Linux; U; Android 4.4.2; fa-ir; Lenovo TAB S8-50LC Build/BMAIN) AppleWebKit/534.30 (KHTML, like Gecko) Version/4.4.2 Chrome/30.0.0.0 Mobile Safari/534.30" "-"
151.238.177.36 - - [26/Jan/2019:20:28:36 +0330] "GET /image/20125?name=janome-8300-w.jpg&wh=200x200 HTTP/1.1" 200 5134 "https://torob.com/p/cdd285c0-71c4-4ddc-a2e8-21359ce59c98/%DA%86%D8%B1%D8%AE-%D8%AE%DB%8C%D8%A7%D8%B7%DB%8C-%DA%98%D8%A7%D9%86%D9%88%D9%85%D9%87-%D9%85%D8%AF%D9%84-802/?referer=amp" "Mozilla/5.0 (Linux; U; Android 4.4.2; fa-ir; Lenovo TAB S8-50LC Build/BMAIN) AppleWebKit/534.30 (KHTML, like Gecko) Version/4.4.2 Chrome/30.0.0.0 Mobile Safari/534.30" "-"
151.239.2.90 - - [26/Jan/2019:20:28:37 +0330] "GET /site/searchAutoComplete?f=p0&phrase=%D8%AA HTTP/1.1" 200 1452 "https://www.zanbil.ir/" "Mozilla/5.0 (Windows NT 10.0; Win64; x64; rv:64.0) Gecko/20100101 Firefox/64.0" "-"
151.239.2.90 - - [26/Jan/2019:20:28:37 +0330] "GET /image/58609/productModel/50x50 HTTP/1.1" 200 1400 "https://www.zanbil.ir/" "Mozilla/5.0 (Windows NT 10.0; Win64; x64; rv:64.0) Gecko/20100101 Firefox/64.0" "-"
151.239.2.90 - - [26/Jan/2019:20:28:37 +0330] "GET /image/58619/productModel/50x50 HTTP/1.1" 200 1511 "https://www.zanbil.ir/" "Mozilla/5.0 (Windows NT 10.0; Win64; x64; rv:64.0) Gecko/20100101 Firefox/64.0" "-"
151.239.2.90 - - [26/Jan/2019:20:28:37 +0330] "GET /image/58610/productModel/50x50 HTTP/1.1" 200 1587 "https://www.zanbil.ir/" "Mozilla/5.0 (Windows NT 10.0; Win64; x64; rv:64.0) Gecko/20100101 Firefox/64.0" "-"
151.239.2.90 - - [26/Jan/2019:20:28:37 +0330] "GET /image/58611/productModel/50x50 HTTP/1.1" 200 1632 "https://www.zanbil.ir/" "Mozilla/5.0 (Windows NT 10.0; Win64; x64; rv:64.0) Gecko/20100101 Firefox/64.0" "-"
151.239.2.90 - - [26/Jan/2019:20:28:37 +0330] "GET /image/58612/productModel/50x50 HTTP/1.1" 200 1676 "https://www.zanbil.ir/" "Mozilla/5.0 (Windows NT 10.0; Win64; x64; rv:64.0) Gecko/20100101 Firefox/64.0" "-"
151.239.2.90 - - [26/Jan/2019:20:28:37 +0330] "GET /image/58613/productModel/50x50 HTTP/1.1" 200 1583 "https://www.zanbil.ir/" "Mozilla/5.0 (Windows NT 10.0; Win64; x64; rv:64.0) Gecko/20100101 Firefox/64.0" "-"
151.239.2.90 - - [26/Jan/2019:20:28:37 +0330] "GET /image/58616/productModel/50x50 HTTP/1.1" 200 1507 "https://www.zanbil.ir/" "Mozilla/5.0 (Windows NT 10.0; Win64; x64; rv:64.0) Gecko/20100101 Firefox/64.0" "-"
151.239.2.90 - - [26/Jan/2019:20:28:37 +0330] "GET /image/61151/productModel/50x50 HTTP/1.1" 200 918 "https://www.zanbil.ir/" "Mozilla/5.0 (Windows NT 10.0; Win64; x64; rv:64.0) Gecko/20100101 Firefox/64.0" "-"
151.239.2.90 - - [26/Jan/2019:20:28:37 +0330] "GET /image/62595/productModel/50x50 HTTP/1.1" 200 1262 "https://www.zanbil.ir/" "Mozilla/5.0 (Windows NT 10.0; Win64; x64; rv:64.0) Gecko/20100101 Firefox/64.0" "-"
151.239.2.90 - - [26/Jan/2019:20:28:37 +0330] "GET /image/61149/productModel/50x50 HTTP/1.1" 200 918 "https://www.zanbil.ir/" "Mozilla/5.0 (Windows NT 10.0; Win64; x64; rv:64.0) Gecko/20100101 Firefox/64.0" "-"
151.239.2.90 - - [26/Jan/2019:20:28:37 +0330] "GET /image/62596/productModel/50x50 HTTP/1.1" 200 1333 "https://www.zanbil.ir/" "Mozilla/5.0 (Windows NT 10.0; Win64; x64; rv:64.0) Gecko/20100101 Firefox/64.0" "-"
151.239.2.90 - - [26/Jan/2019:20:28:37 +0330] "GET /image/63100/productModel/50x50 HTTP/1.1" 200 977 "https://www.zanbil.ir/" "Mozilla/5.0 (Windows NT 10.0; Win64; x64; rv:64.0) Gecko/20100101 Firefox/64.0" "-"
151.239.2.90 - - [26/Jan/2019:20:28:37 +0330] "GET /image/62629/productModel/50x50 HTTP/1.1" 200 1184 "https://www.zanbil.ir/" "Mozilla/5.0 (Windows NT 10.0; Win64; x64; rv:64.0) Gecko/20100101 Firefox/64.0" "-"
151.239.2.90 - - [26/Jan/2019:20:28:37 +0330] "GET /image/62641/productModel/50x50 HTTP/1.1" 200 1350 "https://www.zanbil.ir/" "Mozilla/5.0 (Windows NT 10.0; Win64; x64; rv:64.0) Gecko/20100101 Firefox/64.0" "-"
151.239.2.90 - - [26/Jan/2019:20:28:37 +0330] "GET /image/62622/productModel/50x50 HTTP/1.1" 200 1357 "https://www.zanbil.ir/" "Mozilla/5.0 (Windows NT 10.0; Win64; x64; rv:64.0) Gecko/20100101 Firefox/64.0" "-"
151.239.2.90 - - [26/Jan/2019:20:28:37 +0330] "GET /image/62619/productModel/50x50 HTTP/1.1" 200 1100 "https://www.zanbil.ir/" "Mozilla/5.0 (Windows NT 10.0; Win64; x64; rv:64.0) Gecko/20100101 Firefox/64.0" "-"
151.239.2.90 - - [26/Jan/2019:20:28:37 +0330] "GET /image/62614/productModel/50x50 HTTP/1.1" 200 1312 "https://www.zanbil.ir/" "Mozilla/5.0 (Windows NT 10.0; Win64; x64; rv:64.0) Gecko/20100101 Firefox/64.0" "-"
151.239.2.90 - - [26/Jan/2019:20:28:37 +0330] "GET /image/63146/productModel/50x50 HTTP/1.1" 200 941 "https://www.zanbil.ir/" "Mozilla/5.0 (Windows NT 10.0; Win64; x64; rv:64.0) Gecko/20100101 Firefox/64.0" "-"
151.239.2.90 - - [26/Jan/2019:20:28:37 +0330] "GET /image/18921/productModel/50x50 HTTP/1.1" 200 1323 "https://www.zanbil.ir/" "Mozilla/5.0 (Windows NT 10.0; Win64; x64; rv:64.0) Gecko/20100101 Firefox/64.0" "-"
151.239.2.90 - - [26/Jan/2019:20:28:37 +0330] "GET /image/62634/productModel/50x50 HTTP/1.1" 200 1130 "https://www.zanbil.ir/" "Mozilla/5.0 (Windows NT 10.0; Win64; x64; rv:64.0) Gecko/20100101 Firefox/64.0" "-"
2.182.248.122 - - [26/Jan/2019:20:28:38 +0330] "POST /site/productAdditives HTTP/1.1" 200 321 "https://www.zanbil.ir/product/26532/54273/%D9%85%D8%A7%D8%B4%DB%8C%D9%86-%D8%B8%D8%B1%D9%81%D8%B4%D9%88%DB%8C%DB%8C-%D8%A7%DB%8C%D8%B3%D8%AA%D8%A7%D8%AF%D9%87-%D8%A7%D9%84-%D8%AC%DB%8C-%D9%85%D8%AF%D9%84-DC45W" "Mozilla/5.0 (Windows NT 6.1; rv:64.0) Gecko/20100101 Firefox/64.0" "-"
2.182.248.122 - - [26/Jan/2019:20:28:38 +0330] "POST /site/productModelImages HTTP/1.1" 200 964 "https://www.zanbil.ir/product/26532/54273/%D9%85%D8%A7%D8%B4%DB%8C%D9%86-%D8%B8%D8%B1%D9%81%D8%B4%D9%88%DB%8C%DB%8C-%D8%A7%DB%8C%D8%B3%D8%AA%D8%A7%D8%AF%D9%87-%D8%A7%D9%84-%D8%AC%DB%8C-%D9%85%D8%AF%D9%84-DC45W" "Mozilla/5.0 (Windows NT 6.1; rv:64.0) Gecko/20100101 Firefox/64.0" "-"
2.182.248.122 - - [26/Jan/2019:20:28:38 +0330] "POST /site/productCard HTTP/1.1" 200 862 "https://www.zanbil.ir/product/26532/54273/%D9%85%D8%A7%D8%B4%DB%8C%D9%86-%D8%B8%D8%B1%D9%81%D8%B4%D9%88%DB%8C%DB%8C-%D8%A7%DB%8C%D8%B3%D8%AA%D8%A7%D8%AF%D9%87-%D8%A7%D9%84-%D8%AC%DB%8C-%D9%85%D8%AF%D9%84-DC45W" "Mozilla/5.0 (Windows NT 6.1; rv:64.0) Gecko/20100101 Firefox/64.0" "-"
2.182.248.122 - - [26/Jan/2019:20:28:38 +0330] "POST /site/productPrice HTTP/1.1" 200 493 "https://www.zanbil.ir/product/26532/54273/%D9%85%D8%A7%D8%B4%DB%8C%D9%86-%D8%B8%D8%B1%D9%81%D8%B4%D9%88%DB%8C%DB%8C-%D8%A7%DB%8C%D8%B3%D8%AA%D8%A7%D8%AF%D9%87-%D8%A7%D9%84-%D8%AC%DB%8C-%D9%85%D8%AF%D9%84-DC45W" "Mozilla/5.0 (Windows NT 6.1; rv:64.0) Gecko/20100101 Firefox/64.0" "-"
151.239.2.90 - - [26/Jan/2019:20:28:38 +0330] "GET /site/searchAutoComplete?f=p0&phrase=%D8%AA%D9%82 HTTP/1.1" 200 1287 "https://www.zanbil.ir/" "Mozilla/5.0 (Windows NT 10.0; Win64; x64; rv:64.0) Gecko/20100101 Firefox/64.0" "-"
89.199.23.128 - - [26/Jan/2019:20:28:38 +0330] "GET /image/33640?name=iphonexr_white.jpg&wh=200x200 HTTP/1.1" 200 5299 "-" "Dalvik/2.1.0 (Linux; U; Android 6.0; HTC_M8x Build/MRA58K)" "-"
151.239.2.90 - - [26/Jan/2019:20:28:38 +0330] "GET /image/60661/productModel/50x50 HTTP/1.1" 200 1269 "https://www.zanbil.ir/" "Mozilla/5.0 (Windows NT 10.0; Win64; x64; rv:64.0) Gecko/20100101 Firefox/64.0" "-"
151.239.2.90 - - [26/Jan/2019:20:28:38 +0330] "GET /image/6408/productModel/50x50 HTTP/1.1" 200 1153 "https://www.zanbil.ir/" "Mozilla/5.0 (Windows NT 10.0; Win64; x64; rv:64.0) Gecko/20100101 Firefox/64.0" "-"
86.55.30.2 - - [26/Jan/2019:20:28:39 +0330] "GET / HTTP/1.1" 301 178 "-" "Mozilla/5.0 (Linux; Android 5.1.1; SAMSUNG SM-J500H Build/LMY48B) AppleWebKit/537.36 (KHTML, like Gecko) SamsungBrowser/3.3 Chrome/38.0.2125.102 Mobile Safari/537.36" "-"
151.239.2.90 - - [26/Jan/2019:20:28:39 +0330] "GET /image/26746/productModel/50x50 HTTP/1.1" 200 1513 "https://www.zanbil.ir/" "Mozilla/5.0 (Windows NT 10.0; Win64; x64; rv:64.0) Gecko/20100101 Firefox/64.0" "-"
151.239.2.90 - - [26/Jan/2019:20:28:39 +0330] "GET /image/59572/productModel/50x50 HTTP/1.1" 200 1320 "https://www.zanbil.ir/" "Mozilla/5.0 (Windows NT 10.0; Win64; x64; rv:64.0) Gecko/20100101 Firefox/64.0" "-"
151.239.2.90 - - [26/Jan/2019:20:28:39 +0330] "GET /image/26744/productModel/50x50 HTTP/1.1" 200 1513 "https://www.zanbil.ir/" "Mozilla/5.0 (Windows NT 10.0; Win64; x64; rv:64.0) Gecko/20100101 Firefox/64.0" "-"
151.239.2.90 - - [26/Jan/2019:20:28:39 +0330] "GET /image/64205/productModel/50x50 HTTP/1.1" 200 1228 "https://www.zanbil.ir/" "Mozilla/5.0 (Windows NT 10.0; Win64; x64; rv:64.0) Gecko/20100101 Firefox/64.0" "-"
151.239.2.90 - - [26/Jan/2019:20:28:39 +0330] "GET /image/63014/productModel/50x50 HTTP/1.1" 200 1334 "https://www.zanbil.ir/" "Mozilla/5.0 (Windows NT 10.0; Win64; x64; rv:64.0) Gecko/20100101 Firefox/64.0" "-"
151.239.2.90 - - [26/Jan/2019:20:28:39 +0330] "GET /image/64207/productModel/50x50 HTTP/1.1" 200 1403 "https://www.zanbil.ir/" "Mozilla/5.0 (Windows NT 10.0; Win64; x64; rv:64.0) Gecko/20100101 Firefox/64.0" "-"
151.239.2.90 - - [26/Jan/2019:20:28:39 +0330] "GET /image/26747/productModel/50x50 HTTP/1.1" 200 1513 "https://www.zanbil.ir/" "Mozilla/5.0 (Windows NT 10.0; Win64; x64; rv:64.0) Gecko/20100101 Firefox/64.0" "-"
151.239.2.90 - - [26/Jan/2019:20:28:39 +0330] "GET /image/26750/productModel/50x50 HTTP/1.1" 200 1553 "https://www.zanbil.ir/" "Mozilla/5.0 (Windows NT 10.0; Win64; x64; rv:64.0) Gecko/20100101 Firefox/64.0" "-"
151.239.2.90 - - [26/Jan/2019:20:28:39 +0330] "GET /image/26751/productModel/50x50 HTTP/1.1" 200 1553 "https://www.zanbil.ir/" "Mozilla/5.0 (Windows NT 10.0; Win64; x64; rv:64.0) Gecko/20100101 Firefox/64.0" "-"
151.239.2.90 - - [26/Jan/2019:20:28:39 +0330] "GET /image/26752/productModel/50x50 HTTP/1.1" 200 1553 "https://www.zanbil.ir/" "Mozilla/5.0 (Windows NT 10.0; Win64; x64; rv:64.0) Gecko/20100101 Firefox/64.0" "-"
151.239.2.90 - - [26/Jan/2019:20:28:39 +0330] "GET /image/63871/productModel/50x50 HTTP/1.1" 200 1207 "https://www.zanbil.ir/" "Mozilla/5.0 (Windows NT 10.0; Win64; x64; rv:64.0) Gecko/20100101 Firefox/64.0" "-"
151.239.2.90 - - [26/Jan/2019:20:28:39 +0330] "GET /image/26753/productModel/50x50 HTTP/1.1" 200 1553 "https://www.zanbil.ir/" "Mozilla/5.0 (Windows NT 10.0; Win64; x64; rv:64.0) Gecko/20100101 Firefox/64.0" "-"
151.239.2.90 - - [26/Jan/2019:20:28:39 +0330] "GET /image/63738/productModel/50x50 HTTP/1.1" 200 1277 "https://www.zanbil.ir/" "Mozilla/5.0 (Windows NT 10.0; Win64; x64; rv:64.0) Gecko/20100101 Firefox/64.0" "-"
5.121.166.61 - - [26/Jan/2019:20:28:39 +0330] "GET /image/64756/productModel/200x200 HTTP/1.1" 200 5384 "https://www.zanbil.ir/m/browse/cell-phone/%DA%AF%D9%88%D8%B4%DB%8C-%D9%85%D9%88%D8%A8%D8%A7%DB%8C%D9%84" "Mozilla/5.0 (Linux; Android 4.3; NokiaX2DS Build/JLS36C) AppleWebKit/537.36 (KHTML, like Gecko) Chrome/34.0.1847.116 Mobile Safari/537.36 OPR/21.0.1437.75439" "-"
5.121.166.61 - - [26/Jan/2019:20:28:39 +0330] "GET /image/64719/productModel/200x200 HTTP/1.1" 200 4156 "https://www.zanbil.ir/m/browse/cell-phone/%DA%AF%D9%88%D8%B4%DB%8C-%D9%85%D9%88%D8%A8%D8%A7%DB%8C%D9%84" "Mozilla/5.0 (Linux; Android 4.3; NokiaX2DS Build/JLS36C) AppleWebKit/537.36 (KHTML, like Gecko) Chrome/34.0.1847.116 Mobile Safari/537.36 OPR/21.0.1437.75439" "-"
151.239.2.90 - - [26/Jan/2019:20:28:39 +0330] "GET /image/6404/productModel/50x50 HTTP/1.1" 200 1138 "https://www.zanbil.ir/" "Mozilla/5.0 (Windows NT 10.0; Win64; x64; rv:64.0) Gecko/20100101 Firefox/64.0" "-"
151.239.2.90 - - [26/Jan/2019:20:28:39 +0330] "GET /image/38776/productModel/50x50 HTTP/1.1" 200 1409 "https://www.zanbil.ir/" "Mozilla/5.0 (Windows NT 10.0; Win64; x64; rv:64.0) Gecko/20100101 Firefox/64.0" "-"
151.239.2.90 - - [26/Jan/2019:20:28:39 +0330] "GET /image/62379/productModel/50x50 HTTP/1.1" 200 1234 "https://www.zanbil.ir/" "Mozilla/5.0 (Windows NT 10.0; Win64; x64; rv:64.0) Gecko/20100101 Firefox/64.0" "-"
5.121.166.61 - - [26/Jan/2019:20:28:39 +0330] "GET /image/65021/productModel/200x200 HTTP/1.1" 200 5299 "https://www.zanbil.ir/m/browse/cell-phone/%DA%AF%D9%88%D8%B4%DB%8C-%D9%85%D9%88%D8%A8%D8%A7%DB%8C%D9%84" "Mozilla/5.0 (Linux; Android 4.3; NokiaX2DS Build/JLS36C) AppleWebKit/537.36 (KHTML, like Gecko) Chrome/34.0.1847.116 Mobile Safari/537.36 OPR/21.0.1437.75439" "-"
151.239.2.90 - - [26/Jan/2019:20:28:39 +0330] "GET /image/62381/productModel/50x50 HTTP/1.1" 200 1302 "https://www.zanbil.ir/" "Mozilla/5.0 (Windows NT 10.0; Win64; x64; rv:64.0) Gecko/20100101 Firefox/64.0" "-"
151.239.2.90 - - [26/Jan/2019:20:28:39 +0330] "GET /image/26745/productModel/50x50 HTTP/1.1" 200 1513 "https://www.zanbil.ir/" "Mozilla/5.0 (Windows NT 10.0; Win64; x64; rv:64.0) Gecko/20100101 Firefox/64.0" "-"
5.121.166.61 - - [26/Jan/2019:20:28:39 +0330] "GET /image/62706/productModel/200x200 HTTP/1.1" 200 4239 "https://www.zanbil.ir/m/browse/cell-phone/%DA%AF%D9%88%D8%B4%DB%8C-%D9%85%D9%88%D8%A8%D8%A7%DB%8C%D9%84" "Mozilla/5.0 (Linux; Android 4.3; NokiaX2DS Build/JLS36C) AppleWebKit/537.36 (KHTML, like Gecko) Chrome/34.0.1847.116 Mobile Safari/537.36 OPR/21.0.1437.75439" "-"
83.122.159.44 - - [26/Jan/2019:20:28:40 +0330] "GET /image/33968?name=6p-m1.jpg&wh=200x200 HTTP/1.1" 200 5852 "https://torob.com/p/1e48bca8-c2da-4ecc-9358-7a73305e512d/%DA%AF%D9%88%D8%B4%DB%8C-%D9%85%D9%88%D8%A8%D8%A7%DB%8C%D9%84-%D8%B3%D8%A7%D9%85%D8%B3%D9%88%D9%86%DA%AF-%DA%AF%D9%84%DA%A9%D8%B3%DB%8C-%D8%AC%DB%8C-6-galaxy-j6-j600-32gb/" "Mozilla/5.0 (iPhone; CPU iPhone OS 12_1_2 like Mac OS X) AppleWebKit/605.1.15 (KHTML, like Gecko) FxiOS/14.0b12646 Mobile/16C101 Safari/605.1.15" "-"
5.208.194.43 - - [26/Jan/2019:20:28:40 +0330] "GET /m/product/30610/60342/%DB%8C%D8%AE%DA%86%D8%A7%D9%84-%D9%81%D8%B1%DB%8C%D8%B2%D8%B1-%D8%B3%D8%A7%DB%8C%D8%AF-%D8%A8%D8%A7%DB%8C-%D8%B3%D8%A7%DB%8C%D8%AF-%D8%A7%D8%B3%D9%86%D9%88%D8%A7-%D9%85%D8%AF%D9%84-SS-P3200SS HTTP/1.1" 499 0 "-" "Mozilla/5.0 (Linux; Android 6.0.1; SAMSUNG SM-G532F Build/MMB29T) AppleWebKit/537.36 (KHTML, like Gecko) SamsungBrowser/8.2 Chrome/63.0.3239.111 Mobile Safari/537.36" "-"
66.249.66.91 - - [26/Jan/2019:20:28:40 +0330] "GET /static/images/amp/blog.png HTTP/1.1" 304 0 "-" "Googlebot-Image/1.0" "-"
5.112.169.190 - - [26/Jan/2019:20:28:40 +0330] "GET /image/64428/productModel/150x150 HTTP/1.1" 200 2238 "https://www.zanbil.ir/m/product/33722/64431/%DB%8C%D8%AE%DA%86%D8%A7%D9%84-%D9%81%D8%B1%DB%8C%D8%B2%D8%B1-%D8%B3%D8%A7%DB%8C%D8%AF-%D8%A8%D8%A7%DB%8C-%D8%B3%D8%A7%DB%8C%D8%AF-%D8%A7%D8%B3%D9%86%D9%88%D8%A7-%D9%85%D8%AF%D9%84-S8-2280TI" "Mozilla/5.0 (Linux; Android 7.0; SAMSUNG SM-G610F Build/NRD90M) AppleWebKit/537.36 (KHTML, like Gecko) SamsungBrowser/6.2 Chrome/56.0.2924.87 Mobile Safari/537.36" "-"
2.182.248.122 - - [26/Jan/2019:20:28:40 +0330] "POST /site/productCard HTTP/1.1" 200 867 "https://www.zanbil.ir/product/26532/54273/%D9%85%D8%A7%D8%B4%DB%8C%D9%86-%D8%B8%D8%B1%D9%81%D8%B4%D9%88%DB%8C%DB%8C-%D8%A7%DB%8C%D8%B3%D8%AA%D8%A7%D8%AF%D9%87-%D8%A7%D9%84-%D8%AC%DB%8C-%D9%85%D8%AF%D9%84-DC45W" "Mozilla/5.0 (Windows NT 6.1; rv:64.0) Gecko/20100101 Firefox/64.0" "-"
2.182.248.122 - - [26/Jan/2019:20:28:40 +0330] "POST /site/productPrice HTTP/1.1" 200 493 "https://www.zanbil.ir/product/26532/54273/%D9%85%D8%A7%D8%B4%DB%8C%D9%86-%D8%B8%D8%B1%D9%81%D8%B4%D9%88%DB%8C%DB%8C-%D8%A7%DB%8C%D8%B3%D8%AA%D8%A7%D8%AF%D9%87-%D8%A7%D9%84-%D8%AC%DB%8C-%D9%85%D8%AF%D9%84-DC45W" "Mozilla/5.0 (Windows NT 6.1; rv:64.0) Gecko/20100101 Firefox/64.0" "-"
2.182.248.122 - - [26/Jan/2019:20:28:40 +0330] "POST /site/productModelImages HTTP/1.1" 200 964 "https://www.zanbil.ir/product/26532/54273/%D9%85%D8%A7%D8%B4%DB%8C%D9%86-%D8%B8%D8%B1%D9%81%D8%B4%D9%88%DB%8C%DB%8C-%D8%A7%DB%8C%D8%B3%D8%AA%D8%A7%D8%AF%D9%87-%D8%A7%D9%84-%D8%AC%DB%8C-%D9%85%D8%AF%D9%84-DC45W" "Mozilla/5.0 (Windows NT 6.1; rv:64.0) Gecko/20100101 Firefox/64.0" "-"
2.182.248.122 - - [26/Jan/2019:20:28:40 +0330] "POST /site/productAdditives HTTP/1.1" 200 321 "https://www.zanbil.ir/product/26532/54273/%D9%85%D8%A7%D8%B4%DB%8C%D9%86-%D8%B8%D8%B1%D9%81%D8%B4%D9%88%DB%8C%DB%8C-%D8%A7%DB%8C%D8%B3%D8%AA%D8%A7%D8%AF%D9%87-%D8%A7%D9%84-%D8%AC%DB%8C-%D9%85%D8%AF%D9%84-DC45W" "Mozilla/5.0 (Windows NT 6.1; rv:64.0) Gecko/20100101 Firefox/64.0" "-"
66.249.66.91 - - [26/Jan/2019:20:28:40 +0330] "GET /image/56968/productModel/200x200 HTTP/1.1" 200 3686 "-" "Googlebot-Image/1.0" "-"
2.182.248.122 - - [26/Jan/2019:20:28:40 +0330] "POST /site/similarProducts HTTP/1.1" 200 1645 "https://www.zanbil.ir/product/26532/54273/%D9%85%D8%A7%D8%B4%DB%8C%D9%86-%D8%B8%D8%B1%D9%81%D8%B4%D9%88%DB%8C%DB%8C-%D8%A7%DB%8C%D8%B3%D8%AA%D8%A7%D8%AF%D9%87-%D8%A7%D9%84-%D8%AC%DB%8C-%D9%85%D8%AF%D9%84-DC45W" "Mozilla/5.0 (Windows NT 6.1; rv:64.0) Gecko/20100101 Firefox/64.0" "-"
66.249.66.194 - - [26/Jan/2019:20:28:40 +0330] "GET /m/browse/fryer/%D8%B3%D8%B1%D8%AE-%DA%A9%D9%86 HTTP/1.1" 200 19125 "-" "Mozilla/5.0 (Linux; Android 6.0.1; Nexus 5X Build/MMB29P) AppleWebKit/537.36 (KHTML, like Gecko) Chrome/41.0.2272.96 Mobile Safari/537.36 (compatible; Googlebot/2.1; +http://www.google.com/bot.html)" "-"
151.239.2.90 - - [26/Jan/2019:20:28:40 +0330] "GET /site/searchAutoComplete?f=p0&phrase=%D8%AA%D9%82%D9%88 HTTP/1.1" 200 0 "https://www.zanbil.ir/" "Mozilla/5.0 (Windows NT 10.0; Win64; x64; rv:64.0) Gecko/20100101 Firefox/64.0" "-"
66.249.66.91 - - [26/Jan/2019:20:28:41 +0330] "GET /static/css/font/wyekan/font.ttf HTTP/1.1" 304 0 "-" "Mozilla/5.0 (Linux; Android 6.0.1; Nexus 5X Build/MMB29P) AppleWebKit/537.36 (KHTML, like Gecko) Chrome/41.0.2272.96 Mobile Safari/537.36 (compatible; Googlebot/2.1; +http://www.google.com/bot.html)" "-"
66.249.66.91 - - [26/Jan/2019:20:28:41 +0330] "GET /static/images/amp/telegram.png HTTP/1.1" 304 0 "-" "Googlebot-Image/1.0" "-"
5.115.85.29 - - [26/Jan/2019:20:28:41 +0330] "GET /image/627/mainSlideMobile HTTP/1.1" 200 82167 "https://www.zanbil.ir/m/browse/cash/%DA%A9%D8%B4" "Mozilla/5.0 (Linux; Android 8.0.0; BND-L21) AppleWebKit/537.36 (KHTML, like Gecko) Chrome/71.0.3578.98 Mobile Safari/537.36" "-"
5.115.85.29 - - [26/Jan/2019:20:28:41 +0330] "GET /settings/logo HTTP/1.1" 200 4120 "https://www.zanbil.ir/m/browse/cash/%DA%A9%D8%B4" "Mozilla/5.0 (Linux; Android 8.0.0; BND-L21) AppleWebKit/537.36 (KHTML, like Gecko) Chrome/71.0.3578.98 Mobile Safari/537.36" "-"
5.120.124.229 - - [26/Jan/2019:20:28:41 +0330] "GET /image/55920/productModel/200x200 HTTP/1.1" 200 2442 "https://www.zanbil.ir/m/filter/b2%2Cb41%2Cp42" "Mozilla/5.0 (Linux; Android 4.4.2; SM-T211 Build/KOT49H) AppleWebKit/537.36 (KHTML, like Gecko) Chrome/67.0.3396.87 Safari/537.36" "-"
5.236.58.83 - - [26/Jan/2019:20:28:41 +0330] "GET /m/product/2543/%D8%BA%D8%B0%D8%A7-%D8%B3%D8%A7%D8%B2-%D9%81%DB%8C%D9%84%DB%8C%D9%BE%D8%B3-%D9%85%D8%AF%D9%84-HR7778 HTTP/1.1" 200 21360 "https://www.google.com/" "Mozilla/5.0 (iPhone; CPU iPhone OS 12_1_2 like Mac OS X) AppleWebKit/605.1.15 (KHTML, like Gecko) Version/12.0 Mobile/15E148 Safari/604.1" "-"
5.115.85.29 - - [26/Jan/2019:20:28:41 +0330] "GET /static/images/amp/instagram.png HTTP/1.1" 200 7146 "https://www.zanbil.ir/m/browse/cash/%DA%A9%D8%B4" "Mozilla/5.0 (Linux; Android 8.0.0; BND-L21) AppleWebKit/537.36 (KHTML, like Gecko) Chrome/71.0.3578.98 Mobile Safari/537.36" "-"
5.115.85.29 - - [26/Jan/2019:20:28:41 +0330] "GET /image/484/brand HTTP/1.1" 200 2649 "https://www.zanbil.ir/m/browse/cash/%DA%A9%D8%B4" "Mozilla/5.0 (Linux; Android 8.0.0; BND-L21) AppleWebKit/537.36 (KHTML, like Gecko) Chrome/71.0.3578.98 Mobile Safari/537.36" "-"
5.115.85.29 - - [26/Jan/2019:20:28:41 +0330] "GET /static/images/amp/telegram.png HTTP/1.1" 200 4859 "https://www.zanbil.ir/m/browse/cash/%DA%A9%D8%B4" "Mozilla/5.0 (Linux; Android 8.0.0; BND-L21) AppleWebKit/537.36 (KHTML, like Gecko) Chrome/71.0.3578.98 Mobile Safari/537.36" "-"
66.249.66.91 - - [26/Jan/2019:20:28:41 +0330] "GET /static/css/font/wyekan/font.woff HTTP/1.1" 304 0 "-" "Mozilla/5.0 (Linux; Android 6.0.1; Nexus 5X Build/MMB29P) AppleWebKit/537.36 (KHTML, like Gecko) Chrome/41.0.2272.96 Mobile Safari/537.36 (compatible; Googlebot/2.1; +http://www.google.com/bot.html)" "-"
5.115.85.29 - - [26/Jan/2019:20:28:41 +0330] "GET /image/38676/productModel/200x200 HTTP/1.1" 200 5114 "https://www.zanbil.ir/m/browse/cash/%DA%A9%D8%B4" "Mozilla/5.0 (Linux; Android 8.0.0; BND-L21) AppleWebKit/537.36 (KHTML, like Gecko) Chrome/71.0.3578.98 Mobile Safari/537.36" "-"
5.115.85.29 - - [26/Jan/2019:20:28:41 +0330] "GET /image/38694/productModel/200x200 HTTP/1.1" 200 5203 "https://www.zanbil.ir/m/browse/cash/%DA%A9%D8%B4" "Mozilla/5.0 (Linux; Android 8.0.0; BND-L21) AppleWebKit/537.36 (KHTML, like Gecko) Chrome/71.0.3578.98 Mobile Safari/537.36" "-"
5.115.85.29 - - [26/Jan/2019:20:28:41 +0330] "GET /static/images/amp/blog.png HTTP/1.1" 200 3863 "https://www.zanbil.ir/m/browse/cash/%DA%A9%D8%B4" "Mozilla/5.0 (Linux; Android 8.0.0; BND-L21) AppleWebKit/537.36 (KHTML, like Gecko) Chrome/71.0.3578.98 Mobile Safari/537.36" "-"
5.115.85.29 - - [26/Jan/2019:20:28:41 +0330] "GET /static/images/amp/third-party/footer-mobile.png HTTP/1.1" 200 62894 "https://www.zanbil.ir/m/browse/cash/%DA%A9%D8%B4" "Mozilla/5.0 (Linux; Android 8.0.0; BND-L21) AppleWebKit/537.36 (KHTML, like Gecko) Chrome/71.0.3578.98 Mobile Safari/537.36" "-"
5.120.124.229 - - [26/Jan/2019:20:28:41 +0330] "GET /image/1405/productModel/200x200 HTTP/1.1" 200 2798 "https://www.zanbil.ir/m/filter/b2%2Cb41%2Cp42" "Mozilla/5.0 (Linux; Android 4.4.2; SM-T211 Build/KOT49H) AppleWebKit/537.36 (KHTML, like Gecko) Chrome/67.0.3396.87 Safari/537.36" "-"
91.99.55.165 - - [26/Jan/2019:20:28:41 +0330] "GET /m/filter/p2597%2Cb231 HTTP/1.1" 200 18754 "https://www-zanbil-ir.cdn.ampproject.org/v/s/www.zanbil.ir/m/browse/hood/%D9%87%D9%88%D8%AF?amp_js_v=a2&amp_gsa=1&usqp=mq331AQCCAA%3D" "Mozilla/5.0 (Linux; Android 8.0.0; SM-G930F) AppleWebKit/537.36 (KHTML, like Gecko) Chrome/71.0.3578.99 Mobile Safari/537.36" "-"
66.249.66.91 - - [26/Jan/2019:20:28:41 +0330] "GET /static/css/font/wyekan/font.woff HTTP/1.1" 304 0 "-" "Mozilla/5.0 (Linux; Android 6.0.1; Nexus 5X Build/MMB29P) AppleWebKit/537.36 (KHTML, like Gecko) Chrome/41.0.2272.96 Mobile Safari/537.36 (compatible; Googlebot/2.1; +http://www.google.com/bot.html)" "-"
5.125.216.51 - - [26/Jan/2019:20:28:41 +0330] "GET /static/images/guarantees/warranty.png HTTP/1.1" 200 5807 "https://www.zanbil.ir/m/filter/b146%2Cb36%2Cb8%2Cp3" "Mozilla/5.0 (Android 5.1.1; Mobile; rv:64.0) Gecko/64.0 Firefox/64.0" "-"
5.125.216.51 - - [26/Jan/2019:20:28:41 +0330] "GET /static/images/guarantees/support.png HTTP/1.1" 200 6454 "https://www.zanbil.ir/m/filter/b146%2Cb36%2Cb8%2Cp3" "Mozilla/5.0 (Android 5.1.1; Mobile; rv:64.0) Gecko/64.0 Firefox/64.0" "-"
5.125.216.51 - - [26/Jan/2019:20:28:41 +0330] "GET /static/images/guarantees/goodShopping.png HTTP/1.1" 200 6496 "https://www.zanbil.ir/m/filter/b146%2Cb36%2Cb8%2Cp3" "Mozilla/5.0 (Android 5.1.1; Mobile; rv:64.0) Gecko/64.0 Firefox/64.0" "-"
5.125.216.51 - - [26/Jan/2019:20:28:41 +0330] "GET /static/images/guarantees/bestPrice.png HTTP/1.1" 200 7356 "https://www.zanbil.ir/m/filter/b146%2Cb36%2Cb8%2Cp3" "Mozilla/5.0 (Android 5.1.1; Mobile; rv:64.0) Gecko/64.0 Firefox/64.0" "-"
80.250.193.6 - - [26/Jan/2019:20:28:41 +0330] "GET /m/filter/b42%2Cp6 HTTP/1.1" 200 19320 "https://www.google.com/search?biw=360&bih=568&q=%D9%82%DB%8C%D9%85%D8%AA+%D9%84%D8%A8%D8%A7%D8%B3%D8%B4%D9%88%DB%8C%DB%8C+%D9%BE%D8%A7%DA%A9%D8%B4%D9%88%D9%85%D8%A7&oq=%D9%82%DB%8C%D9%85%D8%AA+%D9%84%D8%A8%D8%A7%D8%B3%D8%B4%D9%88%DB%8C%DB%8C+%D9%BE%D8%A7%D9%85&aqs=heirloom-srp.0.0l1" "Mozilla/5.0 (Android 8.0.0; Mobile; rv:49.0) Gecko/49.0 Firefox/49.0" "-"
151.239.2.90 - - [26/Jan/2019:20:28:41 +0330] "GET /site/searchAutoComplete?f=p0&phrase=%D8%AA%D9%82%D9%88%DB%8C HTTP/1.1" 200 0 "https://www.zanbil.ir/" "Mozilla/5.0 (Windows NT 10.0; Win64; x64; rv:64.0) Gecko/20100101 Firefox/64.0" "-"
2.177.236.124 - - [26/Jan/2019:20:28:41 +0330] "GET /m/filter/b485%2Cp12786 HTTP/1.1" 200 18784 "https://www.zanbil.ir/m/filter/b485%2Cb648%2Cp12786" "Mozilla/5.0 (Linux; Android 7.0; SM-N920C) AppleWebKit/537.36 (KHTML, like Gecko) Chrome/71.0.3578.99 Mobile Safari/537.36" "-"
5.216.172.90 - - [26/Jan/2019:20:28:41 +0330] "GET /m/browse/big-kitchen-appliances/%D9%84%D9%88%D8%A7%D8%B2%D9%85-%D8%A8%D8%B2%D8%B1%DA%AF-%D8%A2%D8%B4%D9%BE%D8%B2%D8%AE%D8%A7%D9%86%D9%87 HTTP/1.1" 200 16611 "https://www.zanbil.ir/m/browse/home-appliances/%D9%84%D9%88%D8%A7%D8%B2%D9%85-%D8%AE%D8%A7%D9%86%DA%AF%DB%8C" "Mozilla/5.0 (Linux; Android 8.0.0; SM-A720F) AppleWebKit/537.36 (KHTML, like Gecko) Chrome/71.0.3578.99 Mobile Safari/537.36" "-"
5.125.216.51 - - [26/Jan/2019:20:28:42 +0330] "GET /static/images/guarantees/fastDelivery.png HTTP/1.1" 200 7713 "https://www.zanbil.ir/m/filter/b146%2Cb36%2Cb8%2Cp3" "Mozilla/5.0 (Android 5.1.1; Mobile; rv:64.0) Gecko/64.0 Firefox/64.0" "-"
54.36.148.113 - - [26/Jan/2019:20:28:42 +0330] "GET /product/28855/%D8%A7%D8%AC%D8%A7%D9%82-%DA%AF%D8%A7%D8%B2-%D9%85%D8%A8%D9%84%D9%87-%D9%87%D8%A7%D8%B1%D8%AF%D8%B3%D8%AA%D9%88%D9%86-%D9%85%D8%AF%D9%84-%D9%85%DB%8C%D9%84%D8%AA%D9%88%D9%86-%D8%AF%D9%88-%D9%81%D8%B1-HARDSTONE-Range HTTP/1.1" 200 42548 "-" "Mozilla/5.0 (compatible; AhrefsBot/6.1; +http://ahrefs.com/robot/)" "-"
2.182.248.122 - - [26/Jan/2019:20:28:42 +0330] "POST /site/productAdditives HTTP/1.1" 200 321 "https://www.zanbil.ir/product/26532/54273/%D9%85%D8%A7%D8%B4%DB%8C%D9%86-%D8%B8%D8%B1%D9%81%D8%B4%D9%88%DB%8C%DB%8C-%D8%A7%DB%8C%D8%B3%D8%AA%D8%A7%D8%AF%D9%87-%D8%A7%D9%84-%D8%AC%DB%8C-%D9%85%D8%AF%D9%84-DC45W" "Mozilla/5.0 (Windows NT 6.1; rv:64.0) Gecko/20100101 Firefox/64.0" "-"
91.99.55.165 - - [26/Jan/2019:20:28:42 +0330] "GET /static/images/guarantees/goodShopping.png HTTP/1.1" 200 6496 "https://www.zanbil.ir/m/filter/p2597%2Cb231" "Mozilla/5.0 (Linux; Android 8.0.0; SM-G930F) AppleWebKit/537.36 (KHTML, like Gecko) Chrome/71.0.3578.99 Mobile Safari/537.36" "-"
2.182.248.122 - - [26/Jan/2019:20:28:42 +0330] "POST /site/productPrice HTTP/1.1" 200 689 "https://www.zanbil.ir/product/26532/54273/%D9%85%D8%A7%D8%B4%DB%8C%D9%86-%D8%B8%D8%B1%D9%81%D8%B4%D9%88%DB%8C%DB%8C-%D8%A7%DB%8C%D8%B3%D8%AA%D8%A7%D8%AF%D9%87-%D8%A7%D9%84-%D8%AC%DB%8C-%D9%85%D8%AF%D9%84-DC45W" "Mozilla/5.0 (Windows NT 6.1; rv:64.0) Gecko/20100101 Firefox/64.0" "-"
91.99.55.165 - - [26/Jan/2019:20:28:42 +0330] "GET /static/images/guarantees/warranty.png HTTP/1.1" 200 5807 "https://www.zanbil.ir/m/filter/p2597%2Cb231" "Mozilla/5.0 (Linux; Android 8.0.0; SM-G930F) AppleWebKit/537.36 (KHTML, like Gecko) Chrome/71.0.3578.99 Mobile Safari/537.36" "-"
91.99.55.165 - - [26/Jan/2019:20:28:42 +0330] "GET /static/images/guarantees/bestPrice.png HTTP/1.1" 200 7356 "https://www.zanbil.ir/m/filter/p2597%2Cb231" "Mozilla/5.0 (Linux; Android 8.0.0; SM-G930F) AppleWebKit/537.36 (KHTML, like Gecko) Chrome/71.0.3578.99 Mobile Safari/537.36" "-"
91.99.55.165 - - [26/Jan/2019:20:28:42 +0330] "GET /static/images/guarantees/support.png HTTP/1.1" 200 6454 "https://www.zanbil.ir/m/filter/p2597%2Cb231" "Mozilla/5.0 (Linux; Android 8.0.0; SM-G930F) AppleWebKit/537.36 (KHTML, like Gecko) Chrome/71.0.3578.99 Mobile Safari/537.36" "-"
2.182.248.122 - - [26/Jan/2019:20:28:42 +0330] "POST /site/productModelImages HTTP/1.1" 200 961 "https://www.zanbil.ir/product/26532/54273/%D9%85%D8%A7%D8%B4%DB%8C%D9%86-%D8%B8%D8%B1%D9%81%D8%B4%D9%88%DB%8C%DB%8C-%D8%A7%DB%8C%D8%B3%D8%AA%D8%A7%D8%AF%D9%87-%D8%A7%D9%84-%D8%AC%DB%8C-%D9%85%D8%AF%D9%84-DC45W" "Mozilla/5.0 (Windows NT 6.1; rv:64.0) Gecko/20100101 Firefox/64.0" "-"
2.182.248.122 - - [26/Jan/2019:20:28:42 +0330] "POST /site/productCard HTTP/1.1" 200 994 "https://www.zanbil.ir/product/26532/54273/%D9%85%D8%A7%D8%B4%DB%8C%D9%86-%D8%B8%D8%B1%D9%81%D8%B4%D9%88%DB%8C%DB%8C-%D8%A7%DB%8C%D8%B3%D8%AA%D8%A7%D8%AF%D9%87-%D8%A7%D9%84-%D8%AC%DB%8C-%D9%85%D8%AF%D9%84-DC45W" "Mozilla/5.0 (Windows NT 6.1; rv:64.0) Gecko/20100101 Firefox/64.0" "-"
40.77.167.122 - - [26/Jan/2019:20:28:42 +0330] "GET /product/31973/64992/%DA%AF%D9%88%D8%B4%DB%8C-%D9%85%D9%88%D8%A8%D8%A7%DB%8C%D9%84-%D8%A7%D9%BE%D9%84-%D9%85%D8%AF%D9%84-iPhone-X-64GB HTTP/1.1" 200 41250 "-" "Mozilla/5.0 (compatible; bingbot/2.0; +http://www.bing.com/bingbot.htm)" "-"
91.99.55.165 - - [26/Jan/2019:20:28:42 +0330] "GET /static/images/guarantees/fastDelivery.png HTTP/1.1" 200 7713 "https://www.zanbil.ir/m/filter/p2597%2Cb231" "Mozilla/5.0 (Linux; Android 8.0.0; SM-G930F) AppleWebKit/537.36 (KHTML, like Gecko) Chrome/71.0.3578.99 Mobile Safari/537.36" "-"
5.125.216.51 - - [26/Jan/2019:20:28:42 +0330] "GET /image/56248/productModel/200x200 HTTP/1.1" 200 3265 "https://www.zanbil.ir/m/filter/b146%2Cb36%2Cb8%2Cp3" "Mozilla/5.0 (Android 5.1.1; Mobile; rv:64.0) Gecko/64.0 Firefox/64.0" "-"
5.117.0.221 - - [26/Jan/2019:20:28:42 +0330] "GET /browse/microwave-oven HTTP/1.1" 302 0 "https://www.zanbil.ir/m/filter/b74%2Cb8%2Cp7" "Mozilla/5.0 (Linux; Android 6.0; Lenovo TB3-850M) AppleWebKit/537.36 (KHTML, like Gecko) Chrome/71.0.3578.99 Safari/537.36" "-"
91.99.55.165 - - [26/Jan/2019:20:28:42 +0330] "GET /static/css/font/wyekan/font.woff HTTP/1.1" 200 28536 "https://www.zanbil.ir/m/filter/p2597%2Cb231" "Mozilla/5.0 (Linux; Android 8.0.0; SM-G930F) AppleWebKit/537.36 (KHTML, like Gecko) Chrome/71.0.3578.99 Mobile Safari/537.36" "-"
66.249.66.194 - - [26/Jan/2019:20:28:42 +0330] "GET /m/filter/b1,p3 HTTP/1.1" 200 19482 "-" "Mozilla/5.0 (Linux; Android 6.0.1; Nexus 5X Build/MMB29P) AppleWebKit/537.36 (KHTML, like Gecko) Chrome/41.0.2272.96 Mobile Safari/537.36 (compatible; Googlebot/2.1; +http://www.google.com/bot.html)" "-"
2.182.248.122 - - [26/Jan/2019:20:28:42 +0330] "POST /site/similarProducts HTTP/1.1" 200 1882 "https://www.zanbil.ir/product/26532/54273/%D9%85%D8%A7%D8%B4%DB%8C%D9%86-%D8%B8%D8%B1%D9%81%D8%B4%D9%88%DB%8C%DB%8C-%D8%A7%DB%8C%D8%B3%D8%AA%D8%A7%D8%AF%D9%87-%D8%A7%D9%84-%D8%AC%DB%8C-%D9%85%D8%AF%D9%84-DC45W" "Mozilla/5.0 (Windows NT 6.1; rv:64.0) Gecko/20100101 Firefox/64.0" "-"
2.177.236.124 - - [26/Jan/2019:20:28:42 +0330] "GET /settings/logo HTTP/1.1" 200 4120 "https://www.zanbil.ir/m/filter/b485%2Cp12786" "Mozilla/5.0 (Linux; Android 7.0; SM-N920C) AppleWebKit/537.36 (KHTML, like Gecko) Chrome/71.0.3578.99 Mobile Safari/537.36" "-"
2.177.236.124 - - [26/Jan/2019:20:28:42 +0330] "GET /image/59038/productModel/200x200 HTTP/1.1" 200 2832 "https://www.zanbil.ir/m/filter/b485%2Cp12786" "Mozilla/5.0 (Linux; Android 7.0; SM-N920C) AppleWebKit/537.36 (KHTML, like Gecko) Chrome/71.0.3578.99 Mobile Safari/537.36" "-"
2.177.236.124 - - [26/Jan/2019:20:28:42 +0330] "GET /image/59473/productModel/200x200 HTTP/1.1" 200 3446 "https://www.zanbil.ir/m/filter/b485%2Cp12786" "Mozilla/5.0 (Linux; Android 7.0; SM-N920C) AppleWebKit/537.36 (KHTML, like Gecko) Chrome/71.0.3578.99 Mobile Safari/537.36" "-"
5.120.73.255 - - [26/Jan/2019:20:28:42 +0330] "GET /m/prepareSearch?phrase=%D8%A8%D8%AE%D8%A7%D8%B1%DB%8C+%D8%A8%D8%B1%D9%82%DB%8C HTTP/1.1" 302 0 "https://www.zanbil.ir/m" "Mozilla/5.0 (iPhone; CPU iPhone OS 11_4_1 like Mac OS X) AppleWebKit/605.1.15 (KHTML, like Gecko) Version/11.0 Mobile/15E148 Safari/604.1" "-"
2.177.236.124 - - [26/Jan/2019:20:28:42 +0330] "GET /image/59104/productModel/200x200 HTTP/1.1" 200 3502 "https://www.zanbil.ir/m/filter/b485%2Cp12786" "Mozilla/5.0 (Linux; Android 7.0; SM-N920C) AppleWebKit/537.36 (KHTML, like Gecko) Chrome/71.0.3578.99 Mobile Safari/537.36" "-"
66.249.66.194 - - [26/Jan/2019:20:28:42 +0330] "GET /m/filter/p2598,v677%7C%D8%AA%DA%A9%20%D9%84%DA%AF%D9%86 HTTP/1.1" 200 18833 "-" "Mozilla/5.0 (Linux; Android 6.0.1; Nexus 5X Build/MMB29P) AppleWebKit/537.36 (KHTML, like Gecko) Chrome/41.0.2272.96 Mobile Safari/537.36 (compatible; Googlebot/2.1; +http://www.google.com/bot.html)" "-"
5.125.216.51 - - [26/Jan/2019:20:28:42 +0330] "GET /settings/logo HTTP/1.1" 200 4120 "https://www.zanbil.ir/m/filter/b146%2Cb36%2Cb8%2Cp3" "Mozilla/5.0 (Android 5.1.1; Mobile; rv:64.0) Gecko/64.0 Firefox/64.0" "-"
2.177.236.124 - - [26/Jan/2019:20:28:42 +0330] "GET /image/59058/productModel/200x200 HTTP/1.1" 200 6408 "https://www.zanbil.ir/m/filter/b485%2Cp12786" "Mozilla/5.0 (Linux; Android 7.0; SM-N920C) AppleWebKit/537.36 (KHTML, like Gecko) Chrome/71.0.3578.99 Mobile Safari/537.36" "-"
91.99.55.165 - - [26/Jan/2019:20:28:42 +0330] "GET /settings/logo HTTP/1.1" 200 4120 "https://www.zanbil.ir/m/filter/p2597%2Cb231" "Mozilla/5.0 (Linux; Android 8.0.0; SM-G930F) AppleWebKit/537.36 (KHTML, like Gecko) Chrome/71.0.3578.99 Mobile Safari/537.36" "-"
2.177.236.124 - - [26/Jan/2019:20:28:42 +0330] "GET /image/59061/productModel/200x200 HTTP/1.1" 200 6408 "https://www.zanbil.ir/m/filter/b485%2Cp12786" "Mozilla/5.0 (Linux; Android 7.0; SM-N920C) AppleWebKit/537.36 (KHTML, like Gecko) Chrome/71.0.3578.99 Mobile Safari/537.36" "-"
91.99.55.165 - - [26/Jan/2019:20:28:42 +0330] "GET /image/56899/productModel/200x200 HTTP/1.1" 200 5171 "https://www.zanbil.ir/m/filter/p2597%2Cb231" "Mozilla/5.0 (Linux; Android 8.0.0; SM-G930F) AppleWebKit/537.36 (KHTML, like Gecko) Chrome/71.0.3578.99 Mobile Safari/537.36" "-"
5.125.216.51 - - [26/Jan/2019:20:28:42 +0330] "GET /amp-helper-frame.html?appId=a624a1c1-0c93-466a-a546-e146710f97e6&parentOrigin=https://www.zanbil.ir HTTP/1.1" 200 133 "https://www.zanbil.ir/m/filter/b146%2Cb36%2Cb8%2Cp3" "Mozilla/5.0 (Android 5.1.1; Mobile; rv:64.0) Gecko/64.0 Firefox/64.0" "-"
91.99.55.165 - - [26/Jan/2019:20:28:42 +0330] "GET /image/56773/productModel/200x200 HTTP/1.1" 200 3066 "https://www.zanbil.ir/m/filter/p2597%2Cb231" "Mozilla/5.0 (Linux; Android 8.0.0; SM-G930F) AppleWebKit/537.36 (KHTML, like Gecko) Chrome/71.0.3578.99 Mobile Safari/537.36" "-"
91.99.55.165 - - [26/Jan/2019:20:28:42 +0330] "GET /image/56897/productModel/200x200 HTTP/1.1" 200 3393 "https://www.zanbil.ir/m/filter/p2597%2Cb231" "Mozilla/5.0 (Linux; Android 8.0.0; SM-G930F) AppleWebKit/537.36 (KHTML, like Gecko) Chrome/71.0.3578.99 Mobile Safari/537.36" "-"
91.99.55.165 - - [26/Jan/2019:20:28:42 +0330] "GET /image/61531/productModel/200x200 HTTP/1.1" 200 4057 "https://www.zanbil.ir/m/filter/p2597%2Cb231" "Mozilla/5.0 (Linux; Android 8.0.0; SM-G930F) AppleWebKit/537.36 (KHTML, like Gecko) Chrome/71.0.3578.99 Mobile Safari/537.36" "-"
91.99.55.165 - - [26/Jan/2019:20:28:42 +0330] "GET /image/56750/productModel/200x200 HTTP/1.1" 200 3481 "https://www.zanbil.ir/m/filter/p2597%2Cb231" "Mozilla/5.0 (Linux; Android 8.0.0; SM-G930F) AppleWebKit/537.36 (KHTML, like Gecko) Chrome/71.0.3578.99 Mobile Safari/537.36" "-"
91.99.55.165 - - [26/Jan/2019:20:28:42 +0330] "GET /image/57658/productModel/200x200 HTTP/1.1" 200 2835 "https://www.zanbil.ir/m/filter/p2597%2Cb231" "Mozilla/5.0 (Linux; Android 8.0.0; SM-G930F) AppleWebKit/537.36 (KHTML, like Gecko) Chrome/71.0.3578.99 Mobile Safari/537.36" "-"
2.177.236.124 - - [26/Jan/2019:20:28:42 +0330] "GET /image/59040/productModel/200x200 HTTP/1.1" 200 2832 "https://www.zanbil.ir/m/filter/b485%2Cp12786" "Mozilla/5.0 (Linux; Android 7.0; SM-N920C) AppleWebKit/537.36 (KHTML, like Gecko) Chrome/71.0.3578.99 Mobile Safari/537.36" "-"
2.177.236.124 - - [26/Jan/2019:20:28:42 +0330] "GET /image/59054/productModel/200x200 HTTP/1.1" 200 6408 "https://www.zanbil.ir/m/filter/b485%2Cp12786" "Mozilla/5.0 (Linux; Android 7.0; SM-N920C) AppleWebKit/537.36 (KHTML, like Gecko) Chrome/71.0.3578.99 Mobile Safari/537.36" "-"
91.99.55.165 - - [26/Jan/2019:20:28:42 +0330] "GET /amp-helper-frame.html?appId=a624a1c1-0c93-466a-a546-e146710f97e6&parentOrigin=https://www.zanbil.ir HTTP/1.1" 200 133 "https://www.zanbil.ir/m/filter/p2597%2Cb231" "Mozilla/5.0 (Linux; Android 8.0.0; SM-G930F) AppleWebKit/537.36 (KHTML, like Gecko) Chrome/71.0.3578.99 Mobile Safari/537.36" "-"
91.99.55.165 - - [26/Jan/2019:20:28:42 +0330] "GET /image/135/brand HTTP/1.1" 200 2631 "https://www.zanbil.ir/m/filter/p2597%2Cb231" "Mozilla/5.0 (Linux; Android 8.0.0; SM-G930F) AppleWebKit/537.36 (KHTML, like Gecko) Chrome/71.0.3578.99 Mobile Safari/537.36" "-"
91.99.55.165 - - [26/Jan/2019:20:28:42 +0330] "GET /image/399/brand HTTP/1.1" 200 2302 "https://www.zanbil.ir/m/filter/p2597%2Cb231" "Mozilla/5.0 (Linux; Android 8.0.0; SM-G930F) AppleWebKit/537.36 (KHTML, like Gecko) Chrome/71.0.3578.99 Mobile Safari/537.36" "-"
91.99.55.165 - - [26/Jan/2019:20:28:42 +0330] "GET /image/148/brand HTTP/1.1" 200 2490 "https://www.zanbil.ir/m/filter/p2597%2Cb231" "Mozilla/5.0 (Linux; Android 8.0.0; SM-G930F) AppleWebKit/537.36 (KHTML, like Gecko) Chrome/71.0.3578.99 Mobile Safari/537.36" "-"
