5.236.178.171 - - [26/Jan/2019:20:28:16 +0330] "GET /image/1647/productModel/100x100 HTTP/1.1" 200 1813 "https://www.zanbil.ir/filter/p3%2Cb1" "Mozilla/5.0 (Windows NT 6.3; Win64; x64) AppleWebKit/537.36 (KHTML, like Gecko) Chrome/71.0.3578.98 Safari/537.36" "-"
204.18.159.208 - - [26/Jan/2019:20:28:16 +0330] "GET /static/images/guarantees/warranty.png HTTP/1.1" 200 5807 "https://www.zanbil.ir/m/article/618/%D8%AE%D9%88%D8%A7%D8%A8-%D8%B1%D9%81%D8%AA%D9%86%D8%8C%DA%AF%D8%B2%DA%AF%D8%B2%D8%8C%D8%B3%D9%88%D8%B2%D8%B4-%D9%88-%D8%A8%DB%8C-%D8%AD%D8%B3%DB%8C-%D9%BE%D8%A7%3A-%D8%B9%D9%84%D8%AA-%D9%88-%D8%AF%D8%B1%D9%85%D8%A7%D9%86-" "Mozilla/5.0 (Linux; Android 8.0.0; SM-A520F) AppleWebKit/537.36 (KHTML, like Gecko) Chrome/71.0.3578.99 Mobile Safari/537.36" "-"
5.112.116.34 - - [26/Jan/2019:20:28:16 +0330] "GET /apple-touch-icon-120x120.png HTTP/1.1" 404 33680 "-" "MobileSafari/604.1 CFNetwork/976 Darwin/18.2.0" "-"
204.18.159.208 - - [26/Jan/2019:20:28:16 +0330] "GET /static/images/guarantees/bestPrice.png HTTP/1.1" 200 7356 "https://www.zanbil.ir/m/article/618/%D8%AE%D9%88%D8%A7%D8%A8-%D8%B1%D9%81%D8%AA%D9%86%D8%8C%DA%AF%D8%B2%DA%AF%D8%B2%D8%8C%D8%B3%D9%88%D8%B2%D8%B4-%D9%88-%D8%A8%DB%8C-%D8%AD%D8%B3%DB%8C-%D9%BE%D8%A7%3A-%D8%B9%D9%84%D8%AA-%D9%88-%D8%AF%D8%B1%D9%85%D8%A7%D9%86-" "Mozilla/5.0 (Linux; Android 8.0.0; SM-A520F) AppleWebKit/537.36 (KHTML, like Gecko) Chrome/71.0.3578.99 Mobile Safari/537.36" "-"
204.18.159.208 - - [26/Jan/2019:20:28:16 +0330] "GET /static/images/guarantees/support.png HTTP/1.1" 200 6454 "https://www.zanbil.ir/m/article/618/%D8%AE%D9%88%D8%A7%D8%A8-%D8%B1%D9%81%D8%AA%D9%86%D8%8C%DA%AF%D8%B2%DA%AF%D8%B2%D8%8C%D8%B3%D9%88%D8%B2%D8%B4-%D9%88-%D8%A8%DB%8C-%D8%AD%D8%B3%DB%8C-%D9%BE%D8%A7%3A-%D8%B9%D9%84%D8%AA-%D9%88-%D8%AF%D8%B1%D9%85%D8%A7%D9%86-" "Mozilla/5.0 (Linux; Android 8.0.0; SM-A520F) AppleWebKit/537.36 (KHTML, like Gecko) Chrome/71.0.3578.99 Mobile Safari/537.36" "-"
5.236.178.171 - - [26/Jan/2019:20:28:16 +0330] "GET /image/600/productModel/100x100 HTTP/1.1" 200 1205 "https://www.zanbil.ir/filter/p3%2Cb1" "Mozilla/5.0 (Windows NT 6.3; Win64; x64) AppleWebKit/537.36 (KHTML, like Gecko) Chrome/71.0.3578.98 Safari/537.36" "-"
204.18.159.208 - - [26/Jan/2019:20:28:16 +0330] "GET /static/images/guarantees/fastDelivery.png HTTP/1.1" 200 7713 "https://www.zanbil.ir/m/article/618/%D8%AE%D9%88%D8%A7%D8%A8-%D8%B1%D9%81%D8%AA%D9%86%D8%8C%DA%AF%D8%B2%DA%AF%D8%B2%D8%8C%D8%B3%D9%88%D8%B2%D8%B4-%D9%88-%D8%A8%DB%8C-%D8%AD%D8%B3%DB%8C-%D9%BE%D8%A7%3A-%D8%B9%D9%84%D8%AA-%D9%88-%D8%AF%D8%B1%D9%85%D8%A7%D9%86-" "Mozilla/5.0 (Linux; Android 8.0.0; SM-A520F) AppleWebKit/537.36 (KHTML, like Gecko) Chrome/71.0.3578.99 Mobile Safari/537.36" "-"
91.251.81.96 - - [26/Jan/2019:20:28:16 +0330] "GET /static/images/guarantees/warranty.png HTTP/1.1" 200 5807 "https://www.zanbil.ir/m/product/8982/%D8%A2%D8%A8%DA%AF%D8%B1%D9%85%DA%A9%D9%86-%D8%AF%DB%8C%D9%88%D8%A7%D8%B1%DB%8C-%D8%A8%D9%88%D8%AA%D8%A7%D9%86-%D9%85%D8%AF%D9%84-B3315if%D8%A2%DB%8C%D9%88%D9%86%D8%A7%DB%8C%D8%B2-%D9%81%D9%86-%D8%AF%D8%A7%D8%B1" "Mozilla/5.0 (Linux; Android 4.2.2; HUAWEI Y320-U10 Build/HUAWEIY320-U10) AppleWebKit/537.36 (KHTML, like Gecko) Chrome/51.0.2704.81 Mobile Safari/537.36" "-"
5.112.116.34 - - [26/Jan/2019:20:28:16 +0330] "GET /apple-touch-icon-precomposed.png HTTP/1.1" 404 392 "-" "MobileSafari/604.1 CFNetwork/976 Darwin/18.2.0" "-"
5.236.178.171 - - [26/Jan/2019:20:28:16 +0330] "GET /image/62363/productModel/100x100 HTTP/1.1" 200 1403 "https://www.zanbil.ir/filter/p3%2Cb1" "Mozilla/5.0 (Windows NT 6.3; Win64; x64) AppleWebKit/537.36 (KHTML, like Gecko) Chrome/71.0.3578.98 Safari/537.36" "-"
5.236.178.171 - - [26/Jan/2019:20:28:16 +0330] "GET /image/565/productModel/100x100 HTTP/1.1" 200 1724 "https://www.zanbil.ir/filter/p3%2Cb1" "Mozilla/5.0 (Windows NT 6.3; Win64; x64) AppleWebKit/537.36 (KHTML, like Gecko) Chrome/71.0.3578.98 Safari/537.36" "-"
31.56.107.223 - - [26/Jan/2019:20:28:16 +0330] "GET /product/6168/7030/sidebar?browsingBrandId=-1 HTTP/1.1" 499 0 "https://www.zanbil.ir/product/6168/7030/%D9%BE%D8%B1%DB%8C%D9%86%D8%AA%D8%B1-%D9%84%DB%8C%D8%B2%D8%B1%DB%8C-%D8%B3%D8%A7%D9%85%D8%B3%D9%88%D9%86%DA%AF-%D9%85%D8%AF%D9%84-ML-2955ND" "Mozilla/5.0 (Windows NT 6.3; Win64; x64) AppleWebKit/537.36 (KHTML, like Gecko) Chrome/71.0.3578.98 Safari/537.36" "-"
204.18.159.208 - - [26/Jan/2019:20:28:16 +0330] "GET /static/css/font/wyekan/font.woff HTTP/1.1" 200 28536 "https://www.zanbil.ir/m/article/618/%D8%AE%D9%88%D8%A7%D8%A8-%D8%B1%D9%81%D8%AA%D9%86%D8%8C%DA%AF%D8%B2%DA%AF%D8%B2%D8%8C%D8%B3%D9%88%D8%B2%D8%B4-%D9%88-%D8%A8%DB%8C-%D8%AD%D8%B3%DB%8C-%D9%BE%D8%A7%3A-%D8%B9%D9%84%D8%AA-%D9%88-%D8%AF%D8%B1%D9%85%D8%A7%D9%86-" "Mozilla/5.0 (Linux; Android 8.0.0; SM-A520F) AppleWebKit/537.36 (KHTML, like Gecko) Chrome/71.0.3578.99 Mobile Safari/537.36" "-"
5.236.178.171 - - [26/Jan/2019:20:28:16 +0330] "GET /image/11573/productModel/100x100 HTTP/1.1" 200 1782 "https://www.zanbil.ir/filter/p3%2Cb1" "Mozilla/5.0 (Windows NT 6.3; Win64; x64) AppleWebKit/537.36 (KHTML, like Gecko) Chrome/71.0.3578.98 Safari/537.36" "-"
66.249.66.194 - - [26/Jan/2019:20:28:16 +0330] "GET /m/filter/b1,b103,b136,b143,b148,b152,b183,b185,b188,b192,b198,b20,b202,b215,b216,b218,b22,b226,b236,b249,b256,b261,b270,b3,b308,b32,b36,b4,b41,b42,b43,b441,b454,b481,b484,b50,b523,b548,b570,b573,b598,b6,b613,b614,b63,b647,b648,b701,b703,b8,b874,b879,b88,b883,b890,b903,b99 HTTP/1.1" 200 27218 "-" "Mozilla/5.0 (Linux; Android 6.0.1; Nexus 5X Build/MMB29P) AppleWebKit/537.36 (KHTML, like Gecko) Chrome/41.0.2272.96 Mobile Safari/537.36 (compatible; Googlebot/2.1; +http://www.google.com/bot.html)" "-"
5.112.116.34 - - [26/Jan/2019:20:28:16 +0330] "GET /apple-touch-icon.png HTTP/1.1" 404 392 "-" "MobileSafari/604.1 CFNetwork/976 Darwin/18.2.0" "-"
5.236.178.171 - - [26/Jan/2019:20:28:16 +0330] "GET /image/33579/productModel/100x100 HTTP/1.1" 200 1314 "https://www.zanbil.ir/filter/p3%2Cb1" "Mozilla/5.0 (Windows NT 6.3; Win64; x64) AppleWebKit/537.36 (KHTML, like Gecko) Chrome/71.0.3578.98 Safari/537.36" "-"
5.236.178.171 - - [26/Jan/2019:20:28:16 +0330] "GET /image/54492/productModel/100x100 HTTP/1.1" 200 1322 "https://www.zanbil.ir/filter/p3%2Cb1" "Mozilla/5.0 (Windows NT 6.3; Win64; x64) AppleWebKit/537.36 (KHTML, like Gecko) Chrome/71.0.3578.98 Safari/537.36" "-"
31.56.107.223 - - [26/Jan/2019:20:28:16 +0330] "GET /image/125/productTypeType HTTP/1.1" 200 11156 "https://www.zanbil.ir/browse/printer/%D9%BE%D8%B1%DB%8C%D9%86%D8%AA%D8%B1" "Mozilla/5.0 (Windows NT 6.3; Win64; x64) AppleWebKit/537.36 (KHTML, like Gecko) Chrome/71.0.3578.98 Safari/537.36" "-"
5.236.178.171 - - [26/Jan/2019:20:28:16 +0330] "GET /image/50995/productModel/100x100 HTTP/1.1" 200 1271 "https://www.zanbil.ir/filter/p3%2Cb1" "Mozilla/5.0 (Windows NT 6.3; Win64; x64) AppleWebKit/537.36 (KHTML, like Gecko) Chrome/71.0.3578.98 Safari/537.36" "-"
5.236.178.171 - - [26/Jan/2019:20:28:16 +0330] "GET /image/59769/productModel/100x100 HTTP/1.1" 200 1655 "https://www.zanbil.ir/filter/p3%2Cb1" "Mozilla/5.0 (Windows NT 6.3; Win64; x64) AppleWebKit/537.36 (KHTML, like Gecko) Chrome/71.0.3578.98 Safari/537.36" "-"
5.236.178.171 - - [26/Jan/2019:20:28:16 +0330] "GET /image/57600/productModel/100x100 HTTP/1.1" 200 1622 "https://www.zanbil.ir/filter/p3%2Cb1" "Mozilla/5.0 (Windows NT 6.3; Win64; x64) AppleWebKit/537.36 (KHTML, like Gecko) Chrome/71.0.3578.98 Safari/537.36" "-"
5.236.178.171 - - [26/Jan/2019:20:28:16 +0330] "GET /image/31479/productModel/100x100 HTTP/1.1" 200 1701 "https://www.zanbil.ir/filter/p3%2Cb1" "Mozilla/5.0 (Windows NT 6.3; Win64; x64) AppleWebKit/537.36 (KHTML, like Gecko) Chrome/71.0.3578.98 Safari/537.36" "-"
91.251.81.96 - - [26/Jan/2019:20:28:16 +0330] "GET /static/images/guarantees/bestPrice.png HTTP/1.1" 200 7356 "https://www.zanbil.ir/m/product/8982/%D8%A2%D8%A8%DA%AF%D8%B1%D9%85%DA%A9%D9%86-%D8%AF%DB%8C%D9%88%D8%A7%D8%B1%DB%8C-%D8%A8%D9%88%D8%AA%D8%A7%D9%86-%D9%85%D8%AF%D9%84-B3315if%D8%A2%DB%8C%D9%88%D9%86%D8%A7%DB%8C%D8%B2-%D9%81%D9%86-%D8%AF%D8%A7%D8%B1" "Mozilla/5.0 (Linux; Android 4.2.2; HUAWEI Y320-U10 Build/HUAWEIY320-U10) AppleWebKit/537.36 (KHTML, like Gecko) Chrome/51.0.2704.81 Mobile Safari/537.36" "-"
5.112.116.34 - - [26/Jan/2019:20:28:16 +0330] "GET /favicon.ico HTTP/1.1" 200 0 "-" "MobileSafari/604.1 CFNetwork/976 Darwin/18.2.0" "-"
5.236.178.171 - - [26/Jan/2019:20:28:16 +0330] "GET /image/47977/productModel/100x100 HTTP/1.1" 200 1396 "https://www.zanbil.ir/filter/p3%2Cb1" "Mozilla/5.0 (Windows NT 6.3; Win64; x64) AppleWebKit/537.36 (KHTML, like Gecko) Chrome/71.0.3578.98 Safari/537.36" "-"
5.236.178.171 - - [26/Jan/2019:20:28:17 +0330] "GET /image/47986/productModel/100x100 HTTP/1.1" 200 1266 "https://www.zanbil.ir/filter/p3%2Cb1" "Mozilla/5.0 (Windows NT 6.3; Win64; x64) AppleWebKit/537.36 (KHTML, like Gecko) Chrome/71.0.3578.98 Safari/537.36" "-"
5.236.178.171 - - [26/Jan/2019:20:28:17 +0330] "GET /image/57599/productModel/100x100 HTTP/1.1" 200 1374 "https://www.zanbil.ir/filter/p3%2Cb1" "Mozilla/5.0 (Windows NT 6.3; Win64; x64) AppleWebKit/537.36 (KHTML, like Gecko) Chrome/71.0.3578.98 Safari/537.36" "-"
5.236.178.171 - - [26/Jan/2019:20:28:17 +0330] "GET /image/47987/productModel/100x100 HTTP/1.1" 200 1328 "https://www.zanbil.ir/filter/p3%2Cb1" "Mozilla/5.0 (Windows NT 6.3; Win64; x64) AppleWebKit/537.36 (KHTML, like Gecko) Chrome/71.0.3578.98 Safari/537.36" "-"
5.236.178.171 - - [26/Jan/2019:20:28:17 +0330] "GET /image/47988/productModel/100x100 HTTP/1.1" 200 1363 "https://www.zanbil.ir/filter/p3%2Cb1" "Mozilla/5.0 (Windows NT 6.3; Win64; x64) AppleWebKit/537.36 (KHTML, like Gecko) Chrome/71.0.3578.98 Safari/537.36" "-"
5.236.178.171 - - [26/Jan/2019:20:28:17 +0330] "GET /image/55327/productModel/100x100 HTTP/1.1" 200 1488 "https://www.zanbil.ir/filter/p3%2Cb1" "Mozilla/5.0 (Windows NT 6.3; Win64; x64) AppleWebKit/537.36 (KHTML, like Gecko) Chrome/71.0.3578.98 Safari/537.36" "-"
5.236.178.171 - - [26/Jan/2019:20:28:17 +0330] "GET /image/1146/article/100x100 HTTP/1.1" 200 4305 "https://www.zanbil.ir/filter/p3%2Cb1" "Mozilla/5.0 (Windows NT 6.3; Win64; x64) AppleWebKit/537.36 (KHTML, like Gecko) Chrome/71.0.3578.98 Safari/537.36" "-"
5.112.116.34 - - [26/Jan/2019:20:28:17 +0330] "GET /apple-touch-icon-120x120-precomposed.png HTTP/1.1" 404 33686 "-" "MobileSafari/604.1 CFNetwork/976 Darwin/18.2.0" "-"
91.251.81.96 - - [26/Jan/2019:20:28:17 +0330] "GET /static/images/guarantees/support.png HTTP/1.1" 200 6454 "https://www.zanbil.ir/m/product/8982/%D8%A2%D8%A8%DA%AF%D8%B1%D9%85%DA%A9%D9%86-%D8%AF%DB%8C%D9%88%D8%A7%D8%B1%DB%8C-%D8%A8%D9%88%D8%AA%D8%A7%D9%86-%D9%85%D8%AF%D9%84-B3315if%D8%A2%DB%8C%D9%88%D9%86%D8%A7%DB%8C%D8%B2-%D9%81%D9%86-%D8%AF%D8%A7%D8%B1" "Mozilla/5.0 (Linux; Android 4.2.2; HUAWEI Y320-U10 Build/HUAWEIY320-U10) AppleWebKit/537.36 (KHTML, like Gecko) Chrome/51.0.2704.81 Mobile Safari/537.36" "-"
40.77.167.122 - - [26/Jan/2019:20:28:17 +0330] "GET /filter/b1%2Cb169%2Cb878 HTTP/1.1" 200 37849 "-" "Mozilla/5.0 (compatible; bingbot/2.0; +http://www.bing.com/bingbot.htm)" "-"
5.236.178.171 - - [26/Jan/2019:20:28:17 +0330] "GET /static/images/prev.png HTTP/1.1" 200 3032 "https://znbl.ir/static/bundle-bundle_site_head.css" "Mozilla/5.0 (Windows NT 6.3; Win64; x64) AppleWebKit/537.36 (KHTML, like Gecko) Chrome/71.0.3578.98 Safari/537.36" "-"
5.236.178.171 - - [26/Jan/2019:20:28:17 +0330] "GET /static/plugins/rapid-grails-0.1/bootstrap/img/glyphicons-halflings.png HTTP/1.1" 200 12625 "https://znbl.ir/static/bundle-bundle_site_head.css" "Mozilla/5.0 (Windows NT 6.3; Win64; x64) AppleWebKit/537.36 (KHTML, like Gecko) Chrome/71.0.3578.98 Safari/537.36" "-"
5.124.141.43 - - [26/Jan/2019:20:28:17 +0330] "GET /image/2715/productType/120x90 HTTP/1.1" 200 9507 "https://www.zanbil.ir/m/product/31613/61692/%D8%A2%D8%A8%D8%B3%D8%B1%D8%AF%DA%A9%D9%86-%D8%A7%DB%8C%D8%B3%D8%AA%D8%A7%D8%AF%D9%87-%DB%8C%D8%AE%DA%86%D8%A7%D9%84-%D8%AF%D8%A7%D8%B1-%D9%85%DB%8C%D8%AF%DB%8C%D8%A7-%D9%85%D8%AF%D9%84-YL1535S-B-WH" "Mozilla/5.0 (Linux; Android 6.0; MYA-L22) AppleWebKit/537.36 (KHTML, like Gecko) Chrome/71.0.3578.99 Mobile Safari/537.36" "-"
5.236.178.171 - - [26/Jan/2019:20:28:17 +0330] "GET /static/images/next.png HTTP/1.1" 200 3045 "https://znbl.ir/static/bundle-bundle_site_head.css" "Mozilla/5.0 (Windows NT 6.3; Win64; x64) AppleWebKit/537.36 (KHTML, like Gecko) Chrome/71.0.3578.98 Safari/537.36" "-"
5.124.141.43 - - [26/Jan/2019:20:28:17 +0330] "GET /image/9/productType/120x90 HTTP/1.1" 200 11386 "https://www.zanbil.ir/m/product/31613/61692/%D8%A2%D8%A8%D8%B3%D8%B1%D8%AF%DA%A9%D9%86-%D8%A7%DB%8C%D8%B3%D8%AA%D8%A7%D8%AF%D9%87-%DB%8C%D8%AE%DA%86%D8%A7%D9%84-%D8%AF%D8%A7%D8%B1-%D9%85%DB%8C%D8%AF%DB%8C%D8%A7-%D9%85%D8%AF%D9%84-YL1535S-B-WH" "Mozilla/5.0 (Linux; Android 6.0; MYA-L22) AppleWebKit/537.36 (KHTML, like Gecko) Chrome/71.0.3578.99 Mobile Safari/537.36" "-"
5.236.178.171 - - [26/Jan/2019:20:28:17 +0330] "GET /image/1103/article/100x100 HTTP/1.1" 200 17572 "https://www.zanbil.ir/filter/p3%2Cb1" "Mozilla/5.0 (Windows NT 6.3; Win64; x64) AppleWebKit/537.36 (KHTML, like Gecko) Chrome/71.0.3578.98 Safari/537.36" "-"
5.236.178.171 - - [26/Jan/2019:20:28:17 +0330] "GET /image/1100/article/100x100 HTTP/1.1" 200 17576 "https://www.zanbil.ir/filter/p3%2Cb1" "Mozilla/5.0 (Windows NT 6.3; Win64; x64) AppleWebKit/537.36 (KHTML, like Gecko) Chrome/71.0.3578.98 Safari/537.36" "-"
5.236.178.171 - - [26/Jan/2019:20:28:17 +0330] "GET /image/1130/article/100x100 HTTP/1.1" 200 18726 "https://www.zanbil.ir/filter/p3%2Cb1" "Mozilla/5.0 (Windows NT 6.3; Win64; x64) AppleWebKit/537.36 (KHTML, like Gecko) Chrome/71.0.3578.98 Safari/537.36" "-"
5.236.178.171 - - [26/Jan/2019:20:28:17 +0330] "GET /image/8785/specialSale?role=e1 HTTP/1.1" 200 11 "https://www.zanbil.ir/filter/p3%2Cb1" "Mozilla/5.0 (Windows NT 6.3; Win64; x64) AppleWebKit/537.36 (KHTML, like Gecko) Chrome/71.0.3578.98 Safari/537.36" "-"
31.56.107.223 - - [26/Jan/2019:20:28:17 +0330] "GET /image/776/mainSlide HTTP/1.1" 200 92387 "https://www.zanbil.ir/browse/printer/%D9%BE%D8%B1%DB%8C%D9%86%D8%AA%D8%B1" "Mozilla/5.0 (Windows NT 6.3; Win64; x64) AppleWebKit/537.36 (KHTML, like Gecko) Chrome/71.0.3578.98 Safari/537.36" "-"
91.251.81.96 - - [26/Jan/2019:20:28:17 +0330] "GET /static/images/guarantees/fastDelivery.png HTTP/1.1" 200 7713 "https://www.zanbil.ir/m/product/8982/%D8%A2%D8%A8%DA%AF%D8%B1%D9%85%DA%A9%D9%86-%D8%AF%DB%8C%D9%88%D8%A7%D8%B1%DB%8C-%D8%A8%D9%88%D8%AA%D8%A7%D9%86-%D9%85%D8%AF%D9%84-B3315if%D8%A2%DB%8C%D9%88%D9%86%D8%A7%DB%8C%D8%B2-%D9%81%D9%86-%D8%AF%D8%A7%D8%B1" "Mozilla/5.0 (Linux; Android 4.2.2; HUAWEI Y320-U10 Build/HUAWEIY320-U10) AppleWebKit/537.36 (KHTML, like Gecko) Chrome/51.0.2704.81 Mobile Safari/537.36" "-"
5.112.116.34 - - [26/Jan/2019:20:28:17 +0330] "GET /apple-touch-icon-120x120.png HTTP/1.1" 404 33680 "-" "MobileSafari/604.1 CFNetwork/976 Darwin/18.2.0" "-"
5.236.178.171 - - [26/Jan/2019:20:28:17 +0330] "GET /image/8785/specialSale?role=e2 HTTP/1.1" 200 11 "https://www.zanbil.ir/filter/p3%2Cb1" "Mozilla/5.0 (Windows NT 6.3; Win64; x64) AppleWebKit/537.36 (KHTML, like Gecko) Chrome/71.0.3578.98 Safari/537.36" "-"
151.232.184.238 - - [26/Jan/2019:20:28:17 +0330] "GET /image/831/article HTTP/1.1" 200 212701 "https://www.google.com/" "Mozilla/5.0 (Windows NT 6.2; Win64; x64; rv:64.0) Gecko/20100101 Firefox/64.0" "-"
5.112.116.34 - - [26/Jan/2019:20:28:17 +0330] "GET /apple-touch-icon-precomposed.png HTTP/1.1" 404 392 "-" "MobileSafari/604.1 CFNetwork/976 Darwin/18.2.0" "-"
5.236.178.171 - - [26/Jan/2019:20:28:17 +0330] "GET /image/8785/specialSale?role=e3 HTTP/1.1" 200 11 "https://www.zanbil.ir/filter/p3%2Cb1" "Mozilla/5.0 (Windows NT 6.3; Win64; x64) AppleWebKit/537.36 (KHTML, like Gecko) Chrome/71.0.3578.98 Safari/537.36" "-"
204.18.159.208 - - [26/Jan/2019:20:28:17 +0330] "GET /settings/logo HTTP/1.1" 200 4120 "https://www.zanbil.ir/m/article/618/%D8%AE%D9%88%D8%A7%D8%A8-%D8%B1%D9%81%D8%AA%D9%86%D8%8C%DA%AF%D8%B2%DA%AF%D8%B2%D8%8C%D8%B3%D9%88%D8%B2%D8%B4-%D9%88-%D8%A8%DB%8C-%D8%AD%D8%B3%DB%8C-%D9%BE%D8%A7%3A-%D8%B9%D9%84%D8%AA-%D9%88-%D8%AF%D8%B1%D9%85%D8%A7%D9%86-" "Mozilla/5.0 (Linux; Android 8.0.0; SM-A520F) AppleWebKit/537.36 (KHTML, like Gecko) Chrome/71.0.3578.99 Mobile Safari/537.36" "-"
31.56.107.223 - - [26/Jan/2019:20:28:17 +0330] "GET /image/126/productTypeType HTTP/1.1" 200 10930 "https://www.zanbil.ir/browse/printer/%D9%BE%D8%B1%DB%8C%D9%86%D8%AA%D8%B1" "Mozilla/5.0 (Windows NT 6.3; Win64; x64) AppleWebKit/537.36 (KHTML, like Gecko) Chrome/71.0.3578.98 Safari/537.36" "-"
5.112.116.34 - - [26/Jan/2019:20:28:17 +0330] "GET /apple-touch-icon.png HTTP/1.1" 404 392 "-" "MobileSafari/604.1 CFNetwork/976 Darwin/18.2.0" "-"
31.56.107.223 - - [26/Jan/2019:20:28:17 +0330] "GET /settings/logo HTTP/1.1" 200 4120 "https://www.zanbil.ir/browse/printer/%D9%BE%D8%B1%DB%8C%D9%86%D8%AA%D8%B1" "Mozilla/5.0 (Windows NT 6.3; Win64; x64) AppleWebKit/537.36 (KHTML, like Gecko) Chrome/71.0.3578.98 Safari/537.36" "-"
31.56.107.223 - - [26/Jan/2019:20:28:17 +0330] "GET /image/58850/productModel/150x150 HTTP/1.1" 200 3636 "https://www.zanbil.ir/browse/printer/%D9%BE%D8%B1%DB%8C%D9%86%D8%AA%D8%B1" "Mozilla/5.0 (Windows NT 6.3; Win64; x64) AppleWebKit/537.36 (KHTML, like Gecko) Chrome/71.0.3578.98 Safari/537.36" "-"
5.112.116.34 - - [26/Jan/2019:20:28:17 +0330] "GET /favicon.ico HTTP/1.1" 200 0 "-" "MobileSafari/604.1 CFNetwork/976 Darwin/18.2.0" "-"
204.18.159.208 - - [26/Jan/2019:20:28:17 +0330] "GET /image/get?path=/Image/wlh26ayb.jpg HTTP/1.1" 200 40740 "https://www.zanbil.ir/m/article/618/%D8%AE%D9%88%D8%A7%D8%A8-%D8%B1%D9%81%D8%AA%D9%86%D8%8C%DA%AF%D8%B2%DA%AF%D8%B2%D8%8C%D8%B3%D9%88%D8%B2%D8%B4-%D9%88-%D8%A8%DB%8C-%D8%AD%D8%B3%DB%8C-%D9%BE%D8%A7%3A-%D8%B9%D9%84%D8%AA-%D9%88-%D8%AF%D8%B1%D9%85%D8%A7%D9%86-" "Mozilla/5.0 (Linux; Android 8.0.0; SM-A520F) AppleWebKit/537.36 (KHTML, like Gecko) Chrome/71.0.3578.99 Mobile Safari/537.36" "-"
31.56.107.223 - - [26/Jan/2019:20:28:17 +0330] "GET /image/53291/productModel/150x150 HTTP/1.1" 200 3054 "https://www.zanbil.ir/browse/printer/%D9%BE%D8%B1%DB%8C%D9%86%D8%AA%D8%B1" "Mozilla/5.0 (Windows NT 6.3; Win64; x64) AppleWebKit/537.36 (KHTML, like Gecko) Chrome/71.0.3578.98 Safari/537.36" "-"
185.123.211.18 - - [26/Jan/2019:20:28:17 +0330] "GET /static/images/amp/instagram.png HTTP/1.1" 200 7146 "https://www.zanbil.ir/m/article/615/%D8%AF%D8%B1%D9%85%D8%A7%D9%86-%D8%AF%D8%B1%D8%AF-%D8%B3%DB%8C%D8%A7%D8%AA%DB%8C%DA%A9-%DA%A9%D9%85%D8%B1-%D9%88-%D9%BE%D8%A7-%DA%86%DB%8C%D8%B3%D8%AA%D8%9F" "Mozilla/5.0 (iPad; CPU OS 12_1 like Mac OS X) AppleWebKit/605.1.15 (KHTML, like Gecko) CriOS/71.0.3578.89 Mobile/15E148 Safari/605.1" "-"
31.56.107.223 - - [26/Jan/2019:20:28:17 +0330] "GET /image/58944/productModel/150x150 HTTP/1.1" 200 3477 "https://www.zanbil.ir/browse/printer/%D9%BE%D8%B1%DB%8C%D9%86%D8%AA%D8%B1" "Mozilla/5.0 (Windows NT 6.3; Win64; x64) AppleWebKit/537.36 (KHTML, like Gecko) Chrome/71.0.3578.98 Safari/537.36" "-"
31.56.107.223 - - [26/Jan/2019:20:28:17 +0330] "GET /image/54539/productModel/150x150 HTTP/1.1" 200 3170 "https://www.zanbil.ir/browse/printer/%D9%BE%D8%B1%DB%8C%D9%86%D8%AA%D8%B1" "Mozilla/5.0 (Windows NT 6.3; Win64; x64) AppleWebKit/537.36 (KHTML, like Gecko) Chrome/71.0.3578.98 Safari/537.36" "-"
185.123.211.18 - - [26/Jan/2019:20:28:17 +0330] "GET /static/images/amp/telegram.png HTTP/1.1" 200 4859 "https://www.zanbil.ir/m/article/615/%D8%AF%D8%B1%D9%85%D8%A7%D9%86-%D8%AF%D8%B1%D8%AF-%D8%B3%DB%8C%D8%A7%D8%AA%DB%8C%DA%A9-%DA%A9%D9%85%D8%B1-%D9%88-%D9%BE%D8%A7-%DA%86%DB%8C%D8%B3%D8%AA%D8%9F" "Mozilla/5.0 (iPad; CPU OS 12_1 like Mac OS X) AppleWebKit/605.1.15 (KHTML, like Gecko) CriOS/71.0.3578.89 Mobile/15E148 Safari/605.1" "-"
31.56.107.223 - - [26/Jan/2019:20:28:17 +0330] "GET /image/58825/productModel/150x150 HTTP/1.1" 200 3378 "https://www.zanbil.ir/browse/printer/%D9%BE%D8%B1%DB%8C%D9%86%D8%AA%D8%B1" "Mozilla/5.0 (Windows NT 6.3; Win64; x64) AppleWebKit/537.36 (KHTML, like Gecko) Chrome/71.0.3578.98 Safari/537.36" "-"
5.119.47.123 - - [26/Jan/2019:20:28:17 +0330] "GET /image/6431?name=mc-cj911.3.jpg&wh=max HTTP/1.1" 200 44155 "https://www.zanbil.ir/m/product/6431/7448/%D8%AC%D8%A7%D8%B1%D9%88%D8%A8%D8%B1%D9%82%DB%8C-%D8%A8%D8%A7-%D9%BE%D8%A7%DA%A9%D8%AA-%D9%BE%D8%A7%D9%86%D8%A7%D8%B3%D9%88%D9%86%DB%8C%DA%A9-%D9%85%D8%AF%D9%84-MC-CJ911" "Mozilla/5.0 (Linux; Android 8.1.0; DRA-LX2 Build/HUAWEIDRA-LX2) AppleWebKit/537.36 (KHTML, like Gecko) Chrome/68.0.3440.91 Mobile Safari/537.36" "-"
185.123.211.18 - - [26/Jan/2019:20:28:17 +0330] "GET /static/images/amp/blog.png HTTP/1.1" 200 3863 "https://www.zanbil.ir/m/article/615/%D8%AF%D8%B1%D9%85%D8%A7%D9%86-%D8%AF%D8%B1%D8%AF-%D8%B3%DB%8C%D8%A7%D8%AA%DB%8C%DA%A9-%DA%A9%D9%85%D8%B1-%D9%88-%D9%BE%D8%A7-%DA%86%DB%8C%D8%B3%D8%AA%D8%9F" "Mozilla/5.0 (iPad; CPU OS 12_1 like Mac OS X) AppleWebKit/605.1.15 (KHTML, like Gecko) CriOS/71.0.3578.89 Mobile/15E148 Safari/605.1" "-"
31.56.107.223 - - [26/Jan/2019:20:28:17 +0330] "GET /image/53287/productModel/150x150 HTTP/1.1" 200 3743 "https://www.zanbil.ir/browse/printer/%D9%BE%D8%B1%DB%8C%D9%86%D8%AA%D8%B1" "Mozilla/5.0 (Windows NT 6.3; Win64; x64) AppleWebKit/537.36 (KHTML, like Gecko) Chrome/71.0.3578.98 Safari/537.36" "-"
5.236.178.171 - - [26/Jan/2019:20:28:17 +0330] "GET /site/enamad HTTP/1.1" 200 278 "https://www.zanbil.ir/filter/p3%2Cb1" "Mozilla/5.0 (Windows NT 6.3; Win64; x64) AppleWebKit/537.36 (KHTML, like Gecko) Chrome/71.0.3578.98 Safari/537.36" "-"
31.56.107.223 - - [26/Jan/2019:20:28:17 +0330] "GET /image/53277/productModel/150x150 HTTP/1.1" 200 3631 "https://www.zanbil.ir/browse/printer/%D9%BE%D8%B1%DB%8C%D9%86%D8%AA%D8%B1" "Mozilla/5.0 (Windows NT 6.3; Win64; x64) AppleWebKit/537.36 (KHTML, like Gecko) Chrome/71.0.3578.98 Safari/537.36" "-"
31.56.107.223 - - [26/Jan/2019:20:28:17 +0330] "GET /image/53295/productModel/150x150 HTTP/1.1" 200 3495 "https://www.zanbil.ir/browse/printer/%D9%BE%D8%B1%DB%8C%D9%86%D8%AA%D8%B1" "Mozilla/5.0 (Windows NT 6.3; Win64; x64) AppleWebKit/537.36 (KHTML, like Gecko) Chrome/71.0.3578.98 Safari/537.36" "-"
31.56.107.223 - - [26/Jan/2019:20:28:17 +0330] "GET /image/58816/productModel/150x150 HTTP/1.1" 200 3560 "https://www.zanbil.ir/browse/printer/%D9%BE%D8%B1%DB%8C%D9%86%D8%AA%D8%B1" "Mozilla/5.0 (Windows NT 6.3; Win64; x64) AppleWebKit/537.36 (KHTML, like Gecko) Chrome/71.0.3578.98 Safari/537.36" "-"
31.56.107.223 - - [26/Jan/2019:20:28:17 +0330] "GET /image/53342/productModel/150x150 HTTP/1.1" 200 3537 "https://www.zanbil.ir/browse/printer/%D9%BE%D8%B1%DB%8C%D9%86%D8%AA%D8%B1" "Mozilla/5.0 (Windows NT 6.3; Win64; x64) AppleWebKit/537.36 (KHTML, like Gecko) Chrome/71.0.3578.98 Safari/537.36" "-"
31.56.107.223 - - [26/Jan/2019:20:28:17 +0330] "GET /image/58830/productModel/150x150 HTTP/1.1" 200 3391 "https://www.zanbil.ir/browse/printer/%D9%BE%D8%B1%DB%8C%D9%86%D8%AA%D8%B1" "Mozilla/5.0 (Windows NT 6.3; Win64; x64) AppleWebKit/537.36 (KHTML, like Gecko) Chrome/71.0.3578.98 Safari/537.36" "-"
5.117.218.134 - - [26/Jan/2019:20:28:17 +0330] "POST /ajaxFilter/p16680?page=4 HTTP/1.1" 200 4711 "https://www.zanbil.ir/filter/p16680?page=4" "Mozilla/5.0 (Windows NT 6.1; Win64; x64) AppleWebKit/537.36 (KHTML, like Gecko) Chrome/71.0.3578.98 Safari/537.36" "-"
5.236.178.171 - - [26/Jan/2019:20:28:17 +0330] "GET /site/alexaGooleAnalitic HTTP/1.1" 200 323 "https://www.zanbil.ir/filter/p3%2Cb1" "Mozilla/5.0 (Windows NT 6.3; Win64; x64) AppleWebKit/537.36 (KHTML, like Gecko) Chrome/71.0.3578.98 Safari/537.36" "-"
185.123.211.18 - - [26/Jan/2019:20:28:17 +0330] "GET /static/images/amp/third-party/footer-mobile.png HTTP/1.1" 200 62894 "https://www.zanbil.ir/m/article/615/%D8%AF%D8%B1%D9%85%D8%A7%D9%86-%D8%AF%D8%B1%D8%AF-%D8%B3%DB%8C%D8%A7%D8%AA%DB%8C%DA%A9-%DA%A9%D9%85%D8%B1-%D9%88-%D9%BE%D8%A7-%DA%86%DB%8C%D8%B3%D8%AA%D8%9F" "Mozilla/5.0 (iPad; CPU OS 12_1 like Mac OS X) AppleWebKit/605.1.15 (KHTML, like Gecko) CriOS/71.0.3578.89 Mobile/15E148 Safari/605.1" "-"
31.56.107.223 - - [26/Jan/2019:20:28:17 +0330] "GET /image/65159/productModel/150x150 HTTP/1.1" 200 3895 "https://www.zanbil.ir/browse/printer/%D9%BE%D8%B1%DB%8C%D9%86%D8%AA%D8%B1" "Mozilla/5.0 (Windows NT 6.3; Win64; x64) AppleWebKit/537.36 (KHTML, like Gecko) Chrome/71.0.3578.98 Safari/537.36" "-"
31.56.107.223 - - [26/Jan/2019:20:28:17 +0330] "GET /image/48632/productModel/150x150 HTTP/1.1" 200 3378 "https://www.zanbil.ir/browse/printer/%D9%BE%D8%B1%DB%8C%D9%86%D8%AA%D8%B1" "Mozilla/5.0 (Windows NT 6.3; Win64; x64) AppleWebKit/537.36 (KHTML, like Gecko) Chrome/71.0.3578.98 Safari/537.36" "-"
31.56.107.223 - - [26/Jan/2019:20:28:17 +0330] "GET /image/53299/productModel/150x150 HTTP/1.1" 200 3227 "https://www.zanbil.ir/browse/printer/%D9%BE%D8%B1%DB%8C%D9%86%D8%AA%D8%B1" "Mozilla/5.0 (Windows NT 6.3; Win64; x64) AppleWebKit/537.36 (KHTML, like Gecko) Chrome/71.0.3578.98 Safari/537.36" "-"
5.122.21.137 - - [26/Jan/2019:20:28:17 +0330] "GET /m/product/409/%DA%86%D8%B1%D8%AE-%DA%AF%D9%88%D8%B4%D8%AA-%D9%BE%D8%A7%D8%B1%D8%B3-%D8%AE%D8%B2%D8%B1-%D9%85%D8%AF%D9%84-MG-1400R HTTP/1.1" 200 20809 "android-app://com.google.android.googlequicksearchbox" "Mozilla/5.0 (Linux; Android 7.0; SM-A310F Build/NRD90M) AppleWebKit/537.36 (KHTML, like Gecko) Chrome/62.0.3202.84 Mobile Safari/537.36" "-"
31.56.107.223 - - [26/Jan/2019:20:28:17 +0330] "GET /image/58828/productModel/150x150 HTTP/1.1" 200 2825 "https://www.zanbil.ir/browse/printer/%D9%BE%D8%B1%DB%8C%D9%86%D8%AA%D8%B1" "Mozilla/5.0 (Windows NT 6.3; Win64; x64) AppleWebKit/537.36 (KHTML, like Gecko) Chrome/71.0.3578.98 Safari/537.36" "-"
31.56.107.223 - - [26/Jan/2019:20:28:18 +0330] "GET /image/58827/productModel/150x150 HTTP/1.1" 200 2868 "https://www.zanbil.ir/browse/printer/%D9%BE%D8%B1%DB%8C%D9%86%D8%AA%D8%B1" "Mozilla/5.0 (Windows NT 6.3; Win64; x64) AppleWebKit/537.36 (KHTML, like Gecko) Chrome/71.0.3578.98 Safari/537.36" "-"
204.18.159.208 - - [26/Jan/2019:20:28:18 +0330] "GET /amp-helper-frame.html?appId=a624a1c1-0c93-466a-a546-e146710f97e6&parentOrigin=https://www.zanbil.ir HTTP/1.1" 200 133 "https://www.zanbil.ir/m/article/618/%D8%AE%D9%88%D8%A7%D8%A8-%D8%B1%D9%81%D8%AA%D9%86%D8%8C%DA%AF%D8%B2%DA%AF%D8%B2%D8%8C%D8%B3%D9%88%D8%B2%D8%B4-%D9%88-%D8%A8%DB%8C-%D8%AD%D8%B3%DB%8C-%D9%BE%D8%A7%3A-%D8%B9%D9%84%D8%AA-%D9%88-%D8%AF%D8%B1%D9%85%D8%A7%D9%86-" "Mozilla/5.0 (Linux; Android 8.0.0; SM-A520F) AppleWebKit/537.36 (KHTML, like Gecko) Chrome/71.0.3578.99 Mobile Safari/537.36" "-"
31.56.107.223 - - [26/Jan/2019:20:28:18 +0330] "GET /image/58829/productModel/150x150 HTTP/1.1" 200 3557 "https://www.zanbil.ir/browse/printer/%D9%BE%D8%B1%DB%8C%D9%86%D8%AA%D8%B1" "Mozilla/5.0 (Windows NT 6.3; Win64; x64) AppleWebKit/537.36 (KHTML, like Gecko) Chrome/71.0.3578.98 Safari/537.36" "-"
31.56.107.223 - - [26/Jan/2019:20:28:18 +0330] "GET /image/48604/productModel/150x150 HTTP/1.1" 200 3469 "https://www.zanbil.ir/browse/printer/%D9%BE%D8%B1%DB%8C%D9%86%D8%AA%D8%B1" "Mozilla/5.0 (Windows NT 6.3; Win64; x64) AppleWebKit/537.36 (KHTML, like Gecko) Chrome/71.0.3578.98 Safari/537.36" "-"
31.56.107.223 - - [26/Jan/2019:20:28:18 +0330] "GET /image/65330/productModel/150x150 HTTP/1.1" 200 2661 "https://www.zanbil.ir/browse/printer/%D9%BE%D8%B1%DB%8C%D9%86%D8%AA%D8%B1" "Mozilla/5.0 (Windows NT 6.3; Win64; x64) AppleWebKit/537.36 (KHTML, like Gecko) Chrome/71.0.3578.98 Safari/537.36" "-"
31.56.107.223 - - [26/Jan/2019:20:28:18 +0330] "GET /image/5858/productModel/100x100 HTTP/1.1" 200 2478 "https://www.zanbil.ir/browse/printer/%D9%BE%D8%B1%DB%8C%D9%86%D8%AA%D8%B1" "Mozilla/5.0 (Windows NT 6.3; Win64; x64) AppleWebKit/537.36 (KHTML, like Gecko) Chrome/71.0.3578.98 Safari/537.36" "-"
5.117.218.134 - - [26/Jan/2019:20:28:18 +0330] "GET /image/34847/productModel/150x150 HTTP/1.1" 200 3048 "https://www.zanbil.ir/filter/p16680?page=3" "Mozilla/5.0 (Windows NT 6.1; Win64; x64) AppleWebKit/537.36 (KHTML, like Gecko) Chrome/71.0.3578.98 Safari/537.36" "-"
5.117.218.134 - - [26/Jan/2019:20:28:18 +0330] "GET /image/34725/productModel/150x150 HTTP/1.1" 200 3396 "https://www.zanbil.ir/filter/p16680?page=3" "Mozilla/5.0 (Windows NT 6.1; Win64; x64) AppleWebKit/537.36 (KHTML, like Gecko) Chrome/71.0.3578.98 Safari/537.36" "-"
5.117.218.134 - - [26/Jan/2019:20:28:18 +0330] "GET /image/32291/productModel/150x150 HTTP/1.1" 200 2635 "https://www.zanbil.ir/filter/p16680?page=3" "Mozilla/5.0 (Windows NT 6.1; Win64; x64) AppleWebKit/537.36 (KHTML, like Gecko) Chrome/71.0.3578.98 Safari/537.36" "-"
5.117.218.134 - - [26/Jan/2019:20:28:18 +0330] "GET /image/32451/productModel/150x150 HTTP/1.1" 200 3131 "https://www.zanbil.ir/filter/p16680?page=3" "Mozilla/5.0 (Windows NT 6.1; Win64; x64) AppleWebKit/537.36 (KHTML, like Gecko) Chrome/71.0.3578.98 Safari/537.36" "-"
5.117.218.134 - - [26/Jan/2019:20:28:18 +0330] "GET /image/31959/productModel/150x150 HTTP/1.1" 200 3548 "https://www.zanbil.ir/filter/p16680?page=3" "Mozilla/5.0 (Windows NT 6.1; Win64; x64) AppleWebKit/537.36 (KHTML, like Gecko) Chrome/71.0.3578.98 Safari/537.36" "-"
31.56.107.223 - - [26/Jan/2019:20:28:18 +0330] "GET /image/53287/productModel/100x100 HTTP/1.1" 200 2451 "https://www.zanbil.ir/browse/printer/%D9%BE%D8%B1%DB%8C%D9%86%D8%AA%D8%B1" "Mozilla/5.0 (Windows NT 6.3; Win64; x64) AppleWebKit/537.36 (KHTML, like Gecko) Chrome/71.0.3578.98 Safari/537.36" "-"
31.56.107.223 - - [26/Jan/2019:20:28:18 +0330] "GET /image/7030/productModel/100x100 HTTP/1.1" 200 1672 "https://www.zanbil.ir/browse/printer/%D9%BE%D8%B1%DB%8C%D9%86%D8%AA%D8%B1" "Mozilla/5.0 (Windows NT 6.3; Win64; x64) AppleWebKit/537.36 (KHTML, like Gecko) Chrome/71.0.3578.98 Safari/537.36" "-"
5.117.218.134 - - [26/Jan/2019:20:28:18 +0330] "GET /image/32627/productModel/150x150 HTTP/1.1" 200 2677 "https://www.zanbil.ir/filter/p16680?page=3" "Mozilla/5.0 (Windows NT 6.1; Win64; x64) AppleWebKit/537.36 (KHTML, like Gecko) Chrome/71.0.3578.98 Safari/537.36" "-"
31.56.107.223 - - [26/Jan/2019:20:28:18 +0330] "GET /image/53291/productModel/100x100 HTTP/1.1" 200 1955 "https://www.zanbil.ir/browse/printer/%D9%BE%D8%B1%DB%8C%D9%86%D8%AA%D8%B1" "Mozilla/5.0 (Windows NT 6.3; Win64; x64) AppleWebKit/537.36 (KHTML, like Gecko) Chrome/71.0.3578.98 Safari/537.36" "-"
5.117.218.134 - - [26/Jan/2019:20:28:18 +0330] "GET /image/32641/productModel/150x150 HTTP/1.1" 200 2073 "https://www.zanbil.ir/filter/p16680?page=3" "Mozilla/5.0 (Windows NT 6.1; Win64; x64) AppleWebKit/537.36 (KHTML, like Gecko) Chrome/71.0.3578.98 Safari/537.36" "-"
31.56.107.223 - - [26/Jan/2019:20:28:18 +0330] "GET /image/48632/productModel/100x100 HTTP/1.1" 200 2090 "https://www.zanbil.ir/browse/printer/%D9%BE%D8%B1%DB%8C%D9%86%D8%AA%D8%B1" "Mozilla/5.0 (Windows NT 6.3; Win64; x64) AppleWebKit/537.36 (KHTML, like Gecko) Chrome/71.0.3578.98 Safari/537.36" "-"
31.56.107.223 - - [26/Jan/2019:20:28:18 +0330] "GET /image/53299/productModel/100x100 HTTP/1.1" 200 2011 "https://www.zanbil.ir/browse/printer/%D9%BE%D8%B1%DB%8C%D9%86%D8%AA%D8%B1" "Mozilla/5.0 (Windows NT 6.3; Win64; x64) AppleWebKit/537.36 (KHTML, like Gecko) Chrome/71.0.3578.98 Safari/537.36" "-"
5.239.49.47 - - [26/Jan/2019:20:28:18 +0330] "GET /settings/logo HTTP/1.1" 200 4120 "https://www.zanbil.ir/customer/forgetPassword" "Mozilla/5.0 (Windows NT 10.0; Win64; x64) AppleWebKit/537.36 (KHTML, like Gecko) Chrome/64.0.3282.140 Safari/537.36 Edge/17.17134" "-"
207.46.13.96 - - [26/Jan/2019:20:28:18 +0330] "GET /filter/b1%2Cb126%2Cp7%2Cb8 HTTP/1.1" 200 34290 "-" "Mozilla/5.0 (compatible; bingbot/2.0; +http://www.bing.com/bingbot.htm)" "-"
66.249.66.91 - - [26/Jan/2019:20:28:18 +0330] "GET /filter/b481%2Cb656%2Cb36%2Cb226%2Cb180%2Cb615%2Cb648%2Cb148%2Cb80%2Cb724%2Cb613%2Cb35%2Cb679%2Cb861%2Cb6%2Cb5%2Cb703%2Cb231%2Cb219%2Cb854%2Cb88%2Cb42%2Cb95%2Cb879%2Cb574%2Cb238%2Cb215%2Cb185%2Cb614%2Cb126%2Cb523%2Cb1%2Cb168%2Cb874%2Cb8%2Cb212%2Cb50%2Cb74%2Cb221%2Cb183%2Cb113%2Cb435%2Cb484%2Cb218%2Cb82%2Cb619%2Cb19%2Cb256%2Cb454%2Cb400%2Cb568%2Cb603%2Cb249%2Cb105%2Cb645%2Cb43%2Cb20?page=223 HTTP/1.1" 200 40300 "-" "Mozilla/5.0 (compatible; Googlebot/2.1; +http://www.google.com/bot.html)" "-"
31.56.107.223 - - [26/Jan/2019:20:28:18 +0330] "GET /image/48604/productModel/100x100 HTTP/1.1" 200 2204 "https://www.zanbil.ir/browse/printer/%D9%BE%D8%B1%DB%8C%D9%86%D8%AA%D8%B1" "Mozilla/5.0 (Windows NT 6.3; Win64; x64) AppleWebKit/537.36 (KHTML, like Gecko) Chrome/71.0.3578.98 Safari/537.36" "-"
31.56.107.223 - - [26/Jan/2019:20:28:18 +0330] "GET /image/53342/productModel/100x100 HTTP/1.1" 200 2257 "https://www.zanbil.ir/browse/printer/%D9%BE%D8%B1%DB%8C%D9%86%D8%AA%D8%B1" "Mozilla/5.0 (Windows NT 6.3; Win64; x64) AppleWebKit/537.36 (KHTML, like Gecko) Chrome/71.0.3578.98 Safari/537.36" "-"
31.56.107.223 - - [26/Jan/2019:20:28:18 +0330] "GET /image/53295/productModel/100x100 HTTP/1.1" 200 2213 "https://www.zanbil.ir/browse/printer/%D9%BE%D8%B1%DB%8C%D9%86%D8%AA%D8%B1" "Mozilla/5.0 (Windows NT 6.3; Win64; x64) AppleWebKit/537.36 (KHTML, like Gecko) Chrome/71.0.3578.98 Safari/537.36" "-"
31.56.107.223 - - [26/Jan/2019:20:28:18 +0330] "GET /image/53277/productModel/100x100 HTTP/1.1" 200 2306 "https://www.zanbil.ir/browse/printer/%D9%BE%D8%B1%DB%8C%D9%86%D8%AA%D8%B1" "Mozilla/5.0 (Windows NT 6.3; Win64; x64) AppleWebKit/537.36 (KHTML, like Gecko) Chrome/71.0.3578.98 Safari/537.36" "-"
31.170.58.175 - - [26/Jan/2019:20:28:18 +0330] "GET /image/31177?name=sms45iw01b-11.jpg&wh=max HTTP/1.1" 200 211560 "https://www.zanbil.ir/m/product/31177/61064/%D9%85%D8%A7%D8%B4%DB%8C%D9%86-%D8%B8%D8%B1%D9%81%D8%B4%D9%88%DB%8C%DB%8C-%D8%A7%DB%8C%D8%B3%D8%AA%D8%A7%D8%AF%D9%87-%D8%A8%D9%88%D8%B4-%D9%85%D8%AF%D9%84-SMS67MI01B" "Mozilla/5.0 (iPhone; CPU iPhone OS 11_4 like Mac OS X) AppleWebKit/605.1.15 (KHTML, like Gecko) Version/11.0 Mobile/15E148 Safari/604.1" "-"
31.56.107.223 - - [26/Jan/2019:20:28:18 +0330] "GET /image/54539/productModel/100x100 HTTP/1.1" 200 1942 "https://www.zanbil.ir/browse/printer/%D9%BE%D8%B1%DB%8C%D9%86%D8%AA%D8%B1" "Mozilla/5.0 (Windows NT 6.3; Win64; x64) AppleWebKit/537.36 (KHTML, like Gecko) Chrome/71.0.3578.98 Safari/537.36" "-"
5.113.157.15 - - [26/Jan/2019:20:28:18 +0330] "GET /product/34402/65402/%D9%85%D8%A7%D8%B4%DB%8C%D9%86-%D8%B8%D8%B1%D9%81%D8%B4%D9%88%DB%8C%DB%8C-%D8%A7%DB%8C%D8%B3%D8%AA%D8%A7%D8%AF%D9%87-%D8%A7%D9%84-%D8%AC%DB%8C-%D9%85%D8%AF%D9%84-XD74S HTTP/1.1" 200 43927 "https://www.zanbil.ir/filter/b2,p5,stexists" "Mozilla/5.0 (Windows NT 6.1; Win64; x64) AppleWebKit/537.36 (KHTML, like Gecko) Chrome/71.0.3578.98 Safari/537.36" "-"
31.56.107.223 - - [26/Jan/2019:20:28:18 +0330] "GET /image/58816/productModel/100x100 HTTP/1.1" 200 2172 "https://www.zanbil.ir/browse/printer/%D9%BE%D8%B1%DB%8C%D9%86%D8%AA%D8%B1" "Mozilla/5.0 (Windows NT 6.3; Win64; x64) AppleWebKit/537.36 (KHTML, like Gecko) Chrome/71.0.3578.98 Safari/537.36" "-"
5.115.14.19 - - [26/Jan/2019:20:28:18 +0330] "GET /m/filter/b168%2Cp2597 HTTP/1.1" 499 0 "https://www.google.com/" "Mozilla/5.0 (Linux; Android 4.4.2; SM-G350E Build/KOT49H) AppleWebKit/537.36 (KHTML, like Gecko) Chrome/35.0.1916.141 Mobile Safari/537.36" "-"
31.56.107.223 - - [26/Jan/2019:20:28:18 +0330] "GET /image/58825/productModel/100x100 HTTP/1.1" 200 2088 "https://www.zanbil.ir/browse/printer/%D9%BE%D8%B1%DB%8C%D9%86%D8%AA%D8%B1" "Mozilla/5.0 (Windows NT 6.3; Win64; x64) AppleWebKit/537.36 (KHTML, like Gecko) Chrome/71.0.3578.98 Safari/537.36" "-"
5.117.218.134 - - [26/Jan/2019:20:28:18 +0330] "POST /ajaxFilter/p16680?page=3 HTTP/1.1" 200 4848 "https://www.zanbil.ir/filter/p16680?page=3" "Mozilla/5.0 (Windows NT 6.1; Win64; x64) AppleWebKit/537.36 (KHTML, like Gecko) Chrome/71.0.3578.98 Safari/537.36" "-"
31.56.107.223 - - [26/Jan/2019:20:28:18 +0330] "GET /image/58828/productModel/100x100 HTTP/1.1" 200 1891 "https://www.zanbil.ir/browse/printer/%D9%BE%D8%B1%DB%8C%D9%86%D8%AA%D8%B1" "Mozilla/5.0 (Windows NT 6.3; Win64; x64) AppleWebKit/537.36 (KHTML, like Gecko) Chrome/71.0.3578.98 Safari/537.36" "-"
31.56.107.223 - - [26/Jan/2019:20:28:18 +0330] "GET /image/58827/productModel/100x100 HTTP/1.1" 200 1880 "https://www.zanbil.ir/browse/printer/%D9%BE%D8%B1%DB%8C%D9%86%D8%AA%D8%B1" "Mozilla/5.0 (Windows NT 6.3; Win64; x64) AppleWebKit/537.36 (KHTML, like Gecko) Chrome/71.0.3578.98 Safari/537.36" "-"
5.122.21.137 - - [26/Jan/2019:20:28:18 +0330] "GET /static/css/font/wyekan/font.woff HTTP/1.1" 200 28536 "https://www.zanbil.ir/m/product/409/%DA%86%D8%B1%D8%AE-%DA%AF%D9%88%D8%B4%D8%AA-%D9%BE%D8%A7%D8%B1%D8%B3-%D8%AE%D8%B2%D8%B1-%D9%85%D8%AF%D9%84-MG-1400R" "Mozilla/5.0 (Linux; Android 7.0; SM-A310F Build/NRD90M) AppleWebKit/537.36 (KHTML, like Gecko) Chrome/62.0.3202.84 Mobile Safari/537.36" "-"
46.248.60.80 - - [26/Jan/2019:20:28:18 +0330] "GET /amp-helper-frame.html?appId=a624a1c1-0c93-466a-a546-e146710f97e6&parentOrigin=https://www-zanbil-ir.cdn.ampproject.org HTTP/1.1" 200 133 "https://www-zanbil-ir.cdn.ampproject.org/v/s/www.zanbil.ir/m/product/3671/%DB%8C%D8%AE%DA%86%D8%A7%D9%84-%D9%81%D8%B1%DB%8C%D8%B2%D8%B1-%D8%B3%D8%A7%DB%8C%D8%AF-%D8%A8%D8%A7%DB%8C-%D8%B3%D8%A7%DB%8C%D8%AF-%D8%A7%D8%B3%D9%86%D9%88%D8%A7-%D9%85%D8%AF%D9%84-Snowa-Side-by-Side-SR-S826L?amp_js_v=0.1&usqp=mq331AQECAEoAQ%3D%3D" "Mozilla/5.0 (Linux; Android 7.0; SM-G935F) AppleWebKit/537.36 (KHTML, like Gecko) Chrome/71.0.3578.99 Mobile Safari/537.36" "-"
31.56.107.223 - - [26/Jan/2019:20:28:18 +0330] "GET /image/58829/productModel/100x100 HTTP/1.1" 200 2222 "https://www.zanbil.ir/browse/printer/%D9%BE%D8%B1%DB%8C%D9%86%D8%AA%D8%B1" "Mozilla/5.0 (Windows NT 6.3; Win64; x64) AppleWebKit/537.36 (KHTML, like Gecko) Chrome/71.0.3578.98 Safari/537.36" "-"
31.56.107.223 - - [26/Jan/2019:20:28:18 +0330] "GET /image/58850/productModel/100x100 HTTP/1.1" 200 2248 "https://www.zanbil.ir/browse/printer/%D9%BE%D8%B1%DB%8C%D9%86%D8%AA%D8%B1" "Mozilla/5.0 (Windows NT 6.3; Win64; x64) AppleWebKit/537.36 (KHTML, like Gecko) Chrome/71.0.3578.98 Safari/537.36" "-"
31.56.107.223 - - [26/Jan/2019:20:28:18 +0330] "GET /image/58830/productModel/100x100 HTTP/1.1" 200 2226 "https://www.zanbil.ir/browse/printer/%D9%BE%D8%B1%DB%8C%D9%86%D8%AA%D8%B1" "Mozilla/5.0 (Windows NT 6.3; Win64; x64) AppleWebKit/537.36 (KHTML, like Gecko) Chrome/71.0.3578.98 Safari/537.36" "-"
206.189.101.79 - - [26/Jan/2019:20:28:18 +0330] "GET /image/33968?name=6p-m1.jpg&wh=200x200 HTTP/1.1" 403 189 "https://torob.com/p/40da96a0-bd68-4161-96a6-37bd3fbc4b0b/%DA%AF%D9%88%D8%B4%DB%8C-%D9%85%D9%88%D8%A8%D8%A7%DB%8C%D9%84-%D8%B3%D8%A7%D9%85%D8%B3%D9%88%D9%86%DA%AF-j6-plus/" "Mozilla/5.0 (Linux; Android 7.1.1; SAMSUNG SM-J250F Build/NMF26X) AppleWebKit/537.36 (KHTML, like Gecko) SamsungBrowser/8.2 Chrome/63.0.3239.111 Mobile Safari/537.36" "-"
31.56.107.223 - - [26/Jan/2019:20:28:18 +0330] "GET /site/alexaGooleAnalitic HTTP/1.1" 200 323 "https://www.zanbil.ir/browse/printer/%D9%BE%D8%B1%DB%8C%D9%86%D8%AA%D8%B1" "Mozilla/5.0 (Windows NT 6.3; Win64; x64) AppleWebKit/537.36 (KHTML, like Gecko) Chrome/71.0.3578.98 Safari/537.36" "-"
31.56.107.223 - - [26/Jan/2019:20:28:18 +0330] "GET /image/58944/productModel/100x100 HTTP/1.1" 200 2161 "https://www.zanbil.ir/browse/printer/%D9%BE%D8%B1%DB%8C%D9%86%D8%AA%D8%B1" "Mozilla/5.0 (Windows NT 6.3; Win64; x64) AppleWebKit/537.36 (KHTML, like Gecko) Chrome/71.0.3578.98 Safari/537.36" "-"
5.117.218.134 - - [26/Jan/2019:20:28:18 +0330] "GET /image/32105/productModel/150x150 HTTP/1.1" 200 3110 "https://www.zanbil.ir/filter/p16680?page=1" "Mozilla/5.0 (Windows NT 6.1; Win64; x64) AppleWebKit/537.36 (KHTML, like Gecko) Chrome/71.0.3578.98 Safari/537.36" "-"
5.117.218.134 - - [26/Jan/2019:20:28:18 +0330] "GET /image/31887/productModel/150x150 HTTP/1.1" 200 2757 "https://www.zanbil.ir/filter/p16680?page=1" "Mozilla/5.0 (Windows NT 6.1; Win64; x64) AppleWebKit/537.36 (KHTML, like Gecko) Chrome/71.0.3578.98 Safari/537.36" "-"
5.117.218.134 - - [26/Jan/2019:20:28:18 +0330] "GET /image/32397/productModel/150x150 HTTP/1.1" 200 2229 "https://www.zanbil.ir/filter/p16680?page=1" "Mozilla/5.0 (Windows NT 6.1; Win64; x64) AppleWebKit/537.36 (KHTML, like Gecko) Chrome/71.0.3578.98 Safari/537.36" "-"
31.56.107.223 - - [26/Jan/2019:20:28:18 +0330] "GET /image/65159/productModel/100x100 HTTP/1.1" 200 2422 "https://www.zanbil.ir/browse/printer/%D9%BE%D8%B1%DB%8C%D9%86%D8%AA%D8%B1" "Mozilla/5.0 (Windows NT 6.3; Win64; x64) AppleWebKit/537.36 (KHTML, like Gecko) Chrome/71.0.3578.98 Safari/537.36" "-"
5.117.218.134 - - [26/Jan/2019:20:28:18 +0330] "GET /image/32655/productModel/150x150 HTTP/1.1" 200 2311 "https://www.zanbil.ir/filter/p16680?page=1" "Mozilla/5.0 (Windows NT 6.1; Win64; x64) AppleWebKit/537.36 (KHTML, like Gecko) Chrome/71.0.3578.98 Safari/537.36" "-"
5.113.157.15 - - [26/Jan/2019:20:28:18 +0330] "GET /image/34402/product/50x50 HTTP/1.1" 200 1085 "https://www.zanbil.ir/product/34402/65402/%D9%85%D8%A7%D8%B4%DB%8C%D9%86-%D8%B8%D8%B1%D9%81%D8%B4%D9%88%DB%8C%DB%8C-%D8%A7%DB%8C%D8%B3%D8%AA%D8%A7%D8%AF%D9%87-%D8%A7%D9%84-%D8%AC%DB%8C-%D9%85%D8%AF%D9%84-XD74S" "Mozilla/5.0 (Windows NT 6.1; Win64; x64) AppleWebKit/537.36 (KHTML, like Gecko) Chrome/71.0.3578.98 Safari/537.36" "-"
31.56.107.223 - - [26/Jan/2019:20:28:18 +0330] "GET /image/1119/article/100x100 HTTP/1.1" 200 13571 "https://www.zanbil.ir/browse/printer/%D9%BE%D8%B1%DB%8C%D9%86%D8%AA%D8%B1" "Mozilla/5.0 (Windows NT 6.3; Win64; x64) AppleWebKit/537.36 (KHTML, like Gecko) Chrome/71.0.3578.98 Safari/537.36" "-"
5.117.218.134 - - [26/Jan/2019:20:28:18 +0330] "GET /image/32373/productModel/150x150 HTTP/1.1" 200 3148 "https://www.zanbil.ir/filter/p16680?page=1" "Mozilla/5.0 (Windows NT 6.1; Win64; x64) AppleWebKit/537.36 (KHTML, like Gecko) Chrome/71.0.3578.98 Safari/537.36" "-"
5.117.218.134 - - [26/Jan/2019:20:28:18 +0330] "GET /image/32613/productModel/150x150 HTTP/1.1" 200 2526 "https://www.zanbil.ir/filter/p16680?page=1" "Mozilla/5.0 (Windows NT 6.1; Win64; x64) AppleWebKit/537.36 (KHTML, like Gecko) Chrome/71.0.3578.98 Safari/537.36" "-"
5.117.218.134 - - [26/Jan/2019:20:28:18 +0330] "POST /ajaxFilter/p16680?page=2 HTTP/1.1" 200 4789 "https://www.zanbil.ir/filter/p16680?page=2" "Mozilla/5.0 (Windows NT 6.1; Win64; x64) AppleWebKit/537.36 (KHTML, like Gecko) Chrome/71.0.3578.98 Safari/537.36" "-"
5.113.157.15 - - [26/Jan/2019:20:28:18 +0330] "GET /settings/logo HTTP/1.1" 200 4120 "https://www.zanbil.ir/product/34402/65402/%D9%85%D8%A7%D8%B4%DB%8C%D9%86-%D8%B8%D8%B1%D9%81%D8%B4%D9%88%DB%8C%DB%8C-%D8%A7%DB%8C%D8%B3%D8%AA%D8%A7%D8%AF%D9%87-%D8%A7%D9%84-%D8%AC%DB%8C-%D9%85%D8%AF%D9%84-XD74S" "Mozilla/5.0 (Windows NT 6.1; Win64; x64) AppleWebKit/537.36 (KHTML, like Gecko) Chrome/71.0.3578.98 Safari/537.36" "-"
204.18.159.208 - - [26/Jan/2019:20:28:18 +0330] "GET /favicon.ico HTTP/1.1" 200 0 "https://www.zanbil.ir/m/article/618/%D8%AE%D9%88%D8%A7%D8%A8-%D8%B1%D9%81%D8%AA%D9%86%D8%8C%DA%AF%D8%B2%DA%AF%D8%B2%D8%8C%D8%B3%D9%88%D8%B2%D8%B4-%D9%88-%D8%A8%DB%8C-%D8%AD%D8%B3%DB%8C-%D9%BE%D8%A7%3A-%D8%B9%D9%84%D8%AA-%D9%88-%D8%AF%D8%B1%D9%85%D8%A7%D9%86-" "Mozilla/5.0 (Linux; Android 8.0.0; SM-A520F) AppleWebKit/537.36 (KHTML, like Gecko) Chrome/71.0.3578.99 Mobile Safari/537.36" "-"
5.113.157.15 - - [26/Jan/2019:20:28:18 +0330] "GET /image/56285/productModel/100x100 HTTP/1.1" 200 1641 "https://www.zanbil.ir/product/34402/65402/%D9%85%D8%A7%D8%B4%DB%8C%D9%86-%D8%B8%D8%B1%D9%81%D8%B4%D9%88%DB%8C%DB%8C-%D8%A7%DB%8C%D8%B3%D8%AA%D8%A7%D8%AF%D9%87-%D8%A7%D9%84-%D8%AC%DB%8C-%D9%85%D8%AF%D9%84-XD74S" "Mozilla/5.0 (Windows NT 6.1; Win64; x64) AppleWebKit/537.36 (KHTML, like Gecko) Chrome/71.0.3578.98 Safari/537.36" "-"
5.113.157.15 - - [26/Jan/2019:20:28:18 +0330] "GET /image/34402?name=xd74s-1.jpg&wh=300x300 HTTP/1.1" 200 6320 "https://www.zanbil.ir/product/34402/65402/%D9%85%D8%A7%D8%B4%DB%8C%D9%86-%D8%B8%D8%B1%D9%81%D8%B4%D9%88%DB%8C%DB%8C-%D8%A7%DB%8C%D8%B3%D8%AA%D8%A7%D8%AF%D9%87-%D8%A7%D9%84-%D8%AC%DB%8C-%D9%85%D8%AF%D9%84-XD74S" "Mozilla/5.0 (Windows NT 6.1; Win64; x64) AppleWebKit/537.36 (KHTML, like Gecko) Chrome/71.0.3578.98 Safari/537.36" "-"
31.56.107.223 - - [26/Jan/2019:20:28:18 +0330] "GET /image/195/article/100x100 HTTP/1.1" 200 14398 "https://www.zanbil.ir/browse/printer/%D9%BE%D8%B1%DB%8C%D9%86%D8%AA%D8%B1" "Mozilla/5.0 (Windows NT 6.3; Win64; x64) AppleWebKit/537.36 (KHTML, like Gecko) Chrome/71.0.3578.98 Safari/537.36" "-"
31.56.107.223 - - [26/Jan/2019:20:28:18 +0330] "GET /image/197/article/100x100 HTTP/1.1" 200 11183 "https://www.zanbil.ir/browse/printer/%D9%BE%D8%B1%DB%8C%D9%86%D8%AA%D8%B1" "Mozilla/5.0 (Windows NT 6.3; Win64; x64) AppleWebKit/537.36 (KHTML, like Gecko) Chrome/71.0.3578.98 Safari/537.36" "-"
5.113.157.15 - - [26/Jan/2019:20:28:19 +0330] "GET /image/34402?name=xd74s-1.jpg&wh=max HTTP/1.1" 200 45282 "https://www.zanbil.ir/product/34402/65402/%D9%85%D8%A7%D8%B4%DB%8C%D9%86-%D8%B8%D8%B1%D9%81%D8%B4%D9%88%DB%8C%DB%8C-%D8%A7%DB%8C%D8%B3%D8%AA%D8%A7%D8%AF%D9%87-%D8%A7%D9%84-%D8%AC%DB%8C-%D9%85%D8%AF%D9%84-XD74S" "Mozilla/5.0 (Windows NT 6.1; Win64; x64) AppleWebKit/537.36 (KHTML, like Gecko) Chrome/71.0.3578.98 Safari/537.36" "-"
5.113.157.15 - - [26/Jan/2019:20:28:19 +0330] "GET /image/34402?name=xd74s-2.jpg&wh=300x300 HTTP/1.1" 200 10236 "https://www.zanbil.ir/product/34402/65402/%D9%85%D8%A7%D8%B4%DB%8C%D9%86-%D8%B8%D8%B1%D9%81%D8%B4%D9%88%DB%8C%DB%8C-%D8%A7%DB%8C%D8%B3%D8%AA%D8%A7%D8%AF%D9%87-%D8%A7%D9%84-%D8%AC%DB%8C-%D9%85%D8%AF%D9%84-XD74S" "Mozilla/5.0 (Windows NT 6.1; Win64; x64) AppleWebKit/537.36 (KHTML, like Gecko) Chrome/71.0.3578.98 Safari/537.36" "-"
5.113.157.15 - - [26/Jan/2019:20:28:19 +0330] "GET /image/34402?name=xd74s-2.jpg&wh=max HTTP/1.1" 200 73255 "https://www.zanbil.ir/product/34402/65402/%D9%85%D8%A7%D8%B4%DB%8C%D9%86-%D8%B8%D8%B1%D9%81%D8%B4%D9%88%DB%8C%DB%8C-%D8%A7%DB%8C%D8%B3%D8%AA%D8%A7%D8%AF%D9%87-%D8%A7%D9%84-%D8%AC%DB%8C-%D9%85%D8%AF%D9%84-XD74S" "Mozilla/5.0 (Windows NT 6.1; Win64; x64) AppleWebKit/537.36 (KHTML, like Gecko) Chrome/71.0.3578.98 Safari/537.36" "-"
5.113.157.15 - - [26/Jan/2019:20:28:19 +0330] "GET /image/34402?name=xd74s-3.jpg&wh=300x300 HTTP/1.1" 200 10778 "https://www.zanbil.ir/product/34402/65402/%D9%85%D8%A7%D8%B4%DB%8C%D9%86-%D8%B8%D8%B1%D9%81%D8%B4%D9%88%DB%8C%DB%8C-%D8%A7%DB%8C%D8%B3%D8%AA%D8%A7%D8%AF%D9%87-%D8%A7%D9%84-%D8%AC%DB%8C-%D9%85%D8%AF%D9%84-XD74S" "Mozilla/5.0 (Windows NT 6.1; Win64; x64) AppleWebKit/537.36 (KHTML, like Gecko) Chrome/71.0.3578.98 Safari/537.36" "-"
31.56.107.223 - - [26/Jan/2019:20:28:19 +0330] "GET /image/70/article/100x100 HTTP/1.1" 200 11977 "https://www.zanbil.ir/browse/printer/%D9%BE%D8%B1%DB%8C%D9%86%D8%AA%D8%B1" "Mozilla/5.0 (Windows NT 6.3; Win64; x64) AppleWebKit/537.36 (KHTML, like Gecko) Chrome/71.0.3578.98 Safari/537.36" "-"
5.113.157.15 - - [26/Jan/2019:20:28:19 +0330] "GET /image/34402?name=xd74s-4.jpg&wh=300x300 HTTP/1.1" 200 16153 "https://www.zanbil.ir/product/34402/65402/%D9%85%D8%A7%D8%B4%DB%8C%D9%86-%D8%B8%D8%B1%D9%81%D8%B4%D9%88%DB%8C%DB%8C-%D8%A7%DB%8C%D8%B3%D8%AA%D8%A7%D8%AF%D9%87-%D8%A7%D9%84-%D8%AC%DB%8C-%D9%85%D8%AF%D9%84-XD74S" "Mozilla/5.0 (Windows NT 6.1; Win64; x64) AppleWebKit/537.36 (KHTML, like Gecko) Chrome/71.0.3578.98 Safari/537.36" "-"
5.113.157.15 - - [26/Jan/2019:20:28:19 +0330] "GET /image/34402?name=xd74s-3.jpg&wh=max HTTP/1.1" 200 73682 "https://www.zanbil.ir/product/34402/65402/%D9%85%D8%A7%D8%B4%DB%8C%D9%86-%D8%B8%D8%B1%D9%81%D8%B4%D9%88%DB%8C%DB%8C-%D8%A7%DB%8C%D8%B3%D8%AA%D8%A7%D8%AF%D9%87-%D8%A7%D9%84-%D8%AC%DB%8C-%D9%85%D8%AF%D9%84-XD74S" "Mozilla/5.0 (Windows NT 6.1; Win64; x64) AppleWebKit/537.36 (KHTML, like Gecko) Chrome/71.0.3578.98 Safari/537.36" "-"
5.113.157.15 - - [26/Jan/2019:20:28:19 +0330] "GET /image/34402?name=xd74s-4.jpg&wh=max HTTP/1.1" 200 95530 "https://www.zanbil.ir/product/34402/65402/%D9%85%D8%A7%D8%B4%DB%8C%D9%86-%D8%B8%D8%B1%D9%81%D8%B4%D9%88%DB%8C%DB%8C-%D8%A7%DB%8C%D8%B3%D8%AA%D8%A7%D8%AF%D9%87-%D8%A7%D9%84-%D8%AC%DB%8C-%D9%85%D8%AF%D9%84-XD74S" "Mozilla/5.0 (Windows NT 6.1; Win64; x64) AppleWebKit/537.36 (KHTML, like Gecko) Chrome/71.0.3578.98 Safari/537.36" "-"
5.113.157.15 - - [26/Jan/2019:20:28:19 +0330] "GET /image/61065/productModel/100x100 HTTP/1.1" 200 2266 "https://www.zanbil.ir/product/34402/65402/%D9%85%D8%A7%D8%B4%DB%8C%D9%86-%D8%B8%D8%B1%D9%81%D8%B4%D9%88%DB%8C%DB%8C-%D8%A7%DB%8C%D8%B3%D8%AA%D8%A7%D8%AF%D9%87-%D8%A7%D9%84-%D8%AC%DB%8C-%D9%85%D8%AF%D9%84-XD74S" "Mozilla/5.0 (Windows NT 6.1; Win64; x64) AppleWebKit/537.36 (KHTML, like Gecko) Chrome/71.0.3578.98 Safari/537.36" "-"
5.113.157.15 - - [26/Jan/2019:20:28:19 +0330] "GET /image/63916/productModel/100x100 HTTP/1.1" 200 2029 "https://www.zanbil.ir/product/34402/65402/%D9%85%D8%A7%D8%B4%DB%8C%D9%86-%D8%B8%D8%B1%D9%81%D8%B4%D9%88%DB%8C%DB%8C-%D8%A7%DB%8C%D8%B3%D8%AA%D8%A7%D8%AF%D9%87-%D8%A7%D9%84-%D8%AC%DB%8C-%D9%85%D8%AF%D9%84-XD74S" "Mozilla/5.0 (Windows NT 6.1; Win64; x64) AppleWebKit/537.36 (KHTML, like Gecko) Chrome/71.0.3578.98 Safari/537.36" "-"
5.113.157.15 - - [26/Jan/2019:20:28:19 +0330] "GET /image/65400/productModel/100x100 HTTP/1.1" 200 1890 "https://www.zanbil.ir/product/34402/65402/%D9%85%D8%A7%D8%B4%DB%8C%D9%86-%D8%B8%D8%B1%D9%81%D8%B4%D9%88%DB%8C%DB%8C-%D8%A7%DB%8C%D8%B3%D8%AA%D8%A7%D8%AF%D9%87-%D8%A7%D9%84-%D8%AC%DB%8C-%D9%85%D8%AF%D9%84-XD74S" "Mozilla/5.0 (Windows NT 6.1; Win64; x64) AppleWebKit/537.36 (KHTML, like Gecko) Chrome/71.0.3578.98 Safari/537.36" "-"
5.117.218.134 - - [26/Jan/2019:20:28:19 +0330] "GET /image/32363/productModel/150x150 HTTP/1.1" 200 3327 "https://www.zanbil.ir/filter/p16680?page=1" "Mozilla/5.0 (Windows NT 6.1; Win64; x64) AppleWebKit/537.36 (KHTML, like Gecko) Chrome/71.0.3578.98 Safari/537.36" "-"
5.117.218.134 - - [26/Jan/2019:20:28:19 +0330] "GET /image/34633/productModel/150x150 HTTP/1.1" 200 2682 "https://www.zanbil.ir/filter/p16680?page=1" "Mozilla/5.0 (Windows NT 6.1; Win64; x64) AppleWebKit/537.36 (KHTML, like Gecko) Chrome/71.0.3578.98 Safari/537.36" "-"
5.113.157.15 - - [26/Jan/2019:20:28:19 +0330] "GET /image/63859/productModel/100x100 HTTP/1.1" 200 1620 "https://www.zanbil.ir/product/34402/65402/%D9%85%D8%A7%D8%B4%DB%8C%D9%86-%D8%B8%D8%B1%D9%81%D8%B4%D9%88%DB%8C%DB%8C-%D8%A7%DB%8C%D8%B3%D8%AA%D8%A7%D8%AF%D9%87-%D8%A7%D9%84-%D8%AC%DB%8C-%D9%85%D8%AF%D9%84-XD74S" "Mozilla/5.0 (Windows NT 6.1; Win64; x64) AppleWebKit/537.36 (KHTML, like Gecko) Chrome/71.0.3578.98 Safari/537.36" "-"
